 Project2

 Timestamp is 674d290a (Sun Dec  1 22:27:06 2024)

 Preferred load address is 0000000140000000

 Start         Length     Name                   Class
 0001:00000000 000025c4H .text                   CODE
 0001:000025d0 00000075H .text$_ZN3Vcl5Forms5TFormC3EPN6System7Classes10TComponentE CODE
 0001:00002650 00000017H .text$_ZNK6System13UnicodeString7IsEmptyEv CODE
 0001:00002670 0000004cH .text$_ZN17TAddComponentFormD0Ev CODE
 0001:000026c0 0000007fH .text$_ZN3Vcl5Forms5TFormC3EPN6System7Classes10TComponentEi CODE
 0001:00002740 00000091H .text$_ZN3Vcl5Forms5TFormC3EPN6System7Classes10TComponentEii CODE
 0001:000027e0 0000004cH .text$_ZN3Vcl5Forms5TFormD0Ev CODE
 0001:00002830 000002a4H .text                   CODE
 0001:00002ae0 0000004cH .text$_ZN16TAddComputerFormD0Ev CODE
 0001:00002b30 00000f20H .text                   CODE
 0001:00003a50 00000044H .text$_ZNSt3__1lsINS_11char_traitsIcEEEERNS_13basic_ostreamIcT_EES6_PKc CODE
 0001:00003aa0 00000049H .text$_ZNSt3__1lsIcNS_11char_traitsIcEENS_9allocatorIcEEEERNS_13basic_ostreamIT_T0_EES9_RKNS_12basic_stringIS6_S7_T1_EE CODE
 0001:00003af0 0000035fH .text$_ZNSt3__1rsIcNS_11char_traitsIcEENS_9allocatorIcEEEERNS_13basic_istreamIT_T0_EES9_RNS_12basic_stringIS6_S7_T1_EE CODE
 0001:00003e50 00000019H .text$_ZNSt3__16vectorI9ComponentNS_9allocatorIS1_EEEC1B6v15007Ev CODE
 0001:00003e70 00000019H .text$_ZNSt3__16vectorI9ComponentNS_9allocatorIS1_EEED1B6v15007Ev CODE
 0001:00003e90 00000019H .text$_ZNKSt3__16vectorI9ComponentNS_9allocatorIS1_EEE4sizeB6v15007Ev CODE
 0001:00003eb0 00000025H .text$_ZNKSt3__16vectorI9ComponentNS_9allocatorIS1_EEE5beginB6v15007Ev CODE
 0001:00003ee0 00000026H .text$_ZNKSt3__16vectorI9ComponentNS_9allocatorIS1_EEE3endB6v15007Ev CODE
 0001:00003f10 00000029H .text$_ZNSt3__1neB6v15007IPK9ComponentEEbRKNS_11__wrap_iterIT_EES8_ CODE
 0001:00003f40 0000000eH .text$_ZNKSt3__111__wrap_iterIPK9ComponentEdeB6v15007Ev CODE
 0001:00003f50 00000015H .text$_ZNSt3__111__wrap_iterIPK9ComponentEppB6v15007Ev CODE
 0001:00003f70 0000001dH .text$_ZNSt3__113basic_istreamIcNS_11char_traitsIcEEErsB6v15007EPFRS3_S4_E CODE
 0001:00003f90 00000267H .text$_ZNSt3__12wsIcNS_11char_traitsIcEEEERNS_13basic_istreamIT_T0_EES7_ CODE
 0001:00004200 00000050H .text$_ZNSt3__17getlineB6v15007IcNS_11char_traitsIcEENS_9allocatorIcEEEERNS_13basic_istreamIT_T0_EES9_RNS_12basic_stringIS6_S7_T1_EE CODE
 0001:00004250 00000053H .text$_ZNSt3__16vectorI9ComponentNS_9allocatorIS1_EEE5clearB6v15007Ev CODE
 0001:000042b0 00000023H .text$_ZNSt3__112basic_stringIcNS_11char_traitsIcEENS_9allocatorIcEEEC1B6v15007IDnEEPKc CODE
 0001:000042e0 00000060H .text$_ZNSt3__16vectorI9ComponentNS_9allocatorIS1_EEE9push_backB6v15007ERKS1_ CODE
 0001:00004340 00000019H .text$_ZN9ComponentD1Ev CODE
 0001:00004360 00000023H .text$_ZNSt3__16vectorI9ComponentNS_9allocatorIS1_EEEC1ERKS4_ CODE
 0001:00004390 00000025H .text$_ZNSt3__16vectorI9ComponentNS_9allocatorIS1_EEE5beginB6v15007Ev CODE
 0001:000043c0 00000026H .text$_ZNSt3__16vectorI9ComponentNS_9allocatorIS1_EEE3endB6v15007Ev CODE
 0001:000043f0 00000029H .text$_ZNSt3__1neB6v15007IP9ComponentEEbRKNS_11__wrap_iterIT_EES7_ CODE
 0001:00004420 0000000eH .text$_ZNKSt3__111__wrap_iterIP9ComponentEdeB6v15007Ev CODE
 0001:00004430 00000015H .text$_ZNSt3__111__wrap_iterIP9ComponentEppB6v15007Ev CODE
 0001:00004450 0000003fH .text$_ZNSt3__1eqB6v15007IPK9ComponentEEbRKNS_11__wrap_iterIT_EES8_ CODE
 0001:00004490 0000000eH .text$_ZNKSt3__111__wrap_iterIPK9ComponentE4baseB6v15007Ev CODE
 0001:000044a0 00000019H .text$_ZN9ComponentD2Ev CODE
 0001:000044c0 0000003fH .text$_ZNSt3__1eqB6v15007IP9ComponentEEbRKNS_11__wrap_iterIT_EES7_ CODE
 0001:00004500 0000000eH .text$_ZNKSt3__111__wrap_iterIP9ComponentE4baseB6v15007Ev CODE
 0001:00004510 00000266H .text$_ZNSt3__124__put_character_sequenceIcNS_11char_traitsIcEEEERNS_13basic_ostreamIT_T0_EES7_PKS4_y CODE
 0001:00004780 00000019H .text$_ZNSt3__111char_traitsIcE6lengthEPKc CODE
 0001:000047a0 00000023H .text$_ZNSt3__113basic_ostreamIcNS_11char_traitsIcEEE6sentryC1ERS3_ CODE
 0001:000047d0 00000012H .text$_ZNKSt3__113basic_ostreamIcNS_11char_traitsIcEEE6sentrycvbB6v15007Ev CODE
 0001:000047f0 000002acH .text$_ZNSt3__116__pad_and_outputIcNS_11char_traitsIcEEEENS_19ostreambuf_iteratorIT_T0_EES6_PKS4_S8_S8_RNS_8ios_baseES4_ CODE
 0001:00004aa0 00000023H .text$_ZNSt3__119ostreambuf_iteratorIcNS_11char_traitsIcEEEC1B6v15007ERNS_13basic_ostreamIcS2_EE CODE
 0001:00004ad0 0000000eH .text$_ZNKSt3__18ios_base5flagsB6v15007Ev CODE
 0001:00004ae0 00000066H .text$_ZNKSt3__19basic_iosIcNS_11char_traitsIcEEE4fillB6v15007Ev CODE
 0001:00004b50 00000017H .text$_ZNKSt3__119ostreambuf_iteratorIcNS_11char_traitsIcEEE6failedB6v15007Ev CODE
 0001:00004b70 00000021H .text$_ZNSt3__19basic_iosIcNS_11char_traitsIcEEE8setstateB6v15007Ej CODE
 0001:00004ba0 00000019H .text$_ZNSt3__113basic_ostreamIcNS_11char_traitsIcEEE6sentryD1Ev CODE
 0001:00004bc0 0000000eH .text$__clang_call_terminate CODE
 0001:00004bd0 00000083H .text$_ZNSt3__113basic_ostreamIcNS_11char_traitsIcEEE6sentryC2ERS3_ CODE
 0001:00004c60 0000001dH .text$_ZNKSt3__19basic_iosIcNS_11char_traitsIcEEE4goodB6v15007Ev CODE
 0001:00004c80 00000012H .text$_ZNKSt3__19basic_iosIcNS_11char_traitsIcEEE3tieB6v15007Ev CODE
 0001:00004ca0 00000017H .text$_ZNKSt3__18ios_base4goodB6v15007Ev CODE
 0001:00004cc0 0000000fH .text$_ZNKSt3__18ios_base5widthB6v15007Ev CODE
 0001:00004cd0 0000002eH .text$_ZNSt3__115basic_streambufIcNS_11char_traitsIcEEE5sputnB6v15007EPKcx CODE
 0001:00004d00 0000002dH .text$_ZNSt3__112basic_stringIcNS_11char_traitsIcEENS_9allocatorIcEEEC1B6v15007Eyc CODE
 0001:00004d30 00000021H .text$_ZNSt3__112basic_stringIcNS_11char_traitsIcEENS_9allocatorIcEEE4dataB6v15007Ev CODE
 0001:00004d60 0000002dH .text$_ZNSt3__18ios_base5widthB6v15007Ex CODE
 0001:00004d90 00000050H .text$_ZNSt3__112basic_stringIcNS_11char_traitsIcEENS_9allocatorIcEEEC2B6v15007Eyc CODE
 0001:00004de0 0000002dH .text$_ZNSt3__117__compressed_pairINS_12basic_stringIcNS_11char_traitsIcEENS_9allocatorIcEEE5__repES5_EC1B6v15007INS_18__default_init_tagESA_EEOT_OT0_ CODE
 0001:00004e10 00000007H .text$_ZNSt3__119__debug_db_insert_cB6v15007INS_12basic_stringIcNS_11char_traitsIcEENS_9allocatorIcEEEEEEvPT_ CODE
 0001:00004e20 0000003aH .text$_ZNSt3__117__compressed_pairINS_12basic_stringIcNS_11char_traitsIcEENS_9allocatorIcEEE5__repES5_EC2B6v15007INS_18__default_init_tagESA_EEOT_OT0_ CODE
 0001:00004e60 00000011H .text$_ZNSt3__122__compressed_pair_elemINS_12basic_stringIcNS_11char_traitsIcEENS_9allocatorIcEEE5__repELi0ELb0EEC2B6v15007ENS_18__default_init_tagE CODE
 0001:00004e80 0000001dH .text$_ZNSt3__122__compressed_pair_elemINS_9allocatorIcEELi1ELb1EEC2B6v15007ENS_18__default_init_tagE CODE
 0001:00004ea0 00000019H .text$_ZNSt3__19allocatorIcEC2B6v15007Ev CODE
 0001:00004ec0 00000007H .text$_ZNSt3__116__non_trivial_ifILb1ENS_9allocatorIcEEEC2B6v15007Ev CODE
 0001:00004ed0 0000000bH .text$_ZNSt3__112__to_addressB6v15007IcEEPT_S2_ CODE
 0001:00004ee0 00000052H .text$_ZNSt3__112basic_stringIcNS_11char_traitsIcEENS_9allocatorIcEEE13__get_pointerB6v15007Ev CODE
 0001:00004f40 00000026H .text$_ZNKSt3__112basic_stringIcNS_11char_traitsIcEENS_9allocatorIcEEE9__is_longB6v15007Ev CODE
 0001:00004f70 0000001cH .text$_ZNSt3__112basic_stringIcNS_11char_traitsIcEENS_9allocatorIcEEE18__get_long_pointerB6v15007Ev CODE
 0001:00004f90 00000025H .text$_ZNSt3__112basic_stringIcNS_11char_traitsIcEENS_9allocatorIcEEE19__get_short_pointerB6v15007Ev CODE
 0001:00004fc0 00000019H .text$_ZNKSt3__117__compressed_pairINS_12basic_stringIcNS_11char_traitsIcEENS_9allocatorIcEEE5__repES5_E5firstB6v15007Ev CODE
 0001:00004fe0 0000000bH .text$_ZNKSt3__122__compressed_pair_elemINS_12basic_stringIcNS_11char_traitsIcEENS_9allocatorIcEEE5__repELi0ELb0EE5__getB6v15007Ev CODE
 0001:00004ff0 00000019H .text$_ZNSt3__117__compressed_pairINS_12basic_stringIcNS_11char_traitsIcEENS_9allocatorIcEEE5__repES5_E5firstB6v15007Ev CODE
 0001:00005010 0000000bH .text$_ZNSt3__122__compressed_pair_elemINS_12basic_stringIcNS_11char_traitsIcEENS_9allocatorIcEEE5__repELi0ELb0EE5__getB6v15007Ev CODE
 0001:00005020 0000000bH .text$_ZNSt3__114pointer_traitsIPcE10pointer_toB6v15007ERc CODE
 0001:00005030 00000051H .text$_ZNSt3__119ostreambuf_iteratorIcNS_11char_traitsIcEEEC2B6v15007ERNS_13basic_ostreamIcS2_EE CODE
 0001:00005090 00000019H .text$_ZNKSt3__19basic_iosIcNS_11char_traitsIcEEE5rdbufB6v15007Ev CODE
 0001:000050b0 0000000fH .text$_ZNKSt3__18ios_base5rdbufB6v15007Ev CODE
 0001:000050c0 00000019H .text$_ZNSt3__111char_traitsIcE11eq_int_typeEii CODE
 0001:000050e0 00000006H .text$_ZNSt3__111char_traitsIcE3eofEv CODE
 0001:000050f0 00000082H .text$_ZNKSt3__19basic_iosIcNS_11char_traitsIcEEE5widenB6v15007Ec CODE
 0001:00005180 00000020H .text$_ZNSt3__19use_facetB6v15007INS_5ctypeIcEEEERKT_RKNS_6localeE CODE
 0001:000051a0 00000022H .text$_ZNKSt3__15ctypeIcE5widenB6v15007Ec CODE
 0001:000051d0 00000024H .text$_ZNSt3__18ios_base8setstateB6v15007Ej CODE
 0001:00005200 00000149H .text$_ZNSt3__113basic_ostreamIcNS_11char_traitsIcEEE6sentryD2Ev CODE
 0001:00005350 0000001aH .text$_ZNSt3__115basic_streambufIcNS_11char_traitsIcEEE7pubsyncB6v15007Ev CODE
 0001:00005370 00000021H .text$_ZNKSt3__112basic_stringIcNS_11char_traitsIcEENS_9allocatorIcEEE4dataB6v15007Ev CODE
 0001:000053a0 00000052H .text$_ZNKSt3__112basic_stringIcNS_11char_traitsIcEENS_9allocatorIcEEE4sizeB6v15007Ev CODE
 0001:00005400 0000000bH .text$_ZNSt3__112__to_addressB6v15007IKcEEPT_S3_ CODE
 0001:00005410 00000052H .text$_ZNKSt3__112basic_stringIcNS_11char_traitsIcEENS_9allocatorIcEEE13__get_pointerB6v15007Ev CODE
 0001:00005470 0000001cH .text$_ZNKSt3__112basic_stringIcNS_11char_traitsIcEENS_9allocatorIcEEE18__get_long_pointerB6v15007Ev CODE
 0001:00005490 00000025H .text$_ZNKSt3__112basic_stringIcNS_11char_traitsIcEENS_9allocatorIcEEE19__get_short_pointerB6v15007Ev CODE
 0001:000054c0 0000000bH .text$_ZNSt3__114pointer_traitsIPKcE10pointer_toB6v15007ERS1_ CODE
 0001:000054d0 0000001cH .text$_ZNKSt3__112basic_stringIcNS_11char_traitsIcEENS_9allocatorIcEEE15__get_long_sizeB6v15007Ev CODE
 0001:000054f0 00000020H .text$_ZNKSt3__112basic_stringIcNS_11char_traitsIcEENS_9allocatorIcEEE16__get_short_sizeB6v15007Ev CODE
 0001:00005510 00000035H .text$_ZNSt3__113basic_istreamIcNS_11char_traitsIcEEE6sentryC1ERS3_b CODE
 0001:00005550 00000012H .text$_ZNKSt3__113basic_istreamIcNS_11char_traitsIcEEE6sentrycvbB6v15007Ev CODE
 0001:00005570 0000009cH .text$_ZNSt3__112basic_stringIcNS_11char_traitsIcEENS_9allocatorIcEEE5clearB6v15007Ev CODE
 0001:00005610 000000a0H .text$_ZNKSt3__112basic_stringIcNS_11char_traitsIcEENS_9allocatorIcEEE8max_sizeB6v15007Ev CODE
 0001:000056b0 0000000fH .text$_ZNSt3__114numeric_limitsIxE3maxB6v15007Ev CODE
 0001:000056c0 00000052H .text$_ZNSt3__115basic_streambufIcNS_11char_traitsIcEEE5sgetcB6v15007Ev CODE
 0001:00005720 0000000bH .text$_ZNSt3__111char_traitsIcE12to_char_typeEi CODE
 0001:00005730 00000071H .text$_ZNKSt3__15ctypeIcE2isB6v15007Etc CODE
 0001:000057b0 0000005dH .text$_ZNSt3__115basic_streambufIcNS_11char_traitsIcEEE6sbumpcB6v15007Ev CODE
 0001:00005810 0000004aH .text$_ZNSt3__18ios_base18__setstate_nothrowB6v15007Ej CODE
 0001:00005860 00000019H .text$_ZNKSt3__19basic_iosIcNS_11char_traitsIcEEE10exceptionsB6v15007Ev CODE
 0001:00005880 0000020bH .text$_ZNSt3__113basic_istreamIcNS_11char_traitsIcEEE6sentryC2ERS3_b CODE
 0001:00005a90 00000023H .text$_ZNSt3__119istreambuf_iteratorIcNS_11char_traitsIcEEEC1B6v15007ERNS_13basic_istreamIcS2_EE CODE
 0001:00005ac0 00000019H .text$_ZNSt3__119istreambuf_iteratorIcNS_11char_traitsIcEEEC1B6v15007Ev CODE
 0001:00005ae0 00000029H .text$_ZNSt3__1neB6v15007IcNS_11char_traitsIcEEEEbRKNS_19istreambuf_iteratorIT_T0_EES8_ CODE
 0001:00005b10 0000001cH .text$_ZNKSt3__119istreambuf_iteratorIcNS_11char_traitsIcEEEdeB6v15007Ev CODE
 0001:00005b30 00000025H .text$_ZNSt3__119istreambuf_iteratorIcNS_11char_traitsIcEEEppB6v15007Ev CODE
 0001:00005b60 00000027H .text$_ZNSt3__1eqB6v15007IcNS_11char_traitsIcEEEEbRKNS_19istreambuf_iteratorIT_T0_EES8_ CODE
 0001:00005b90 00000051H .text$_ZNSt3__119istreambuf_iteratorIcNS_11char_traitsIcEEEC2B6v15007ERNS_13basic_istreamIcS2_EE CODE
 0001:00005bf0 00000012H .text$_ZNSt3__119istreambuf_iteratorIcNS_11char_traitsIcEEEC2B6v15007Ev CODE
 0001:00005c10 00000046H .text$_ZNKSt3__119istreambuf_iteratorIcNS_11char_traitsIcEEE5equalB6v15007ERKS3_ CODE
 0001:00005c60 0000006dH .text$_ZNKSt3__119istreambuf_iteratorIcNS_11char_traitsIcEEE14__test_for_eofB6v15007Ev CODE
 0001:00005cd0 00000007H .text$_ZNSt3__125__debug_db_invalidate_allB6v15007INS_12basic_stringIcNS_11char_traitsIcEENS_9allocatorIcEEEEEEvPT_ CODE
 0001:00005ce0 0000001fH .text$_ZNSt3__111char_traitsIcE6assignERcRKc CODE
 0001:00005d00 00000030H .text$_ZNSt3__112basic_stringIcNS_11char_traitsIcEENS_9allocatorIcEEE15__set_long_sizeB6v15007Ey CODE
 0001:00005d30 00000056H .text$_ZNSt3__112basic_stringIcNS_11char_traitsIcEENS_9allocatorIcEEE16__set_short_sizeB6v15007Ey CODE
 0001:00005d90 00000019H .text$_ZNSt3__116allocator_traitsINS_9allocatorIcEEE8max_sizeB6v15007IS2_vEEyRKS2_ CODE
 0001:00005db0 00000019H .text$_ZNKSt3__112basic_stringIcNS_11char_traitsIcEENS_9allocatorIcEEE7__allocB6v15007Ev CODE
 0001:00005dd0 0000000fH .text$_ZNSt3__114numeric_limitsIyE3maxB6v15007Ev CODE
 0001:00005de0 0000000eH .text$_ZNKSt3__19allocatorIcE8max_sizeB6v15007Ev CODE
 0001:00005df0 00000019H .text$_ZNKSt3__117__compressed_pairINS_12basic_stringIcNS_11char_traitsIcEENS_9allocatorIcEEE5__repES5_E6secondB6v15007Ev CODE
 0001:00005e10 0000000bH .text$_ZNKSt3__122__compressed_pair_elemINS_9allocatorIcEELi1ELb1EE5__getB6v15007Ev CODE
 0001:00005e20 00000008H .text$_ZNSt3__123__libcpp_numeric_limitsIyLb1EE3maxB6v15007Ev CODE
 0001:00005e30 0000000bH .text$_ZNSt3__123__libcpp_numeric_limitsIxLb1EE3maxB6v15007Ev CODE
 0001:00005e40 0000000cH .text$_ZNSt3__111char_traitsIcE11to_int_typeEc CODE
 0001:00005e50 0000000eH .text$_ZNKSt3__18ios_base10exceptionsB6v15007Ev CODE
 0001:00005e60 00000060H .text$_ZNSt3__16vectorI9ComponentNS_9allocatorIS1_EEEC2B6v15007Ev CODE
 0001:00005ec0 0000002dH .text$_ZNSt3__117__compressed_pairIP9ComponentNS_9allocatorIS1_EEEC1B6v15007IDnNS_18__default_init_tagEEEOT_OT0_ CODE
 0001:00005ef0 00000007H .text$_ZNSt3__119__debug_db_insert_cB6v15007INS_6vectorI9ComponentNS_9allocatorIS2_EEEEEEvPT_ CODE
 0001:00005f00 0000003bH .text$_ZNSt3__117__compressed_pairIP9ComponentNS_9allocatorIS1_EEEC2B6v15007IDnNS_18__default_init_tagEEEOT_OT0_ CODE
 0001:00005f40 0000001eH .text$_ZNSt3__122__compressed_pair_elemIP9ComponentLi0ELb0EEC2B6v15007IDnvEEOT_ CODE
 0001:00005f60 0000001dH .text$_ZNSt3__122__compressed_pair_elemINS_9allocatorI9ComponentEELi1ELb1EEC2B6v15007ENS_18__default_init_tagE CODE
 0001:00005f80 00000019H .text$_ZNSt3__19allocatorI9ComponentEC2B6v15007Ev CODE
 0001:00005fa0 00000007H .text$_ZNSt3__116__non_trivial_ifILb1ENS_9allocatorI9ComponentEEEC2B6v15007Ev CODE
 0001:00005fb0 0000003aH .text$_ZNSt3__16vectorI9ComponentNS_9allocatorIS1_EEED2B6v15007Ev CODE
 0001:00005ff0 00000023H .text$_ZNSt3__16vectorI9ComponentNS_9allocatorIS1_EEE16__destroy_vectorC1ERS4_ CODE
 0001:00006020 0000008cH .text$_ZNSt3__16vectorI9ComponentNS_9allocatorIS1_EEE16__destroy_vectorclB6v15007Ev CODE
 0001:000060b0 0000001eH .text$_ZNSt3__16vectorI9ComponentNS_9allocatorIS1_EEE16__destroy_vectorC2ERS4_ CODE
 0001:000060d0 000000c3H .text$_ZNKSt3__16vectorI9ComponentNS_9allocatorIS1_EEE17__annotate_deleteB6v15007Ev CODE
 0001:000061a0 00000007H .text$_ZNSt3__118__debug_db_erase_cB6v15007INS_6vectorI9ComponentNS_9allocatorIS2_EEEEEEvPT_ CODE
 0001:000061b0 0000001cH .text$_ZNSt3__16vectorI9ComponentNS_9allocatorIS1_EEE7__clearB6v15007Ev CODE
 0001:000061d0 0000002dH .text$_ZNSt3__116allocator_traitsINS_9allocatorI9ComponentEEE10deallocateB6v15007ERS3_PS2_y CODE
 0001:00006200 0000001dH .text$_ZNSt3__16vectorI9ComponentNS_9allocatorIS1_EEE7__allocB6v15007Ev CODE
 0001:00006220 0000002fH .text$_ZNKSt3__16vectorI9ComponentNS_9allocatorIS1_EEE8capacityB6v15007Ev CODE
 0001:00006250 00000021H .text$_ZNKSt3__16vectorI9ComponentNS_9allocatorIS1_EEE31__annotate_contiguous_containerB6v15007EPKvS6_S6_S6_ CODE
 0001:00006280 0000001cH .text$_ZNKSt3__16vectorI9ComponentNS_9allocatorIS1_EEE4dataB6v15007Ev CODE
 0001:000062a0 0000000bH .text$_ZNSt3__112__to_addressB6v15007I9ComponentEEPT_S3_ CODE
 0001:000062b0 00000086H .text$_ZNSt3__16vectorI9ComponentNS_9allocatorIS1_EEE22__base_destruct_at_endB6v15007EPS1_ CODE
 0001:00006340 00000023H .text$_ZNSt3__116allocator_traitsINS_9allocatorI9ComponentEEE7destroyB6v15007IS2_vEEvRS3_PT_ CODE
 0001:00006370 0000001eH .text$_ZNSt3__19allocatorI9ComponentE7destroyB6v15007EPS1_ CODE
 0001:00006390 0000003fH .text$_ZNSt3__19allocatorI9ComponentE10deallocateB6v15007EPS1_y CODE
 0001:000063d0 00000062H .text$_ZNSt3__119__libcpp_deallocateB6v15007EPvyy CODE
 0001:00006440 00000014H .text$_ZNSt3__124__is_overaligned_for_newB6v15007Ey CODE
 0001:00006460 00000028H .text$_ZNSt3__127__do_deallocate_handle_sizeB6v15007IJSt11align_val_tEEEvPvyDpT_ CODE
 0001:00006490 0000001eH .text$_ZNSt3__127__do_deallocate_handle_sizeB6v15007IJEEEvPvyDpT_ CODE
 0001:000064b0 00000023H .text$_ZNSt3__124__libcpp_operator_deleteB6v15007IJPvSt11align_val_tEEEvDpT_ CODE
 0001:000064e0 00000019H .text$_ZNSt3__124__libcpp_operator_deleteB6v15007IJPvEEEvDpT_ CODE
 0001:00006500 00000019H .text$_ZNSt3__117__compressed_pairIP9ComponentNS_9allocatorIS1_EEE6secondB6v15007Ev CODE
 0001:00006520 0000000bH .text$_ZNSt3__122__compressed_pair_elemINS_9allocatorI9ComponentEELi1ELb1EE5__getB6v15007Ev CODE
 0001:00006530 0000001dH .text$_ZNKSt3__16vectorI9ComponentNS_9allocatorIS1_EEE9__end_capB6v15007Ev CODE
 0001:00006550 00000019H .text$_ZNKSt3__117__compressed_pairIP9ComponentNS_9allocatorIS1_EEE5firstB6v15007Ev CODE
 0001:00006570 0000000bH .text$_ZNKSt3__122__compressed_pair_elemIP9ComponentLi0ELb0EE5__getB6v15007Ev CODE
 0001:00006580 0000002dH .text$_ZNSt3__111__wrap_iterIPK9ComponentEC1B6v15007EPKvS3_ CODE
 0001:000065b0 00000023H .text$_ZNSt3__111__wrap_iterIPK9ComponentEC2B6v15007EPKvS3_ CODE
 0001:000065e0 0000025aH .text$_ZNSt3__17getlineIcNS_11char_traitsIcEENS_9allocatorIcEEEERNS_13basic_istreamIT_T0_EES9_RNS_12basic_stringIS6_S7_T1_EES6_ CODE
 0001:00006840 0000001fH .text$_ZNSt3__111char_traitsIcE2eqEcc CODE
 0001:00006860 000000b6H .text$_ZNKSt3__16vectorI9ComponentNS_9allocatorIS1_EEE17__annotate_shrinkB6v15007Ey CODE
 0001:00006920 00000007H .text$_ZNSt3__125__debug_db_invalidate_allB6v15007INS_6vectorI9ComponentNS_9allocatorIS2_EEEEEEvPT_ CODE
 0001:00006930 0000005dH .text$_ZNSt3__112basic_stringIcNS_11char_traitsIcEENS_9allocatorIcEEEC2B6v15007IDnEEPKc CODE
 0001:00006990 0000001dH .text$_ZNSt3__16vectorI9ComponentNS_9allocatorIS1_EEE9__end_capB6v15007Ev CODE
 0001:000069b0 00000099H .text$_ZNSt3__16vectorI9ComponentNS_9allocatorIS1_EEE22__construct_one_at_endB6v15007IJRKS1_EEEvDpOT_ CODE
 0001:00006a50 000000eeH .text$_ZNSt3__16vectorI9ComponentNS_9allocatorIS1_EEE21__push_back_slow_pathIRKS1_EEvOT_ CODE
 0001:00006b40 00000019H .text$_ZNSt3__117__compressed_pairIP9ComponentNS_9allocatorIS1_EEE5firstB6v15007Ev CODE
 0001:00006b60 0000000bH .text$_ZNSt3__122__compressed_pair_elemIP9ComponentLi0ELb0EE5__getB6v15007Ev CODE
 0001:00006b70 0000002dH .text$_ZNSt3__16vectorI9ComponentNS_9allocatorIS1_EEE21_ConstructTransactionC1ERS4_y CODE
 0001:00006ba0 0000002dH .text$_ZNSt3__116allocator_traitsINS_9allocatorI9ComponentEEE9constructB6v15007IS2_JRKS2_EvEEvRS3_PT_DpOT0_ CODE
 0001:00006bd0 00000019H .text$_ZNSt3__16vectorI9ComponentNS_9allocatorIS1_EEE21_ConstructTransactionD1Ev CODE
 0001:00006bf0 00000049H .text$_ZNSt3__16vectorI9ComponentNS_9allocatorIS1_EEE21_ConstructTransactionC2ERS4_y CODE
 0001:00006c40 00000028H .text$_ZNSt3__19allocatorI9ComponentE9constructB6v15007IS1_JRKS1_EEEvPT_DpOT0_ CODE
 0001:00006c70 00000023H .text$_ZN9ComponentC1ERKS_ CODE
 0001:00006ca0 00000045H .text$_ZN9ComponentC2ERKS_ CODE
 0001:00006cf0 00000016H .text$_ZNSt3__16vectorI9ComponentNS_9allocatorIS1_EEE21_ConstructTransactionD2Ev CODE
 0001:00006d10 000000a0H .text$_ZNKSt3__16vectorI9ComponentNS_9allocatorIS1_EEE11__recommendB6v15007Ey CODE
 0001:00006db0 00000037H .text$_ZNSt3__114__split_bufferI9ComponentRNS_9allocatorIS1_EEEC1EyyS4_ CODE
 0001:00006df0 0000014cH .text$_ZNSt3__16vectorI9ComponentNS_9allocatorIS1_EEE26__swap_out_circular_bufferERNS_14__split_bufferIS1_RS3_EE CODE
 0001:00006f40 00000019H .text$_ZNSt3__114__split_bufferI9ComponentRNS_9allocatorIS1_EEED1Ev CODE
 0001:00006f60 00000059H .text$_ZNKSt3__16vectorI9ComponentNS_9allocatorIS1_EEE8max_sizeEv CODE
 0001:00006fc0 00000016H .text$_ZNKSt3__16vectorI9ComponentNS_9allocatorIS1_EEE20__throw_length_errorB6v15007Ev CODE
 0001:00006fe0 00000028H .text$_ZNSt3__13maxB6v15007IyEERKT_S3_S3_ CODE
 0001:00007010 00000028H .text$_ZNSt3__13minB6v15007IyEERKT_S3_S3_ CODE
 0001:00007040 00000019H .text$_ZNSt3__116allocator_traitsINS_9allocatorI9ComponentEEE8max_sizeB6v15007IS3_vEEyRKS3_ CODE
 0001:00007060 0000001dH .text$_ZNKSt3__16vectorI9ComponentNS_9allocatorIS1_EEE7__allocB6v15007Ev CODE
 0001:00007080 00000057H .text$_ZNSt3__13minB6v15007IyNS_6__lessIyyEEEERKT_S5_S5_T0_ CODE
 0001:000070e0 0000002eH .text$_ZNKSt3__16__lessIyyEclB6v15007ERKyS3_ CODE
 0001:00007110 00000011H .text$_ZNKSt3__19allocatorI9ComponentE8max_sizeB6v15007Ev CODE
 0001:00007130 00000019H .text$_ZNKSt3__117__compressed_pairIP9ComponentNS_9allocatorIS1_EEE6secondB6v15007Ev CODE
 0001:00007150 0000000bH .text$_ZNKSt3__122__compressed_pair_elemINS_9allocatorI9ComponentEELi1ELb1EE5__getB6v15007Ev CODE
 0001:00007160 00000070H .text$_ZNSt3__120__throw_length_errorB6v15007EPKc CODE
 0001:000071d0 00000023H .text$_ZNSt12length_errorC1B6v15007EPKc CODE
 0001:00007200 0000003aH .text$_ZNSt12length_errorC2B6v15007EPKc CODE
 0001:00007240 00000057H .text$_ZNSt3__13maxB6v15007IyNS_6__lessIyyEEEERKT_S5_S5_T0_ CODE
 0001:000072a0 000000d0H .text$_ZNSt3__114__split_bufferI9ComponentRNS_9allocatorIS1_EEEC2EyyS4_ CODE
 0001:00007370 0000002dH .text$_ZNSt3__117__compressed_pairIP9ComponentRNS_9allocatorIS1_EEEC1B6v15007IDnS5_EEOT_OT0_ CODE
 0001:000073a0 0000004dH .text$_ZNSt3__119__allocate_at_leastB6v15007INS_9allocatorI9ComponentEEEENS_19__allocation_resultINS_16allocator_traitsIT_E7pointerEEERS6_y CODE
 0001:000073f0 0000001dH .text$_ZNSt3__114__split_bufferI9ComponentRNS_9allocatorIS1_EEE7__allocB6v15007Ev CODE
 0001:00007410 0000001dH .text$_ZNSt3__114__split_bufferI9ComponentRNS_9allocatorIS1_EEE9__end_capB6v15007Ev CODE
 0001:00007430 00000040H .text$_ZNSt3__117__compressed_pairIP9ComponentRNS_9allocatorIS1_EEEC2B6v15007IDnS5_EEOT_OT0_ CODE
 0001:00007470 0000001eH .text$_ZNSt3__122__compressed_pair_elemIRNS_9allocatorI9ComponentEELi1ELb0EEC2B6v15007IS4_vEEOT_ CODE
 0001:00007490 00000051H .text$_ZNSt3__19allocatorI9ComponentE8allocateB6v15007Ey CODE
 0001:000074f0 00000034H .text$_ZSt28__throw_bad_array_new_lengthB6v15007v CODE
 0001:00007530 00000061H .text$_ZNSt3__117__libcpp_allocateB6v15007Eyy CODE
 0001:000075a0 00000023H .text$_ZNSt3__121__libcpp_operator_newB6v15007IJySt11align_val_tEEEPvDpT_ CODE
 0001:000075d0 00000019H .text$_ZNSt3__121__libcpp_operator_newB6v15007IJyEEEPvDpT_ CODE
 0001:000075f0 0000001dH .text$_ZNSt3__117__compressed_pairIP9ComponentRNS_9allocatorIS1_EEE6secondB6v15007Ev CODE
 0001:00007610 0000000eH .text$_ZNSt3__122__compressed_pair_elemIRNS_9allocatorI9ComponentEELi1ELb0EE5__getB6v15007Ev CODE
 0001:00007620 00000019H .text$_ZNSt3__117__compressed_pairIP9ComponentRNS_9allocatorIS1_EEE5firstB6v15007Ev CODE
 0001:00007640 000001a8H .text$_ZNSt3__142__uninitialized_allocator_move_if_noexceptB6v15007INS_9allocatorI9ComponentEENS_16reverse_iteratorIPS2_EES6_S6_EET2_RT_T0_T1_S7_ CODE
 0001:000077f0 00000023H .text$_ZNSt3__116reverse_iteratorIP9ComponentEC1B6v15007ES2_ CODE
 0001:00007820 0000000fH .text$_ZNKSt3__116reverse_iteratorIP9ComponentE4baseB6v15007Ev CODE
 0001:00007830 0000003bH .text$_ZNSt3__14swapB6v15007IP9ComponentEENS_9enable_ifIXaasr21is_move_constructibleIT_EE5valuesr18is_move_assignableIS4_EE5valueEvE4typeERS4_S7_ CODE
 0001:00007870 000000b6H .text$_ZNKSt3__16vectorI9ComponentNS_9allocatorIS1_EEE14__annotate_newB6v15007Ey CODE
 0001:00007930 0000003fH .text$_ZNSt3__1neB6v15007IP9ComponentS2_EEbRKNS_16reverse_iteratorIT_EERKNS3_IT0_EE CODE
 0001:00007970 0000002dH .text$_ZNSt3__116allocator_traitsINS_9allocatorI9ComponentEEE9constructB6v15007IS2_JS2_EvEEvRS3_PT_DpOT0_ CODE
 0001:000079a0 00000019H .text$_ZNSt3__112__to_addressB6v15007INS_16reverse_iteratorIP9ComponentEEvEENS_5decayIDTclsr19__to_address_helperIT_EE6__callcl7declvalIRKS6_EEEEE4typeES8_ CODE
 0001:000079c0 00000027H .text$_ZNKSt3__116reverse_iteratorIP9ComponentEdeB6v15007Ev CODE
 0001:000079f0 00000017H .text$_ZNSt3__116reverse_iteratorIP9ComponentEppB6v15007Ev CODE
 0001:00007a10 00000037H .text$_ZNSt3__129_AllocatorDestroyRangeReverseINS_9allocatorI9ComponentEENS_16reverse_iteratorIPS2_EEEC1B6v15007ERS3_RS6_S9_ CODE
 0001:00007a50 0000008eH .text$_ZNKSt3__129_AllocatorDestroyRangeReverseINS_9allocatorI9ComponentEENS_16reverse_iteratorIPS2_EEEclB6v15007Ev CODE
 0001:00007ae0 00000028H .text$_ZNSt3__19allocatorI9ComponentE9constructB6v15007IS1_JS1_EEEvPT_DpOT0_ CODE
 0001:00007b10 00000023H .text$_ZN9ComponentC1EOS_ CODE
 0001:00007b40 00000045H .text$_ZN9ComponentC2EOS_ CODE
 0001:00007b90 00000023H .text$_ZNSt3__112basic_stringIcNS_11char_traitsIcEENS_9allocatorIcEEEC1B6v15007EOS5_ CODE
 0001:00007bc0 00000082H .text$_ZNSt3__112basic_stringIcNS_11char_traitsIcEENS_9allocatorIcEEEC2B6v15007EOS5_ CODE
 0001:00007c50 00000019H .text$_ZNSt3__112basic_stringIcNS_11char_traitsIcEENS_9allocatorIcEEE14__default_initB6v15007Ev CODE
 0001:00007c70 00000012H .text$_ZNSt3__115__debug_db_swapB6v15007INS_12basic_stringIcNS_11char_traitsIcEENS_9allocatorIcEEEEEEvPT_S8_ CODE
 0001:00007c90 0000004eH .text$_ZNSt3__112basic_stringIcNS_11char_traitsIcEENS_9allocatorIcEEE6__zeroB6v15007Ev CODE
 0001:00007ce0 00000036H .text$_ZNSt3__119__to_address_helperINS_16reverse_iteratorIP9ComponentEEvE6__callB6v15007ERKS4_ CODE
 0001:00007d20 00000019H .text$_ZNKSt3__116reverse_iteratorIP9ComponentEptB6v15007Ev CODE
 0001:00007d40 0000003aH .text$_ZNSt3__129_AllocatorDestroyRangeReverseINS_9allocatorI9ComponentEENS_16reverse_iteratorIPS2_EEEC2B6v15007ERS3_RS6_S9_ CODE
 0001:00007d80 00000064H .text$_ZNSt3__119__allocator_destroyB6v15007INS_9allocatorI9ComponentEENS_16reverse_iteratorINS4_IPS2_EEEES7_EEvRT_T0_T1_ CODE
 0001:00007df0 00000019H .text$_ZNSt3__116reverse_iteratorINS0_IP9ComponentEEEC1B6v15007ES3_ CODE
 0001:00007e10 00000045H .text$_ZNSt3__1neB6v15007INS_16reverse_iteratorIP9ComponentEES4_EEbRKNS1_IT_EERKNS1_IT0_EE CODE
 0001:00007e60 00000019H .text$_ZNSt3__112__to_addressB6v15007INS_16reverse_iteratorINS1_IP9ComponentEEEEvEENS_5decayIDTclsr19__to_address_helperIT_EE6__callcl7declvalIRKS7_EEEEE4typeES9_ CODE
 0001:00007e80 00000026H .text$_ZNSt3__116reverse_iteratorINS0_IP9ComponentEEEppB6v15007Ev CODE
 0001:00007eb0 00000028H .text$_ZNKSt3__116reverse_iteratorINS0_IP9ComponentEEE4baseB6v15007Ev CODE
 0001:00007ee0 00000036H .text$_ZNSt3__119__to_address_helperINS_16reverse_iteratorINS1_IP9ComponentEEEEvE6__callB6v15007ERKS5_ CODE
 0001:00007f20 00000019H .text$_ZNKSt3__116reverse_iteratorINS0_IP9ComponentEEEptB6v15007Ev CODE
 0001:00007f40 00000038H .text$_ZNKSt3__116reverse_iteratorINS0_IP9ComponentEEEdeB6v15007Ev CODE
 0001:00007f80 00000017H .text$_ZNSt3__116reverse_iteratorIP9ComponentEmmB6v15007Ev CODE
 0001:00007fa0 00000029H .text$_ZNSt3__116reverse_iteratorINS0_IP9ComponentEEEC2B6v15007ES3_ CODE
 0001:00007fd0 00000026H .text$_ZNSt3__116reverse_iteratorIP9ComponentEC2B6v15007ES2_ CODE
 0001:00008000 00000075H .text$_ZNSt3__114__split_bufferI9ComponentRNS_9allocatorIS1_EEED2Ev CODE
 0001:00008080 0000001dH .text$_ZNSt3__114__split_bufferI9ComponentRNS_9allocatorIS1_EEE5clearB6v15007Ev CODE
 0001:000080a0 0000002fH .text$_ZNKSt3__114__split_bufferI9ComponentRNS_9allocatorIS1_EEE8capacityB6v15007Ev CODE
 0001:000080d0 00000028H .text$_ZNSt3__114__split_bufferI9ComponentRNS_9allocatorIS1_EEE17__destruct_at_endB6v15007EPS1_ CODE
 0001:00008100 0000007eH .text$_ZNSt3__114__split_bufferI9ComponentRNS_9allocatorIS1_EEE17__destruct_at_endB6v15007EPS1_NS_17integral_constantIbLb0EEE CODE
 0001:00008180 0000001dH .text$_ZNKSt3__114__split_bufferI9ComponentRNS_9allocatorIS1_EEE9__end_capB6v15007Ev CODE
 0001:000081a0 00000019H .text$_ZNKSt3__117__compressed_pairIP9ComponentRNS_9allocatorIS1_EEE5firstB6v15007Ev CODE
 0001:000081c0 0000012dH .text$_ZNSt3__16vectorI9ComponentNS_9allocatorIS1_EEEC2ERKS4_ CODE
 0001:000082f0 00000011H .text$_ZNSt3__116allocator_traitsINS_9allocatorI9ComponentEEE37select_on_container_copy_constructionB6v15007IS3_vvEES3_RKS3_ CODE
 0001:00008310 0000002dH .text$_ZNSt3__117__compressed_pairIP9ComponentNS_9allocatorIS1_EEEC1B6v15007IDnS4_EEOT_OT0_ CODE
 0001:00008340 00000034H .text$_ZNSt3__118__make_transactionB6v15007INS_6vectorI9ComponentNS_9allocatorIS2_EEE16__destroy_vectorEEENS_13__transactionIT_EES8_ CODE
 0001:00008380 000000a9H .text$_ZNSt3__16vectorI9ComponentNS_9allocatorIS1_EEE11__vallocateB6v15007Ey CODE
 0001:00008430 00000099H .text$_ZNSt3__16vectorI9ComponentNS_9allocatorIS1_EEE18__construct_at_endIPS1_EENS_9enable_ifIXsr27__is_cpp17_forward_iteratorIT_EE5valueEvE4typeES8_S8_y CODE
 0001:000084d0 0000000fH .text$_ZNSt3__113__transactionINS_6vectorI9ComponentNS_9allocatorIS2_EEE16__destroy_vectorEE10__completeB6v15007Ev CODE
 0001:000084e0 00000019H .text$_ZNSt3__113__transactionINS_6vectorI9ComponentNS_9allocatorIS2_EEE16__destroy_vectorEED1B6v15007Ev CODE
 0001:00008500 0000003cH .text$_ZNSt3__117__compressed_pairIP9ComponentNS_9allocatorIS1_EEEC2B6v15007IDnS4_EEOT_OT0_ CODE
 0001:00008540 00000012H .text$_ZNSt3__122__compressed_pair_elemINS_9allocatorI9ComponentEELi1ELb1EEC2B6v15007IS3_vEEOT_ CODE
 0001:00008560 00000023H .text$_ZNSt3__113__transactionINS_6vectorI9ComponentNS_9allocatorIS2_EEE16__destroy_vectorEEC1B6v15007ES6_ CODE
 0001:00008590 00000022H .text$_ZNSt3__113__transactionINS_6vectorI9ComponentNS_9allocatorIS2_EEE16__destroy_vectorEEC2B6v15007ES6_ CODE
 0001:000085c0 0000010cH .text$_ZNSt3__130__uninitialized_allocator_copyB6v15007INS_9allocatorI9ComponentEEPS2_S4_S4_EET2_RT_T0_T1_S5_ CODE
 0001:000086d0 0000002dH .text$_ZNSt3__116allocator_traitsINS_9allocatorI9ComponentEEE9constructB6v15007IS2_JRS2_EvEEvRS3_PT_DpOT0_ CODE
 0001:00008700 00000037H .text$_ZNSt3__129_AllocatorDestroyRangeReverseINS_9allocatorI9ComponentEEPS2_EC1B6v15007ERS3_RS4_S7_ CODE
 0001:00008740 0000005cH .text$_ZNKSt3__129_AllocatorDestroyRangeReverseINS_9allocatorI9ComponentEEPS2_EclB6v15007Ev CODE
 0001:000087a0 00000028H .text$_ZNSt3__19allocatorI9ComponentE9constructB6v15007IS1_JRS1_EEEvPT_DpOT0_ CODE
 0001:000087d0 0000003aH .text$_ZNSt3__129_AllocatorDestroyRangeReverseINS_9allocatorI9ComponentEEPS2_EC2B6v15007ERS3_RS4_S7_ CODE
 0001:00008810 00000064H .text$_ZNSt3__119__allocator_destroyB6v15007INS_9allocatorI9ComponentEENS_16reverse_iteratorIPS2_EES6_EEvRT_T0_T1_ CODE
 0001:00008880 0000003fH .text$_ZNSt3__113__transactionINS_6vectorI9ComponentNS_9allocatorIS2_EEE16__destroy_vectorEED2B6v15007Ev CODE
 0001:000088c0 0000002dH .text$_ZNSt3__111__wrap_iterIP9ComponentEC1B6v15007EPKvS2_ CODE
 0001:000088f0 00000023H .text$_ZNSt3__111__wrap_iterIP9ComponentEC2B6v15007EPKvS2_ CODE
 0001:00008920 000020a6H .text                   CODE
 0001:0000a9d0 00000019H .text$_ZNKSt3__112basic_stringIcNS_11char_traitsIcEENS_9allocatorIcEEE5c_strB6v15007Ev CODE
 0001:0000a9f0 00000044H .text$_ZN6System11AnsiStringTILt0EEC1EPKc CODE
 0001:0000aa40 00000044H .text$_ZN6System13UnicodeStringC1ILt0EEERKNS_11AnsiStringTIXT_EEE CODE
 0001:0000aa90 00000019H .text$_ZN6System11AnsiStringTILt0EED1Ev CODE
 0001:0000aab0 00000025H .text$_ZNSt3__16vectorI9ComponentNS_9allocatorIS1_EEEixB6v15007Ey CODE
 0001:0000aae0 00000044H .text$_ZN6System11AnsiStringTILt0EEC1ERKNS_13UnicodeStringE CODE
 0001:0000ab30 00000043H .text$_ZNK6System11AnsiStringTILt0EE5c_strEv CODE
 0001:0000ab80 00000030H .text$_ZN6System3SetINS_7Uitypes10TMsgDlgBtnELS2_0ELS2_11EEC1Ev CODE
 0001:0000abb0 00000078H .text$_ZN6System3SetINS_7Uitypes10TMsgDlgBtnELS2_0ELS2_11EElsES2_ CODE
 0001:0000ac30 000000a7H .text$_ZNSt3__16vectorI9ComponentNS_9allocatorIS1_EEE5eraseB6v15007ENS_11__wrap_iterIPKS1_EE CODE
 0001:0000ace0 00000034H .text$_ZNKSt3__111__wrap_iterIP9ComponentEplB6v15007Ex CODE
 0001:0000ad20 0000002dH .text$_ZNSt3__111__wrap_iterIPK9ComponentEC1B6v15007IPS1_EERKNS0_IT_EEPNS_9enable_ifIXsr14is_convertibleIS7_S3_EE5valueEvE4typeE CODE
 0001:0000ad50 0000004cH .text$_ZN11TDetailFormD0Ev CODE
 0001:0000ada0 00000025H .text$_ZNSt3__111__wrap_iterIP9ComponentEpLB6v15007Ex CODE
 0001:0000add0 00000037H .text$_ZNSt3__111__wrap_iterIPK9ComponentEC2B6v15007IPS1_EERKNS0_IT_EEPNS_9enable_ifIXsr14is_convertibleIS7_S3_EE5valueEvE4typeE CODE
 0001:0000ae10 00000047H .text$_ZN6System11AnsiStringTILt0EEC2ERKNS_13UnicodeStringE CODE
 0001:0000ae60 000000e9H .text$_ZN6System11AnsiStringTILt0EED2Ev CODE
 0001:0000af50 00000030H .text$_ZN6System11AnsiStringTILt0EEC1Ev CODE
 0001:0000af80 00000023H .text$_ZN6System11AnsiStringTILt0EEC1ERKS1_ CODE
 0001:0000afb0 00000030H .text$_ZN6System11AnsiStringTILt0EEC2Ev CODE
 0001:0000afe0 00000012H .text$_ZN6System14AnsiStringBaseC2Ev CODE
 0001:0000b000 00000023H .text$_ZN6System11AnsiStringTILt0EEC2ERKS1_ CODE
 0001:0000b030 0000002aH .text$_ZN6System13UnicodeStringC2ILt0EEERKNS_11AnsiStringTIXT_EEE CODE
 0001:0000b060 00000047H .text$_ZN6System11AnsiStringTILt0EEC2EPKc CODE
 0001:0000b0b0 00000021H .text$_ZN6System3SetINS_7Uitypes10TMsgDlgBtnELS2_0ELS2_11EEC2Ev CODE
 0001:0000b0e0 0000003bH .text$_ZNSt3__1miB6v15007IPK9ComponentS3_EEDTmicldtfp_4baseEcldtfp0_4baseEERKNS_11__wrap_iterIT_EERKNS5_IT0_EE CODE
 0001:0000b120 00000022H .text$_ZNKSt3__16vectorI9ComponentNS_9allocatorIS1_EEE6cbeginB6v15007Ev CODE
 0001:0000b150 00000063H .text$_ZNSt3__16vectorI9ComponentNS_9allocatorIS1_EEE17__destruct_at_endB6v15007EPS1_ CODE
 0001:0000b1c0 00000036H .text$_ZNSt3__14moveB6v15007IP9ComponentS2_EET0_T_S4_S3_ CODE
 0001:0000b200 00000012H .text$_ZNSt3__16vectorI9ComponentNS_9allocatorIS1_EEE27__invalidate_iterators_pastB6v15007EPS1_ CODE
 0001:0000b220 000000b3H .text$_ZNSt3__16__moveB6v15007INS_17_ClassicAlgPolicyEP9ComponentS3_S3_EENS_9enable_ifIXaaaasr21is_copy_constructibleIT0_EE5valuesr21is_copy_constructibleIT1_EE5valuesr21is_copy_constructibleIT2_EE5valueENS_4pairIS5_S7_EEE4typeES5_S6_S7_ CODE
 0001:0000b2e0 0000008bH .text$_ZNSt3__111__move_implB6v15007INS_17_ClassicAlgPolicyEP9ComponentS3_S3_EENS_4pairIT0_T2_EES5_T1_S6_ CODE
 0001:0000b370 00000019H .text$_ZNSt3__113__unwrap_iterB6v15007IP9ComponentNS_18__unwrap_iter_implIS2_Lb1EEELi0EEEDTclsrT0_8__unwrapclsr3stdE7declvalIT_EEEES6_ CODE
 0001:0000b390 00000034H .text$_ZNSt3__19make_pairB6v15007IP9ComponentS2_EENS_4pairINS_18__unwrap_ref_decayIT_E4typeENS4_IT0_E4typeEEEOS5_OS8_ CODE
 0001:0000b3d0 0000003aH .text$_ZNSt3__113__rewrap_iterB6v15007IP9ComponentS2_NS_18__unwrap_iter_implIS2_Lb1EEEEET_S5_T0_ CODE
 0001:0000b410 0000001bH .text$_ZNSt3__18_IterOpsINS_17_ClassicAlgPolicyEE11__iter_moveB6v15007IRP9ComponentEENS_9enable_ifIXsr12is_referenceIDTdeclsr3stdE7declvalIRT_EEEEE5valueEDTclsr3stdE4movedeclsr3stdE7declvalIS9_EEEEE4typeEOS8_ CODE
 0001:0000b430 00000049H .text$_ZN9ComponentaSEOS_ CODE
 0001:0000b480 00000001H .text$_ZNSt3__18_IterOpsINS_17_ClassicAlgPolicyEE25__validate_iter_referenceB6v15007IRP9ComponentEEvv CODE
 0001:0000b490 00000031H .text$_ZNSt3__112basic_stringIcNS_11char_traitsIcEENS_9allocatorIcEEEaSB6v15007EOS5_ CODE
 0001:0000b4d0 000000dcH .text$_ZNSt3__112basic_stringIcNS_11char_traitsIcEENS_9allocatorIcEEE13__move_assignB6v15007ERS5_NS_17integral_constantIbLb1EEE CODE
 0001:0000b5b0 0000002dH .text$_ZNSt3__116allocator_traitsINS_9allocatorIcEEE10deallocateB6v15007ERS2_Pcy CODE
 0001:0000b5e0 00000019H .text$_ZNSt3__112basic_stringIcNS_11char_traitsIcEENS_9allocatorIcEEE7__allocB6v15007Ev CODE
 0001:0000b600 00000023H .text$_ZNKSt3__112basic_stringIcNS_11char_traitsIcEENS_9allocatorIcEEE14__get_long_capB6v15007Ev CODE
 0001:0000b630 00000028H .text$_ZNSt3__112basic_stringIcNS_11char_traitsIcEENS_9allocatorIcEEE19__move_assign_allocB6v15007ERS5_ CODE
 0001:0000b660 0000003bH .text$_ZNSt3__19allocatorIcE10deallocateB6v15007EPcy CODE
 0001:0000b6a0 00000019H .text$_ZNSt3__117__compressed_pairINS_12basic_stringIcNS_11char_traitsIcEENS_9allocatorIcEEE5__repES5_E6secondB6v15007Ev CODE
 0001:0000b6c0 0000000bH .text$_ZNSt3__122__compressed_pair_elemINS_9allocatorIcEELi1ELb1EE5__getB6v15007Ev CODE
 0001:0000b6d0 00000037H .text$_ZNSt3__112basic_stringIcNS_11char_traitsIcEENS_9allocatorIcEEE19__move_assign_allocB6v15007ERS5_NS_17integral_constantIbLb1EEE CODE
 0001:0000b710 00000019H .text$_ZNSt3__118__unwrap_iter_implIP9ComponentLb1EE8__unwrapB6v15007ES2_ CODE
 0001:0000b730 0000002dH .text$_ZNSt3__14pairIP9ComponentS2_EC1B6v15007IS2_S2_LPv0EEEOT_OT0_ CODE
 0001:0000b760 00000032H .text$_ZNSt3__14pairIP9ComponentS2_EC2B6v15007IS2_S2_LPv0EEEOT_OT0_ CODE
 0001:0000b7a0 0000004cH .text$_ZNSt3__118__unwrap_iter_implIP9ComponentLb1EE8__rewrapB6v15007ES2_S2_ CODE
 0001:0000b7f0 00002676H .text                   CODE
 0001:0000de70 00000019H .text$_ZNSt3__16vectorI8ComputerNS_9allocatorIS1_EEEC1B6v15007Ev CODE
 0001:0000de90 00000019H .text$_ZNSt3__16vectorI8ComputerNS_9allocatorIS1_EEED1B6v15007Ev CODE
 0001:0000deb0 0000001fH .text$_ZNKSt3__16vectorI8ComputerNS_9allocatorIS1_EEE4sizeB6v15007Ev CODE
 0001:0000ded0 00000022H .text$_ZNSt3__16vectorI8ComputerNS_9allocatorIS1_EEEixB6v15007Ey CODE
 0001:0000df00 00000167H .text$_ZNSt3__114basic_ifstreamIcNS_11char_traitsIcEEEC1EPKcj CODE
 0001:0000e070 0000001fH .text$_ZNKSt3__19basic_iosIcNS_11char_traitsIcEEEcvbB6v15007Ev CODE
 0001:0000e090 00000060H .text$_ZNSt3__16vectorI8ComputerNS_9allocatorIS1_EEE9push_backB6v15007ERKS1_ CODE
 0001:0000e0f0 00000019H .text$_ZN8ComputerD1Ev  CODE
 0001:0000e110 00000042H .text$_ZNSt3__114basic_ifstreamIcNS_11char_traitsIcEEE5closeEv CODE
 0001:0000e160 0000004aH .text$_ZNSt3__1plB6v15007IcNS_11char_traitsIcEENS_9allocatorIcEEEENS_12basic_stringIT_T0_T1_EEPKS6_OS9_ CODE
 0001:0000e1b0 00000036H .text$_ZNSt3__114basic_ifstreamIcNS_11char_traitsIcEEED1Ev CODE
 0001:0000e1f0 000000a4H .text$_ZNSt3__16vectorI8ComputerNS_9allocatorIS1_EEE5eraseB6v15007ENS_11__wrap_iterIPKS1_EE CODE
 0001:0000e2a0 00000025H .text$_ZNSt3__16vectorI8ComputerNS_9allocatorIS1_EEE5beginB6v15007Ev CODE
 0001:0000e2d0 00000034H .text$_ZNKSt3__111__wrap_iterIP8ComputerEplB6v15007Ex CODE
 0001:0000e310 0000002dH .text$_ZNSt3__111__wrap_iterIPK8ComputerEC1B6v15007IPS1_EERKNS0_IT_EEPNS_9enable_ifIXsr14is_convertibleIS7_S3_EE5valueEvE4typeE CODE
 0001:0000e340 00000167H .text$_ZNSt3__114basic_ofstreamIcNS_11char_traitsIcEEEC1EPKcj CODE
 0001:0000e4b0 00000026H .text$_ZNSt3__16vectorI8ComputerNS_9allocatorIS1_EEE3endB6v15007Ev CODE
 0001:0000e4e0 00000029H .text$_ZNSt3__1neB6v15007IP8ComputerEEbRKNS_11__wrap_iterIT_EES7_ CODE
 0001:0000e510 0000000eH .text$_ZNKSt3__111__wrap_iterIP8ComputerEdeB6v15007Ev CODE
 0001:0000e520 00000015H .text$_ZNSt3__111__wrap_iterIP8ComputerEppB6v15007Ev CODE
 0001:0000e540 00000042H .text$_ZNSt3__114basic_ofstreamIcNS_11char_traitsIcEEE5closeEv CODE
 0001:0000e590 00000036H .text$_ZNSt3__114basic_ofstreamIcNS_11char_traitsIcEEED1Ev CODE
 0001:0000e5d0 0000005dH .text$_ZN9THomeFormD0Ev CODE
 0001:0000e630 0000003aH .text$_ZN8ComputerD2Ev  CODE
 0001:0000e670 00000059H .text$_ZNSt3__114basic_ifstreamIcNS_11char_traitsIcEEED2Ev CODE
 0001:0000e6d0 00000019H .text$_ZTv0_n24_NSt3__114basic_ifstreamIcNS_11char_traitsIcEEED1Ev CODE
 0001:0000e6f0 00000028H .text$_ZNSt3__114basic_ifstreamIcNS_11char_traitsIcEEED0Ev CODE
 0001:0000e720 00000019H .text$_ZTv0_n24_NSt3__114basic_ifstreamIcNS_11char_traitsIcEEED0Ev CODE
 0001:0000e740 00000019H .text$_ZNSt3__113basic_filebufIcNS_11char_traitsIcEEED1Ev CODE
 0001:0000e760 000000deH .text$_ZNSt3__113basic_filebufIcNS_11char_traitsIcEEED2Ev CODE
 0001:0000e840 00000112H .text$_ZNSt3__113basic_filebufIcNS_11char_traitsIcEEE5closeEv CODE
 0001:0000e960 00000028H .text$_ZNSt3__113basic_filebufIcNS_11char_traitsIcEEED0Ev CODE
 0001:0000e990 000001c9H .text$_ZNSt3__113basic_filebufIcNS_11char_traitsIcEEE5imbueERKNS_6localeE CODE
 0001:0000eb60 00000202H .text$_ZNSt3__113basic_filebufIcNS_11char_traitsIcEEE6setbufEPcx CODE
 0001:0000ed70 000001e4H .text$_ZNSt3__113basic_filebufIcNS_11char_traitsIcEEE7seekoffExNS_8ios_base7seekdirEj CODE
 0001:0000ef60 000000efH .text$_ZNSt3__113basic_filebufIcNS_11char_traitsIcEEE7seekposENS_4fposI9_MbstatetEEj CODE
 0001:0000f050 0000043aH .text$_ZNSt3__113basic_filebufIcNS_11char_traitsIcEEE4syncEv CODE
 0001:0000f490 0000069bH .text$_ZNSt3__113basic_filebufIcNS_11char_traitsIcEEE9underflowEv CODE
 0001:0000fb30 00000129H .text$_ZNSt3__113basic_filebufIcNS_11char_traitsIcEEE9pbackfailEi CODE
 0001:0000fc60 000004c9H .text$_ZNSt3__113basic_filebufIcNS_11char_traitsIcEEE8overflowEi CODE
 0001:00010130 0000002dH .text$_ZNSt3__110unique_ptrI6_iobufPFiPS1_EEC1B6v15007ILb1EvEES2_NS_16__dependent_typeINS_27__unique_ptr_deleter_sfinaeIS4_EEXT_EE20__good_rval_ref_typeE CODE
 0001:00010160 0000003bH .text$_ZNSt3__110unique_ptrI6_iobufPFiPS1_EE7releaseB6v15007Ev CODE
 0001:000101a0 00000019H .text$_ZNSt3__110unique_ptrI6_iobufPFiPS1_EED1B6v15007Ev CODE
 0001:000101c0 0000003aH .text$_ZNSt3__110unique_ptrI6_iobufPFiPS1_EEC2B6v15007ILb1EvEES2_NS_16__dependent_typeINS_27__unique_ptr_deleter_sfinaeIS4_EEXT_EE20__good_rval_ref_typeE CODE
 0001:00010200 0000002dH .text$_ZNSt3__117__compressed_pairIP6_iobufPFiS2_EEC1B6v15007IRS2_S4_EEOT_OT0_ CODE
 0001:00010230 00000040H .text$_ZNSt3__117__compressed_pairIP6_iobufPFiS2_EEC2B6v15007IRS2_S4_EEOT_OT0_ CODE
 0001:00010270 00000021H .text$_ZNSt3__122__compressed_pair_elemIP6_iobufLi0ELb0EEC2B6v15007IRS2_vEEOT_ CODE
 0001:000102a0 00000021H .text$_ZNSt3__122__compressed_pair_elemIPFiP6_iobufELi1ELb0EEC2B6v15007IS4_vEEOT_ CODE
 0001:000102d0 00000019H .text$_ZNSt3__117__compressed_pairIP6_iobufPFiS2_EE5firstB6v15007Ev CODE
 0001:000102f0 0000000bH .text$_ZNSt3__122__compressed_pair_elemIP6_iobufLi0ELb0EE5__getB6v15007Ev CODE
 0001:00010300 0000001dH .text$_ZNSt3__110unique_ptrI6_iobufPFiPS1_EED2B6v15007Ev CODE
 0001:00010320 00000079H .text$_ZNSt3__110unique_ptrI6_iobufPFiPS1_EE5resetB6v15007ES2_ CODE
 0001:000103a0 0000001dH .text$_ZNSt3__117__compressed_pairIP6_iobufPFiS2_EE6secondB6v15007Ev CODE
 0001:000103c0 0000000bH .text$_ZNSt3__122__compressed_pair_elemIPFiP6_iobufELi1ELb0EE5__getB6v15007Ev CODE
 0001:000103d0 00000020H .text$_ZNSt3__19use_facetB6v15007INS_7codecvtIcc9_MbstatetEEEERKT_RKNS_6localeE CODE
 0001:000103f0 0000001eH .text$_ZNKSt3__17codecvtIcc9_MbstatetE13always_noconvB6v15007Ev CODE
 0001:00010410 0000003bH .text$_ZNSt3__115basic_streambufIcNS_11char_traitsIcEEE4setgB6v15007EPcS4_S4_ CODE
 0001:00010450 00000031H .text$_ZNSt3__115basic_streambufIcNS_11char_traitsIcEEE4setpB6v15007EPcS4_ CODE
 0001:00010490 00000028H .text$_ZNSt3__13maxB6v15007IxEERKT_S3_S3_ CODE
 0001:000104c0 00000057H .text$_ZNSt3__13maxB6v15007IxNS_6__lessIxxEEEERKT_S5_S5_T0_ CODE
 0001:00010520 0000002eH .text$_ZNKSt3__16__lessIxxEclB6v15007ERKxS3_ CODE
 0001:00010550 00000034H .text$_ZNSt3__116__throw_bad_castB6v15007Ev CODE
 0001:00010590 0000001aH .text$_ZNKSt3__17codecvtIcc9_MbstatetE8encodingB6v15007Ev CODE
 0001:000105b0 00000023H .text$_ZNSt3__14fposI9_MbstatetEC1B6v15007Ex CODE
 0001:000105e0 0000001eH .text$_ZNSt3__14fposI9_MbstatetE5stateB6v15007ES1_ CODE
 0001:00010600 00000038H .text$_ZNSt3__14fposI9_MbstatetEC2B6v15007Ex CODE
 0001:00010640 0000000fH .text$_ZNKSt3__14fposI9_MbstatetEcvxB6v15007Ev CODE
 0001:00010650 0000001eH .text$_ZNKSt3__14fposI9_MbstatetE5stateB6v15007Ev CODE
 0001:00010670 0000000fH .text$_ZNKSt3__115basic_streambufIcNS_11char_traitsIcEEE4pptrB6v15007Ev CODE
 0001:00010680 0000000fH .text$_ZNKSt3__115basic_streambufIcNS_11char_traitsIcEEE5pbaseB6v15007Ev CODE
 0001:00010690 00000047H .text$_ZNKSt3__17codecvtIcc9_MbstatetE7unshiftB6v15007ERS1_PcS4_RS4_ CODE
 0001:000106e0 0000000fH .text$_ZNKSt3__115basic_streambufIcNS_11char_traitsIcEEE5egptrB6v15007Ev CODE
 0001:000106f0 0000000fH .text$_ZNKSt3__115basic_streambufIcNS_11char_traitsIcEEE4gptrB6v15007Ev CODE
 0001:00010700 00000047H .text$_ZNKSt3__17codecvtIcc9_MbstatetE6lengthB6v15007ERS1_PKcS5_y CODE
 0001:00010750 0000000fH .text$_ZNKSt3__115basic_streambufIcNS_11char_traitsIcEEE5ebackB6v15007Ev CODE
 0001:00010760 000000b6H .text$_ZNSt3__113basic_filebufIcNS_11char_traitsIcEEE11__read_modeEv CODE
 0001:00010820 00000090H .text$_ZNKSt3__17codecvtIcc9_MbstatetE2inB6v15007ERS1_PKcS5_RS5_PcS7_RS7_ CODE
 0001:000108b0 00000029H .text$_ZNSt3__115basic_streambufIcNS_11char_traitsIcEEE5gbumpB6v15007Ei CODE
 0001:000108e0 0000004fH .text$_ZNSt3__111char_traitsIcE7not_eofEi CODE
 0001:00010930 000000c6H .text$_ZNSt3__113basic_filebufIcNS_11char_traitsIcEEE12__write_modeEv CODE
 0001:00010a00 0000000fH .text$_ZNKSt3__115basic_streambufIcNS_11char_traitsIcEEE5epptrB6v15007Ev CODE
 0001:00010a10 00000029H .text$_ZNSt3__115basic_streambufIcNS_11char_traitsIcEEE5pbumpB6v15007Ei CODE
 0001:00010a40 00000090H .text$_ZNKSt3__17codecvtIcc9_MbstatetE3outB6v15007ERS1_PKcS5_RS5_PcS7_RS7_ CODE
 0001:00010ad0 00000023H .text$_ZNSt3__115basic_streambufIcNS_11char_traitsIcEEE7__pbumpB6v15007Ex CODE
 0001:00010b00 00000025H .text$_ZNSt3__111__wrap_iterIP8ComputerEpLB6v15007Ex CODE
 0001:00010b30 00000037H .text$_ZNSt3__111__wrap_iterIPK8ComputerEC2B6v15007IPS1_EERKNS0_IT_EEPNS_9enable_ifIXsr14is_convertibleIS7_S3_EE5valueEvE4typeE CODE
 0001:00010b70 0000000eH .text$_ZNKSt3__111__wrap_iterIP8ComputerE4baseB6v15007Ev CODE
 0001:00010b80 0000003fH .text$_ZNSt3__1eqB6v15007IP8ComputerEEbRKNS_11__wrap_iterIT_EES7_ CODE
 0001:00010bc0 00000059H .text$_ZNSt3__114basic_ofstreamIcNS_11char_traitsIcEEED2Ev CODE
 0001:00010c20 00000019H .text$_ZTv0_n24_NSt3__114basic_ofstreamIcNS_11char_traitsIcEEED1Ev CODE
 0001:00010c40 00000028H .text$_ZNSt3__114basic_ofstreamIcNS_11char_traitsIcEEED0Ev CODE
 0001:00010c70 00000019H .text$_ZTv0_n24_NSt3__114basic_ofstreamIcNS_11char_traitsIcEEED0Ev CODE
 0001:00010c90 00000060H .text$_ZNSt3__16vectorI8ComputerNS_9allocatorIS1_EEEC2B6v15007Ev CODE
 0001:00010cf0 0000002dH .text$_ZNSt3__117__compressed_pairIP8ComputerNS_9allocatorIS1_EEEC1B6v15007IDnNS_18__default_init_tagEEEOT_OT0_ CODE
 0001:00010d20 00000007H .text$_ZNSt3__119__debug_db_insert_cB6v15007INS_6vectorI8ComputerNS_9allocatorIS2_EEEEEEvPT_ CODE
 0001:00010d30 0000003bH .text$_ZNSt3__117__compressed_pairIP8ComputerNS_9allocatorIS1_EEEC2B6v15007IDnNS_18__default_init_tagEEEOT_OT0_ CODE
 0001:00010d70 0000001eH .text$_ZNSt3__122__compressed_pair_elemIP8ComputerLi0ELb0EEC2B6v15007IDnvEEOT_ CODE
 0001:00010d90 0000001dH .text$_ZNSt3__122__compressed_pair_elemINS_9allocatorI8ComputerEELi1ELb1EEC2B6v15007ENS_18__default_init_tagE CODE
 0001:00010db0 00000019H .text$_ZNSt3__19allocatorI8ComputerEC2B6v15007Ev CODE
 0001:00010dd0 00000007H .text$_ZNSt3__116__non_trivial_ifILb1ENS_9allocatorI8ComputerEEEC2B6v15007Ev CODE
 0001:00010de0 0000003aH .text$_ZNSt3__16vectorI8ComputerNS_9allocatorIS1_EEED2B6v15007Ev CODE
 0001:00010e20 00000023H .text$_ZNSt3__16vectorI8ComputerNS_9allocatorIS1_EEE16__destroy_vectorC1ERS4_ CODE
 0001:00010e50 0000008cH .text$_ZNSt3__16vectorI8ComputerNS_9allocatorIS1_EEE16__destroy_vectorclB6v15007Ev CODE
 0001:00010ee0 0000001eH .text$_ZNSt3__16vectorI8ComputerNS_9allocatorIS1_EEE16__destroy_vectorC2ERS4_ CODE
 0001:00010f00 000000c3H .text$_ZNKSt3__16vectorI8ComputerNS_9allocatorIS1_EEE17__annotate_deleteB6v15007Ev CODE
 0001:00010fd0 00000007H .text$_ZNSt3__118__debug_db_erase_cB6v15007INS_6vectorI8ComputerNS_9allocatorIS2_EEEEEEvPT_ CODE
 0001:00010fe0 0000001cH .text$_ZNSt3__16vectorI8ComputerNS_9allocatorIS1_EEE7__clearB6v15007Ev CODE
 0001:00011000 0000002dH .text$_ZNSt3__116allocator_traitsINS_9allocatorI8ComputerEEE10deallocateB6v15007ERS3_PS2_y CODE
 0001:00011030 0000001dH .text$_ZNSt3__16vectorI8ComputerNS_9allocatorIS1_EEE7__allocB6v15007Ev CODE
 0001:00011050 00000035H .text$_ZNKSt3__16vectorI8ComputerNS_9allocatorIS1_EEE8capacityB6v15007Ev CODE
 0001:00011090 00000021H .text$_ZNKSt3__16vectorI8ComputerNS_9allocatorIS1_EEE31__annotate_contiguous_containerB6v15007EPKvS6_S6_S6_ CODE
 0001:000110c0 0000001cH .text$_ZNKSt3__16vectorI8ComputerNS_9allocatorIS1_EEE4dataB6v15007Ev CODE
 0001:000110e0 0000000bH .text$_ZNSt3__112__to_addressB6v15007I8ComputerEEPT_S3_ CODE
 0001:000110f0 00000086H .text$_ZNSt3__16vectorI8ComputerNS_9allocatorIS1_EEE22__base_destruct_at_endB6v15007EPS1_ CODE
 0001:00011180 00000023H .text$_ZNSt3__116allocator_traitsINS_9allocatorI8ComputerEEE7destroyB6v15007IS2_vEEvRS3_PT_ CODE
 0001:000111b0 0000001eH .text$_ZNSt3__19allocatorI8ComputerE7destroyB6v15007EPS1_ CODE
 0001:000111d0 0000003fH .text$_ZNSt3__19allocatorI8ComputerE10deallocateB6v15007EPS1_y CODE
 0001:00011210 00000019H .text$_ZNSt3__117__compressed_pairIP8ComputerNS_9allocatorIS1_EEE6secondB6v15007Ev CODE
 0001:00011230 0000000bH .text$_ZNSt3__122__compressed_pair_elemINS_9allocatorI8ComputerEELi1ELb1EE5__getB6v15007Ev CODE
 0001:00011240 0000001dH .text$_ZNKSt3__16vectorI8ComputerNS_9allocatorIS1_EEE9__end_capB6v15007Ev CODE
 0001:00011260 00000019H .text$_ZNKSt3__117__compressed_pairIP8ComputerNS_9allocatorIS1_EEE5firstB6v15007Ev CODE
 0001:00011280 0000000bH .text$_ZNKSt3__122__compressed_pair_elemIP8ComputerLi0ELb0EE5__getB6v15007Ev CODE
 0001:00011290 00000030H .text$_ZNSt3__19basic_iosIcNS_11char_traitsIcEEEC2B6v15007Ev CODE
 0001:000112c0 00000051H .text$_ZNSt3__113basic_istreamIcNS_11char_traitsIcEEEC2B6v15007EPNS_15basic_streambufIcS2_EE CODE
 0001:00011320 00000019H .text$_ZNSt3__113basic_filebufIcNS_11char_traitsIcEEEC1Ev CODE
 0001:00011340 00000104H .text$_ZNSt3__113basic_filebufIcNS_11char_traitsIcEEE4openEPKcj CODE
 0001:00011450 00000019H .text$_ZNSt3__18ios_baseC2B6v15007Ev CODE
 0001:00011470 00000049H .text$_ZNSt3__19basic_iosIcNS_11char_traitsIcEEE4initB6v15007EPNS_15basic_streambufIcS2_EE CODE
 0001:000114c0 000001afH .text$_ZNSt3__113basic_filebufIcNS_11char_traitsIcEEEC2Ev CODE
 0001:00011670 0000003aH .text$_ZNSt3__19has_facetB6v15007INS_7codecvtIcc9_MbstatetEEEEbRKNS_6localeE CODE
 0001:000116b0 0000002eH .text$_ZNKSt3__115basic_streambufIcNS_11char_traitsIcEEE6getlocB6v15007Ev CODE
 0001:000116e0 00000204H .text$_ZNSt3__113basic_filebufIcNS_11char_traitsIcEEE15__make_mdstringEj CODE
 0001:000118f0 0000001dH .text$_ZNKSt3__19basic_iosIcNS_11char_traitsIcEEE4failB6v15007Ev CODE
 0001:00011910 0000001cH .text$_ZNKSt3__18ios_base4failB6v15007Ev CODE
 0001:00011930 0000001dH .text$_ZNSt3__16vectorI8ComputerNS_9allocatorIS1_EEE9__end_capB6v15007Ev CODE
 0001:00011950 00000099H .text$_ZNSt3__16vectorI8ComputerNS_9allocatorIS1_EEE22__construct_one_at_endB6v15007IJRKS1_EEEvDpOT_ CODE
 0001:000119f0 000000eeH .text$_ZNSt3__16vectorI8ComputerNS_9allocatorIS1_EEE21__push_back_slow_pathIRKS1_EEvOT_ CODE
 0001:00011ae0 00000019H .text$_ZNSt3__117__compressed_pairIP8ComputerNS_9allocatorIS1_EEE5firstB6v15007Ev CODE
 0001:00011b00 0000000bH .text$_ZNSt3__122__compressed_pair_elemIP8ComputerLi0ELb0EE5__getB6v15007Ev CODE
 0001:00011b10 0000002dH .text$_ZNSt3__16vectorI8ComputerNS_9allocatorIS1_EEE21_ConstructTransactionC1ERS4_y CODE
 0001:00011b40 0000002dH .text$_ZNSt3__116allocator_traitsINS_9allocatorI8ComputerEEE9constructB6v15007IS2_JRKS2_EvEEvRS3_PT_DpOT0_ CODE
 0001:00011b70 00000019H .text$_ZNSt3__16vectorI8ComputerNS_9allocatorIS1_EEE21_ConstructTransactionD1Ev CODE
 0001:00011b90 00000046H .text$_ZNSt3__16vectorI8ComputerNS_9allocatorIS1_EEE21_ConstructTransactionC2ERS4_y CODE
 0001:00011be0 00000028H .text$_ZNSt3__19allocatorI8ComputerE9constructB6v15007IS1_JRKS1_EEEvPT_DpOT0_ CODE
 0001:00011c10 00000023H .text$_ZN8ComputerC1ERKS_ CODE
 0001:00011c40 000000deH .text$_ZN8ComputerC2ERKS_ CODE
 0001:00011d20 00000016H .text$_ZNSt3__16vectorI8ComputerNS_9allocatorIS1_EEE21_ConstructTransactionD2Ev CODE
 0001:00011d40 000000a0H .text$_ZNKSt3__16vectorI8ComputerNS_9allocatorIS1_EEE11__recommendB6v15007Ey CODE
 0001:00011de0 00000037H .text$_ZNSt3__114__split_bufferI8ComputerRNS_9allocatorIS1_EEEC1EyyS4_ CODE
 0001:00011e20 0000014cH .text$_ZNSt3__16vectorI8ComputerNS_9allocatorIS1_EEE26__swap_out_circular_bufferERNS_14__split_bufferIS1_RS3_EE CODE
 0001:00011f70 00000019H .text$_ZNSt3__114__split_bufferI8ComputerRNS_9allocatorIS1_EEED1Ev CODE
 0001:00011f90 00000059H .text$_ZNKSt3__16vectorI8ComputerNS_9allocatorIS1_EEE8max_sizeEv CODE
 0001:00011ff0 00000016H .text$_ZNKSt3__16vectorI8ComputerNS_9allocatorIS1_EEE20__throw_length_errorB6v15007Ev CODE
 0001:00012010 00000019H .text$_ZNSt3__116allocator_traitsINS_9allocatorI8ComputerEEE8max_sizeB6v15007IS3_vEEyRKS3_ CODE
 0001:00012030 0000001dH .text$_ZNKSt3__16vectorI8ComputerNS_9allocatorIS1_EEE7__allocB6v15007Ev CODE
 0001:00012050 00000011H .text$_ZNKSt3__19allocatorI8ComputerE8max_sizeB6v15007Ev CODE
 0001:00012070 00000019H .text$_ZNKSt3__117__compressed_pairIP8ComputerNS_9allocatorIS1_EEE6secondB6v15007Ev CODE
 0001:00012090 0000000bH .text$_ZNKSt3__122__compressed_pair_elemINS_9allocatorI8ComputerEELi1ELb1EE5__getB6v15007Ev CODE
 0001:000120a0 000000caH .text$_ZNSt3__114__split_bufferI8ComputerRNS_9allocatorIS1_EEEC2EyyS4_ CODE
 0001:00012170 0000002dH .text$_ZNSt3__117__compressed_pairIP8ComputerRNS_9allocatorIS1_EEEC1B6v15007IDnS5_EEOT_OT0_ CODE
 0001:000121a0 0000004dH .text$_ZNSt3__119__allocate_at_leastB6v15007INS_9allocatorI8ComputerEEEENS_19__allocation_resultINS_16allocator_traitsIT_E7pointerEEERS6_y CODE
 0001:000121f0 0000001dH .text$_ZNSt3__114__split_bufferI8ComputerRNS_9allocatorIS1_EEE7__allocB6v15007Ev CODE
 0001:00012210 0000001dH .text$_ZNSt3__114__split_bufferI8ComputerRNS_9allocatorIS1_EEE9__end_capB6v15007Ev CODE
 0001:00012230 00000040H .text$_ZNSt3__117__compressed_pairIP8ComputerRNS_9allocatorIS1_EEEC2B6v15007IDnS5_EEOT_OT0_ CODE
 0001:00012270 0000001eH .text$_ZNSt3__122__compressed_pair_elemIRNS_9allocatorI8ComputerEELi1ELb0EEC2B6v15007IS4_vEEOT_ CODE
 0001:00012290 0000004eH .text$_ZNSt3__19allocatorI8ComputerE8allocateB6v15007Ey CODE
 0001:000122e0 0000001dH .text$_ZNSt3__117__compressed_pairIP8ComputerRNS_9allocatorIS1_EEE6secondB6v15007Ev CODE
 0001:00012300 0000000eH .text$_ZNSt3__122__compressed_pair_elemIRNS_9allocatorI8ComputerEELi1ELb0EE5__getB6v15007Ev CODE
 0001:00012310 00000019H .text$_ZNSt3__117__compressed_pairIP8ComputerRNS_9allocatorIS1_EEE5firstB6v15007Ev CODE
 0001:00012330 000001a8H .text$_ZNSt3__142__uninitialized_allocator_move_if_noexceptB6v15007INS_9allocatorI8ComputerEENS_16reverse_iteratorIPS2_EES6_S6_EET2_RT_T0_T1_S7_ CODE
 0001:000124e0 00000023H .text$_ZNSt3__116reverse_iteratorIP8ComputerEC1B6v15007ES2_ CODE
 0001:00012510 0000000fH .text$_ZNKSt3__116reverse_iteratorIP8ComputerE4baseB6v15007Ev CODE
 0001:00012520 0000003bH .text$_ZNSt3__14swapB6v15007IP8ComputerEENS_9enable_ifIXaasr21is_move_constructibleIT_EE5valuesr18is_move_assignableIS4_EE5valueEvE4typeERS4_S7_ CODE
 0001:00012560 000000b3H .text$_ZNKSt3__16vectorI8ComputerNS_9allocatorIS1_EEE14__annotate_newB6v15007Ey CODE
 0001:00012620 00000007H .text$_ZNSt3__125__debug_db_invalidate_allB6v15007INS_6vectorI8ComputerNS_9allocatorIS2_EEEEEEvPT_ CODE
 0001:00012630 0000003fH .text$_ZNSt3__1neB6v15007IP8ComputerS2_EEbRKNS_16reverse_iteratorIT_EERKNS3_IT0_EE CODE
 0001:00012670 0000002dH .text$_ZNSt3__116allocator_traitsINS_9allocatorI8ComputerEEE9constructB6v15007IS2_JS2_EvEEvRS3_PT_DpOT0_ CODE
 0001:000126a0 00000019H .text$_ZNSt3__112__to_addressB6v15007INS_16reverse_iteratorIP8ComputerEEvEENS_5decayIDTclsr19__to_address_helperIT_EE6__callcl7declvalIRKS6_EEEEE4typeES8_ CODE
 0001:000126c0 00000027H .text$_ZNKSt3__116reverse_iteratorIP8ComputerEdeB6v15007Ev CODE
 0001:000126f0 00000017H .text$_ZNSt3__116reverse_iteratorIP8ComputerEppB6v15007Ev CODE
 0001:00012710 00000037H .text$_ZNSt3__129_AllocatorDestroyRangeReverseINS_9allocatorI8ComputerEENS_16reverse_iteratorIPS2_EEEC1B6v15007ERS3_RS6_S9_ CODE
 0001:00012750 0000008eH .text$_ZNKSt3__129_AllocatorDestroyRangeReverseINS_9allocatorI8ComputerEENS_16reverse_iteratorIPS2_EEEclB6v15007Ev CODE
 0001:000127e0 00000028H .text$_ZNSt3__19allocatorI8ComputerE9constructB6v15007IS1_JS1_EEEvPT_DpOT0_ CODE
 0001:00012810 00000023H .text$_ZN8ComputerC1EOS_ CODE
 0001:00012840 0000007fH .text$_ZN8ComputerC2EOS_ CODE
 0001:000128c0 00000023H .text$_ZNSt3__16vectorI9ComponentNS_9allocatorIS1_EEEC1B6v15007EOS4_ CODE
 0001:000128f0 000000f1H .text$_ZNSt3__16vectorI9ComponentNS_9allocatorIS1_EEEC2B6v15007EOS4_ CODE
 0001:000129f0 00000012H .text$_ZNSt3__115__debug_db_swapB6v15007INS_6vectorI9ComponentNS_9allocatorIS2_EEEEEEvPT_S7_ CODE
 0001:00012a10 00000036H .text$_ZNSt3__119__to_address_helperINS_16reverse_iteratorIP8ComputerEEvE6__callB6v15007ERKS4_ CODE
 0001:00012a50 00000019H .text$_ZNKSt3__116reverse_iteratorIP8ComputerEptB6v15007Ev CODE
 0001:00012a70 0000003aH .text$_ZNSt3__129_AllocatorDestroyRangeReverseINS_9allocatorI8ComputerEENS_16reverse_iteratorIPS2_EEEC2B6v15007ERS3_RS6_S9_ CODE
 0001:00012ab0 00000064H .text$_ZNSt3__119__allocator_destroyB6v15007INS_9allocatorI8ComputerEENS_16reverse_iteratorINS4_IPS2_EEEES7_EEvRT_T0_T1_ CODE
 0001:00012b20 00000019H .text$_ZNSt3__116reverse_iteratorINS0_IP8ComputerEEEC1B6v15007ES3_ CODE
 0001:00012b40 00000045H .text$_ZNSt3__1neB6v15007INS_16reverse_iteratorIP8ComputerEES4_EEbRKNS1_IT_EERKNS1_IT0_EE CODE
 0001:00012b90 00000019H .text$_ZNSt3__112__to_addressB6v15007INS_16reverse_iteratorINS1_IP8ComputerEEEEvEENS_5decayIDTclsr19__to_address_helperIT_EE6__callcl7declvalIRKS7_EEEEE4typeES9_ CODE
 0001:00012bb0 00000026H .text$_ZNSt3__116reverse_iteratorINS0_IP8ComputerEEEppB6v15007Ev CODE
 0001:00012be0 00000028H .text$_ZNKSt3__116reverse_iteratorINS0_IP8ComputerEEE4baseB6v15007Ev CODE
 0001:00012c10 00000036H .text$_ZNSt3__119__to_address_helperINS_16reverse_iteratorINS1_IP8ComputerEEEEvE6__callB6v15007ERKS5_ CODE
 0001:00012c50 00000019H .text$_ZNKSt3__116reverse_iteratorINS0_IP8ComputerEEEptB6v15007Ev CODE
 0001:00012c70 00000038H .text$_ZNKSt3__116reverse_iteratorINS0_IP8ComputerEEEdeB6v15007Ev CODE
 0001:00012cb0 00000017H .text$_ZNSt3__116reverse_iteratorIP8ComputerEmmB6v15007Ev CODE
 0001:00012cd0 00000029H .text$_ZNSt3__116reverse_iteratorINS0_IP8ComputerEEEC2B6v15007ES3_ CODE
 0001:00012d00 00000026H .text$_ZNSt3__116reverse_iteratorIP8ComputerEC2B6v15007ES2_ CODE
 0001:00012d30 00000075H .text$_ZNSt3__114__split_bufferI8ComputerRNS_9allocatorIS1_EEED2Ev CODE
 0001:00012db0 0000001dH .text$_ZNSt3__114__split_bufferI8ComputerRNS_9allocatorIS1_EEE5clearB6v15007Ev CODE
 0001:00012dd0 00000035H .text$_ZNKSt3__114__split_bufferI8ComputerRNS_9allocatorIS1_EEE8capacityB6v15007Ev CODE
 0001:00012e10 00000028H .text$_ZNSt3__114__split_bufferI8ComputerRNS_9allocatorIS1_EEE17__destruct_at_endB6v15007EPS1_ CODE
 0001:00012e40 0000007eH .text$_ZNSt3__114__split_bufferI8ComputerRNS_9allocatorIS1_EEE17__destruct_at_endB6v15007EPS1_NS_17integral_constantIbLb0EEE CODE
 0001:00012ec0 0000001dH .text$_ZNKSt3__114__split_bufferI8ComputerRNS_9allocatorIS1_EEE9__end_capB6v15007Ev CODE
 0001:00012ee0 00000019H .text$_ZNKSt3__117__compressed_pairIP8ComputerRNS_9allocatorIS1_EEE5firstB6v15007Ev CODE
 0001:00012f00 0000002dH .text$_ZNSt3__111__wrap_iterIP8ComputerEC1B6v15007EPKvS2_ CODE
 0001:00012f30 00000023H .text$_ZNSt3__111__wrap_iterIP8ComputerEC2B6v15007EPKvS2_ CODE
 0001:00012f60 00000041H .text$_ZNSt3__1miB6v15007IPK8ComputerS3_EEDTmicldtfp_4baseEcldtfp0_4baseEERKNS_11__wrap_iterIT_EERKNS5_IT0_EE CODE
 0001:00012fb0 00000022H .text$_ZNKSt3__16vectorI8ComputerNS_9allocatorIS1_EEE6cbeginB6v15007Ev CODE
 0001:00012fe0 00000063H .text$_ZNSt3__16vectorI8ComputerNS_9allocatorIS1_EEE17__destruct_at_endB6v15007EPS1_ CODE
 0001:00013050 00000036H .text$_ZNSt3__14moveB6v15007IP8ComputerS2_EET0_T_S4_S3_ CODE
 0001:00013090 00000012H .text$_ZNSt3__16vectorI8ComputerNS_9allocatorIS1_EEE27__invalidate_iterators_pastB6v15007EPS1_ CODE
 0001:000130b0 0000000eH .text$_ZNKSt3__111__wrap_iterIPK8ComputerE4baseB6v15007Ev CODE
 0001:000130c0 00000025H .text$_ZNKSt3__16vectorI8ComputerNS_9allocatorIS1_EEE5beginB6v15007Ev CODE
 0001:000130f0 0000002dH .text$_ZNSt3__111__wrap_iterIPK8ComputerEC1B6v15007EPKvS3_ CODE
 0001:00013120 00000023H .text$_ZNSt3__111__wrap_iterIPK8ComputerEC2B6v15007EPKvS3_ CODE
 0001:00013150 000000b3H .text$_ZNKSt3__16vectorI8ComputerNS_9allocatorIS1_EEE17__annotate_shrinkB6v15007Ey CODE
 0001:00013210 000000b3H .text$_ZNSt3__16__moveB6v15007INS_17_ClassicAlgPolicyEP8ComputerS3_S3_EENS_9enable_ifIXaaaasr21is_copy_constructibleIT0_EE5valuesr21is_copy_constructibleIT1_EE5valuesr21is_copy_constructibleIT2_EE5valueENS_4pairIS5_S7_EEE4typeES5_S6_S7_ CODE
 0001:000132d0 0000008bH .text$_ZNSt3__111__move_implB6v15007INS_17_ClassicAlgPolicyEP8ComputerS3_S3_EENS_4pairIT0_T2_EES5_T1_S6_ CODE
 0001:00013360 00000019H .text$_ZNSt3__113__unwrap_iterB6v15007IP8ComputerNS_18__unwrap_iter_implIS2_Lb1EEELi0EEEDTclsrT0_8__unwrapclsr3stdE7declvalIT_EEEES6_ CODE
 0001:00013380 00000034H .text$_ZNSt3__19make_pairB6v15007IP8ComputerS2_EENS_4pairINS_18__unwrap_ref_decayIT_E4typeENS4_IT0_E4typeEEEOS5_OS8_ CODE
 0001:000133c0 0000003aH .text$_ZNSt3__113__rewrap_iterB6v15007IP8ComputerS2_NS_18__unwrap_iter_implIS2_Lb1EEEEET_S5_T0_ CODE
 0001:00013400 0000001bH .text$_ZNSt3__18_IterOpsINS_17_ClassicAlgPolicyEE11__iter_moveB6v15007IRP8ComputerEENS_9enable_ifIXsr12is_referenceIDTdeclsr3stdE7declvalIRT_EEEEE5valueEDTclsr3stdE4movedeclsr3stdE7declvalIS9_EEEEE4typeEOS8_ CODE
 0001:00013420 0000007fH .text$_ZN8ComputeraSEOS_ CODE
 0001:000134a0 00000001H .text$_ZNSt3__18_IterOpsINS_17_ClassicAlgPolicyEE25__validate_iter_referenceB6v15007IRP8ComputerEEvv CODE
 0001:000134b0 00000031H .text$_ZNSt3__16vectorI9ComponentNS_9allocatorIS1_EEEaSB6v15007EOS4_ CODE
 0001:000134f0 000000b1H .text$_ZNSt3__16vectorI9ComponentNS_9allocatorIS1_EEE13__move_assignERS4_NS_17integral_constantIbLb1EEE CODE
 0001:000135b0 00000087H .text$_ZNSt3__16vectorI9ComponentNS_9allocatorIS1_EEE13__vdeallocateEv CODE
 0001:00013640 00000028H .text$_ZNSt3__16vectorI9ComponentNS_9allocatorIS1_EEE19__move_assign_allocB6v15007ERS4_ CODE
 0001:00013670 00000037H .text$_ZNSt3__16vectorI9ComponentNS_9allocatorIS1_EEE19__move_assign_allocB6v15007ERS4_NS_17integral_constantIbLb1EEE CODE
 0001:000136b0 00000019H .text$_ZNSt3__118__unwrap_iter_implIP8ComputerLb1EE8__unwrapB6v15007ES2_ CODE
 0001:000136d0 0000002dH .text$_ZNSt3__14pairIP8ComputerS2_EC1B6v15007IS2_S2_LPv0EEEOT_OT0_ CODE
 0001:00013700 00000032H .text$_ZNSt3__14pairIP8ComputerS2_EC2B6v15007IS2_S2_LPv0EEEOT_OT0_ CODE
 0001:00013740 00000055H .text$_ZNSt3__118__unwrap_iter_implIP8ComputerLb1EE8__rewrapB6v15007ES2_S2_ CODE
 0001:000137a0 00000049H .text$_ZNSt3__113basic_ostreamIcNS_11char_traitsIcEEEC2B6v15007EPNS_15basic_streambufIcS2_EE CODE
 0001:000137f0 00000375H .text                   CODE
 0001:00013b70 00000023H .text$_ZN6System7Classes15TComponentClassC1EPNS_10TMetaClassE CODE
 0001:00013ba0 00000023H .text$_ZN6System7Classes15TComponentClassC2EPNS_10TMetaClassE CODE
 0001:00013bd0 0000001eH .text$_ZN6System15DelphiMetaClassINS_7Classes15TComponentClassEEC2EPNS_10TMetaClassE CODE
 0001:00013bf0 00004326H .text                   CODE
 0001:00017f20 000000d2H .text$_ZN6System8Sysutils11ERangeErrorC3ENS_13UnicodeStringE CODE
 0001:00018000 0000004cH .text$_ZN6System8Sysutils11ERangeErrorD0Ev CODE
 0001:00018050 0000005bH .text$_ZN6System8_CharLenIwEEiPKT_ CODE
 0001:000180b0 0000005bH .text$_ZN6System8_CharLenIDsEEiPKT_ CODE
 0001:00018110 00000023H .text$_ZN6System14AnsiStringBaseC2ILt0EEEONS_11AnsiStringTIXT_EEE CODE
 0001:00018140 0000004dH .text$_ZNK6System14AnsiStringBase8CodePageEv CODE
 0001:00018190 0000003aH .text$_ZNK6System14AnsiStringBaseixEi CODE
 0001:000181d0 000000d2H .text$_ZN6System8Sysutils9EIntErrorC3ENS_13UnicodeStringE CODE
 0001:000182b0 000000d2H .text$_ZN6System8Sysutils9EExternalC3ENS_13UnicodeStringE CODE
 0001:00018390 0000004cH .text$_ZN6System8Sysutils9EIntErrorD0Ev CODE
 0001:000183e0 0000004cH .text$_ZN6System8Sysutils9EExternalD0Ev CODE
 0001:00018430 00000f18H .text                   CODE
 0001:00019350 0000000bH .text$_ZN6System15DelphiInterfaceINS_10IInterfaceEEadEv CODE
 0001:00019360 0000004dH .text$_ZN6System15DelphiInterfaceINS_10IInterfaceEED2Ev CODE
 0001:000193b0 00000029H .text$_ZNSt3__110lock_guardINS_5mutexEEC2B6v15007ERS1_ CODE
 0001:000193e0 00000035H .text$_ZNSt3__113unordered_mapIPN6System7Typinfo9TTypeInfoEPSt9type_infoNS_4hashIS4_EENS_8equal_toIS4_EENS_9allocatorINS_4pairIKS4_S6_EEEEEC2B6v15007Ev CODE
 0001:00019420 00000019H .text$_ZNSt3__113unordered_mapIPN6System7Typinfo9TTypeInfoEPSt9type_infoNS_4hashIS4_EENS_8equal_toIS4_EENS_9allocatorINS_4pairIKS4_S6_EEEEED2B6v15007Ev CODE
 0001:00019440 00000084H .text$_ZNSt3__113unordered_mapIPN6System7Typinfo9TTypeInfoEPSt9type_infoNS_4hashIS4_EENS_8equal_toIS4_EENS_9allocatorINS_4pairIKS4_S6_EEEEEixERSD_ CODE
 0001:000194d0 0000004aH .text$_ZN6System11AnsiStringTILt65001EEC2ERKNS_13UnicodeStringE CODE
 0001:00019520 00000098H .text$_ZNK6System11AnsiStringTILt65001EEplERKS1_ CODE
 0001:000195c0 0000004aH .text$_ZN6System11AnsiStringTILt65001EEC2EPKc CODE
 0001:00019610 00000030H .text$_ZN6System11AnsiStringTILt65001EEC2Ev CODE
 0001:00019640 0000002cH .text$_ZN6System11AnsiStringTILt65001EEaSERKS1_ CODE
 0001:00019670 00000019H .text$_ZN6System11AnsiStringTILt65001EED2Ev CODE
 0001:00019690 00000030H .text$_ZN10__cxxabiv117__class_type_infoC2Ev CODE
 0001:000196c0 00000043H .text$_ZNK6System11AnsiStringTILt65001EE5c_strEv CODE
 0001:00019710 0000001cH .text$_ZNSt3__110lock_guardINS_5mutexEED2B6v15007Ev CODE
 0001:00019730 00000030H .text$_ZN10__cxxabiv116__shim_type_infoC2Ev CODE
 0001:00019760 00000083H .text$_ZNSt3__112__hash_tableINS_17__hash_value_typeIPN6System7Typinfo9TTypeInfoEPSt9type_infoEENS_22__unordered_map_hasherIS5_S8_NS_4hashIS5_EENS_8equal_toIS5_EELb1EEENS_21__unordered_map_equalIS5_S8_SD_SB_Lb1EEENS_9allocatorIS8_EEEC2Ev CODE
 0001:000197f0 00000007H .text$_ZNSt3__119__debug_db_insert_cB6v15007INS_13unordered_mapIPN6System7Typinfo9TTypeInfoEPSt9type_infoNS_4hashIS5_EENS_8equal_toIS5_EENS_9allocatorINS_4pairIKS5_S7_EEEEEEEEvPT_ CODE
 0001:00019800 00000030H .text$_ZNSt3__110unique_ptrIA_PNS_16__hash_node_baseIPNS_11__hash_nodeINS_17__hash_value_typeIPN6System7Typinfo9TTypeInfoEPSt9type_infoEEPvEEEENS_25__bucket_list_deallocatorINS_9allocatorISF_EEEEEC2B6v15007ILb1EvEEv CODE
 0001:00019830 00000030H .text$_ZNSt3__117__compressed_pairINS_16__hash_node_baseIPNS_11__hash_nodeINS_17__hash_value_typeIPN6System7Typinfo9TTypeInfoEPSt9type_infoEEPvEEEENS_9allocatorISC_EEEC2B6v15007ILb1EvEEv CODE
 0001:00019860 0000003bH .text$_ZNSt3__117__compressed_pairIyNS_22__unordered_map_hasherIPN6System7Typinfo9TTypeInfoENS_17__hash_value_typeIS5_PSt9type_infoEENS_4hashIS5_EENS_8equal_toIS5_EELb1EEEEC2B6v15007IiNS_18__default_init_tagEEEOT_OT0_ CODE
 0001:000198a0 0000003bH .text$_ZNSt3__117__compressed_pairIfNS_21__unordered_map_equalIPN6System7Typinfo9TTypeInfoENS_17__hash_value_typeIS5_PSt9type_infoEENS_8equal_toIS5_EENS_4hashIS5_EELb1EEEEC2B6v15007IfNS_18__default_init_tagEEEOT_OT0_ CODE
 0001:000198e0 0000003eH .text$_ZNSt3__117__compressed_pairIPPNS_16__hash_node_baseIPNS_11__hash_nodeINS_17__hash_value_typeIPN6System7Typinfo9TTypeInfoEPSt9type_infoEEPvEEEENS_25__bucket_list_deallocatorINS_9allocatorISF_EEEEEC2B6v15007INS_16__value_init_tagESN_EEOT_OT0_ CODE
 0001:00019920 0000001cH .text$_ZNSt3__122__compressed_pair_elemIPPNS_16__hash_node_baseIPNS_11__hash_nodeINS_17__hash_value_typeIPN6System7Typinfo9TTypeInfoEPSt9type_infoEEPvEEEELi0ELb0EEC2B6v15007ENS_16__value_init_tagE CODE
 0001:00019940 0000001dH .text$_ZNSt3__122__compressed_pair_elemINS_25__bucket_list_deallocatorINS_9allocatorIPNS_16__hash_node_baseIPNS_11__hash_nodeINS_17__hash_value_typeIPN6System7Typinfo9TTypeInfoEPSt9type_infoEEPvEEEEEEEELi1ELb0EEC2B6v15007ENS_16__value_init_tagE CODE
 0001:00019960 00000038H .text$_ZNSt3__125__bucket_list_deallocatorINS_9allocatorIPNS_16__hash_node_baseIPNS_11__hash_nodeINS_17__hash_value_typeIPN6System7Typinfo9TTypeInfoEPSt9type_infoEEPvEEEEEEEC2B6v15007Ev CODE
 0001:000199a0 0000003bH .text$_ZNSt3__117__compressed_pairIyNS_9allocatorIPNS_16__hash_node_baseIPNS_11__hash_nodeINS_17__hash_value_typeIPN6System7Typinfo9TTypeInfoEPSt9type_infoEEPvEEEEEEEC2B6v15007IiNS_18__default_init_tagEEEOT_OT0_ CODE
 0001:000199e0 00000021H .text$_ZNSt3__122__compressed_pair_elemIyLi0ELb0EEC2B6v15007IivEEOT_ CODE
 0001:00019a10 0000001dH .text$_ZNSt3__122__compressed_pair_elemINS_9allocatorIPNS_16__hash_node_baseIPNS_11__hash_nodeINS_17__hash_value_typeIPN6System7Typinfo9TTypeInfoEPSt9type_infoEEPvEEEEEELi1ELb1EEC2B6v15007ENS_18__default_init_tagE CODE
 0001:00019a30 00000019H .text$_ZNSt3__19allocatorIPNS_16__hash_node_baseIPNS_11__hash_nodeINS_17__hash_value_typeIPN6System7Typinfo9TTypeInfoEPSt9type_infoEEPvEEEEEC2B6v15007Ev CODE
 0001:00019a50 00000007H .text$_ZNSt3__116__non_trivial_ifILb1ENS_9allocatorIPNS_16__hash_node_baseIPNS_11__hash_nodeINS_17__hash_value_typeIPN6System7Typinfo9TTypeInfoEPSt9type_infoEEPvEEEEEEEC2B6v15007Ev CODE
 0001:00019a60 0000001dH .text$_ZNSt3__122__compressed_pair_elemINS_16__hash_node_baseIPNS_11__hash_nodeINS_17__hash_value_typeIPN6System7Typinfo9TTypeInfoEPSt9type_infoEEPvEEEELi0ELb0EEC2B6v15007ENS_16__value_init_tagE CODE
 0001:00019a80 0000001dH .text$_ZNSt3__122__compressed_pair_elemINS_9allocatorINS_11__hash_nodeINS_17__hash_value_typeIPN6System7Typinfo9TTypeInfoEPSt9type_infoEEPvEEEELi1ELb1EEC2B6v15007ENS_16__value_init_tagE CODE
 0001:00019aa0 00000012H .text$_ZNSt3__116__hash_node_baseIPNS_11__hash_nodeINS_17__hash_value_typeIPN6System7Typinfo9TTypeInfoEPSt9type_infoEEPvEEEC2B6v15007Ev CODE
 0001:00019ac0 00000019H .text$_ZNSt3__19allocatorINS_11__hash_nodeINS_17__hash_value_typeIPN6System7Typinfo9TTypeInfoEPSt9type_infoEEPvEEEC2B6v15007Ev CODE
 0001:00019ae0 00000007H .text$_ZNSt3__116__non_trivial_ifILb1ENS_9allocatorINS_11__hash_nodeINS_17__hash_value_typeIPN6System7Typinfo9TTypeInfoEPSt9type_infoEEPvEEEEEC2B6v15007Ev CODE
 0001:00019af0 0000001dH .text$_ZNSt3__122__compressed_pair_elemINS_22__unordered_map_hasherIPN6System7Typinfo9TTypeInfoENS_17__hash_value_typeIS5_PSt9type_infoEENS_4hashIS5_EENS_8equal_toIS5_EELb1EEELi1ELb1EEC2B6v15007ENS_18__default_init_tagE CODE
 0001:00019b10 00000007H .text$_ZNSt3__122__unordered_map_hasherIPN6System7Typinfo9TTypeInfoENS_17__hash_value_typeIS4_PSt9type_infoEENS_4hashIS4_EENS_8equal_toIS4_EELb1EEC2B6v15007Ev CODE
 0001:00019b20 00000023H .text$_ZNSt3__122__compressed_pair_elemIfLi0ELb0EEC2B6v15007IfvEEOT_ CODE
 0001:00019b50 0000001dH .text$_ZNSt3__122__compressed_pair_elemINS_21__unordered_map_equalIPN6System7Typinfo9TTypeInfoENS_17__hash_value_typeIS5_PSt9type_infoEENS_8equal_toIS5_EENS_4hashIS5_EELb1EEELi1ELb1EEC2B6v15007ENS_18__default_init_tagE CODE
 0001:00019b70 00000007H .text$_ZNSt3__121__unordered_map_equalIPN6System7Typinfo9TTypeInfoENS_17__hash_value_typeIS4_PSt9type_infoEENS_8equal_toIS4_EENS_4hashIS4_EELb1EEC2B6v15007Ev CODE
 0001:00019b80 00000051H .text$_ZNSt3__112__hash_tableINS_17__hash_value_typeIPN6System7Typinfo9TTypeInfoEPSt9type_infoEENS_22__unordered_map_hasherIS5_S8_NS_4hashIS5_EENS_8equal_toIS5_EELb1EEENS_21__unordered_map_equalIS5_S8_SD_SB_Lb1EEENS_9allocatorIS8_EEED2Ev CODE
 0001:00019be0 000000adH .text$_ZNSt3__112__hash_tableINS_17__hash_value_typeIPN6System7Typinfo9TTypeInfoEPSt9type_infoEENS_22__unordered_map_hasherIS5_S8_NS_4hashIS5_EENS_8equal_toIS5_EELb1EEENS_21__unordered_map_equalIS5_S8_SD_SB_Lb1EEENS_9allocatorIS8_EEE17__deallocate_nodeEPNS_16__hash_node_baseIPNS_11__hash_nodeIS8_PvEEEE CODE
 0001:00019c90 00000019H .text$_ZNSt3__117__compressed_pairINS_16__hash_node_baseIPNS_11__hash_nodeINS_17__hash_value_typeIPN6System7Typinfo9TTypeInfoEPSt9type_infoEEPvEEEENS_9allocatorISC_EEE5firstB6v15007Ev CODE
 0001:00019cb0 00000007H .text$_ZNSt3__118__debug_db_erase_cB6v15007INS_12__hash_tableINS_17__hash_value_typeIPN6System7Typinfo9TTypeInfoEPSt9type_infoEENS_22__unordered_map_hasherIS6_S9_NS_4hashIS6_EENS_8equal_toIS6_EELb1EEENS_21__unordered_map_equalIS6_S9_SE_SC_Lb1EEENS_9allocatorIS9_EEEEEEvPT_ CODE
 0001:00019cc0 0000001dH .text$_ZNSt3__110unique_ptrIA_PNS_16__hash_node_baseIPNS_11__hash_nodeINS_17__hash_value_typeIPN6System7Typinfo9TTypeInfoEPSt9type_infoEEPvEEEENS_25__bucket_list_deallocatorINS_9allocatorISF_EEEEED2B6v15007Ev CODE
 0001:00019ce0 0000001dH .text$_ZNSt3__112__hash_tableINS_17__hash_value_typeIPN6System7Typinfo9TTypeInfoEPSt9type_infoEENS_22__unordered_map_hasherIS5_S8_NS_4hashIS5_EENS_8equal_toIS5_EELb1EEENS_21__unordered_map_equalIS5_S8_SD_SB_Lb1EEENS_9allocatorIS8_EEE12__node_allocB6v15007Ev CODE
 0001:00019d00 00000019H .text$_ZNSt3__116__hash_node_baseIPNS_11__hash_nodeINS_17__hash_value_typeIPN6System7Typinfo9TTypeInfoEPSt9type_infoEEPvEEE8__upcastB6v15007Ev CODE
 0001:00019d20 00000012H .text$_ZNSt3__116allocator_traitsINS_9allocatorINS_11__hash_nodeINS_17__hash_value_typeIPN6System7Typinfo9TTypeInfoEPSt9type_infoEEPvEEEEE7destroyB6v15007INS_4pairIKS7_S9_EEvvEEvRSD_PT_ CODE
 0001:00019d40 00000019H .text$_ZNSt3__122__hash_key_value_typesINS_17__hash_value_typeIPN6System7Typinfo9TTypeInfoEPSt9type_infoEEE9__get_ptrB6v15007ERS8_ CODE
 0001:00019d60 0000002dH .text$_ZNSt3__116allocator_traitsINS_9allocatorINS_11__hash_nodeINS_17__hash_value_typeIPN6System7Typinfo9TTypeInfoEPSt9type_infoEEPvEEEEE10deallocateB6v15007ERSD_PSC_y CODE
 0001:00019d90 00000019H .text$_ZNSt3__117__compressed_pairINS_16__hash_node_baseIPNS_11__hash_nodeINS_17__hash_value_typeIPN6System7Typinfo9TTypeInfoEPSt9type_infoEEPvEEEENS_9allocatorISC_EEE6secondB6v15007Ev CODE
 0001:00019db0 0000000bH .text$_ZNSt3__122__compressed_pair_elemINS_9allocatorINS_11__hash_nodeINS_17__hash_value_typeIPN6System7Typinfo9TTypeInfoEPSt9type_infoEEPvEEEELi1ELb1EE5__getB6v15007Ev CODE
 0001:00019dc0 0000000bH .text$_ZNSt3__114pointer_traitsIPNS_16__hash_node_baseIPNS_11__hash_nodeINS_17__hash_value_typeIPN6System7Typinfo9TTypeInfoEPSt9type_infoEEPvEEEEE10pointer_toB6v15007ERSE_ CODE
 0001:00019dd0 00000019H .text$_ZNSt3__117__hash_value_typeIPN6System7Typinfo9TTypeInfoEPSt9type_infoE11__get_valueB6v15007Ev CODE
 0001:00019df0 00000019H .text$_ZNSt3__17launderB6v15007INS_4pairIKPN6System7Typinfo9TTypeInfoEPSt9type_infoEEEEPT_SB_ CODE
 0001:00019e10 0000000bH .text$_ZNSt3__19__launderB6v15007INS_4pairIKPN6System7Typinfo9TTypeInfoEPSt9type_infoEEEEPT_SB_ CODE
 0001:00019e20 0000003fH .text$_ZNSt3__19allocatorINS_11__hash_nodeINS_17__hash_value_typeIPN6System7Typinfo9TTypeInfoEPSt9type_infoEEPvEEE10deallocateB6v15007EPSB_y CODE
 0001:00019e60 0000000bH .text$_ZNSt3__122__compressed_pair_elemINS_16__hash_node_baseIPNS_11__hash_nodeINS_17__hash_value_typeIPN6System7Typinfo9TTypeInfoEPSt9type_infoEEPvEEEELi0ELb0EE5__getB6v15007Ev CODE
 0001:00019e70 0000005fH .text$_ZNSt3__110unique_ptrIA_PNS_16__hash_node_baseIPNS_11__hash_nodeINS_17__hash_value_typeIPN6System7Typinfo9TTypeInfoEPSt9type_infoEEPvEEEENS_25__bucket_list_deallocatorINS_9allocatorISF_EEEEE5resetB6v15007EDn CODE
 0001:00019ed0 00000019H .text$_ZNSt3__117__compressed_pairIPPNS_16__hash_node_baseIPNS_11__hash_nodeINS_17__hash_value_typeIPN6System7Typinfo9TTypeInfoEPSt9type_infoEEPvEEEENS_25__bucket_list_deallocatorINS_9allocatorISF_EEEEE5firstB6v15007Ev CODE
 0001:00019ef0 0000001dH .text$_ZNSt3__117__compressed_pairIPPNS_16__hash_node_baseIPNS_11__hash_nodeINS_17__hash_value_typeIPN6System7Typinfo9TTypeInfoEPSt9type_infoEEPvEEEENS_25__bucket_list_deallocatorINS_9allocatorISF_EEEEE6secondB6v15007Ev CODE
 0001:00019f10 0000004eH .text$_ZNSt3__125__bucket_list_deallocatorINS_9allocatorIPNS_16__hash_node_baseIPNS_11__hash_nodeINS_17__hash_value_typeIPN6System7Typinfo9TTypeInfoEPSt9type_infoEEPvEEEEEEEclB6v15007EPSG_ CODE
 0001:00019f60 0000000bH .text$_ZNSt3__122__compressed_pair_elemIPPNS_16__hash_node_baseIPNS_11__hash_nodeINS_17__hash_value_typeIPN6System7Typinfo9TTypeInfoEPSt9type_infoEEPvEEEELi0ELb0EE5__getB6v15007Ev CODE
 0001:00019f70 0000000bH .text$_ZNSt3__122__compressed_pair_elemINS_25__bucket_list_deallocatorINS_9allocatorIPNS_16__hash_node_baseIPNS_11__hash_nodeINS_17__hash_value_typeIPN6System7Typinfo9TTypeInfoEPSt9type_infoEEPvEEEEEEEELi1ELb0EE5__getB6v15007Ev CODE
 0001:00019f80 0000002dH .text$_ZNSt3__116allocator_traitsINS_9allocatorIPNS_16__hash_node_baseIPNS_11__hash_nodeINS_17__hash_value_typeIPN6System7Typinfo9TTypeInfoEPSt9type_infoEEPvEEEEEEE10deallocateB6v15007ERSH_PSG_y CODE
 0001:00019fb0 00000019H .text$_ZNSt3__125__bucket_list_deallocatorINS_9allocatorIPNS_16__hash_node_baseIPNS_11__hash_nodeINS_17__hash_value_typeIPN6System7Typinfo9TTypeInfoEPSt9type_infoEEPvEEEEEEE7__allocB6v15007Ev CODE
 0001:00019fd0 00000019H .text$_ZNSt3__125__bucket_list_deallocatorINS_9allocatorIPNS_16__hash_node_baseIPNS_11__hash_nodeINS_17__hash_value_typeIPN6System7Typinfo9TTypeInfoEPSt9type_infoEEPvEEEEEEE4sizeB6v15007Ev CODE
 0001:00019ff0 0000003fH .text$_ZNSt3__19allocatorIPNS_16__hash_node_baseIPNS_11__hash_nodeINS_17__hash_value_typeIPN6System7Typinfo9TTypeInfoEPSt9type_infoEEPvEEEEE10deallocateB6v15007EPSF_y CODE
 0001:0001a030 00000019H .text$_ZNSt3__117__compressed_pairIyNS_9allocatorIPNS_16__hash_node_baseIPNS_11__hash_nodeINS_17__hash_value_typeIPN6System7Typinfo9TTypeInfoEPSt9type_infoEEPvEEEEEEE6secondB6v15007Ev CODE
 0001:0001a050 0000000bH .text$_ZNSt3__122__compressed_pair_elemINS_9allocatorIPNS_16__hash_node_baseIPNS_11__hash_nodeINS_17__hash_value_typeIPN6System7Typinfo9TTypeInfoEPSt9type_infoEEPvEEEEEELi1ELb1EE5__getB6v15007Ev CODE
 0001:0001a060 00000019H .text$_ZNSt3__117__compressed_pairIyNS_9allocatorIPNS_16__hash_node_baseIPNS_11__hash_nodeINS_17__hash_value_typeIPN6System7Typinfo9TTypeInfoEPSt9type_infoEEPvEEEEEEE5firstB6v15007Ev CODE
 0001:0001a080 0000000bH .text$_ZNSt3__122__compressed_pair_elemIyLi0ELb0EE5__getB6v15007Ev CODE
 0001:0001a090 0000076cH .text$_ZNSt3__112__hash_tableINS_17__hash_value_typeIPN6System7Typinfo9TTypeInfoEPSt9type_infoEENS_22__unordered_map_hasherIS5_S8_NS_4hashIS5_EENS_8equal_toIS5_EELb1EEENS_21__unordered_map_equalIS5_S8_SD_SB_Lb1EEENS_9allocatorIS8_EEE25__emplace_unique_key_argsIS5_JRKNS_21piecewise_construct_tENS_5tupleIJRKS5_EEENSO_IJEEEEEENS_4pairINS_15__hash_iteratorIPNS_11__hash_nodeIS8_PvEEEEbEERKT_DpOT0_ CODE
 0001:0001a800 00000022H .text$_ZNSt3__116forward_as_tupleB6v15007IJRKPN6System7Typinfo9TTypeInfoEEEENS_5tupleIJDpOT_EEESA_ CODE
 0001:0001a830 00000006H .text$_ZNSt3__116forward_as_tupleB6v15007IJEEENS_5tupleIJDpOT_EEES4_ CODE
 0001:0001a840 00000028H .text$_ZNKSt3__115__hash_iteratorIPNS_11__hash_nodeINS_17__hash_value_typeIPN6System7Typinfo9TTypeInfoEPSt9type_infoEEPvEEEptB6v15007Ev CODE
 0001:0001a870 0000001dH .text$_ZNSt3__112__hash_tableINS_17__hash_value_typeIPN6System7Typinfo9TTypeInfoEPSt9type_infoEENS_22__unordered_map_hasherIS5_S8_NS_4hashIS5_EENS_8equal_toIS5_EELb1EEENS_21__unordered_map_equalIS5_S8_SD_SB_Lb1EEENS_9allocatorIS8_EEE13hash_functionB6v15007Ev CODE
 0001:0001a890 00000026H .text$_ZNKSt3__122__unordered_map_hasherIPN6System7Typinfo9TTypeInfoENS_17__hash_value_typeIS4_PSt9type_infoEENS_4hashIS4_EENS_8equal_toIS4_EELb1EEclB6v15007ERKS4_ CODE
 0001:0001a8c0 00000021H .text$_ZNKSt3__112__hash_tableINS_17__hash_value_typeIPN6System7Typinfo9TTypeInfoEPSt9type_infoEENS_22__unordered_map_hasherIS5_S8_NS_4hashIS5_EENS_8equal_toIS5_EELb1EEENS_21__unordered_map_equalIS5_S8_SD_SB_Lb1EEENS_9allocatorIS8_EEE12bucket_countB6v15007Ev CODE
 0001:0001a8f0 00000087H .text$_ZNSt3__116__constrain_hashB6v15007Eyy CODE
 0001:0001a980 0000002cH .text$_ZNKSt3__110unique_ptrIA_PNS_16__hash_node_baseIPNS_11__hash_nodeINS_17__hash_value_typeIPN6System7Typinfo9TTypeInfoEPSt9type_infoEEPvEEEENS_25__bucket_list_deallocatorINS_9allocatorISF_EEEEEixB6v15007Ey CODE
[...]
 0002:000143b4       $unwind$_ZN6System8Internal7Initcpp15InitializeUnitsEPNS1_20TUnitDescriptorBlockES3_ 00000001400383b4     rtl:System.Internal.InitCPP.o
 0002:000143c0       $unwind$_ZN6System8Internal7Initcpp13FinalizeUnitsEPNS1_20TUnitDescriptorBlockES3_ 00000001400383c0     rtl:System.Internal.InitCPP.o
 0002:000143c8       $unwind$_ZN6System8Internal7Initcpp15InitializeUnitsEPPNS1_20TUnitDescriptorBlockES4_ 00000001400383c8     rtl:System.Internal.InitCPP.o
 0002:000143d4       $unwind$_ZN6System8Internal7Initcpp13FinalizeUnitsEPPNS1_20TUnitDescriptorBlockES4_ 00000001400383d4     rtl:System.Internal.InitCPP.o
 0002:000143dc       $unwind$_ZN6System8Internal7Initcpp15InitializeUnitsEPNS1_15TUnitDescriptorES3_ 00000001400383dc     rtl:System.Internal.InitCPP.o
 0002:000143e4       $unwind$_ZN6System8Internal7Initcpp13FinalizeUnitsEPNS1_15TUnitDescriptorES3_ 00000001400383e4     rtl:System.Internal.InitCPP.o
 0002:000143ec       $unwind$_ZN6System8Internal7Initcpp15CalculateDegreeEPNS1_20TUnitDescriptorBlockES3_ 00000001400383ec     rtl:System.Internal.InitCPP.o
 0002:000143f0       $unwind$_ZN6System8Internal7Initcpp15CalculateDegreeEPPNS1_20TUnitDescriptorBlockES4_ 00000001400383f0     rtl:System.Internal.InitCPP.o
 0002:000143f4       $unwind$_ZN6System8Internal7Initcpp16FinalizeUnitListEPPPNS1_15TUnitDescriptorES5_ 00000001400383f4     rtl:System.Internal.InitCPP.o
 0002:00014430       $unwind$_ZN6System8Internal7Initcpp18InitializeRootUnitEPNS1_15TUnitDescriptorE 0000000140038430     rtl:System.Internal.InitCPP.o
 0002:000144e4       $unwind$_ZN6System8Internal7Initcpp16FinalizeRootUnitEPNS1_15TUnitDescriptorE 00000001400384e4     rtl:System.Internal.InitCPP.o
 0002:00014520       $unwind$_ZN6System8Internal7Initcpp12FinalizationEv 0000000140038520     rtl:System.Internal.InitCPP.o
 0002:00014524       $unwind$_ZN6System8Internal7Initcpp14initializationEv 0000000140038524     rtl:System.Internal.InitCPP.o
 0004:00000000       version_string             000000014003a000     crtbegin.o
 0004:000000e8       _ZN7Sysinit6ModuleE        000000014003a0e8     sysinit.o
 0004:00000120       _ZN7Sysinit7TlsProcE       000000014003a120     sysinit.o
 0004:00000140       _ZN7Sysinit21_dtors_delayhlp_65535E 000000014003a140     sysinit.o
 0004:00000160       initial_tznames            000000014003a160     libucrt:lib64_libucrt_extra_a-ucrtbase_compat.o
 0004:00000178       initial_timezone           000000014003a178     libucrt:lib64_libucrt_extra_a-ucrtbase_compat.o
 0004:00000188       initial_daylight           000000014003a188     libucrt:lib64_libucrt_extra_a-ucrtbase_compat.o
 0004:000001c8       initial_tzname0            000000014003a1c8     libucrt:lib64_libucrt_extra_a-ucrtbase_compat.o
 0004:000001cc       initial_tzname1            000000014003a1cc     libucrt:lib64_libucrt_extra_a-ucrtbase_compat.o
 0004:000001e8       __do_global_dtors.p        000000014003a1e8     libmingw32:lib64_libmingw32_a-gccmain.o
 0004:00000208       _ZZN6System19CheckSafecallResultElE13__init_comobj 000000014003a208     rtle:syssupp.o
 0004:00000244       managedapp                 000000014003a244     crt2u.o
 0004:00000248       startinfo                  000000014003a248     crt2u.o
 0004:0000024c       argc                       000000014003a24c     crt2u.o
 0004:00000250       argv                       000000014003a250     crt2u.o
 0004:00000258       envp                       000000014003a258     crt2u.o
 0004:00000260       argret                     000000014003a260     crt2u.o
 0004:00000264       has_cctor                  000000014003a264     crt2u.o
 0004:00000268       mainret                    000000014003a268     crt2u.o
 0004:000002b0       _ZN7Sysinit2_1E            000000014003a2b0     sysinit.o
 0004:000002b8       _ZN7Sysinit9tlsBufferE     000000014003a2b8     sysinit.o
 0004:000002c0       _ZN7Sysinit9UseTlsAPIE     000000014003a2c0     sysinit.o
 0004:000002c8       .bss.delayhlp              000000014003a2c8     sysinit.o
 0004:000002c8       ..__puiHead                000000014003a2c8     sysinit.o
 0004:000002f0       _ZN6System8Internal7Strhlpr2_1E 000000014003a2f0     rtl:System.Internal.StrHlpr.o
 0004:000002f8       local__initenv             000000014003a2f8     libucrt:lib64_libucrt_extra_a-__initenv.o
 0004:00000300       local__winitenv            000000014003a300     libucrt:lib64_libucrt_extra_a-__initenv.o
 0004:00000308       initialized                000000014003a308     libmingw32:lib64_libmingw32_a-gccmain.o
 0004:00000340       _pei386_runtime_relocator.was_init 000000014003a340     libmingw32:lib64_libmingw32_a-pseudo-reloc.o
 0004:00000348       the_secs                   000000014003a348     libmingw32:lib64_libmingw32_a-pseudo-reloc.o
 0004:00000350       maxSections                000000014003a350     libmingw32:lib64_libmingw32_a-pseudo-reloc.o
 0004:00000358       stUserMathErr              000000014003a358     libmingw32:lib64_libmingw32_a-usermatherr.o
 0004:00000378       _ZZ18__delphi_type_infoE15type_info_mutex 000000014003a378     rtle:syssupp.o
 0004:00000380       _ZZ18__delphi_type_infoE13type_info_map 000000014003a380     rtle:syssupp.o
 0004:000003a8       _ZGVZ18__delphi_type_infoE13type_info_map 000000014003a3a8     rtle:syssupp.o
 0004:000003b8       __mingwthr_cs_init         000000014003a3b8     libmingw32:lib64_libmingw32_a-tlsthrd.o
 0004:000003c0       __mingwthr_cs              000000014003a3c0     libmingw32:lib64_libmingw32_a-tlsthrd.o
 0004:000003e8       key_dtor_list              000000014003a3e8     libmingw32:lib64_libmingw32_a-tlsthrd.o
 0004:000003f4       _ZN6System8Internal7Initcpp2_1E 000000014003a3f4     rtl:System.Internal.InitCPP.o
 0005:0000006c       $pdata$_ZN7Sysinit19InterlockedExchangeERii 000000014003b06c     sysinit.o
 0005:00000078       $pdata$_ZN7Sysinit26InterlockedExchangePointerERPvS0_ 000000014003b078     sysinit.o
 0005:00000084       $pdata$_ZN7Sysinit17SetDliNotifyHook2EPFPv15dliNotificationP13DelayLoadInfoE 000000014003b084     sysinit.o
 0005:00000090       $pdata$_ZN7Sysinit14DliNotifyHook2Ev 000000014003b090     sysinit.o
 0005:0000009c       $pdata$_ZN7Sysinit18SetDliFailureHook2EPFPv15dliNotificationP13DelayLoadInfoE 000000014003b09c     sysinit.o
 0005:000000a8       $pdata$_ZN7Sysinit15DliFailureHook2Ev 000000014003b0a8     sysinit.o
 0005:000000b4       $pdata$_ZN7Sysinit17_DelayLoadHelper2ERPvS0_ 000000014003b0b4     sysinit.o
 0005:000000c0       $pdata$_ZN7Sysinit21UnloadDelayLoadedDLL2EPc 000000014003b0c0     sysinit.o
 0005:000000cc       $pdata$_ZN7Sysinit20LoadAllImportsForDllEPc 000000014003b0cc     sysinit.o
 0005:000000d8       $pdata$_ZN7Sysinit14AllocTlsBufferEi 000000014003b0d8     sysinit.o
 0005:000000e4       $pdata$_ZN7Sysinit10GetTlsSizeEv 000000014003b0e4     sysinit.o
 0005:000000f0       $pdata$_ZN7Sysinit13InitThreadTLSEv 000000014003b0f0     sysinit.o
 0005:000000fc       $pdata$_ZN7Sysinit14InitProcessTLSEv 000000014003b0fc     sysinit.o
 0005:00000108       $pdata$_ZN7Sysinit13ExitThreadTLSEv 000000014003b108     sysinit.o
 0005:00000114       $pdata$_ZN7Sysinit14ExitProcessTLSEv 000000014003b114     sysinit.o
 0005:00000120       $pdata$_ZN7Sysinit6isWineEv 000000014003b120     sysinit.o
 0005:0000012c       $pdata$_ZN7Sysinit7_GetTlsEv 000000014003b12c     sysinit.o
 0005:00000138       $pdata$_ZN7Sysinit16InitializeModuleEv 000000014003b138     sysinit.o
 0005:00000144       $pdata$_ZN7Sysinit18UninitializeModuleEv 000000014003b144     sysinit.o
 0005:00000150       $pdata$_ZN7Sysinit7VclInitEbbyb 000000014003b150     sysinit.o
 0005:0000015c       $pdata$_ZN7Sysinit7VclExitEv 000000014003b15c     sysinit.o
 0005:00000168       $pdata$_ZN7Sysinit14__dbkDummyProcEv 000000014003b168     sysinit.o
 0005:00000174       $pdata$_ZN7Sysinit14__dbkFCallArgsEPvS0_S0_S0_S0_S0_S0_S0_S0_S0_S0_S0_S0_S0_S0_S0_S0_S0_S0_S0_S0_S0_S0_S0_S0_S0_S0_S0_S0_S0_ 000000014003b174     sysinit.o
 0005:00000180       $pdata$_ZN7Sysinit19__dbk_fcall_wrapperEv 000000014003b180     sysinit.o
 0005:00000198       $pdata$_ZN7Sysinit8_InitPkgEyiPv 000000014003b198     sysinit.o
 0005:000001a4       $pdata$_ZN7Sysinit12_PackageLoadEPN6System16PackageInfoTableE 000000014003b1a4     sysinit.o
 0005:000001b0       $pdata$_ZN7Sysinit14_PackageUnloadEPN6System16PackageInfoTableE 000000014003b1b0     sysinit.o
 0005:000001bc       $pdata$_ZN7Sysinit8_InitLibEPN6System12TInitContextEPNS0_16PackageInfoTableEyjPv 000000014003b1bc     sysinit.o
 0005:000001c8       $pdata$_ZN7Sysinit8_InitExeEPv 000000014003b1c8     sysinit.o
 0005:000001d4       $pdata$delayhlp            000000014003b1d4     sysinit.o
 0005:00000204       $pdata$_ZN7Sysinit12FinalizationEv 000000014003b204     sysinit.o
 0005:00000210       $pdata$_ZN7Sysinit14initializationEv 000000014003b210     sysinit.o
 0005:00002034       $pdata$_ZN6System8Internal7Strhlpr15UnicodeFromAnsiERNS_13UnicodeStringERNS_11AnsiStringTILt65535EEE 000000014003d034     rtl:System.Internal.StrHlpr.o
 0005:00002040       $pdata$_ZN6System8Internal7Strhlpr16UnicodeFromPCharERNS_13UnicodeStringEPcb 000000014003d040     rtl:System.Internal.StrHlpr.o
 0005:00002058       $pdata$_ZN6System8Internal7Strhlpr15UnicodeFromUTF8ERNS_13UnicodeStringEPKc 000000014003d058     rtl:System.Internal.StrHlpr.o
 0005:00002064       $pdata$_ZN6System8Internal7Strhlpr20UnicodeFromPWideCharERNS_13UnicodeStringEPw 000000014003d064     rtl:System.Internal.StrHlpr.o
 0005:00002070       $pdata$_ZN6System8Internal7Strhlpr13UnicodeAppendERNS_13UnicodeStringES3_ 000000014003d070     rtl:System.Internal.StrHlpr.o
 0005:0000207c       $pdata$_ZN6System8Internal7Strhlpr10UnicodeCatERNS_13UnicodeStringES3_ 000000014003d07c     rtl:System.Internal.StrHlpr.o
 0005:00002088       $pdata$_ZN6System8Internal7Strhlpr13UnicodeDeleteERNS_13UnicodeStringEii 000000014003d088     rtl:System.Internal.StrHlpr.o
 0005:00002094       $pdata$_ZN6System8Internal7Strhlpr16UnicodeSetLengthERNS_13UnicodeStringEi 000000014003d094     rtl:System.Internal.StrHlpr.o
 0005:000020a0       $pdata$_ZN6System8Internal7Strhlpr10UnicodePosERNS_13UnicodeStringES3_ 000000014003d0a0     rtl:System.Internal.StrHlpr.o
 0005:000020ac       $pdata$_ZN6System8Internal7Strhlpr11UnicodeCopyERNS_13UnicodeStringEii 000000014003d0ac     rtl:System.Internal.StrHlpr.o
 0005:000020b8       $pdata$_ZN6System8Internal7Strhlpr13UnicodeInsertERNS_13UnicodeStringES3_i 000000014003d0b8     rtl:System.Internal.StrHlpr.o
 0005:000020c4       $pdata$_ZN6System8Internal7Strhlpr13UnicodeAssignERNS_13UnicodeStringES3_ 000000014003d0c4     rtl:System.Internal.StrHlpr.o
 0005:000020d0       $pdata$_ZN6System8Internal7Strhlpr11UnicodeFreeERNS_13UnicodeStringE 000000014003d0d0     rtl:System.Internal.StrHlpr.o
 0005:000020dc       $pdata$_ZN6System8Internal7Strhlpr12UnicodeEqualERNS_13UnicodeStringES3_ 000000014003d0dc     rtl:System.Internal.StrHlpr.o
 0005:000020e8       $pdata$_ZN6System8Internal7Strhlpr11UnicodeLessERNS_13UnicodeStringES3_ 000000014003d0e8     rtl:System.Internal.StrHlpr.o
 0005:000020f4       $pdata$_ZN6System8Internal7Strhlpr14UnicodeGreaterERNS_13UnicodeStringES3_ 000000014003d0f4     rtl:System.Internal.StrHlpr.o
 0005:00002100       $pdata$_ZN6System8Internal7Strhlpr10AnsiAppendERNS_11AnsiStringTILt65535EEES4_ 000000014003d100     rtl:System.Internal.StrHlpr.o
 0005:0000210c       $pdata$_ZN6System8Internal7Strhlpr7AnsiCatERNS_11AnsiStringTILt65535EEES4_ 000000014003d10c     rtl:System.Internal.StrHlpr.o
 0005:00002118       $pdata$_ZN6System8Internal7Strhlpr10AnsiDeleteERNS_11AnsiStringTILt65535EEEii 000000014003d118     rtl:System.Internal.StrHlpr.o
 0005:00002124       $pdata$_ZN6System8Internal7Strhlpr13AnsiSetLengthERNS_11AnsiStringTILt65535EEEi 000000014003d124     rtl:System.Internal.StrHlpr.o
 0005:00002130       $pdata$_ZN6System8Internal7Strhlpr7AnsiPosERNS_11AnsiStringTILt65535EEES4_ 000000014003d130     rtl:System.Internal.StrHlpr.o
 0005:0000213c       $pdata$_ZN6System8Internal7Strhlpr8AnsiCopyERNS_11AnsiStringTILt65535EEEii 000000014003d13c     rtl:System.Internal.StrHlpr.o
 0005:00002148       $pdata$_ZN6System8Internal7Strhlpr10AnsiInsertERNS_11AnsiStringTILt65535EEES4_i 000000014003d148     rtl:System.Internal.StrHlpr.o
 0005:00002154       $pdata$_ZN6System8Internal7Strhlpr9AnsiEqualERNS_11AnsiStringTILt65535EEES4_ 000000014003d154     rtl:System.Internal.StrHlpr.o
 0005:00002160       $pdata$_ZN6System8Internal7Strhlpr11AnsiGreaterERNS_11AnsiStringTILt65535EEES4_ 000000014003d160     rtl:System.Internal.StrHlpr.o
 0005:0000216c       $pdata$_ZN6System8Internal7Strhlpr8AnsiLessERNS_11AnsiStringTILt65535EEES4_ 000000014003d16c     rtl:System.Internal.StrHlpr.o
 0005:00002178       $pdata$_ZN6System8Internal7Strhlpr10AnsiAssignERNS_11AnsiStringTILt65535EEES4_ 000000014003d178     rtl:System.Internal.StrHlpr.o
 0005:00002184       $pdata$_ZN6System8Internal7Strhlpr8AnsiFreeERNS_11AnsiStringTILt65535EEE 000000014003d184     rtl:System.Internal.StrHlpr.o
 0005:00002190       $pdata$_ZN6System8Internal7Strhlpr10WideAssignERNS_10WideStringES3_ 000000014003d190     rtl:System.Internal.StrHlpr.o
 0005:0000219c       $pdata$_ZN6System8Internal7Strhlpr8WideFreeERNS_10WideStringE 000000014003d19c     rtl:System.Internal.StrHlpr.o
 0005:000021a8       $pdata$_ZN6System8Internal7Strhlpr12WideFromAnsiERNS_10WideStringERNS_11AnsiStringTILt65535EEE 000000014003d1a8     rtl:System.Internal.StrHlpr.o
 0005:000021b4       $pdata$_ZN6System8Internal7Strhlpr15WideFromUnicodeERNS_10WideStringERNS_13UnicodeStringE 000000014003d1b4     rtl:System.Internal.StrHlpr.o
 0005:000021c0       $pdata$_ZN6System8Internal7Strhlpr13WideFromPCharERNS_10WideStringEPcb 000000014003d1c0     rtl:System.Internal.StrHlpr.o
 0005:000021d8       $pdata$_ZN6System8Internal7Strhlpr9WideEqualERNS_10WideStringES3_ 000000014003d1d8     rtl:System.Internal.StrHlpr.o
 0005:000021e4       $pdata$_ZN6System8Internal7Strhlpr8WideLessERNS_10WideStringES3_ 000000014003d1e4     rtl:System.Internal.StrHlpr.o
 0005:000021f0       $pdata$_ZN6System8Internal7Strhlpr11WideGreaterERNS_10WideStringES3_ 000000014003d1f0     rtl:System.Internal.StrHlpr.o
 0005:000021fc       $pdata$_ZN6System8Internal7Strhlpr7WideCatERNS_10WideStringES3_ 000000014003d1fc     rtl:System.Internal.StrHlpr.o
 0005:00002208       $pdata$_ZN6System8Internal7Strhlpr10WideLengthERNS_10WideStringE 000000014003d208     rtl:System.Internal.StrHlpr.o
 0005:00002214       $pdata$_ZN6System8Internal7Strhlpr7WidePosERNS_10WideStringES3_ 000000014003d214     rtl:System.Internal.StrHlpr.o
 0005:00002220       $pdata$_ZN6System8Internal7Strhlpr13WideSetLengthERNS_10WideStringEi 000000014003d220     rtl:System.Internal.StrHlpr.o
 0005:0000222c       $pdata$_ZN6System8Internal7Strhlpr10WideDeleteERNS_10WideStringEii 000000014003d22c     rtl:System.Internal.StrHlpr.o
 0005:00002238       $pdata$_ZN6System8Internal7Strhlpr10WideInsertERNS_10WideStringES3_i 000000014003d238     rtl:System.Internal.StrHlpr.o
 0005:00002244       $pdata$_ZN6System8Internal7Strhlpr8WideCopyERNS_10WideStringEii 000000014003d244     rtl:System.Internal.StrHlpr.o
 0005:00002250       $pdata$_ZN6System8Internal7Strhlpr10WideAppendERNS_10WideStringES3_ 000000014003d250     rtl:System.Internal.StrHlpr.o
 0005:0000225c       $pdata$_ZN6System8Internal7Strhlpr12WideFromUTF8ERNS_10WideStringEPKc 000000014003d25c     rtl:System.Internal.StrHlpr.o
 0005:00002274       $pdata$_ZN6System8Internal7Strhlpr15UnicodeFromWideERNS_13UnicodeStringERNS_10WideStringE 000000014003d274     rtl:System.Internal.StrHlpr.o
 0005:00002280       $pdata$_ZN6System8Internal7Strhlpr12FinalizationEv 000000014003d280     rtl:System.Internal.StrHlpr.o
 0005:0000228c       $pdata$_ZN6System8Internal7Strhlpr14initializationEv 000000014003d28c     rtl:System.Internal.StrHlpr.o
 0005:000037f8       $pdata$_ZN6System8Internal7Initcpp23SelectForInitializationEPNS1_20TUnitDescriptorBlockES3_ 000000014003e7f8     rtl:System.Internal.InitCPP.o
 0005:00003804       $pdata$_ZN6System8Internal7Initcpp23SelectForInitializationEPPNS1_20TUnitDescriptorBlockES4_ 000000014003e804     rtl:System.Internal.InitCPP.o
 0005:00003810       $pdata$_ZN6System8Internal7Initcpp15InitializeUnitsEPNS1_20TUnitDescriptorBlockES3_ 000000014003e810     rtl:System.Internal.InitCPP.o
 0005:0000381c       $pdata$_ZN6System8Internal7Initcpp13FinalizeUnitsEPNS1_20TUnitDescriptorBlockES3_ 000000014003e81c     rtl:System.Internal.InitCPP.o
 0005:00003828       $pdata$_ZN6System8Internal7Initcpp15InitializeUnitsEPPNS1_20TUnitDescriptorBlockES4_ 000000014003e828     rtl:System.Internal.InitCPP.o
 0005:00003834       $pdata$_ZN6System8Internal7Initcpp13FinalizeUnitsEPPNS1_20TUnitDescriptorBlockES4_ 000000014003e834     rtl:System.Internal.InitCPP.o
 0005:00003840       $pdata$_ZN6System8Internal7Initcpp15InitializeUnitsEPNS1_15TUnitDescriptorES3_ 000000014003e840     rtl:System.Internal.InitCPP.o
 0005:0000384c       $pdata$_ZN6System8Internal7Initcpp13FinalizeUnitsEPNS1_15TUnitDescriptorES3_ 000000014003e84c     rtl:System.Internal.InitCPP.o
 0005:00003858       $pdata$_ZN6System8Internal7Initcpp15CalculateDegreeEPNS1_20TUnitDescriptorBlockES3_ 000000014003e858     rtl:System.Internal.InitCPP.o
 0005:00003864       $pdata$_ZN6System8Internal7Initcpp15CalculateDegreeEPPNS1_20TUnitDescriptorBlockES4_ 000000014003e864     rtl:System.Internal.InitCPP.o
 0005:00003870       $pdata$_ZN6System8Internal7Initcpp16FinalizeUnitListEPPPNS1_15TUnitDescriptorES5_ 000000014003e870     rtl:System.Internal.InitCPP.o
 0005:00003888       $pdata$_ZN6System8Internal7Initcpp18InitializeRootUnitEPNS1_15TUnitDescriptorE 000000014003e888     rtl:System.Internal.InitCPP.o
 0005:000038c4       $pdata$_ZN6System8Internal7Initcpp16FinalizeRootUnitEPNS1_15TUnitDescriptorE 000000014003e8c4     rtl:System.Internal.InitCPP.o
 0005:000038dc       $pdata$_ZN6System8Internal7Initcpp12FinalizationEv 000000014003e8dc     rtl:System.Internal.InitCPP.o
 0005:000038e8       $pdata$_ZN6System8Internal7Initcpp14initializationEv 000000014003e8e8     rtl:System.Internal.InitCPP.o
 000b:00000460       $R000000                   0000000140044460     internal .obj file created from .res files
 000b:000008c8       $R000001                   00000001400448c8     internal .obj file created from .res files
 000b:00000d50       $R000002                   0000000140044d50     internal .obj file created from .res files
 000b:00001880       $R000003                   0000000140045880     internal .obj file created from .res files
 000b:00001e88       $R000004                   0000000140045e88     internal .obj file created from .res files
 000b:00002088       $R000005                   0000000140046088     internal .obj file created from .res files
 000b:000036b0       $R000006                   00000001400476b0     internal .obj file created from .res files
 000b:00004558       $R000007                   0000000140048558     internal .obj file created from .res files
 000b:00004e00       $R000008                   0000000140048e00     internal .obj file created from .res files
 000b:00005368       $R000009                   0000000140049368     internal .obj file created from .res files
 000b:0000b828       $R00000A                   000000014004f828     internal .obj file created from .res files
 000b:0001c050       $R00000B                   0000000140060050     internal .obj file created from .res files
 000b:00020278       $R00000C                   0000000140064278     internal .obj file created from .res files
 000b:00020c00       $R00000D                   0000000140064c00     internal .obj file created from .res files
 000b:00021068       $R00000E                   0000000140065068     internal .obj file created from .res files
 000b:000210f0       $R00000F                   00000001400650f0     internal .obj file created from .res files
 000b:00021800       $R000010                   0000000140065800     internal .obj file created from .res files
