 Project2

 Timestamp is 67494a44 (Thu Nov 28 23:59:48 2024)

 Preferred load address is 0000000140000000

 Start         Length     Name                   Class
 0001:00000000 000025c4H .text                   CODE
 0001:000025d0 00000075H .text$_ZN3Vcl5Forms5TFormC3EPN6System7Classes10TComponentE CODE
 0001:00002650 00000017H .text$_ZNK6System13UnicodeString7IsEmptyEv CODE
 0001:00002670 0000004cH .text$_ZN17TAddComponentFormD0Ev CODE
 0001:000026c0 0000007fH .text$_ZN3Vcl5Forms5TFormC3EPN6System7Classes10TComponentEi CODE
 0001:00002740 00000091H .text$_ZN3Vcl5Forms5TFormC3EPN6System7Classes10TComponentEii CODE
 0001:000027e0 0000004cH .text$_ZN3Vcl5Forms5TFormD0Ev CODE
 0001:00002830 000002a4H .text                   CODE
 0001:00002ae0 0000004cH .text$_ZN16TAddComputerFormD0Ev CODE
 0001:00002b30 00000b69H .text                   CODE
 0001:000036a0 00000044H .text$_ZNSt3__1lsINS_11char_traitsIcEEEERNS_13basic_ostreamIcT_EES6_PKc CODE
 0001:000036f0 00000049H .text$_ZNSt3__1lsIcNS_11char_traitsIcEENS_9allocatorIcEEEERNS_13basic_ostreamIT_T0_EES9_RKNS_12basic_stringIS6_S7_T1_EE CODE
 0001:00003740 0000035fH .text$_ZNSt3__1rsIcNS_11char_traitsIcEENS_9allocatorIcEEEERNS_13basic_istreamIT_T0_EES9_RNS_12basic_stringIS6_S7_T1_EE CODE
 0001:00003aa0 00000019H .text$_ZNSt3__16vectorI9ComponentNS_9allocatorIS1_EEEC1B6v15007Ev CODE
 0001:00003ac0 00000019H .text$_ZNSt3__16vectorI9ComponentNS_9allocatorIS1_EEED1B6v15007Ev CODE
 0001:00003ae0 0000001fH .text$_ZNKSt3__16vectorI9ComponentNS_9allocatorIS1_EEE4sizeB6v15007Ev CODE
 0001:00003b00 00000025H .text$_ZNKSt3__16vectorI9ComponentNS_9allocatorIS1_EEE5beginB6v15007Ev CODE
 0001:00003b30 00000026H .text$_ZNKSt3__16vectorI9ComponentNS_9allocatorIS1_EEE3endB6v15007Ev CODE
 0001:00003b60 00000029H .text$_ZNSt3__1neB6v15007IPK9ComponentEEbRKNS_11__wrap_iterIT_EES8_ CODE
 0001:00003b90 0000000eH .text$_ZNKSt3__111__wrap_iterIPK9ComponentEdeB6v15007Ev CODE
 0001:00003ba0 00000015H .text$_ZNSt3__111__wrap_iterIPK9ComponentEppB6v15007Ev CODE
 0001:00003bc0 0000001dH .text$_ZNSt3__113basic_istreamIcNS_11char_traitsIcEEErsB6v15007EPFRS3_S4_E CODE
 0001:00003be0 00000267H .text$_ZNSt3__12wsIcNS_11char_traitsIcEEEERNS_13basic_istreamIT_T0_EES7_ CODE
 0001:00003e50 00000050H .text$_ZNSt3__17getlineB6v15007IcNS_11char_traitsIcEENS_9allocatorIcEEEERNS_13basic_istreamIT_T0_EES9_RNS_12basic_stringIS6_S7_T1_EE CODE
 0001:00003ea0 00000053H .text$_ZNSt3__16vectorI9ComponentNS_9allocatorIS1_EEE5clearB6v15007Ev CODE
 0001:00003f00 00000023H .text$_ZNSt3__112basic_stringIcNS_11char_traitsIcEENS_9allocatorIcEEEC1B6v15007IDnEEPKc CODE
 0001:00003f30 00000060H .text$_ZNSt3__16vectorI9ComponentNS_9allocatorIS1_EEE9push_backB6v15007ERKS1_ CODE
 0001:00003f90 00000019H .text$_ZN9ComponentD1Ev CODE
 0001:00003fb0 00000025H .text$_ZNSt3__16vectorI9ComponentNS_9allocatorIS1_EEE5beginB6v15007Ev CODE
 0001:00003fe0 00000026H .text$_ZNSt3__16vectorI9ComponentNS_9allocatorIS1_EEE3endB6v15007Ev CODE
 0001:00004010 00000029H .text$_ZNSt3__1neB6v15007IP9ComponentEEbRKNS_11__wrap_iterIT_EES7_ CODE
 0001:00004040 0000000eH .text$_ZNKSt3__111__wrap_iterIP9ComponentEdeB6v15007Ev CODE
 0001:00004050 00000015H .text$_ZNSt3__111__wrap_iterIP9ComponentEppB6v15007Ev CODE
 0001:00004070 0000003fH .text$_ZNSt3__1eqB6v15007IPK9ComponentEEbRKNS_11__wrap_iterIT_EES8_ CODE
 0001:000040b0 0000000eH .text$_ZNKSt3__111__wrap_iterIPK9ComponentE4baseB6v15007Ev CODE
 0001:000040c0 00000019H .text$_ZN9ComponentD2Ev CODE
 0001:000040e0 0000003fH .text$_ZNSt3__1eqB6v15007IP9ComponentEEbRKNS_11__wrap_iterIT_EES7_ CODE
 0001:00004120 0000000eH .text$_ZNKSt3__111__wrap_iterIP9ComponentE4baseB6v15007Ev CODE
 0001:00004130 00000266H .text$_ZNSt3__124__put_character_sequenceIcNS_11char_traitsIcEEEERNS_13basic_ostreamIT_T0_EES7_PKS4_y CODE
 0001:000043a0 00000019H .text$_ZNSt3__111char_traitsIcE6lengthEPKc CODE
 0001:000043c0 00000023H .text$_ZNSt3__113basic_ostreamIcNS_11char_traitsIcEEE6sentryC1ERS3_ CODE
 0001:000043f0 00000012H .text$_ZNKSt3__113basic_ostreamIcNS_11char_traitsIcEEE6sentrycvbB6v15007Ev CODE
 0001:00004410 000002acH .text$_ZNSt3__116__pad_and_outputIcNS_11char_traitsIcEEEENS_19ostreambuf_iteratorIT_T0_EES6_PKS4_S8_S8_RNS_8ios_baseES4_ CODE
 0001:000046c0 00000023H .text$_ZNSt3__119ostreambuf_iteratorIcNS_11char_traitsIcEEEC1B6v15007ERNS_13basic_ostreamIcS2_EE CODE
 0001:000046f0 0000000eH .text$_ZNKSt3__18ios_base5flagsB6v15007Ev CODE
 0001:00004700 00000066H .text$_ZNKSt3__19basic_iosIcNS_11char_traitsIcEEE4fillB6v15007Ev CODE
 0001:00004770 00000017H .text$_ZNKSt3__119ostreambuf_iteratorIcNS_11char_traitsIcEEE6failedB6v15007Ev CODE
 0001:00004790 00000021H .text$_ZNSt3__19basic_iosIcNS_11char_traitsIcEEE8setstateB6v15007Ej CODE
 0001:000047c0 00000019H .text$_ZNSt3__113basic_ostreamIcNS_11char_traitsIcEEE6sentryD1Ev CODE
 0001:000047e0 0000000eH .text$__clang_call_terminate CODE
 0001:000047f0 00000083H .text$_ZNSt3__113basic_ostreamIcNS_11char_traitsIcEEE6sentryC2ERS3_ CODE
 0001:00004880 0000001dH .text$_ZNKSt3__19basic_iosIcNS_11char_traitsIcEEE4goodB6v15007Ev CODE
 0001:000048a0 00000012H .text$_ZNKSt3__19basic_iosIcNS_11char_traitsIcEEE3tieB6v15007Ev CODE
 0001:000048c0 00000017H .text$_ZNKSt3__18ios_base4goodB6v15007Ev CODE
 0001:000048e0 0000000fH .text$_ZNKSt3__18ios_base5widthB6v15007Ev CODE
 0001:000048f0 0000002eH .text$_ZNSt3__115basic_streambufIcNS_11char_traitsIcEEE5sputnB6v15007EPKcx CODE
 0001:00004920 0000002dH .text$_ZNSt3__112basic_stringIcNS_11char_traitsIcEENS_9allocatorIcEEEC1B6v15007Eyc CODE
 0001:00004950 00000021H .text$_ZNSt3__112basic_stringIcNS_11char_traitsIcEENS_9allocatorIcEEE4dataB6v15007Ev CODE
 0001:00004980 0000002dH .text$_ZNSt3__18ios_base5widthB6v15007Ex CODE
 0001:000049b0 00000050H .text$_ZNSt3__112basic_stringIcNS_11char_traitsIcEENS_9allocatorIcEEEC2B6v15007Eyc CODE
 0001:00004a00 0000002dH .text$_ZNSt3__117__compressed_pairINS_12basic_stringIcNS_11char_traitsIcEENS_9allocatorIcEEE5__repES5_EC1B6v15007INS_18__default_init_tagESA_EEOT_OT0_ CODE
 0001:00004a30 00000007H .text$_ZNSt3__119__debug_db_insert_cB6v15007INS_12basic_stringIcNS_11char_traitsIcEENS_9allocatorIcEEEEEEvPT_ CODE
 0001:00004a40 0000003aH .text$_ZNSt3__117__compressed_pairINS_12basic_stringIcNS_11char_traitsIcEENS_9allocatorIcEEE5__repES5_EC2B6v15007INS_18__default_init_tagESA_EEOT_OT0_ CODE
 0001:00004a80 00000011H .text$_ZNSt3__122__compressed_pair_elemINS_12basic_stringIcNS_11char_traitsIcEENS_9allocatorIcEEE5__repELi0ELb0EEC2B6v15007ENS_18__default_init_tagE CODE
 0001:00004aa0 0000001dH .text$_ZNSt3__122__compressed_pair_elemINS_9allocatorIcEELi1ELb1EEC2B6v15007ENS_18__default_init_tagE CODE
 0001:00004ac0 00000019H .text$_ZNSt3__19allocatorIcEC2B6v15007Ev CODE
 0001:00004ae0 00000007H .text$_ZNSt3__116__non_trivial_ifILb1ENS_9allocatorIcEEEC2B6v15007Ev CODE
 0001:00004af0 0000000bH .text$_ZNSt3__112__to_addressB6v15007IcEEPT_S2_ CODE
 0001:00004b00 00000052H .text$_ZNSt3__112basic_stringIcNS_11char_traitsIcEENS_9allocatorIcEEE13__get_pointerB6v15007Ev CODE
 0001:00004b60 00000026H .text$_ZNKSt3__112basic_stringIcNS_11char_traitsIcEENS_9allocatorIcEEE9__is_longB6v15007Ev CODE
 0001:00004b90 0000001cH .text$_ZNSt3__112basic_stringIcNS_11char_traitsIcEENS_9allocatorIcEEE18__get_long_pointerB6v15007Ev CODE
 0001:00004bb0 00000025H .text$_ZNSt3__112basic_stringIcNS_11char_traitsIcEENS_9allocatorIcEEE19__get_short_pointerB6v15007Ev CODE
 0001:00004be0 00000019H .text$_ZNKSt3__117__compressed_pairINS_12basic_stringIcNS_11char_traitsIcEENS_9allocatorIcEEE5__repES5_E5firstB6v15007Ev CODE
 0001:00004c00 0000000bH .text$_ZNKSt3__122__compressed_pair_elemINS_12basic_stringIcNS_11char_traitsIcEENS_9allocatorIcEEE5__repELi0ELb0EE5__getB6v15007Ev CODE
 0001:00004c10 00000019H .text$_ZNSt3__117__compressed_pairINS_12basic_stringIcNS_11char_traitsIcEENS_9allocatorIcEEE5__repES5_E5firstB6v15007Ev CODE
 0001:00004c30 0000000bH .text$_ZNSt3__122__compressed_pair_elemINS_12basic_stringIcNS_11char_traitsIcEENS_9allocatorIcEEE5__repELi0ELb0EE5__getB6v15007Ev CODE
 0001:00004c40 0000000bH .text$_ZNSt3__114pointer_traitsIPcE10pointer_toB6v15007ERc CODE
 0001:00004c50 00000051H .text$_ZNSt3__119ostreambuf_iteratorIcNS_11char_traitsIcEEEC2B6v15007ERNS_13basic_ostreamIcS2_EE CODE
 0001:00004cb0 00000019H .text$_ZNKSt3__19basic_iosIcNS_11char_traitsIcEEE5rdbufB6v15007Ev CODE
 0001:00004cd0 0000000fH .text$_ZNKSt3__18ios_base5rdbufB6v15007Ev CODE
 0001:00004ce0 00000019H .text$_ZNSt3__111char_traitsIcE11eq_int_typeEii CODE
 0001:00004d00 00000006H .text$_ZNSt3__111char_traitsIcE3eofEv CODE
 0001:00004d10 00000082H .text$_ZNKSt3__19basic_iosIcNS_11char_traitsIcEEE5widenB6v15007Ec CODE
 0001:00004da0 00000020H .text$_ZNSt3__19use_facetB6v15007INS_5ctypeIcEEEERKT_RKNS_6localeE CODE
 0001:00004dc0 00000022H .text$_ZNKSt3__15ctypeIcE5widenB6v15007Ec CODE
 0001:00004df0 00000024H .text$_ZNSt3__18ios_base8setstateB6v15007Ej CODE
 0001:00004e20 00000149H .text$_ZNSt3__113basic_ostreamIcNS_11char_traitsIcEEE6sentryD2Ev CODE
 0001:00004f70 0000001aH .text$_ZNSt3__115basic_streambufIcNS_11char_traitsIcEEE7pubsyncB6v15007Ev CODE
 0001:00004f90 00000021H .text$_ZNKSt3__112basic_stringIcNS_11char_traitsIcEENS_9allocatorIcEEE4dataB6v15007Ev CODE
 0001:00004fc0 00000052H .text$_ZNKSt3__112basic_stringIcNS_11char_traitsIcEENS_9allocatorIcEEE4sizeB6v15007Ev CODE
 0001:00005020 0000000bH .text$_ZNSt3__112__to_addressB6v15007IKcEEPT_S3_ CODE
 0001:00005030 00000052H .text$_ZNKSt3__112basic_stringIcNS_11char_traitsIcEENS_9allocatorIcEEE13__get_pointerB6v15007Ev CODE
 0001:00005090 0000001cH .text$_ZNKSt3__112basic_stringIcNS_11char_traitsIcEENS_9allocatorIcEEE18__get_long_pointerB6v15007Ev CODE
 0001:000050b0 00000025H .text$_ZNKSt3__112basic_stringIcNS_11char_traitsIcEENS_9allocatorIcEEE19__get_short_pointerB6v15007Ev CODE
 0001:000050e0 0000000bH .text$_ZNSt3__114pointer_traitsIPKcE10pointer_toB6v15007ERS1_ CODE
 0001:000050f0 0000001cH .text$_ZNKSt3__112basic_stringIcNS_11char_traitsIcEENS_9allocatorIcEEE15__get_long_sizeB6v15007Ev CODE
 0001:00005110 00000020H .text$_ZNKSt3__112basic_stringIcNS_11char_traitsIcEENS_9allocatorIcEEE16__get_short_sizeB6v15007Ev CODE
 0001:00005130 00000035H .text$_ZNSt3__113basic_istreamIcNS_11char_traitsIcEEE6sentryC1ERS3_b CODE
 0001:00005170 00000012H .text$_ZNKSt3__113basic_istreamIcNS_11char_traitsIcEEE6sentrycvbB6v15007Ev CODE
 0001:00005190 0000009cH .text$_ZNSt3__112basic_stringIcNS_11char_traitsIcEENS_9allocatorIcEEE5clearB6v15007Ev CODE
 0001:00005230 000000a0H .text$_ZNKSt3__112basic_stringIcNS_11char_traitsIcEENS_9allocatorIcEEE8max_sizeB6v15007Ev CODE
 0001:000052d0 0000000fH .text$_ZNSt3__114numeric_limitsIxE3maxB6v15007Ev CODE
 0001:000052e0 00000052H .text$_ZNSt3__115basic_streambufIcNS_11char_traitsIcEEE5sgetcB6v15007Ev CODE
 0001:00005340 0000000bH .text$_ZNSt3__111char_traitsIcE12to_char_typeEi CODE
 0001:00005350 00000071H .text$_ZNKSt3__15ctypeIcE2isB6v15007Etc CODE
 0001:000053d0 0000005dH .text$_ZNSt3__115basic_streambufIcNS_11char_traitsIcEEE6sbumpcB6v15007Ev CODE
 0001:00005430 0000004aH .text$_ZNSt3__18ios_base18__setstate_nothrowB6v15007Ej CODE
 0001:00005480 00000019H .text$_ZNKSt3__19basic_iosIcNS_11char_traitsIcEEE10exceptionsB6v15007Ev CODE
 0001:000054a0 0000020bH .text$_ZNSt3__113basic_istreamIcNS_11char_traitsIcEEE6sentryC2ERS3_b CODE
 0001:000056b0 00000023H .text$_ZNSt3__119istreambuf_iteratorIcNS_11char_traitsIcEEEC1B6v15007ERNS_13basic_istreamIcS2_EE CODE
 0001:000056e0 00000019H .text$_ZNSt3__119istreambuf_iteratorIcNS_11char_traitsIcEEEC1B6v15007Ev CODE
 0001:00005700 00000029H .text$_ZNSt3__1neB6v15007IcNS_11char_traitsIcEEEEbRKNS_19istreambuf_iteratorIT_T0_EES8_ CODE
 0001:00005730 0000001cH .text$_ZNKSt3__119istreambuf_iteratorIcNS_11char_traitsIcEEEdeB6v15007Ev CODE
 0001:00005750 00000025H .text$_ZNSt3__119istreambuf_iteratorIcNS_11char_traitsIcEEEppB6v15007Ev CODE
 0001:00005780 00000027H .text$_ZNSt3__1eqB6v15007IcNS_11char_traitsIcEEEEbRKNS_19istreambuf_iteratorIT_T0_EES8_ CODE
 0001:000057b0 00000051H .text$_ZNSt3__119istreambuf_iteratorIcNS_11char_traitsIcEEEC2B6v15007ERNS_13basic_istreamIcS2_EE CODE
 0001:00005810 00000012H .text$_ZNSt3__119istreambuf_iteratorIcNS_11char_traitsIcEEEC2B6v15007Ev CODE
 0001:00005830 00000046H .text$_ZNKSt3__119istreambuf_iteratorIcNS_11char_traitsIcEEE5equalB6v15007ERKS3_ CODE
 0001:00005880 0000006dH .text$_ZNKSt3__119istreambuf_iteratorIcNS_11char_traitsIcEEE14__test_for_eofB6v15007Ev CODE
 0001:000058f0 00000007H .text$_ZNSt3__125__debug_db_invalidate_allB6v15007INS_12basic_stringIcNS_11char_traitsIcEENS_9allocatorIcEEEEEEvPT_ CODE
 0001:00005900 0000001fH .text$_ZNSt3__111char_traitsIcE6assignERcRKc CODE
 0001:00005920 00000030H .text$_ZNSt3__112basic_stringIcNS_11char_traitsIcEENS_9allocatorIcEEE15__set_long_sizeB6v15007Ey CODE
 0001:00005950 00000056H .text$_ZNSt3__112basic_stringIcNS_11char_traitsIcEENS_9allocatorIcEEE16__set_short_sizeB6v15007Ey CODE
 0001:000059b0 00000019H .text$_ZNSt3__116allocator_traitsINS_9allocatorIcEEE8max_sizeB6v15007IS2_vEEyRKS2_ CODE
 0001:000059d0 00000019H .text$_ZNKSt3__112basic_stringIcNS_11char_traitsIcEENS_9allocatorIcEEE7__allocB6v15007Ev CODE
 0001:000059f0 0000000fH .text$_ZNSt3__114numeric_limitsIyE3maxB6v15007Ev CODE
 0001:00005a00 0000000eH .text$_ZNKSt3__19allocatorIcE8max_sizeB6v15007Ev CODE
 0001:00005a10 00000019H .text$_ZNKSt3__117__compressed_pairINS_12basic_stringIcNS_11char_traitsIcEENS_9allocatorIcEEE5__repES5_E6secondB6v15007Ev CODE
 0001:00005a30 0000000bH .text$_ZNKSt3__122__compressed_pair_elemINS_9allocatorIcEELi1ELb1EE5__getB6v15007Ev CODE
 0001:00005a40 00000008H .text$_ZNSt3__123__libcpp_numeric_limitsIyLb1EE3maxB6v15007Ev CODE
 0001:00005a50 0000000bH .text$_ZNSt3__123__libcpp_numeric_limitsIxLb1EE3maxB6v15007Ev CODE
 0001:00005a60 0000000cH .text$_ZNSt3__111char_traitsIcE11to_int_typeEc CODE
 0001:00005a70 0000000eH .text$_ZNKSt3__18ios_base10exceptionsB6v15007Ev CODE
 0001:00005a80 00000060H .text$_ZNSt3__16vectorI9ComponentNS_9allocatorIS1_EEEC2B6v15007Ev CODE
 0001:00005ae0 0000002dH .text$_ZNSt3__117__compressed_pairIP9ComponentNS_9allocatorIS1_EEEC1B6v15007IDnNS_18__default_init_tagEEEOT_OT0_ CODE
 0001:00005b10 00000007H .text$_ZNSt3__119__debug_db_insert_cB6v15007INS_6vectorI9ComponentNS_9allocatorIS2_EEEEEEvPT_ CODE
 0001:00005b20 0000003bH .text$_ZNSt3__117__compressed_pairIP9ComponentNS_9allocatorIS1_EEEC2B6v15007IDnNS_18__default_init_tagEEEOT_OT0_ CODE
 0001:00005b60 0000001eH .text$_ZNSt3__122__compressed_pair_elemIP9ComponentLi0ELb0EEC2B6v15007IDnvEEOT_ CODE
 0001:00005b80 0000001dH .text$_ZNSt3__122__compressed_pair_elemINS_9allocatorI9ComponentEELi1ELb1EEC2B6v15007ENS_18__default_init_tagE CODE
 0001:00005ba0 00000019H .text$_ZNSt3__19allocatorI9ComponentEC2B6v15007Ev CODE
 0001:00005bc0 00000007H .text$_ZNSt3__116__non_trivial_ifILb1ENS_9allocatorI9ComponentEEEC2B6v15007Ev CODE
 0001:00005bd0 0000003aH .text$_ZNSt3__16vectorI9ComponentNS_9allocatorIS1_EEED2B6v15007Ev CODE
 0001:00005c10 00000023H .text$_ZNSt3__16vectorI9ComponentNS_9allocatorIS1_EEE16__destroy_vectorC1ERS4_ CODE
 0001:00005c40 0000008cH .text$_ZNSt3__16vectorI9ComponentNS_9allocatorIS1_EEE16__destroy_vectorclB6v15007Ev CODE
 0001:00005cd0 0000001eH .text$_ZNSt3__16vectorI9ComponentNS_9allocatorIS1_EEE16__destroy_vectorC2ERS4_ CODE
 0001:00005cf0 000000c3H .text$_ZNKSt3__16vectorI9ComponentNS_9allocatorIS1_EEE17__annotate_deleteB6v15007Ev CODE
 0001:00005dc0 00000007H .text$_ZNSt3__118__debug_db_erase_cB6v15007INS_6vectorI9ComponentNS_9allocatorIS2_EEEEEEvPT_ CODE
 0001:00005dd0 0000001cH .text$_ZNSt3__16vectorI9ComponentNS_9allocatorIS1_EEE7__clearB6v15007Ev CODE
 0001:00005df0 0000002dH .text$_ZNSt3__116allocator_traitsINS_9allocatorI9ComponentEEE10deallocateB6v15007ERS3_PS2_y CODE
 0001:00005e20 0000001dH .text$_ZNSt3__16vectorI9ComponentNS_9allocatorIS1_EEE7__allocB6v15007Ev CODE
 0001:00005e40 00000035H .text$_ZNKSt3__16vectorI9ComponentNS_9allocatorIS1_EEE8capacityB6v15007Ev CODE
 0001:00005e80 00000021H .text$_ZNKSt3__16vectorI9ComponentNS_9allocatorIS1_EEE31__annotate_contiguous_containerB6v15007EPKvS6_S6_S6_ CODE
 0001:00005eb0 0000001cH .text$_ZNKSt3__16vectorI9ComponentNS_9allocatorIS1_EEE4dataB6v15007Ev CODE
 0001:00005ed0 0000000bH .text$_ZNSt3__112__to_addressB6v15007I9ComponentEEPT_S3_ CODE
 0001:00005ee0 00000086H .text$_ZNSt3__16vectorI9ComponentNS_9allocatorIS1_EEE22__base_destruct_at_endB6v15007EPS1_ CODE
 0001:00005f70 00000023H .text$_ZNSt3__116allocator_traitsINS_9allocatorI9ComponentEEE7destroyB6v15007IS2_vEEvRS3_PT_ CODE
 0001:00005fa0 0000001eH .text$_ZNSt3__19allocatorI9ComponentE7destroyB6v15007EPS1_ CODE
 0001:00005fc0 00000043H .text$_ZNSt3__19allocatorI9ComponentE10deallocateB6v15007EPS1_y CODE
 0001:00006010 00000062H .text$_ZNSt3__119__libcpp_deallocateB6v15007EPvyy CODE
 0001:00006080 00000014H .text$_ZNSt3__124__is_overaligned_for_newB6v15007Ey CODE
 0001:000060a0 00000028H .text$_ZNSt3__127__do_deallocate_handle_sizeB6v15007IJSt11align_val_tEEEvPvyDpT_ CODE
 0001:000060d0 0000001eH .text$_ZNSt3__127__do_deallocate_handle_sizeB6v15007IJEEEvPvyDpT_ CODE
 0001:000060f0 00000023H .text$_ZNSt3__124__libcpp_operator_deleteB6v15007IJPvSt11align_val_tEEEvDpT_ CODE
 0001:00006120 00000019H .text$_ZNSt3__124__libcpp_operator_deleteB6v15007IJPvEEEvDpT_ CODE
 0001:00006140 00000019H .text$_ZNSt3__117__compressed_pairIP9ComponentNS_9allocatorIS1_EEE6secondB6v15007Ev CODE
 0001:00006160 0000000bH .text$_ZNSt3__122__compressed_pair_elemINS_9allocatorI9ComponentEELi1ELb1EE5__getB6v15007Ev CODE
 0001:00006170 0000001dH .text$_ZNKSt3__16vectorI9ComponentNS_9allocatorIS1_EEE9__end_capB6v15007Ev CODE
 0001:00006190 00000019H .text$_ZNKSt3__117__compressed_pairIP9ComponentNS_9allocatorIS1_EEE5firstB6v15007Ev CODE
 0001:000061b0 0000000bH .text$_ZNKSt3__122__compressed_pair_elemIP9ComponentLi0ELb0EE5__getB6v15007Ev CODE
 0001:000061c0 0000002dH .text$_ZNSt3__111__wrap_iterIPK9ComponentEC1B6v15007EPKvS3_ CODE
 0001:000061f0 00000023H .text$_ZNSt3__111__wrap_iterIPK9ComponentEC2B6v15007EPKvS3_ CODE
 0001:00006220 0000025aH .text$_ZNSt3__17getlineIcNS_11char_traitsIcEENS_9allocatorIcEEEERNS_13basic_istreamIT_T0_EES9_RNS_12basic_stringIS6_S7_T1_EES6_ CODE
 0001:00006480 0000001fH .text$_ZNSt3__111char_traitsIcE2eqEcc CODE
 0001:000064a0 000000b3H .text$_ZNKSt3__16vectorI9ComponentNS_9allocatorIS1_EEE17__annotate_shrinkB6v15007Ey CODE
 0001:00006560 00000007H .text$_ZNSt3__125__debug_db_invalidate_allB6v15007INS_6vectorI9ComponentNS_9allocatorIS2_EEEEEEvPT_ CODE
 0001:00006570 0000005dH .text$_ZNSt3__112basic_stringIcNS_11char_traitsIcEENS_9allocatorIcEEEC2B6v15007IDnEEPKc CODE
 0001:000065d0 0000001dH .text$_ZNSt3__16vectorI9ComponentNS_9allocatorIS1_EEE9__end_capB6v15007Ev CODE
 0001:000065f0 00000099H .text$_ZNSt3__16vectorI9ComponentNS_9allocatorIS1_EEE22__construct_one_at_endB6v15007IJRKS1_EEEvDpOT_ CODE
 0001:00006690 000000eeH .text$_ZNSt3__16vectorI9ComponentNS_9allocatorIS1_EEE21__push_back_slow_pathIRKS1_EEvOT_ CODE
 0001:00006780 00000019H .text$_ZNSt3__117__compressed_pairIP9ComponentNS_9allocatorIS1_EEE5firstB6v15007Ev CODE
 0001:000067a0 0000000bH .text$_ZNSt3__122__compressed_pair_elemIP9ComponentLi0ELb0EE5__getB6v15007Ev CODE
 0001:000067b0 0000002dH .text$_ZNSt3__16vectorI9ComponentNS_9allocatorIS1_EEE21_ConstructTransactionC1ERS4_y CODE
 0001:000067e0 0000002dH .text$_ZNSt3__116allocator_traitsINS_9allocatorI9ComponentEEE9constructB6v15007IS2_JRKS2_EvEEvRS3_PT_DpOT0_ CODE
 0001:00006810 00000019H .text$_ZNSt3__16vectorI9ComponentNS_9allocatorIS1_EEE21_ConstructTransactionD1Ev CODE
 0001:00006830 00000046H .text$_ZNSt3__16vectorI9ComponentNS_9allocatorIS1_EEE21_ConstructTransactionC2ERS4_y CODE
 0001:00006880 00000028H .text$_ZNSt3__19allocatorI9ComponentE9constructB6v15007IS1_JRKS1_EEEvPT_DpOT0_ CODE
 0001:000068b0 00000023H .text$_ZN9ComponentC1ERKS_ CODE
 0001:000068e0 00000049H .text$_ZN9ComponentC2ERKS_ CODE
 0001:00006930 00000016H .text$_ZNSt3__16vectorI9ComponentNS_9allocatorIS1_EEE21_ConstructTransactionD2Ev CODE
 0001:00006950 000000a0H .text$_ZNKSt3__16vectorI9ComponentNS_9allocatorIS1_EEE11__recommendB6v15007Ey CODE
 0001:000069f0 00000037H .text$_ZNSt3__114__split_bufferI9ComponentRNS_9allocatorIS1_EEEC1EyyS4_ CODE
 0001:00006a30 0000014cH .text$_ZNSt3__16vectorI9ComponentNS_9allocatorIS1_EEE26__swap_out_circular_bufferERNS_14__split_bufferIS1_RS3_EE CODE
 0001:00006b80 00000019H .text$_ZNSt3__114__split_bufferI9ComponentRNS_9allocatorIS1_EEED1Ev CODE
 0001:00006ba0 00000059H .text$_ZNKSt3__16vectorI9ComponentNS_9allocatorIS1_EEE8max_sizeEv CODE
 0001:00006c00 00000016H .text$_ZNKSt3__16vectorI9ComponentNS_9allocatorIS1_EEE20__throw_length_errorB6v15007Ev CODE
 0001:00006c20 00000028H .text$_ZNSt3__13maxB6v15007IyEERKT_S3_S3_ CODE
 0001:00006c50 00000028H .text$_ZNSt3__13minB6v15007IyEERKT_S3_S3_ CODE
 0001:00006c80 00000019H .text$_ZNSt3__116allocator_traitsINS_9allocatorI9ComponentEEE8max_sizeB6v15007IS3_vEEyRKS3_ CODE
 0001:00006ca0 0000001dH .text$_ZNKSt3__16vectorI9ComponentNS_9allocatorIS1_EEE7__allocB6v15007Ev CODE
 0001:00006cc0 00000057H .text$_ZNSt3__13minB6v15007IyNS_6__lessIyyEEEERKT_S5_S5_T0_ CODE
 0001:00006d20 0000002eH .text$_ZNKSt3__16__lessIyyEclB6v15007ERKyS3_ CODE
 0001:00006d50 00000011H .text$_ZNKSt3__19allocatorI9ComponentE8max_sizeB6v15007Ev CODE
 0001:00006d70 00000019H .text$_ZNKSt3__117__compressed_pairIP9ComponentNS_9allocatorIS1_EEE6secondB6v15007Ev CODE
 0001:00006d90 0000000bH .text$_ZNKSt3__122__compressed_pair_elemINS_9allocatorI9ComponentEELi1ELb1EE5__getB6v15007Ev CODE
 0001:00006da0 00000070H .text$_ZNSt3__120__throw_length_errorB6v15007EPKc CODE
 0001:00006e10 00000023H .text$_ZNSt12length_errorC1B6v15007EPKc CODE
 0001:00006e40 0000003aH .text$_ZNSt12length_errorC2B6v15007EPKc CODE
 0001:00006e80 00000057H .text$_ZNSt3__13maxB6v15007IyNS_6__lessIyyEEEERKT_S5_S5_T0_ CODE
 0001:00006ee0 000000caH .text$_ZNSt3__114__split_bufferI9ComponentRNS_9allocatorIS1_EEEC2EyyS4_ CODE
 0001:00006fb0 0000002dH .text$_ZNSt3__117__compressed_pairIP9ComponentRNS_9allocatorIS1_EEEC1B6v15007IDnS5_EEOT_OT0_ CODE
 0001:00006fe0 0000004dH .text$_ZNSt3__119__allocate_at_leastB6v15007INS_9allocatorI9ComponentEEEENS_19__allocation_resultINS_16allocator_traitsIT_E7pointerEEERS6_y CODE
 0001:00007030 0000001dH .text$_ZNSt3__114__split_bufferI9ComponentRNS_9allocatorIS1_EEE7__allocB6v15007Ev CODE
 0001:00007050 0000001dH .text$_ZNSt3__114__split_bufferI9ComponentRNS_9allocatorIS1_EEE9__end_capB6v15007Ev CODE
 0001:00007070 00000040H .text$_ZNSt3__117__compressed_pairIP9ComponentRNS_9allocatorIS1_EEEC2B6v15007IDnS5_EEOT_OT0_ CODE
 0001:000070b0 0000001eH .text$_ZNSt3__122__compressed_pair_elemIRNS_9allocatorI9ComponentEELi1ELb0EEC2B6v15007IS4_vEEOT_ CODE
 0001:000070d0 0000004eH .text$_ZNSt3__19allocatorI9ComponentE8allocateB6v15007Ey CODE
 0001:00007120 00000034H .text$_ZSt28__throw_bad_array_new_lengthB6v15007v CODE
 0001:00007160 00000061H .text$_ZNSt3__117__libcpp_allocateB6v15007Eyy CODE
 0001:000071d0 00000023H .text$_ZNSt3__121__libcpp_operator_newB6v15007IJySt11align_val_tEEEPvDpT_ CODE
 0001:00007200 00000019H .text$_ZNSt3__121__libcpp_operator_newB6v15007IJyEEEPvDpT_ CODE
 0001:00007220 0000001dH .text$_ZNSt3__117__compressed_pairIP9ComponentRNS_9allocatorIS1_EEE6secondB6v15007Ev CODE
 0001:00007240 0000000eH .text$_ZNSt3__122__compressed_pair_elemIRNS_9allocatorI9ComponentEELi1ELb0EE5__getB6v15007Ev CODE
 0001:00007250 00000019H .text$_ZNSt3__117__compressed_pairIP9ComponentRNS_9allocatorIS1_EEE5firstB6v15007Ev CODE
 0001:00007270 000001a8H .text$_ZNSt3__142__uninitialized_allocator_move_if_noexceptB6v15007INS_9allocatorI9ComponentEENS_16reverse_iteratorIPS2_EES6_S6_EET2_RT_T0_T1_S7_ CODE
 0001:00007420 00000023H .text$_ZNSt3__116reverse_iteratorIP9ComponentEC1B6v15007ES2_ CODE
 0001:00007450 0000000fH .text$_ZNKSt3__116reverse_iteratorIP9ComponentE4baseB6v15007Ev CODE
 0001:00007460 0000003bH .text$_ZNSt3__14swapB6v15007IP9ComponentEENS_9enable_ifIXaasr21is_move_constructibleIT_EE5valuesr18is_move_assignableIS4_EE5valueEvE4typeERS4_S7_ CODE
 0001:000074a0 000000b3H .text$_ZNKSt3__16vectorI9ComponentNS_9allocatorIS1_EEE14__annotate_newB6v15007Ey CODE
 0001:00007560 0000003fH .text$_ZNSt3__1neB6v15007IP9ComponentS2_EEbRKNS_16reverse_iteratorIT_EERKNS3_IT0_EE CODE
 0001:000075a0 0000002dH .text$_ZNSt3__116allocator_traitsINS_9allocatorI9ComponentEEE9constructB6v15007IS2_JS2_EvEEvRS3_PT_DpOT0_ CODE
 0001:000075d0 00000019H .text$_ZNSt3__112__to_addressB6v15007INS_16reverse_iteratorIP9ComponentEEvEENS_5decayIDTclsr19__to_address_helperIT_EE6__callcl7declvalIRKS6_EEEEE4typeES8_ CODE
 0001:000075f0 00000027H .text$_ZNKSt3__116reverse_iteratorIP9ComponentEdeB6v15007Ev CODE
 0001:00007620 00000017H .text$_ZNSt3__116reverse_iteratorIP9ComponentEppB6v15007Ev CODE
 0001:00007640 00000037H .text$_ZNSt3__129_AllocatorDestroyRangeReverseINS_9allocatorI9ComponentEENS_16reverse_iteratorIPS2_EEEC1B6v15007ERS3_RS6_S9_ CODE
 0001:00007680 0000008eH .text$_ZNKSt3__129_AllocatorDestroyRangeReverseINS_9allocatorI9ComponentEENS_16reverse_iteratorIPS2_EEEclB6v15007Ev CODE
 0001:00007710 00000028H .text$_ZNSt3__19allocatorI9ComponentE9constructB6v15007IS1_JS1_EEEvPT_DpOT0_ CODE
 0001:00007740 00000023H .text$_ZN9ComponentC1EOS_ CODE
 0001:00007770 00000049H .text$_ZN9ComponentC2EOS_ CODE
 0001:000077c0 00000023H .text$_ZNSt3__112basic_stringIcNS_11char_traitsIcEENS_9allocatorIcEEEC1B6v15007EOS5_ CODE
 0001:000077f0 00000082H .text$_ZNSt3__112basic_stringIcNS_11char_traitsIcEENS_9allocatorIcEEEC2B6v15007EOS5_ CODE
 0001:00007880 00000019H .text$_ZNSt3__112basic_stringIcNS_11char_traitsIcEENS_9allocatorIcEEE14__default_initB6v15007Ev CODE
 0001:000078a0 00000012H .text$_ZNSt3__115__debug_db_swapB6v15007INS_12basic_stringIcNS_11char_traitsIcEENS_9allocatorIcEEEEEEvPT_S8_ CODE
 0001:000078c0 0000004eH .text$_ZNSt3__112basic_stringIcNS_11char_traitsIcEENS_9allocatorIcEEE6__zeroB6v15007Ev CODE
 0001:00007910 00000036H .text$_ZNSt3__119__to_address_helperINS_16reverse_iteratorIP9ComponentEEvE6__callB6v15007ERKS4_ CODE
 0001:00007950 00000019H .text$_ZNKSt3__116reverse_iteratorIP9ComponentEptB6v15007Ev CODE
 0001:00007970 0000003aH .text$_ZNSt3__129_AllocatorDestroyRangeReverseINS_9allocatorI9ComponentEENS_16reverse_iteratorIPS2_EEEC2B6v15007ERS3_RS6_S9_ CODE
 0001:000079b0 00000064H .text$_ZNSt3__119__allocator_destroyB6v15007INS_9allocatorI9ComponentEENS_16reverse_iteratorINS4_IPS2_EEEES7_EEvRT_T0_T1_ CODE
 0001:00007a20 00000019H .text$_ZNSt3__116reverse_iteratorINS0_IP9ComponentEEEC1B6v15007ES3_ CODE
 0001:00007a40 00000045H .text$_ZNSt3__1neB6v15007INS_16reverse_iteratorIP9ComponentEES4_EEbRKNS1_IT_EERKNS1_IT0_EE CODE
 0001:00007a90 00000019H .text$_ZNSt3__112__to_addressB6v15007INS_16reverse_iteratorINS1_IP9ComponentEEEEvEENS_5decayIDTclsr19__to_address_helperIT_EE6__callcl7declvalIRKS7_EEEEE4typeES9_ CODE
 0001:00007ab0 00000026H .text$_ZNSt3__116reverse_iteratorINS0_IP9ComponentEEEppB6v15007Ev CODE
 0001:00007ae0 00000028H .text$_ZNKSt3__116reverse_iteratorINS0_IP9ComponentEEE4baseB6v15007Ev CODE
 0001:00007b10 00000036H .text$_ZNSt3__119__to_address_helperINS_16reverse_iteratorINS1_IP9ComponentEEEEvE6__callB6v15007ERKS5_ CODE
 0001:00007b50 00000019H .text$_ZNKSt3__116reverse_iteratorINS0_IP9ComponentEEEptB6v15007Ev CODE
 0001:00007b70 00000038H .text$_ZNKSt3__116reverse_iteratorINS0_IP9ComponentEEEdeB6v15007Ev CODE
 0001:00007bb0 00000017H .text$_ZNSt3__116reverse_iteratorIP9ComponentEmmB6v15007Ev CODE
 0001:00007bd0 00000029H .text$_ZNSt3__116reverse_iteratorINS0_IP9ComponentEEEC2B6v15007ES3_ CODE
 0001:00007c00 00000026H .text$_ZNSt3__116reverse_iteratorIP9ComponentEC2B6v15007ES2_ CODE
 0001:00007c30 00000075H .text$_ZNSt3__114__split_bufferI9ComponentRNS_9allocatorIS1_EEED2Ev CODE
 0001:00007cb0 0000001dH .text$_ZNSt3__114__split_bufferI9ComponentRNS_9allocatorIS1_EEE5clearB6v15007Ev CODE
 0001:00007cd0 00000035H .text$_ZNKSt3__114__split_bufferI9ComponentRNS_9allocatorIS1_EEE8capacityB6v15007Ev CODE
 0001:00007d10 00000028H .text$_ZNSt3__114__split_bufferI9ComponentRNS_9allocatorIS1_EEE17__destruct_at_endB6v15007EPS1_ CODE
 0001:00007d40 0000007eH .text$_ZNSt3__114__split_bufferI9ComponentRNS_9allocatorIS1_EEE17__destruct_at_endB6v15007EPS1_NS_17integral_constantIbLb0EEE CODE
 0001:00007dc0 0000001dH .text$_ZNKSt3__114__split_bufferI9ComponentRNS_9allocatorIS1_EEE9__end_capB6v15007Ev CODE
 0001:00007de0 00000019H .text$_ZNKSt3__117__compressed_pairIP9ComponentRNS_9allocatorIS1_EEE5firstB6v15007Ev CODE
 0001:00007e00 0000002dH .text$_ZNSt3__111__wrap_iterIP9ComponentEC1B6v15007EPKvS2_ CODE
 0001:00007e30 00000023H .text$_ZNSt3__111__wrap_iterIP9ComponentEC2B6v15007EPKvS2_ CODE
 0001:00007e60 000014c6H .text                   CODE
 0001:00009330 00000019H .text$_ZNKSt3__112basic_stringIcNS_11char_traitsIcEENS_9allocatorIcEEE5c_strB6v15007Ev CODE
 0001:00009350 00000044H .text$_ZN6System11AnsiStringTILt0EEC1EPKc CODE
 0001:000093a0 00000044H .text$_ZN6System13UnicodeStringC1ILt0EEERKNS_11AnsiStringTIXT_EEE CODE
 0001:000093f0 00000019H .text$_ZN6System11AnsiStringTILt0EED1Ev CODE
 0001:00009410 00000022H .text$_ZNSt3__16vectorI9ComponentNS_9allocatorIS1_EEEixB6v15007Ey CODE
 0001:00009440 00000044H .text$_ZN6System11AnsiStringTILt0EEC1ERKNS_13UnicodeStringE CODE
 0001:00009490 00000043H .text$_ZNK6System11AnsiStringTILt0EE5c_strEv CODE
 0001:000094e0 0000004cH .text$_ZN11TDetailFormD0Ev CODE
 0001:00009530 00000047H .text$_ZN6System11AnsiStringTILt0EEC2ERKNS_13UnicodeStringE CODE
 0001:00009580 000000e9H .text$_ZN6System11AnsiStringTILt0EED2Ev CODE
 0001:00009670 00000030H .text$_ZN6System11AnsiStringTILt0EEC1Ev CODE
 0001:000096a0 00000023H .text$_ZN6System11AnsiStringTILt0EEC1ERKS1_ CODE
 0001:000096d0 00000030H .text$_ZN6System11AnsiStringTILt0EEC2Ev CODE
 0001:00009700 00000012H .text$_ZN6System14AnsiStringBaseC2Ev CODE
 0001:00009720 00000023H .text$_ZN6System11AnsiStringTILt0EEC2ERKS1_ CODE
 0001:00009750 0000002aH .text$_ZN6System13UnicodeStringC2ILt0EEERKNS_11AnsiStringTIXT_EEE CODE
 0001:00009780 00000047H .text$_ZN6System11AnsiStringTILt0EEC2EPKc CODE
 0001:000097d0 000021a6H .text                   CODE
 0001:0000b980 00000019H .text$_ZNSt3__16vectorI8ComputerNS_9allocatorIS1_EEEC1B6v15007Ev CODE
 0001:0000b9a0 00000019H .text$_ZNSt3__16vectorI8ComputerNS_9allocatorIS1_EEED1B6v15007Ev CODE
 0001:0000b9c0 0000001fH .text$_ZNKSt3__16vectorI8ComputerNS_9allocatorIS1_EEE4sizeB6v15007Ev CODE
 0001:0000b9e0 00000022H .text$_ZNSt3__16vectorI8ComputerNS_9allocatorIS1_EEEixB6v15007Ey CODE
 0001:0000ba10 00000167H .text$_ZNSt3__114basic_ifstreamIcNS_11char_traitsIcEEEC1EPKcj CODE
 0001:0000bb80 0000001fH .text$_ZNKSt3__19basic_iosIcNS_11char_traitsIcEEEcvbB6v15007Ev CODE
 0001:0000bba0 00000060H .text$_ZNSt3__16vectorI8ComputerNS_9allocatorIS1_EEE9push_backB6v15007ERKS1_ CODE
 0001:0000bc00 00000019H .text$_ZN8ComputerD1Ev  CODE
 0001:0000bc20 00000042H .text$_ZNSt3__114basic_ifstreamIcNS_11char_traitsIcEEE5closeEv CODE
 0001:0000bc70 0000004aH .text$_ZNSt3__1plB6v15007IcNS_11char_traitsIcEENS_9allocatorIcEEEENS_12basic_stringIT_T0_T1_EEPKS6_OS9_ CODE
 0001:0000bcc0 00000036H .text$_ZNSt3__114basic_ifstreamIcNS_11char_traitsIcEEED1Ev CODE
 0001:0000bd00 00000030H .text$_ZN6System3SetINS_7Uitypes10TMsgDlgBtnELS2_0ELS2_11EEC1Ev CODE
 0001:0000bd30 00000078H .text$_ZN6System3SetINS_7Uitypes10TMsgDlgBtnELS2_0ELS2_11EElsES2_ CODE
 0001:0000bdb0 000000a4H .text$_ZNSt3__16vectorI8ComputerNS_9allocatorIS1_EEE5eraseB6v15007ENS_11__wrap_iterIPKS1_EE CODE
 0001:0000be60 00000025H .text$_ZNSt3__16vectorI8ComputerNS_9allocatorIS1_EEE5beginB6v15007Ev CODE
 0001:0000be90 00000034H .text$_ZNKSt3__111__wrap_iterIP8ComputerEplB6v15007Ex CODE
 0001:0000bed0 0000002dH .text$_ZNSt3__111__wrap_iterIPK8ComputerEC1B6v15007IPS1_EERKNS0_IT_EEPNS_9enable_ifIXsr14is_convertibleIS7_S3_EE5valueEvE4typeE CODE
 0001:0000bf00 00000167H .text$_ZNSt3__114basic_ofstreamIcNS_11char_traitsIcEEEC1EPKcj CODE
 0001:0000c070 00000026H .text$_ZNSt3__16vectorI8ComputerNS_9allocatorIS1_EEE3endB6v15007Ev CODE
 0001:0000c0a0 00000029H .text$_ZNSt3__1neB6v15007IP8ComputerEEbRKNS_11__wrap_iterIT_EES7_ CODE
 0001:0000c0d0 0000000eH .text$_ZNKSt3__111__wrap_iterIP8ComputerEdeB6v15007Ev CODE
 0001:0000c0e0 00000015H .text$_ZNSt3__111__wrap_iterIP8ComputerEppB6v15007Ev CODE
 0001:0000c100 00000042H .text$_ZNSt3__114basic_ofstreamIcNS_11char_traitsIcEEE5closeEv CODE
 0001:0000c150 00000036H .text$_ZNSt3__114basic_ofstreamIcNS_11char_traitsIcEEED1Ev CODE
 0001:0000c190 0000005dH .text$_ZN9THomeFormD0Ev CODE
 0001:0000c1f0 0000003aH .text$_ZN8ComputerD2Ev  CODE
 0001:0000c230 00000059H .text$_ZNSt3__114basic_ifstreamIcNS_11char_traitsIcEEED2Ev CODE
 0001:0000c290 00000019H .text$_ZTv0_n24_NSt3__114basic_ifstreamIcNS_11char_traitsIcEEED1Ev CODE
 0001:0000c2b0 00000028H .text$_ZNSt3__114basic_ifstreamIcNS_11char_traitsIcEEED0Ev CODE
 0001:0000c2e0 00000019H .text$_ZTv0_n24_NSt3__114basic_ifstreamIcNS_11char_traitsIcEEED0Ev CODE
 0001:0000c300 00000019H .text$_ZNSt3__113basic_filebufIcNS_11char_traitsIcEEED1Ev CODE
 0001:0000c320 000000deH .text$_ZNSt3__113basic_filebufIcNS_11char_traitsIcEEED2Ev CODE
 0001:0000c400 00000112H .text$_ZNSt3__113basic_filebufIcNS_11char_traitsIcEEE5closeEv CODE
 0001:0000c520 00000028H .text$_ZNSt3__113basic_filebufIcNS_11char_traitsIcEEED0Ev CODE
 0001:0000c550 000001c9H .text$_ZNSt3__113basic_filebufIcNS_11char_traitsIcEEE5imbueERKNS_6localeE CODE
 0001:0000c720 00000202H .text$_ZNSt3__113basic_filebufIcNS_11char_traitsIcEEE6setbufEPcx CODE
 0001:0000c930 000001e4H .text$_ZNSt3__113basic_filebufIcNS_11char_traitsIcEEE7seekoffExNS_8ios_base7seekdirEj CODE
 0001:0000cb20 000000efH .text$_ZNSt3__113basic_filebufIcNS_11char_traitsIcEEE7seekposENS_4fposI9_MbstatetEEj CODE
 0001:0000cc10 0000043aH .text$_ZNSt3__113basic_filebufIcNS_11char_traitsIcEEE4syncEv CODE
 0001:0000d050 0000069bH .text$_ZNSt3__113basic_filebufIcNS_11char_traitsIcEEE9underflowEv CODE
 0001:0000d6f0 00000129H .text$_ZNSt3__113basic_filebufIcNS_11char_traitsIcEEE9pbackfailEi CODE
 0001:0000d820 000004c9H .text$_ZNSt3__113basic_filebufIcNS_11char_traitsIcEEE8overflowEi CODE
 0001:0000dcf0 0000002dH .text$_ZNSt3__110unique_ptrI6_iobufPFiPS1_EEC1B6v15007ILb1EvEES2_NS_16__dependent_typeINS_27__unique_ptr_deleter_sfinaeIS4_EEXT_EE20__good_rval_ref_typeE CODE
 0001:0000dd20 0000003bH .text$_ZNSt3__110unique_ptrI6_iobufPFiPS1_EE7releaseB6v15007Ev CODE
 0001:0000dd60 00000019H .text$_ZNSt3__110unique_ptrI6_iobufPFiPS1_EED1B6v15007Ev CODE
 0001:0000dd80 0000003aH .text$_ZNSt3__110unique_ptrI6_iobufPFiPS1_EEC2B6v15007ILb1EvEES2_NS_16__dependent_typeINS_27__unique_ptr_deleter_sfinaeIS4_EEXT_EE20__good_rval_ref_typeE CODE
 0001:0000ddc0 0000002dH .text$_ZNSt3__117__compressed_pairIP6_iobufPFiS2_EEC1B6v15007IRS2_S4_EEOT_OT0_ CODE
 0001:0000ddf0 00000040H .text$_ZNSt3__117__compressed_pairIP6_iobufPFiS2_EEC2B6v15007IRS2_S4_EEOT_OT0_ CODE
 0001:0000de30 00000021H .text$_ZNSt3__122__compressed_pair_elemIP6_iobufLi0ELb0EEC2B6v15007IRS2_vEEOT_ CODE
 0001:0000de60 00000021H .text$_ZNSt3__122__compressed_pair_elemIPFiP6_iobufELi1ELb0EEC2B6v15007IS4_vEEOT_ CODE
 0001:0000de90 00000019H .text$_ZNSt3__117__compressed_pairIP6_iobufPFiS2_EE5firstB6v15007Ev CODE
 0001:0000deb0 0000000bH .text$_ZNSt3__122__compressed_pair_elemIP6_iobufLi0ELb0EE5__getB6v15007Ev CODE
 0001:0000dec0 0000001dH .text$_ZNSt3__110unique_ptrI6_iobufPFiPS1_EED2B6v15007Ev CODE
 0001:0000dee0 00000079H .text$_ZNSt3__110unique_ptrI6_iobufPFiPS1_EE5resetB6v15007ES2_ CODE
 0001:0000df60 0000001dH .text$_ZNSt3__117__compressed_pairIP6_iobufPFiS2_EE6secondB6v15007Ev CODE
 0001:0000df80 0000000bH .text$_ZNSt3__122__compressed_pair_elemIPFiP6_iobufELi1ELb0EE5__getB6v15007Ev CODE
 0001:0000df90 00000020H .text$_ZNSt3__19use_facetB6v15007INS_7codecvtIcc9_MbstatetEEEERKT_RKNS_6localeE CODE
 0001:0000dfb0 0000001eH .text$_ZNKSt3__17codecvtIcc9_MbstatetE13always_noconvB6v15007Ev CODE
 0001:0000dfd0 0000003bH .text$_ZNSt3__115basic_streambufIcNS_11char_traitsIcEEE4setgB6v15007EPcS4_S4_ CODE
 0001:0000e010 00000031H .text$_ZNSt3__115basic_streambufIcNS_11char_traitsIcEEE4setpB6v15007EPcS4_ CODE
 0001:0000e050 00000028H .text$_ZNSt3__13maxB6v15007IxEERKT_S3_S3_ CODE
 0001:0000e080 00000057H .text$_ZNSt3__13maxB6v15007IxNS_6__lessIxxEEEERKT_S5_S5_T0_ CODE
 0001:0000e0e0 0000002eH .text$_ZNKSt3__16__lessIxxEclB6v15007ERKxS3_ CODE
 0001:0000e110 00000034H .text$_ZNSt3__116__throw_bad_castB6v15007Ev CODE
 0001:0000e150 0000001aH .text$_ZNKSt3__17codecvtIcc9_MbstatetE8encodingB6v15007Ev CODE
 0001:0000e170 00000023H .text$_ZNSt3__14fposI9_MbstatetEC1B6v15007Ex CODE
 0001:0000e1a0 0000001eH .text$_ZNSt3__14fposI9_MbstatetE5stateB6v15007ES1_ CODE
 0001:0000e1c0 00000038H .text$_ZNSt3__14fposI9_MbstatetEC2B6v15007Ex CODE
 0001:0000e200 0000000fH .text$_ZNKSt3__14fposI9_MbstatetEcvxB6v15007Ev CODE
 0001:0000e210 0000001eH .text$_ZNKSt3__14fposI9_MbstatetE5stateB6v15007Ev CODE
 0001:0000e230 0000000fH .text$_ZNKSt3__115basic_streambufIcNS_11char_traitsIcEEE4pptrB6v15007Ev CODE
 0001:0000e240 0000000fH .text$_ZNKSt3__115basic_streambufIcNS_11char_traitsIcEEE5pbaseB6v15007Ev CODE
 0001:0000e250 00000047H .text$_ZNKSt3__17codecvtIcc9_MbstatetE7unshiftB6v15007ERS1_PcS4_RS4_ CODE
 0001:0000e2a0 0000000fH .text$_ZNKSt3__115basic_streambufIcNS_11char_traitsIcEEE5egptrB6v15007Ev CODE
 0001:0000e2b0 0000000fH .text$_ZNKSt3__115basic_streambufIcNS_11char_traitsIcEEE4gptrB6v15007Ev CODE
 0001:0000e2c0 00000047H .text$_ZNKSt3__17codecvtIcc9_MbstatetE6lengthB6v15007ERS1_PKcS5_y CODE
 0001:0000e310 0000000fH .text$_ZNKSt3__115basic_streambufIcNS_11char_traitsIcEEE5ebackB6v15007Ev CODE
 0001:0000e320 000000b6H .text$_ZNSt3__113basic_filebufIcNS_11char_traitsIcEEE11__read_modeEv CODE
 0001:0000e3e0 00000090H .text$_ZNKSt3__17codecvtIcc9_MbstatetE2inB6v15007ERS1_PKcS5_RS5_PcS7_RS7_ CODE
 0001:0000e470 00000029H .text$_ZNSt3__115basic_streambufIcNS_11char_traitsIcEEE5gbumpB6v15007Ei CODE
 0001:0000e4a0 0000004fH .text$_ZNSt3__111char_traitsIcE7not_eofEi CODE
 0001:0000e4f0 000000c6H .text$_ZNSt3__113basic_filebufIcNS_11char_traitsIcEEE12__write_modeEv CODE
 0001:0000e5c0 0000000fH .text$_ZNKSt3__115basic_streambufIcNS_11char_traitsIcEEE5epptrB6v15007Ev CODE
 0001:0000e5d0 00000029H .text$_ZNSt3__115basic_streambufIcNS_11char_traitsIcEEE5pbumpB6v15007Ei CODE
 0001:0000e600 00000090H .text$_ZNKSt3__17codecvtIcc9_MbstatetE3outB6v15007ERS1_PKcS5_RS5_PcS7_RS7_ CODE
 0001:0000e690 00000023H .text$_ZNSt3__115basic_streambufIcNS_11char_traitsIcEEE7__pbumpB6v15007Ex CODE
 0001:0000e6c0 00000025H .text$_ZNSt3__111__wrap_iterIP8ComputerEpLB6v15007Ex CODE
 0001:0000e6f0 00000037H .text$_ZNSt3__111__wrap_iterIPK8ComputerEC2B6v15007IPS1_EERKNS0_IT_EEPNS_9enable_ifIXsr14is_convertibleIS7_S3_EE5valueEvE4typeE CODE
 0001:0000e730 0000000eH .text$_ZNKSt3__111__wrap_iterIP8ComputerE4baseB6v15007Ev CODE
 0001:0000e740 0000003fH .text$_ZNSt3__1eqB6v15007IP8ComputerEEbRKNS_11__wrap_iterIT_EES7_ CODE
 0001:0000e780 00000059H .text$_ZNSt3__114basic_ofstreamIcNS_11char_traitsIcEEED2Ev CODE
 0001:0000e7e0 00000019H .text$_ZTv0_n24_NSt3__114basic_ofstreamIcNS_11char_traitsIcEEED1Ev CODE
 0001:0000e800 00000028H .text$_ZNSt3__114basic_ofstreamIcNS_11char_traitsIcEEED0Ev CODE
 0001:0000e830 00000019H .text$_ZTv0_n24_NSt3__114basic_ofstreamIcNS_11char_traitsIcEEED0Ev CODE
 0001:0000e850 00000060H .text$_ZNSt3__16vectorI8ComputerNS_9allocatorIS1_EEEC2B6v15007Ev CODE
 0001:0000e8b0 0000002dH .text$_ZNSt3__117__compressed_pairIP8ComputerNS_9allocatorIS1_EEEC1B6v15007IDnNS_18__default_init_tagEEEOT_OT0_ CODE
 0001:0000e8e0 00000007H .text$_ZNSt3__119__debug_db_insert_cB6v15007INS_6vectorI8ComputerNS_9allocatorIS2_EEEEEEvPT_ CODE
 0001:0000e8f0 0000003bH .text$_ZNSt3__117__compressed_pairIP8ComputerNS_9allocatorIS1_EEEC2B6v15007IDnNS_18__default_init_tagEEEOT_OT0_ CODE
 0001:0000e930 0000001eH .text$_ZNSt3__122__compressed_pair_elemIP8ComputerLi0ELb0EEC2B6v15007IDnvEEOT_ CODE
 0001:0000e950 0000001dH .text$_ZNSt3__122__compressed_pair_elemINS_9allocatorI8ComputerEELi1ELb1EEC2B6v15007ENS_18__default_init_tagE CODE
 0001:0000e970 00000019H .text$_ZNSt3__19allocatorI8ComputerEC2B6v15007Ev CODE
 0001:0000e990 00000007H .text$_ZNSt3__116__non_trivial_ifILb1ENS_9allocatorI8ComputerEEEC2B6v15007Ev CODE
 0001:0000e9a0 0000003aH .text$_ZNSt3__16vectorI8ComputerNS_9allocatorIS1_EEED2B6v15007Ev CODE
 0001:0000e9e0 00000023H .text$_ZNSt3__16vectorI8ComputerNS_9allocatorIS1_EEE16__destroy_vectorC1ERS4_ CODE
 0001:0000ea10 0000008cH .text$_ZNSt3__16vectorI8ComputerNS_9allocatorIS1_EEE16__destroy_vectorclB6v15007Ev CODE
 0001:0000eaa0 0000001eH .text$_ZNSt3__16vectorI8ComputerNS_9allocatorIS1_EEE16__destroy_vectorC2ERS4_ CODE
 0001:0000eac0 000000c3H .text$_ZNKSt3__16vectorI8ComputerNS_9allocatorIS1_EEE17__annotate_deleteB6v15007Ev CODE
 0001:0000eb90 00000007H .text$_ZNSt3__118__debug_db_erase_cB6v15007INS_6vectorI8ComputerNS_9allocatorIS2_EEEEEEvPT_ CODE
 0001:0000eba0 0000001cH .text$_ZNSt3__16vectorI8ComputerNS_9allocatorIS1_EEE7__clearB6v15007Ev CODE
 0001:0000ebc0 0000002dH .text$_ZNSt3__116allocator_traitsINS_9allocatorI8ComputerEEE10deallocateB6v15007ERS3_PS2_y CODE
 0001:0000ebf0 0000001dH .text$_ZNSt3__16vectorI8ComputerNS_9allocatorIS1_EEE7__allocB6v15007Ev CODE
 0001:0000ec10 00000035H .text$_ZNKSt3__16vectorI8ComputerNS_9allocatorIS1_EEE8capacityB6v15007Ev CODE
 0001:0000ec50 00000021H .text$_ZNKSt3__16vectorI8ComputerNS_9allocatorIS1_EEE31__annotate_contiguous_containerB6v15007EPKvS6_S6_S6_ CODE
 0001:0000ec80 0000001cH .text$_ZNKSt3__16vectorI8ComputerNS_9allocatorIS1_EEE4dataB6v15007Ev CODE
 0001:0000eca0 0000000bH .text$_ZNSt3__112__to_addressB6v15007I8ComputerEEPT_S3_ CODE
 0001:0000ecb0 00000086H .text$_ZNSt3__16vectorI8ComputerNS_9allocatorIS1_EEE22__base_destruct_at_endB6v15007EPS1_ CODE
 0001:0000ed40 00000023H .text$_ZNSt3__116allocator_traitsINS_9allocatorI8ComputerEEE7destroyB6v15007IS2_vEEvRS3_PT_ CODE
 0001:0000ed70 0000001eH .text$_ZNSt3__19allocatorI8ComputerE7destroyB6v15007EPS1_ CODE
 0001:0000ed90 0000003fH .text$_ZNSt3__19allocatorI8ComputerE10deallocateB6v15007EPS1_y CODE
 0001:0000edd0 00000019H .text$_ZNSt3__117__compressed_pairIP8ComputerNS_9allocatorIS1_EEE6secondB6v15007Ev CODE
 0001:0000edf0 0000000bH .text$_ZNSt3__122__compressed_pair_elemINS_9allocatorI8ComputerEELi1ELb1EE5__getB6v15007Ev CODE
 0001:0000ee00 0000001dH .text$_ZNKSt3__16vectorI8ComputerNS_9allocatorIS1_EEE9__end_capB6v15007Ev CODE
 0001:0000ee20 00000019H .text$_ZNKSt3__117__compressed_pairIP8ComputerNS_9allocatorIS1_EEE5firstB6v15007Ev CODE
 0001:0000ee40 0000000bH .text$_ZNKSt3__122__compressed_pair_elemIP8ComputerLi0ELb0EE5__getB6v15007Ev CODE
 0001:0000ee50 00000030H .text$_ZNSt3__19basic_iosIcNS_11char_traitsIcEEEC2B6v15007Ev CODE
 0001:0000ee80 00000051H .text$_ZNSt3__113basic_istreamIcNS_11char_traitsIcEEEC2B6v15007EPNS_15basic_streambufIcS2_EE CODE
 0001:0000eee0 00000019H .text$_ZNSt3__113basic_filebufIcNS_11char_traitsIcEEEC1Ev CODE
 0001:0000ef00 00000104H .text$_ZNSt3__113basic_filebufIcNS_11char_traitsIcEEE4openEPKcj CODE
 0001:0000f010 00000019H .text$_ZNSt3__18ios_baseC2B6v15007Ev CODE
 0001:0000f030 00000049H .text$_ZNSt3__19basic_iosIcNS_11char_traitsIcEEE4initB6v15007EPNS_15basic_streambufIcS2_EE CODE
 0001:0000f080 000001afH .text$_ZNSt3__113basic_filebufIcNS_11char_traitsIcEEEC2Ev CODE
 0001:0000f230 0000003aH .text$_ZNSt3__19has_facetB6v15007INS_7codecvtIcc9_MbstatetEEEEbRKNS_6localeE CODE
 0001:0000f270 0000002eH .text$_ZNKSt3__115basic_streambufIcNS_11char_traitsIcEEE6getlocB6v15007Ev CODE
 0001:0000f2a0 00000204H .text$_ZNSt3__113basic_filebufIcNS_11char_traitsIcEEE15__make_mdstringEj CODE
 0001:0000f4b0 0000001dH .text$_ZNKSt3__19basic_iosIcNS_11char_traitsIcEEE4failB6v15007Ev CODE
 0001:0000f4d0 0000001cH .text$_ZNKSt3__18ios_base4failB6v15007Ev CODE
 0001:0000f4f0 0000001dH .text$_ZNSt3__16vectorI8ComputerNS_9allocatorIS1_EEE9__end_capB6v15007Ev CODE
 0001:0000f510 00000099H .text$_ZNSt3__16vectorI8ComputerNS_9allocatorIS1_EEE22__construct_one_at_endB6v15007IJRKS1_EEEvDpOT_ CODE
 0001:0000f5b0 000000eeH .text$_ZNSt3__16vectorI8ComputerNS_9allocatorIS1_EEE21__push_back_slow_pathIRKS1_EEvOT_ CODE
 0001:0000f6a0 00000019H .text$_ZNSt3__117__compressed_pairIP8ComputerNS_9allocatorIS1_EEE5firstB6v15007Ev CODE
 0001:0000f6c0 0000000bH .text$_ZNSt3__122__compressed_pair_elemIP8ComputerLi0ELb0EE5__getB6v15007Ev CODE
 0001:0000f6d0 0000002dH .text$_ZNSt3__16vectorI8ComputerNS_9allocatorIS1_EEE21_ConstructTransactionC1ERS4_y CODE
 0001:0000f700 0000002dH .text$_ZNSt3__116allocator_traitsINS_9allocatorI8ComputerEEE9constructB6v15007IS2_JRKS2_EvEEvRS3_PT_DpOT0_ CODE
 0001:0000f730 00000019H .text$_ZNSt3__16vectorI8ComputerNS_9allocatorIS1_EEE21_ConstructTransactionD1Ev CODE
 0001:0000f750 00000046H .text$_ZNSt3__16vectorI8ComputerNS_9allocatorIS1_EEE21_ConstructTransactionC2ERS4_y CODE
 0001:0000f7a0 00000028H .text$_ZNSt3__19allocatorI8ComputerE9constructB6v15007IS1_JRKS1_EEEvPT_DpOT0_ CODE
 0001:0000f7d0 00000023H .text$_ZN8ComputerC1ERKS_ CODE
 0001:0000f800 000000deH .text$_ZN8ComputerC2ERKS_ CODE
 0001:0000f8e0 00000023H .text$_ZNSt3__16vectorI9ComponentNS_9allocatorIS1_EEEC1ERKS4_ CODE
 0001:0000f910 00000132H .text$_ZNSt3__16vectorI9ComponentNS_9allocatorIS1_EEEC2ERKS4_ CODE
 0001:0000fa50 00000011H .text$_ZNSt3__116allocator_traitsINS_9allocatorI9ComponentEEE37select_on_container_copy_constructionB6v15007IS3_vvEES3_RKS3_ CODE
 0001:0000fa70 0000002dH .text$_ZNSt3__117__compressed_pairIP9ComponentNS_9allocatorIS1_EEEC1B6v15007IDnS4_EEOT_OT0_ CODE
 0001:0000faa0 00000034H .text$_ZNSt3__118__make_transactionB6v15007INS_6vectorI9ComponentNS_9allocatorIS2_EEE16__destroy_vectorEEENS_13__transactionIT_EES8_ CODE
 0001:0000fae0 000000a6H .text$_ZNSt3__16vectorI9ComponentNS_9allocatorIS1_EEE11__vallocateB6v15007Ey CODE
 0001:0000fb90 00000099H .text$_ZNSt3__16vectorI9ComponentNS_9allocatorIS1_EEE18__construct_at_endIPS1_EENS_9enable_ifIXsr27__is_cpp17_forward_iteratorIT_EE5valueEvE4typeES8_S8_y CODE
 0001:0000fc30 0000000fH .text$_ZNSt3__113__transactionINS_6vectorI9ComponentNS_9allocatorIS2_EEE16__destroy_vectorEE10__completeB6v15007Ev CODE
 0001:0000fc40 00000019H .text$_ZNSt3__113__transactionINS_6vectorI9ComponentNS_9allocatorIS2_EEE16__destroy_vectorEED1B6v15007Ev CODE
 0001:0000fc60 0000003cH .text$_ZNSt3__117__compressed_pairIP9ComponentNS_9allocatorIS1_EEEC2B6v15007IDnS4_EEOT_OT0_ CODE
 0001:0000fca0 00000012H .text$_ZNSt3__122__compressed_pair_elemINS_9allocatorI9ComponentEELi1ELb1EEC2B6v15007IS3_vEEOT_ CODE
 0001:0000fcc0 00000023H .text$_ZNSt3__113__transactionINS_6vectorI9ComponentNS_9allocatorIS2_EEE16__destroy_vectorEEC1B6v15007ES6_ CODE
 0001:0000fcf0 00000022H .text$_ZNSt3__113__transactionINS_6vectorI9ComponentNS_9allocatorIS2_EEE16__destroy_vectorEEC2B6v15007ES6_ CODE
 0001:0000fd20 0000010cH .text$_ZNSt3__130__uninitialized_allocator_copyB6v15007INS_9allocatorI9ComponentEEPS2_S4_S4_EET2_RT_T0_T1_S5_ CODE
 0001:0000fe30 0000002dH .text$_ZNSt3__116allocator_traitsINS_9allocatorI9ComponentEEE9constructB6v15007IS2_JRS2_EvEEvRS3_PT_DpOT0_ CODE
 0001:0000fe60 00000037H .text$_ZNSt3__129_AllocatorDestroyRangeReverseINS_9allocatorI9ComponentEEPS2_EC1B6v15007ERS3_RS4_S7_ CODE
 0001:0000fea0 0000005cH .text$_ZNKSt3__129_AllocatorDestroyRangeReverseINS_9allocatorI9ComponentEEPS2_EclB6v15007Ev CODE
 0001:0000ff00 00000028H .text$_ZNSt3__19allocatorI9ComponentE9constructB6v15007IS1_JRS1_EEEvPT_DpOT0_ CODE
 0001:0000ff30 0000003aH .text$_ZNSt3__129_AllocatorDestroyRangeReverseINS_9allocatorI9ComponentEEPS2_EC2B6v15007ERS3_RS4_S7_ CODE
 0001:0000ff70 00000064H .text$_ZNSt3__119__allocator_destroyB6v15007INS_9allocatorI9ComponentEENS_16reverse_iteratorIPS2_EES6_EEvRT_T0_T1_ CODE
 0001:0000ffe0 0000003fH .text$_ZNSt3__113__transactionINS_6vectorI9ComponentNS_9allocatorIS2_EEE16__destroy_vectorEED2B6v15007Ev CODE
 0001:00010020 00000016H .text$_ZNSt3__16vectorI8ComputerNS_9allocatorIS1_EEE21_ConstructTransactionD2Ev CODE
 0001:00010040 000000a0H .text$_ZNKSt3__16vectorI8ComputerNS_9allocatorIS1_EEE11__recommendB6v15007Ey CODE
 0001:000100e0 00000037H .text$_ZNSt3__114__split_bufferI8ComputerRNS_9allocatorIS1_EEEC1EyyS4_ CODE
 0001:00010120 0000014cH .text$_ZNSt3__16vectorI8ComputerNS_9allocatorIS1_EEE26__swap_out_circular_bufferERNS_14__split_bufferIS1_RS3_EE CODE
 0001:00010270 00000019H .text$_ZNSt3__114__split_bufferI8ComputerRNS_9allocatorIS1_EEED1Ev CODE
 0001:00010290 00000059H .text$_ZNKSt3__16vectorI8ComputerNS_9allocatorIS1_EEE8max_sizeEv CODE
 0001:000102f0 00000016H .text$_ZNKSt3__16vectorI8ComputerNS_9allocatorIS1_EEE20__throw_length_errorB6v15007Ev CODE
 0001:00010310 00000019H .text$_ZNSt3__116allocator_traitsINS_9allocatorI8ComputerEEE8max_sizeB6v15007IS3_vEEyRKS3_ CODE
 0001:00010330 0000001dH .text$_ZNKSt3__16vectorI8ComputerNS_9allocatorIS1_EEE7__allocB6v15007Ev CODE
 0001:00010350 00000011H .text$_ZNKSt3__19allocatorI8ComputerE8max_sizeB6v15007Ev CODE
 0001:00010370 00000019H .text$_ZNKSt3__117__compressed_pairIP8ComputerNS_9allocatorIS1_EEE6secondB6v15007Ev CODE
 0001:00010390 0000000bH .text$_ZNKSt3__122__compressed_pair_elemINS_9allocatorI8ComputerEELi1ELb1EE5__getB6v15007Ev CODE
 0001:000103a0 000000caH .text$_ZNSt3__114__split_bufferI8ComputerRNS_9allocatorIS1_EEEC2EyyS4_ CODE
 0001:00010470 0000002dH .text$_ZNSt3__117__compressed_pairIP8ComputerRNS_9allocatorIS1_EEEC1B6v15007IDnS5_EEOT_OT0_ CODE
 0001:000104a0 0000004dH .text$_ZNSt3__119__allocate_at_leastB6v15007INS_9allocatorI8ComputerEEEENS_19__allocation_resultINS_16allocator_traitsIT_E7pointerEEERS6_y CODE
 0001:000104f0 0000001dH .text$_ZNSt3__114__split_bufferI8ComputerRNS_9allocatorIS1_EEE7__allocB6v15007Ev CODE
 0001:00010510 0000001dH .text$_ZNSt3__114__split_bufferI8ComputerRNS_9allocatorIS1_EEE9__end_capB6v15007Ev CODE
 0001:00010530 00000040H .text$_ZNSt3__117__compressed_pairIP8ComputerRNS_9allocatorIS1_EEEC2B6v15007IDnS5_EEOT_OT0_ CODE
 0001:00010570 0000001eH .text$_ZNSt3__122__compressed_pair_elemIRNS_9allocatorI8ComputerEELi1ELb0EEC2B6v15007IS4_vEEOT_ CODE
 0001:00010590 0000004eH .text$_ZNSt3__19allocatorI8ComputerE8allocateB6v15007Ey CODE
 0001:000105e0 0000001dH .text$_ZNSt3__117__compressed_pairIP8ComputerRNS_9allocatorIS1_EEE6secondB6v15007Ev CODE
 0001:00010600 0000000eH .text$_ZNSt3__122__compressed_pair_elemIRNS_9allocatorI8ComputerEELi1ELb0EE5__getB6v15007Ev CODE
 0001:00010610 00000019H .text$_ZNSt3__117__compressed_pairIP8ComputerRNS_9allocatorIS1_EEE5firstB6v15007Ev CODE
 0001:00010630 000001a8H .text$_ZNSt3__142__uninitialized_allocator_move_if_noexceptB6v15007INS_9allocatorI8ComputerEENS_16reverse_iteratorIPS2_EES6_S6_EET2_RT_T0_T1_S7_ CODE
 0001:000107e0 00000023H .text$_ZNSt3__116reverse_iteratorIP8ComputerEC1B6v15007ES2_ CODE
 0001:00010810 0000000fH .text$_ZNKSt3__116reverse_iteratorIP8ComputerE4baseB6v15007Ev CODE
 0001:00010820 0000003bH .text$_ZNSt3__14swapB6v15007IP8ComputerEENS_9enable_ifIXaasr21is_move_constructibleIT_EE5valuesr18is_move_assignableIS4_EE5valueEvE4typeERS4_S7_ CODE
 0001:00010860 000000b3H .text$_ZNKSt3__16vectorI8ComputerNS_9allocatorIS1_EEE14__annotate_newB6v15007Ey CODE
 0001:00010920 00000007H .text$_ZNSt3__125__debug_db_invalidate_allB6v15007INS_6vectorI8ComputerNS_9allocatorIS2_EEEEEEvPT_ CODE
 0001:00010930 0000003fH .text$_ZNSt3__1neB6v15007IP8ComputerS2_EEbRKNS_16reverse_iteratorIT_EERKNS3_IT0_EE CODE
 0001:00010970 0000002dH .text$_ZNSt3__116allocator_traitsINS_9allocatorI8ComputerEEE9constructB6v15007IS2_JS2_EvEEvRS3_PT_DpOT0_ CODE
 0001:000109a0 00000019H .text$_ZNSt3__112__to_addressB6v15007INS_16reverse_iteratorIP8ComputerEEvEENS_5decayIDTclsr19__to_address_helperIT_EE6__callcl7declvalIRKS6_EEEEE4typeES8_ CODE
 0001:000109c0 00000027H .text$_ZNKSt3__116reverse_iteratorIP8ComputerEdeB6v15007Ev CODE
 0001:000109f0 00000017H .text$_ZNSt3__116reverse_iteratorIP8ComputerEppB6v15007Ev CODE
 0001:00010a10 00000037H .text$_ZNSt3__129_AllocatorDestroyRangeReverseINS_9allocatorI8ComputerEENS_16reverse_iteratorIPS2_EEEC1B6v15007ERS3_RS6_S9_ CODE
 0001:00010a50 0000008eH .text$_ZNKSt3__129_AllocatorDestroyRangeReverseINS_9allocatorI8ComputerEENS_16reverse_iteratorIPS2_EEEclB6v15007Ev CODE
 0001:00010ae0 00000028H .text$_ZNSt3__19allocatorI8ComputerE9constructB6v15007IS1_JS1_EEEvPT_DpOT0_ CODE
 0001:00010b10 00000023H .text$_ZN8ComputerC1EOS_ CODE
 0001:00010b40 0000007fH .text$_ZN8ComputerC2EOS_ CODE
 0001:00010bc0 00000023H .text$_ZNSt3__16vectorI9ComponentNS_9allocatorIS1_EEEC1B6v15007EOS4_ CODE
 0001:00010bf0 000000f1H .text$_ZNSt3__16vectorI9ComponentNS_9allocatorIS1_EEEC2B6v15007EOS4_ CODE
 0001:00010cf0 00000012H .text$_ZNSt3__115__debug_db_swapB6v15007INS_6vectorI9ComponentNS_9allocatorIS2_EEEEEEvPT_S7_ CODE
 0001:00010d10 00000036H .text$_ZNSt3__119__to_address_helperINS_16reverse_iteratorIP8ComputerEEvE6__callB6v15007ERKS4_ CODE
 0001:00010d50 00000019H .text$_ZNKSt3__116reverse_iteratorIP8ComputerEptB6v15007Ev CODE
 0001:00010d70 0000003aH .text$_ZNSt3__129_AllocatorDestroyRangeReverseINS_9allocatorI8ComputerEENS_16reverse_iteratorIPS2_EEEC2B6v15007ERS3_RS6_S9_ CODE
 0001:00010db0 00000064H .text$_ZNSt3__119__allocator_destroyB6v15007INS_9allocatorI8ComputerEENS_16reverse_iteratorINS4_IPS2_EEEES7_EEvRT_T0_T1_ CODE
 0001:00010e20 00000019H .text$_ZNSt3__116reverse_iteratorINS0_IP8ComputerEEEC1B6v15007ES3_ CODE
 0001:00010e40 00000045H .text$_ZNSt3__1neB6v15007INS_16reverse_iteratorIP8ComputerEES4_EEbRKNS1_IT_EERKNS1_IT0_EE CODE
 0001:00010e90 00000019H .text$_ZNSt3__112__to_addressB6v15007INS_16reverse_iteratorINS1_IP8ComputerEEEEvEENS_5decayIDTclsr19__to_address_helperIT_EE6__callcl7declvalIRKS7_EEEEE4typeES9_ CODE
 0001:00010eb0 00000026H .text$_ZNSt3__116reverse_iteratorINS0_IP8ComputerEEEppB6v15007Ev CODE
 0001:00010ee0 00000028H .text$_ZNKSt3__116reverse_iteratorINS0_IP8ComputerEEE4baseB6v15007Ev CODE
 0001:00010f10 00000036H .text$_ZNSt3__119__to_address_helperINS_16reverse_iteratorINS1_IP8ComputerEEEEvE6__callB6v15007ERKS5_ CODE
 0001:00010f50 00000019H .text$_ZNKSt3__116reverse_iteratorINS0_IP8ComputerEEEptB6v15007Ev CODE
 0001:00010f70 00000038H .text$_ZNKSt3__116reverse_iteratorINS0_IP8ComputerEEEdeB6v15007Ev CODE
 0001:00010fb0 00000017H .text$_ZNSt3__116reverse_iteratorIP8ComputerEmmB6v15007Ev CODE
 0001:00010fd0 00000029H .text$_ZNSt3__116reverse_iteratorINS0_IP8ComputerEEEC2B6v15007ES3_ CODE
 0001:00011000 00000026H .text$_ZNSt3__116reverse_iteratorIP8ComputerEC2B6v15007ES2_ CODE
 0001:00011030 00000075H .text$_ZNSt3__114__split_bufferI8ComputerRNS_9allocatorIS1_EEED2Ev CODE
 0001:000110b0 0000001dH .text$_ZNSt3__114__split_bufferI8ComputerRNS_9allocatorIS1_EEE5clearB6v15007Ev CODE
 0001:000110d0 00000035H .text$_ZNKSt3__114__split_bufferI8ComputerRNS_9allocatorIS1_EEE8capacityB6v15007Ev CODE
 0001:00011110 00000028H .text$_ZNSt3__114__split_bufferI8ComputerRNS_9allocatorIS1_EEE17__destruct_at_endB6v15007EPS1_ CODE
 0001:00011140 0000007eH .text$_ZNSt3__114__split_bufferI8ComputerRNS_9allocatorIS1_EEE17__destruct_at_endB6v15007EPS1_NS_17integral_constantIbLb0EEE CODE
 0001:000111c0 0000001dH .text$_ZNKSt3__114__split_bufferI8ComputerRNS_9allocatorIS1_EEE9__end_capB6v15007Ev CODE
 0001:000111e0 00000019H .text$_ZNKSt3__117__compressed_pairIP8ComputerRNS_9allocatorIS1_EEE5firstB6v15007Ev CODE
 0001:00011200 00000021H .text$_ZN6System3SetINS_7Uitypes10TMsgDlgBtnELS2_0ELS2_11EEC2Ev CODE
 0001:00011230 0000002dH .text$_ZNSt3__111__wrap_iterIP8ComputerEC1B6v15007EPKvS2_ CODE
 0001:00011260 00000023H .text$_ZNSt3__111__wrap_iterIP8ComputerEC2B6v15007EPKvS2_ CODE
 0001:00011290 00000041H .text$_ZNSt3__1miB6v15007IPK8ComputerS3_EEDTmicldtfp_4baseEcldtfp0_4baseEERKNS_11__wrap_iterIT_EERKNS5_IT0_EE CODE
 0001:000112e0 00000022H .text$_ZNKSt3__16vectorI8ComputerNS_9allocatorIS1_EEE6cbeginB6v15007Ev CODE
 0001:00011310 00000063H .text$_ZNSt3__16vectorI8ComputerNS_9allocatorIS1_EEE17__destruct_at_endB6v15007EPS1_ CODE
 0001:00011380 00000036H .text$_ZNSt3__14moveB6v15007IP8ComputerS2_EET0_T_S4_S3_ CODE
 0001:000113c0 00000012H .text$_ZNSt3__16vectorI8ComputerNS_9allocatorIS1_EEE27__invalidate_iterators_pastB6v15007EPS1_ CODE
 0001:000113e0 0000000eH .text$_ZNKSt3__111__wrap_iterIPK8ComputerE4baseB6v15007Ev CODE
 0001:000113f0 00000025H .text$_ZNKSt3__16vectorI8ComputerNS_9allocatorIS1_EEE5beginB6v15007Ev CODE
 0001:00011420 0000002dH .text$_ZNSt3__111__wrap_iterIPK8ComputerEC1B6v15007EPKvS3_ CODE
 0001:00011450 00000023H .text$_ZNSt3__111__wrap_iterIPK8ComputerEC2B6v15007EPKvS3_ CODE
 0001:00011480 000000b3H .text$_ZNKSt3__16vectorI8ComputerNS_9allocatorIS1_EEE17__annotate_shrinkB6v15007Ey CODE
 0001:00011540 000000b3H .text$_ZNSt3__16__moveB6v15007INS_17_ClassicAlgPolicyEP8ComputerS3_S3_EENS_9enable_ifIXaaaasr21is_copy_constructibleIT0_EE5valuesr21is_copy_constructibleIT1_EE5valuesr21is_copy_constructibleIT2_EE5valueENS_4pairIS5_S7_EEE4typeES5_S6_S7_ CODE
 0001:00011600 0000008bH .text$_ZNSt3__111__move_implB6v15007INS_17_ClassicAlgPolicyEP8ComputerS3_S3_EENS_4pairIT0_T2_EES5_T1_S6_ CODE
 0001:00011690 00000019H .text$_ZNSt3__113__unwrap_iterB6v15007IP8ComputerNS_18__unwrap_iter_implIS2_Lb1EEELi0EEEDTclsrT0_8__unwrapclsr3stdE7declvalIT_EEEES6_ CODE
 0001:000116b0 00000034H .text$_ZNSt3__19make_pairB6v15007IP8ComputerS2_EENS_4pairINS_18__unwrap_ref_decayIT_E4typeENS4_IT0_E4typeEEEOS5_OS8_ CODE
 0001:000116f0 0000003aH .text$_ZNSt3__113__rewrap_iterB6v15007IP8ComputerS2_NS_18__unwrap_iter_implIS2_Lb1EEEEET_S5_T0_ CODE
 0001:00011730 0000001bH .text$_ZNSt3__18_IterOpsINS_17_ClassicAlgPolicyEE11__iter_moveB6v15007IRP8ComputerEENS_9enable_ifIXsr12is_referenceIDTdeclsr3stdE7declvalIRT_EEEEE5valueEDTclsr3stdE4movedeclsr3stdE7declvalIS9_EEEEE4typeEOS8_ CODE
 0001:00011750 0000007fH .text$_ZN8ComputeraSEOS_ CODE
 0001:000117d0 00000001H .text$_ZNSt3__18_IterOpsINS_17_ClassicAlgPolicyEE25__validate_iter_referenceB6v15007IRP8ComputerEEvv CODE
 0001:000117e0 00000031H .text$_ZNSt3__16vectorI9ComponentNS_9allocatorIS1_EEEaSB6v15007EOS4_ CODE
 0001:00011820 00000031H .text$_ZNSt3__112basic_stringIcNS_11char_traitsIcEENS_9allocatorIcEEEaSB6v15007EOS5_ CODE
 0001:00011860 000000b1H .text$_ZNSt3__16vectorI9ComponentNS_9allocatorIS1_EEE13__move_assignERS4_NS_17integral_constantIbLb1EEE CODE
 0001:00011920 00000087H .text$_ZNSt3__16vectorI9ComponentNS_9allocatorIS1_EEE13__vdeallocateEv CODE
 0001:000119b0 00000028H .text$_ZNSt3__16vectorI9ComponentNS_9allocatorIS1_EEE19__move_assign_allocB6v15007ERS4_ CODE
 0001:000119e0 00000037H .text$_ZNSt3__16vectorI9ComponentNS_9allocatorIS1_EEE19__move_assign_allocB6v15007ERS4_NS_17integral_constantIbLb1EEE CODE
 0001:00011a20 000000dcH .text$_ZNSt3__112basic_stringIcNS_11char_traitsIcEENS_9allocatorIcEEE13__move_assignB6v15007ERS5_NS_17integral_constantIbLb1EEE CODE
 0001:00011b00 0000002dH .text$_ZNSt3__116allocator_traitsINS_9allocatorIcEEE10deallocateB6v15007ERS2_Pcy CODE
 0001:00011b30 00000019H .text$_ZNSt3__112basic_stringIcNS_11char_traitsIcEENS_9allocatorIcEEE7__allocB6v15007Ev CODE
 0001:00011b50 00000023H .text$_ZNKSt3__112basic_stringIcNS_11char_traitsIcEENS_9allocatorIcEEE14__get_long_capB6v15007Ev CODE
 0001:00011b80 00000028H .text$_ZNSt3__112basic_stringIcNS_11char_traitsIcEENS_9allocatorIcEEE19__move_assign_allocB6v15007ERS5_ CODE
 0001:00011bb0 0000003bH .text$_ZNSt3__19allocatorIcE10deallocateB6v15007EPcy CODE
 0001:00011bf0 00000019H .text$_ZNSt3__117__compressed_pairINS_12basic_stringIcNS_11char_traitsIcEENS_9allocatorIcEEE5__repES5_E6secondB6v15007Ev CODE
 0001:00011c10 0000000bH .text$_ZNSt3__122__compressed_pair_elemINS_9allocatorIcEELi1ELb1EE5__getB6v15007Ev CODE
 0001:00011c20 00000037H .text$_ZNSt3__112basic_stringIcNS_11char_traitsIcEENS_9allocatorIcEEE19__move_assign_allocB6v15007ERS5_NS_17integral_constantIbLb1EEE CODE
 0001:00011c60 00000019H .text$_ZNSt3__118__unwrap_iter_implIP8ComputerLb1EE8__unwrapB6v15007ES2_ CODE
 0001:00011c80 0000002dH .text$_ZNSt3__14pairIP8ComputerS2_EC1B6v15007IS2_S2_LPv0EEEOT_OT0_ CODE
 0001:00011cb0 00000032H .text$_ZNSt3__14pairIP8ComputerS2_EC2B6v15007IS2_S2_LPv0EEEOT_OT0_ CODE
 0001:00011cf0 00000055H .text$_ZNSt3__118__unwrap_iter_implIP8ComputerLb1EE8__rewrapB6v15007ES2_S2_ CODE
 0001:00011d50 00000049H .text$_ZNSt3__113basic_ostreamIcNS_11char_traitsIcEEEC2B6v15007EPNS_15basic_streambufIcS2_EE CODE
 0001:00011da0 00000375H .text                   CODE
 0001:00012120 00000023H .text$_ZN6System7Classes15TComponentClassC1EPNS_10TMetaClassE CODE
 0001:00012150 00000023H .text$_ZN6System7Classes15TComponentClassC2EPNS_10TMetaClassE CODE
 0001:00012180 0000001eH .text$_ZN6System15DelphiMetaClassINS_7Classes15TComponentClassEEC2EPNS_10TMetaClassE CODE
 0001:000121a0 00004326H .text                   CODE
 0001:000164d0 000000d2H .text$_ZN6System8Sysutils11ERangeErrorC3ENS_13UnicodeStringE CODE
 0001:000165b0 0000004cH .text$_ZN6System8Sysutils11ERangeErrorD0Ev CODE
 0001:00016600 0000005bH .text$_ZN6System8_CharLenIwEEiPKT_ CODE
 0001:00016660 0000005bH .text$_ZN6System8_CharLenIDsEEiPKT_ CODE
 0001:000166c0 00000023H .text$_ZN6System14AnsiStringBaseC2ILt0EEEONS_11AnsiStringTIXT_EEE CODE
 0001:000166f0 0000004dH .text$_ZNK6System14AnsiStringBase8CodePageEv CODE
 0001:00016740 0000003aH .text$_ZNK6System14AnsiStringBaseixEi CODE
 0001:00016780 000000d2H .text$_ZN6System8Sysutils9EIntErrorC3ENS_13UnicodeStringE CODE
 0001:00016860 000000d2H .text$_ZN6System8Sysutils9EExternalC3ENS_13UnicodeStringE CODE
 0001:00016940 0000004cH .text$_ZN6System8Sysutils9EIntErrorD0Ev CODE
 0001:00016990 0000004cH .text$_ZN6System8Sysutils9EExternalD0Ev CODE
 0001:000169e0 00000f18H .text                   CODE
 0001:00017900 0000000bH .text$_ZN6System15DelphiInterfaceINS_10IInterfaceEEadEv CODE
 0001:00017910 0000004dH .text$_ZN6System15DelphiInterfaceINS_10IInterfaceEED2Ev CODE
 0001:00017960 00000029H .text$_ZNSt3__110lock_guardINS_5mutexEEC2B6v15007ERS1_ CODE
 0001:00017990 00000035H .text$_ZNSt3__113unordered_mapIPN6System7Typinfo9TTypeInfoEPSt9type_infoNS_4hashIS4_EENS_8equal_toIS4_EENS_9allocatorINS_4pairIKS4_S6_EEEEEC2B6v15007Ev CODE
 0001:000179d0 00000019H .text$_ZNSt3__113unordered_mapIPN6System7Typinfo9TTypeInfoEPSt9type_infoNS_4hashIS4_EENS_8equal_toIS4_EENS_9allocatorINS_4pairIKS4_S6_EEEEED2B6v15007Ev CODE
 0001:000179f0 00000084H .text$_ZNSt3__113unordered_mapIPN6System7Typinfo9TTypeInfoEPSt9type_infoNS_4hashIS4_EENS_8equal_toIS4_EENS_9allocatorINS_4pairIKS4_S6_EEEEEixERSD_ CODE
 0001:00017a80 0000004aH .text$_ZN6System11AnsiStringTILt65001EEC2ERKNS_13UnicodeStringE CODE
 0001:00017ad0 00000098H .text$_ZNK6System11AnsiStringTILt65001EEplERKS1_ CODE
 0001:00017b70 0000004aH .text$_ZN6System11AnsiStringTILt65001EEC2EPKc CODE
 0001:00017bc0 00000030H .text$_ZN6System11AnsiStringTILt65001EEC2Ev CODE
 0001:00017bf0 0000002cH .text$_ZN6System11AnsiStringTILt65001EEaSERKS1_ CODE
 0001:00017c20 00000019H .text$_ZN6System11AnsiStringTILt65001EED2Ev CODE
 0001:00017c40 00000030H .text$_ZN10__cxxabiv117__class_type_infoC2Ev CODE
 0001:00017c70 00000043H .text$_ZNK6System11AnsiStringTILt65001EE5c_strEv CODE
 0001:00017cc0 0000001cH .text$_ZNSt3__110lock_guardINS_5mutexEED2B6v15007Ev CODE
 0001:00017ce0 00000030H .text$_ZN10__cxxabiv116__shim_type_infoC2Ev CODE
 0001:00017d10 00000083H .text$_ZNSt3__112__hash_tableINS_17__hash_value_typeIPN6System7Typinfo9TTypeInfoEPSt9type_infoEENS_22__unordered_map_hasherIS5_S8_NS_4hashIS5_EENS_8equal_toIS5_EELb1EEENS_21__unordered_map_equalIS5_S8_SD_SB_Lb1EEENS_9allocatorIS8_EEEC2Ev CODE
 0001:00017da0 00000007H .text$_ZNSt3__119__debug_db_insert_cB6v15007INS_13unordered_mapIPN6System7Typinfo9TTypeInfoEPSt9type_infoNS_4hashIS5_EENS_8equal_toIS5_EENS_9allocatorINS_4pairIKS5_S7_EEEEEEEEvPT_ CODE
 0001:00017db0 00000030H .text$_ZNSt3__110unique_ptrIA_PNS_16__hash_node_baseIPNS_11__hash_nodeINS_17__hash_value_typeIPN6System7Typinfo9TTypeInfoEPSt9type_infoEEPvEEEENS_25__bucket_list_deallocatorINS_9allocatorISF_EEEEEC2B6v15007ILb1EvEEv CODE
 0001:00017de0 00000030H .text$_ZNSt3__117__compressed_pairINS_16__hash_node_baseIPNS_11__hash_nodeINS_17__hash_value_typeIPN6System7Typinfo9TTypeInfoEPSt9type_infoEEPvEEEENS_9allocatorISC_EEEC2B6v15007ILb1EvEEv CODE
 0001:00017e10 0000003bH .text$_ZNSt3__117__compressed_pairIyNS_22__unordered_map_hasherIPN6System7Typinfo9TTypeInfoENS_17__hash_value_typeIS5_PSt9type_infoEENS_4hashIS5_EENS_8equal_toIS5_EELb1EEEEC2B6v15007IiNS_18__default_init_tagEEEOT_OT0_ CODE
 0001:00017e50 0000003bH .text$_ZNSt3__117__compressed_pairIfNS_21__unordered_map_equalIPN6System7Typinfo9TTypeInfoENS_17__hash_value_typeIS5_PSt9type_infoEENS_8equal_toIS5_EENS_4hashIS5_EELb1EEEEC2B6v15007IfNS_18__default_init_tagEEEOT_OT0_ CODE
 0001:00017e90 0000003eH .text$_ZNSt3__117__compressed_pairIPPNS_16__hash_node_baseIPNS_11__hash_nodeINS_17__hash_value_typeIPN6System7Typinfo9TTypeInfoEPSt9type_infoEEPvEEEENS_25__bucket_list_deallocatorINS_9allocatorISF_EEEEEC2B6v15007INS_16__value_init_tagESN_EEOT_OT0_ CODE
 0001:00017ed0 0000001cH .text$_ZNSt3__122__compressed_pair_elemIPPNS_16__hash_node_baseIPNS_11__hash_nodeINS_17__hash_value_typeIPN6System7Typinfo9TTypeInfoEPSt9type_infoEEPvEEEELi0ELb0EEC2B6v15007ENS_16__value_init_tagE CODE
 0001:00017ef0 0000001dH .text$_ZNSt3__122__compressed_pair_elemINS_25__bucket_list_deallocatorINS_9allocatorIPNS_16__hash_node_baseIPNS_11__hash_nodeINS_17__hash_value_typeIPN6System7Typinfo9TTypeInfoEPSt9type_infoEEPvEEEEEEEELi1ELb0EEC2B6v15007ENS_16__value_init_tagE CODE
 0001:00017f10 00000038H .text$_ZNSt3__125__bucket_list_deallocatorINS_9allocatorIPNS_16__hash_node_baseIPNS_11__hash_nodeINS_17__hash_value_typeIPN6System7Typinfo9TTypeInfoEPSt9type_infoEEPvEEEEEEEC2B6v15007Ev CODE
 0001:00017f50 0000003bH .text$_ZNSt3__117__compressed_pairIyNS_9allocatorIPNS_16__hash_node_baseIPNS_11__hash_nodeINS_17__hash_value_typeIPN6System7Typinfo9TTypeInfoEPSt9type_infoEEPvEEEEEEEC2B6v15007IiNS_18__default_init_tagEEEOT_OT0_ CODE
 0001:00017f90 00000021H .text$_ZNSt3__122__compressed_pair_elemIyLi0ELb0EEC2B6v15007IivEEOT_ CODE
 0001:00017fc0 0000001dH .text$_ZNSt3__122__compressed_pair_elemINS_9allocatorIPNS_16__hash_node_baseIPNS_11__hash_nodeINS_17__hash_value_typeIPN6System7Typinfo9TTypeInfoEPSt9type_infoEEPvEEEEEELi1ELb1EEC2B6v15007ENS_18__default_init_tagE CODE
 0001:00017fe0 00000019H .text$_ZNSt3__19allocatorIPNS_16__hash_node_baseIPNS_11__hash_nodeINS_17__hash_value_typeIPN6System7Typinfo9TTypeInfoEPSt9type_infoEEPvEEEEEC2B6v15007Ev CODE
 0001:00018000 00000007H .text$_ZNSt3__116__non_trivial_ifILb1ENS_9allocatorIPNS_16__hash_node_baseIPNS_11__hash_nodeINS_17__hash_value_typeIPN6System7Typinfo9TTypeInfoEPSt9type_infoEEPvEEEEEEEC2B6v15007Ev CODE
 0001:00018010 0000001dH .text$_ZNSt3__122__compressed_pair_elemINS_16__hash_node_baseIPNS_11__hash_nodeINS_17__hash_value_typeIPN6System7Typinfo9TTypeInfoEPSt9type_infoEEPvEEEELi0ELb0EEC2B6v15007ENS_16__value_init_tagE CODE
 0001:00018030 0000001dH .text$_ZNSt3__122__compressed_pair_elemINS_9allocatorINS_11__hash_nodeINS_17__hash_value_typeIPN6System7Typinfo9TTypeInfoEPSt9type_infoEEPvEEEELi1ELb1EEC2B6v15007ENS_16__value_init_tagE CODE
 0001:00018050 00000012H .text$_ZNSt3__116__hash_node_baseIPNS_11__hash_nodeINS_17__hash_value_typeIPN6System7Typinfo9TTypeInfoEPSt9type_infoEEPvEEEC2B6v15007Ev CODE
 0001:00018070 00000019H .text$_ZNSt3__19allocatorINS_11__hash_nodeINS_17__hash_value_typeIPN6System7Typinfo9TTypeInfoEPSt9type_infoEEPvEEEC2B6v15007Ev CODE
 0001:00018090 00000007H .text$_ZNSt3__116__non_trivial_ifILb1ENS_9allocatorINS_11__hash_nodeINS_17__hash_value_typeIPN6System7Typinfo9TTypeInfoEPSt9type_infoEEPvEEEEEC2B6v15007Ev CODE
 0001:000180a0 0000001dH .text$_ZNSt3__122__compressed_pair_elemINS_22__unordered_map_hasherIPN6System7Typinfo9TTypeInfoENS_17__hash_value_typeIS5_PSt9type_infoEENS_4hashIS5_EENS_8equal_toIS5_EELb1EEELi1ELb1EEC2B6v15007ENS_18__default_init_tagE CODE
 0001:000180c0 00000007H .text$_ZNSt3__122__unordered_map_hasherIPN6System7Typinfo9TTypeInfoENS_17__hash_value_typeIS4_PSt9type_infoEENS_4hashIS4_EENS_8equal_toIS4_EELb1EEC2B6v15007Ev CODE
 0001:000180d0 00000023H .text$_ZNSt3__122__compressed_pair_elemIfLi0ELb0EEC2B6v15007IfvEEOT_ CODE
 0001:00018100 0000001dH .text$_ZNSt3__122__compressed_pair_elemINS_21__unordered_map_equalIPN6System7Typinfo9TTypeInfoENS_17__hash_value_typeIS5_PSt9type_infoEENS_8equal_toIS5_EENS_4hashIS5_EELb1EEELi1ELb1EEC2B6v15007ENS_18__default_init_tagE CODE
 0001:00018120 00000007H .text$_ZNSt3__121__unordered_map_equalIPN6System7Typinfo9TTypeInfoENS_17__hash_value_typeIS4_PSt9type_infoEENS_8equal_toIS4_EENS_4hashIS4_EELb1EEC2B6v15007Ev CODE
 0001:00018130 00000051H .text$_ZNSt3__112__hash_tableINS_17__hash_value_typeIPN6System7Typinfo9TTypeInfoEPSt9type_infoEENS_22__unordered_map_hasherIS5_S8_NS_4hashIS5_EENS_8equal_toIS5_EELb1EEENS_21__unordered_map_equalIS5_S8_SD_SB_Lb1EEENS_9allocatorIS8_EEED2Ev CODE
 0001:00018190 000000adH .text$_ZNSt3__112__hash_tableINS_17__hash_value_typeIPN6System7Typinfo9TTypeInfoEPSt9type_infoEENS_22__unordered_map_hasherIS5_S8_NS_4hashIS5_EENS_8equal_toIS5_EELb1EEENS_21__unordered_map_equalIS5_S8_SD_SB_Lb1EEENS_9allocatorIS8_EEE17__deallocate_nodeEPNS_16__hash_node_baseIPNS_11__hash_nodeIS8_PvEEEE CODE
 0001:00018240 00000019H .text$_ZNSt3__117__compressed_pairINS_16__hash_node_baseIPNS_11__hash_nodeINS_17__hash_value_typeIPN6System7Typinfo9TTypeInfoEPSt9type_infoEEPvEEEENS_9allocatorISC_EEE5firstB6v15007Ev CODE
 0001:00018260 00000007H .text$_ZNSt3__118__debug_db_erase_cB6v15007INS_12__hash_tableINS_17__hash_value_typeIPN6System7Typinfo9TTypeInfoEPSt9type_infoEENS_22__unordered_map_hasherIS6_S9_NS_4hashIS6_EENS_8equal_toIS6_EELb1EEENS_21__unordered_map_equalIS6_S9_SE_SC_Lb1EEENS_9allocatorIS9_EEEEEEvPT_ CODE
 0001:00018270 0000001dH .text$_ZNSt3__110unique_ptrIA_PNS_16__hash_node_baseIPNS_11__hash_nodeINS_17__hash_value_typeIPN6System7Typinfo9TTypeInfoEPSt9type_infoEEPvEEEENS_25__bucket_list_deallocatorINS_9allocatorISF_EEEEED2B6v15007Ev CODE
 0001:00018290 0000001dH .text$_ZNSt3__112__hash_tableINS_17__hash_value_typeIPN6System7Typinfo9TTypeInfoEPSt9type_infoEENS_22__unordered_map_hasherIS5_S8_NS_4hashIS5_EENS_8equal_toIS5_EELb1EEENS_21__unordered_map_equalIS5_S8_SD_SB_Lb1EEENS_9allocatorIS8_EEE12__node_allocB6v15007Ev CODE
 0001:000182b0 00000019H .text$_ZNSt3__116__hash_node_baseIPNS_11__hash_nodeINS_17__hash_value_typeIPN6System7Typinfo9TTypeInfoEPSt9type_infoEEPvEEE8__upcastB6v15007Ev CODE
 0001:000182d0 00000012H .text$_ZNSt3__116allocator_traitsINS_9allocatorINS_11__hash_nodeINS_17__hash_value_typeIPN6System7Typinfo9TTypeInfoEPSt9type_infoEEPvEEEEE7destroyB6v15007INS_4pairIKS7_S9_EEvvEEvRSD_PT_ CODE
 0001:000182f0 00000019H .text$_ZNSt3__122__hash_key_value_typesINS_17__hash_value_typeIPN6System7Typinfo9TTypeInfoEPSt9type_infoEEE9__get_ptrB6v15007ERS8_ CODE
 0001:00018310 0000002dH .text$_ZNSt3__116allocator_traitsINS_9allocatorINS_11__hash_nodeINS_17__hash_value_typeIPN6System7Typinfo9TTypeInfoEPSt9type_infoEEPvEEEEE10deallocateB6v15007ERSD_PSC_y CODE
 0001:00018340 00000019H .text$_ZNSt3__117__compressed_pairINS_16__hash_node_baseIPNS_11__hash_nodeINS_17__hash_value_typeIPN6System7Typinfo9TTypeInfoEPSt9type_infoEEPvEEEENS_9allocatorISC_EEE6secondB6v15007Ev CODE
 0001:00018360 0000000bH .text$_ZNSt3__122__compressed_pair_elemINS_9allocatorINS_11__hash_nodeINS_17__hash_value_typeIPN6System7Typinfo9TTypeInfoEPSt9type_infoEEPvEEEELi1ELb1EE5__getB6v15007Ev CODE
 0001:00018370 0000000bH .text$_ZNSt3__114pointer_traitsIPNS_16__hash_node_baseIPNS_11__hash_nodeINS_17__hash_value_typeIPN6System7Typinfo9TTypeInfoEPSt9type_infoEEPvEEEEE10pointer_toB6v15007ERSE_ CODE
 0001:00018380 00000019H .text$_ZNSt3__117__hash_value_typeIPN6System7Typinfo9TTypeInfoEPSt9type_infoE11__get_valueB6v15007Ev CODE
 0001:000183a0 00000019H .text$_ZNSt3__17launderB6v15007INS_4pairIKPN6System7Typinfo9TTypeInfoEPSt9type_infoEEEEPT_SB_ CODE
 0001:000183c0 0000000bH .text$_ZNSt3__19__launderB6v15007INS_4pairIKPN6System7Typinfo9TTypeInfoEPSt9type_infoEEEEPT_SB_ CODE
 0001:000183d0 0000003fH .text$_ZNSt3__19allocatorINS_11__hash_nodeINS_17__hash_value_typeIPN6System7Typinfo9TTypeInfoEPSt9type_infoEEPvEEE10deallocateB6v15007EPSB_y CODE
 0001:00018410 0000000bH .text$_ZNSt3__122__compressed_pair_elemINS_16__hash_node_baseIPNS_11__hash_nodeINS_17__hash_value_typeIPN6System7Typinfo9TTypeInfoEPSt9type_infoEEPvEEEELi0ELb0EE5__getB6v15007Ev CODE
 0001:00018420 0000005fH .text$_ZNSt3__110unique_ptrIA_PNS_16__hash_node_baseIPNS_11__hash_nodeINS_17__hash_value_typeIPN6System7Typinfo9TTypeInfoEPSt9type_infoEEPvEEEENS_25__bucket_list_deallocatorINS_9allocatorISF_EEEEE5resetB6v15007EDn CODE
 0001:00018480 00000019H .text$_ZNSt3__117__compressed_pairIPPNS_16__hash_node_baseIPNS_11__hash_nodeINS_17__hash_value_typeIPN6System7Typinfo9TTypeInfoEPSt9type_infoEEPvEEEENS_25__bucket_list_deallocatorINS_9allocatorISF_EEEEE5firstB6v15007Ev CODE
 0001:000184a0 0000001dH .text$_ZNSt3__117__compressed_pairIPPNS_16__hash_node_baseIPNS_11__hash_nodeINS_17__hash_value_typeIPN6System7Typinfo9TTypeInfoEPSt9type_infoEEPvEEEENS_25__bucket_list_deallocatorINS_9allocatorISF_EEEEE6secondB6v15007Ev CODE
 0001:000184c0 0000004eH .text$_ZNSt3__125__bucket_list_deallocatorINS_9allocatorIPNS_16__hash_node_baseIPNS_11__hash_nodeINS_17__hash_value_typeIPN6System7Typinfo9TTypeInfoEPSt9type_infoEEPvEEEEEEEclB6v15007EPSG_ CODE
 0001:00018510 0000000bH .text$_ZNSt3__122__compressed_pair_elemIPPNS_16__hash_node_baseIPNS_11__hash_nodeINS_17__hash_value_typeIPN6System7Typinfo9TTypeInfoEPSt9type_infoEEPvEEEELi0ELb0EE5__getB6v15007Ev CODE
 0001:00018520 0000000bH .text$_ZNSt3__122__compressed_pair_elemINS_25__bucket_list_deallocatorINS_9allocatorIPNS_16__hash_node_baseIPNS_11__hash_nodeINS_17__hash_value_typeIPN6System7Typinfo9TTypeInfoEPSt9type_infoEEPvEEEEEEEELi1ELb0EE5__getB6v15007Ev CODE
 0001:00018530 0000002dH .text$_ZNSt3__116allocator_traitsINS_9allocatorIPNS_16__hash_node_baseIPNS_11__hash_nodeINS_17__hash_value_typeIPN6System7Typinfo9TTypeInfoEPSt9type_infoEEPvEEEEEEE10deallocateB6v15007ERSH_PSG_y CODE
 0001:00018560 00000019H .text$_ZNSt3__125__bucket_list_deallocatorINS_9allocatorIPNS_16__hash_node_baseIPNS_11__hash_nodeINS_17__hash_value_typeIPN6System7Typinfo9TTypeInfoEPSt9type_infoEEPvEEEEEEE7__allocB6v15007Ev CODE
 0001:00018580 00000019H .text$_ZNSt3__125__bucket_list_deallocatorINS_9allocatorIPNS_16__hash_node_baseIPNS_11__hash_nodeINS_17__hash_value_typeIPN6System7Typinfo9TTypeInfoEPSt9type_infoEEPvEEEEEEE4sizeB6v15007Ev CODE
 0001:000185a0 0000003fH .text$_ZNSt3__19allocatorIPNS_16__hash_node_baseIPNS_11__hash_nodeINS_17__hash_value_typeIPN6System7Typinfo9TTypeInfoEPSt9type_infoEEPvEEEEE10deallocateB6v15007EPSF_y CODE
 0001:000185e0 00000019H .text$_ZNSt3__117__compressed_pairIyNS_9allocatorIPNS_16__hash_node_baseIPNS_11__hash_nodeINS_17__hash_value_typeIPN6System7Typinfo9TTypeInfoEPSt9type_infoEEPvEEEEEEE6secondB6v15007Ev CODE
 0001:00018600 0000000bH .text$_ZNSt3__122__compressed_pair_elemINS_9allocatorIPNS_16__hash_node_baseIPNS_11__hash_nodeINS_17__hash_value_typeIPN6System7Typinfo9TTypeInfoEPSt9type_infoEEPvEEEEEELi1ELb1EE5__getB6v15007Ev CODE
 0001:00018610 00000019H .text$_ZNSt3__117__compressed_pairIyNS_9allocatorIPNS_16__hash_node_baseIPNS_11__hash_nodeINS_17__hash_value_typeIPN6System7Typinfo9TTypeInfoEPSt9type_infoEEPvEEEEEEE5firstB6v15007Ev CODE
 0001:00018630 0000000bH .text$_ZNSt3__122__compressed_pair_elemIyLi0ELb0EE5__getB6v15007Ev CODE
 0001:00018640 0000076cH .text$_ZNSt3__112__hash_tableINS_17__hash_value_typeIPN6System7Typinfo9TTypeInfoEPSt9type_infoEENS_22__unordered_map_hasherIS5_S8_NS_4hashIS5_EENS_8equal_toIS5_EELb1EEENS_21__unordered_map_equalIS5_S8_SD_SB_Lb1EEENS_9allocatorIS8_EEE25__emplace_unique_key_argsIS5_JRKNS_21piecewise_construct_tENS_5tupleIJRKS5_EEENSO_IJEEEEEENS_4pairINS_15__hash_iteratorIPNS_11__hash_nodeIS8_PvEEEEbEERKT_DpOT0_ CODE
 0001:00018db0 00000022H .text$_ZNSt3__116forward_as_tupleB6v15007IJRKPN6System7Typinfo9TTypeInfoEEEENS_5tupleIJDpOT_EEESA_ CODE
 0001:00018de0 00000006H .text$_ZNSt3__116forward_as_tupleB6v15007IJEEENS_5tupleIJDpOT_EEES4_ CODE
 0001:00018df0 00000028H .text$_ZNKSt3__115__hash_iteratorIPNS_11__hash_nodeINS_17__hash_value_typeIPN6System7Typinfo9TTypeInfoEPSt9type_infoEEPvEEEptB6v15007Ev CODE
 0001:00018e20 0000001dH .text$_ZNSt3__112__hash_tableINS_17__hash_value_typeIPN6System7Typinfo9TTypeInfoEPSt9type_infoEENS_22__unordered_map_hasherIS5_S8_NS_4hashIS5_EENS_8equal_toIS5_EELb1EEENS_21__unordered_map_equalIS5_S8_SD_SB_Lb1EEENS_9allocatorIS8_EEE13hash_functionB6v15007Ev CODE
 0001:00018e40 00000026H .text$_ZNKSt3__122__unordered_map_hasherIPN6System7Typinfo9TTypeInfoENS_17__hash_value_typeIS4_PSt9type_infoEENS_4hashIS4_EENS_8equal_toIS4_EELb1EEclB6v15007ERKS4_ CODE
 0001:00018e70 00000021H .text$_ZNKSt3__112__hash_tableINS_17__hash_value_typeIPN6System7Typinfo9TTypeInfoEPSt9type_infoEENS_22__unordered_map_hasherIS5_S8_NS_4hashIS5_EENS_8equal_toIS5_EELb1EEENS_21__unordered_map_equalIS5_S8_SD_SB_Lb1EEENS_9allocatorIS8_EEE12bucket_countB6v15007Ev CODE
 0001:00018ea0 00000087H .text$_ZNSt3__116__constrain_hashB6v15007Eyy CODE
 0001:00018f30 0000002cH .text$_ZNKSt3__110unique_ptrIA_PNS_16__hash_node_baseIPNS_11__hash_nodeINS_17__hash_value_typeIPN6System7Typinfo9TTypeInfoEPSt9type_infoEEPvEEEENS_25__bucket_list_deallocatorINS_9allocatorISF_EEEEEixB6v15007Ey CODE
 0001:00018f60 0000000fH .text$_ZNKSt3__116__hash_node_baseIPNS_11__hash_nodeINS_17__hash_value_typeIPN6System7Typinfo9TTypeInfoEPSt9type_infoEEPvEEE6__hashB6v15007Ev CODE
 0001:00018f70 0000001dH .text$_ZNSt3__112__hash_tableINS_17__hash_value_typeIPN6System7Typinfo9TTypeInfoEPSt9type_infoEENS_22__unordered_map_hasherIS5_S8_NS_4hashIS5_EENS_8equal_toIS5_EELb1EEENS_21__unordered_map_equalIS5_S8_SD_SB_Lb1EEENS_9allocatorIS8_EEE6key_eqB6v15007Ev CODE
 0001:00018f90 00000043H .text$_ZNKSt3__121__unordered_map_equalIPN6System7Typinfo9TTypeInfoENS_17__hash_value_typeIS4_PSt9type_infoEENS_8equal_toIS4_EENS_4hashIS4_EELb1EEclB6v15007ERKS8_RKS4_ CODE
 0001:00018fe0 000001a9H .text$_ZNSt3__112__hash_tableINS_17__hash_value_typeIPN6System7Typinfo9TTypeInfoEPSt9type_infoEENS_22__unordered_map_hasherIS5_S8_NS_4hashIS5_EENS_8equal_toIS5_EELb1EEENS_21__unordered_map_equalIS5_S8_SD_SB_Lb1EEENS_9allocatorIS8_EEE21__construct_node_hashIRKNS_21piecewise_construct_tEJNS_5tupleIJRKS5_EEENSO_IJEEEEEENS_10unique_ptrINS_11__hash_nodeIS8_PvEENS_22__hash_node_destructorINSH_ISW_EEEEEEyOT_DpOT0_ CODE
 0001:00019190 0000001dH .text$_ZNSt3__112__hash_tableINS_17__hash_value_typeIPN6System7Typinfo9TTypeInfoEPSt9type_infoEENS_22__unordered_map_hasherIS5_S8_NS_4hashIS5_EENS_8equal_toIS5_EELb1EEENS_21__unordered_map_equalIS5_S8_SD_SB_Lb1EEENS_9allocatorIS8_EEE4sizeB6v15007Ev CODE
 0001:000191b0 0000001dH .text$_ZNSt3__112__hash_tableINS_17__hash_value_typeIPN6System7Typinfo9TTypeInfoEPSt9type_infoEENS_22__unordered_map_hasherIS5_S8_NS_4hashIS5_EENS_8equal_toIS5_EELb1EEENS_21__unordered_map_equalIS5_S8_SD_SB_Lb1EEENS_9allocatorIS8_EEE15max_load_factorB6v15007Ev CODE
 0001:000191d0 00000023H .text$_ZNSt3__112__hash_tableINS_17__hash_value_typeIPN6System7Typinfo9TTypeInfoEPSt9type_infoEENS_22__unordered_map_hasherIS5_S8_NS_4hashIS5_EENS_8equal_toIS5_EELb1EEENS_21__unordered_map_equalIS5_S8_SD_SB_Lb1EEENS_9allocatorIS8_EEE15__rehash_uniqueB6v15007Ey CODE
 0001:00019200 00000047H .text$_ZNSt3__116__is_hash_power2B6v15007Ey CODE
 0001:00019250 0000001bH .text$_Z4ceilB6v15007f  CODE
 0001:00019270 00000019H .text$_ZNSt3__116__hash_node_baseIPNS_11__hash_nodeINS_17__hash_value_typeIPN6System7Typinfo9TTypeInfoEPSt9type_infoEEPvEEE5__ptrB6v15007Ev CODE
 0001:00019290 0000001bH .text$_ZNKSt3__110unique_ptrINS_11__hash_nodeINS_17__hash_value_typeIPN6System7Typinfo9TTypeInfoEPSt9type_infoEEPvEENS_22__hash_node_destructorINS_9allocatorISB_EEEEEptB6v15007Ev CODE
 0001:000192b0 0000001bH .text$_ZNKSt3__110unique_ptrINS_11__hash_nodeINS_17__hash_value_typeIPN6System7Typinfo9TTypeInfoEPSt9type_infoEEPvEENS_22__hash_node_destructorINS_9allocatorISB_EEEEE3getB6v15007Ev CODE
 0001:000192d0 0000003bH .text$_ZNSt3__110unique_ptrINS_11__hash_nodeINS_17__hash_value_typeIPN6System7Typinfo9TTypeInfoEPSt9type_infoEEPvEENS_22__hash_node_destructorINS_9allocatorISB_EEEEE7releaseB6v15007Ev CODE
[...]
 0002:00013d24       $unwind$_ZN6System8Internal7Initcpp15InitializeUnitsEPNS1_20TUnitDescriptorBlockES3_ 0000000140035d24     rtl:System.Internal.InitCPP.o
 0002:00013d30       $unwind$_ZN6System8Internal7Initcpp13FinalizeUnitsEPNS1_20TUnitDescriptorBlockES3_ 0000000140035d30     rtl:System.Internal.InitCPP.o
 0002:00013d38       $unwind$_ZN6System8Internal7Initcpp15InitializeUnitsEPPNS1_20TUnitDescriptorBlockES4_ 0000000140035d38     rtl:System.Internal.InitCPP.o
 0002:00013d44       $unwind$_ZN6System8Internal7Initcpp13FinalizeUnitsEPPNS1_20TUnitDescriptorBlockES4_ 0000000140035d44     rtl:System.Internal.InitCPP.o
 0002:00013d4c       $unwind$_ZN6System8Internal7Initcpp15InitializeUnitsEPNS1_15TUnitDescriptorES3_ 0000000140035d4c     rtl:System.Internal.InitCPP.o
 0002:00013d54       $unwind$_ZN6System8Internal7Initcpp13FinalizeUnitsEPNS1_15TUnitDescriptorES3_ 0000000140035d54     rtl:System.Internal.InitCPP.o
 0002:00013d5c       $unwind$_ZN6System8Internal7Initcpp15CalculateDegreeEPNS1_20TUnitDescriptorBlockES3_ 0000000140035d5c     rtl:System.Internal.InitCPP.o
 0002:00013d60       $unwind$_ZN6System8Internal7Initcpp15CalculateDegreeEPPNS1_20TUnitDescriptorBlockES4_ 0000000140035d60     rtl:System.Internal.InitCPP.o
 0002:00013d64       $unwind$_ZN6System8Internal7Initcpp16FinalizeUnitListEPPPNS1_15TUnitDescriptorES5_ 0000000140035d64     rtl:System.Internal.InitCPP.o
 0002:00013da0       $unwind$_ZN6System8Internal7Initcpp18InitializeRootUnitEPNS1_15TUnitDescriptorE 0000000140035da0     rtl:System.Internal.InitCPP.o
 0002:00013e54       $unwind$_ZN6System8Internal7Initcpp16FinalizeRootUnitEPNS1_15TUnitDescriptorE 0000000140035e54     rtl:System.Internal.InitCPP.o
 0002:00013e90       $unwind$_ZN6System8Internal7Initcpp12FinalizationEv 0000000140035e90     rtl:System.Internal.InitCPP.o
 0002:00013e94       $unwind$_ZN6System8Internal7Initcpp14initializationEv 0000000140035e94     rtl:System.Internal.InitCPP.o
 0004:00000000       version_string             0000000140037000     crtbegin.o
 0004:000000e8       _ZN7Sysinit6ModuleE        00000001400370e8     sysinit.o
 0004:00000120       _ZN7Sysinit7TlsProcE       0000000140037120     sysinit.o
 0004:00000140       _ZN7Sysinit21_dtors_delayhlp_65535E 0000000140037140     sysinit.o
 0004:00000160       initial_tznames            0000000140037160     libucrt:lib64_libucrt_extra_a-ucrtbase_compat.o
 0004:00000178       initial_timezone           0000000140037178     libucrt:lib64_libucrt_extra_a-ucrtbase_compat.o
 0004:00000188       initial_daylight           0000000140037188     libucrt:lib64_libucrt_extra_a-ucrtbase_compat.o
 0004:000001c8       initial_tzname0            00000001400371c8     libucrt:lib64_libucrt_extra_a-ucrtbase_compat.o
 0004:000001cc       initial_tzname1            00000001400371cc     libucrt:lib64_libucrt_extra_a-ucrtbase_compat.o
 0004:000001e8       __do_global_dtors.p        00000001400371e8     libmingw32:lib64_libmingw32_a-gccmain.o
 0004:00000208       _ZZN6System19CheckSafecallResultElE13__init_comobj 0000000140037208     rtle:syssupp.o
 0004:00000244       managedapp                 0000000140037244     crt2u.o
 0004:00000248       startinfo                  0000000140037248     crt2u.o
 0004:0000024c       argc                       000000014003724c     crt2u.o
 0004:00000250       argv                       0000000140037250     crt2u.o
 0004:00000258       envp                       0000000140037258     crt2u.o
 0004:00000260       argret                     0000000140037260     crt2u.o
 0004:00000264       has_cctor                  0000000140037264     crt2u.o
 0004:00000268       mainret                    0000000140037268     crt2u.o
 0004:000002b0       _ZN7Sysinit2_1E            00000001400372b0     sysinit.o
 0004:000002b8       _ZN7Sysinit9tlsBufferE     00000001400372b8     sysinit.o
 0004:000002c0       _ZN7Sysinit9UseTlsAPIE     00000001400372c0     sysinit.o
 0004:000002c8       .bss.delayhlp              00000001400372c8     sysinit.o
 0004:000002c8       ..__puiHead                00000001400372c8     sysinit.o
 0004:000002f0       _ZN6System8Internal7Strhlpr2_1E 00000001400372f0     rtl:System.Internal.StrHlpr.o
 0004:000002f8       local__initenv             00000001400372f8     libucrt:lib64_libucrt_extra_a-__initenv.o
 0004:00000300       local__winitenv            0000000140037300     libucrt:lib64_libucrt_extra_a-__initenv.o
 0004:00000308       initialized                0000000140037308     libmingw32:lib64_libmingw32_a-gccmain.o
 0004:00000340       _pei386_runtime_relocator.was_init 0000000140037340     libmingw32:lib64_libmingw32_a-pseudo-reloc.o
 0004:00000348       the_secs                   0000000140037348     libmingw32:lib64_libmingw32_a-pseudo-reloc.o
 0004:00000350       maxSections                0000000140037350     libmingw32:lib64_libmingw32_a-pseudo-reloc.o
 0004:00000358       stUserMathErr              0000000140037358     libmingw32:lib64_libmingw32_a-usermatherr.o
 0004:00000378       _ZZ18__delphi_type_infoE15type_info_mutex 0000000140037378     rtle:syssupp.o
 0004:00000380       _ZZ18__delphi_type_infoE13type_info_map 0000000140037380     rtle:syssupp.o
 0004:000003a8       _ZGVZ18__delphi_type_infoE13type_info_map 00000001400373a8     rtle:syssupp.o
 0004:000003b8       __mingwthr_cs_init         00000001400373b8     libmingw32:lib64_libmingw32_a-tlsthrd.o
 0004:000003c0       __mingwthr_cs              00000001400373c0     libmingw32:lib64_libmingw32_a-tlsthrd.o
 0004:000003e8       key_dtor_list              00000001400373e8     libmingw32:lib64_libmingw32_a-tlsthrd.o
 0004:000003f4       _ZN6System8Internal7Initcpp2_1E 00000001400373f4     rtl:System.Internal.InitCPP.o
 0005:0000006c       $pdata$_ZN7Sysinit19InterlockedExchangeERii 000000014003806c     sysinit.o
 0005:00000078       $pdata$_ZN7Sysinit26InterlockedExchangePointerERPvS0_ 0000000140038078     sysinit.o
 0005:00000084       $pdata$_ZN7Sysinit17SetDliNotifyHook2EPFPv15dliNotificationP13DelayLoadInfoE 0000000140038084     sysinit.o
 0005:00000090       $pdata$_ZN7Sysinit14DliNotifyHook2Ev 0000000140038090     sysinit.o
 0005:0000009c       $pdata$_ZN7Sysinit18SetDliFailureHook2EPFPv15dliNotificationP13DelayLoadInfoE 000000014003809c     sysinit.o
 0005:000000a8       $pdata$_ZN7Sysinit15DliFailureHook2Ev 00000001400380a8     sysinit.o
 0005:000000b4       $pdata$_ZN7Sysinit17_DelayLoadHelper2ERPvS0_ 00000001400380b4     sysinit.o
 0005:000000c0       $pdata$_ZN7Sysinit21UnloadDelayLoadedDLL2EPc 00000001400380c0     sysinit.o
 0005:000000cc       $pdata$_ZN7Sysinit20LoadAllImportsForDllEPc 00000001400380cc     sysinit.o
 0005:000000d8       $pdata$_ZN7Sysinit14AllocTlsBufferEi 00000001400380d8     sysinit.o
 0005:000000e4       $pdata$_ZN7Sysinit10GetTlsSizeEv 00000001400380e4     sysinit.o
 0005:000000f0       $pdata$_ZN7Sysinit13InitThreadTLSEv 00000001400380f0     sysinit.o
 0005:000000fc       $pdata$_ZN7Sysinit14InitProcessTLSEv 00000001400380fc     sysinit.o
 0005:00000108       $pdata$_ZN7Sysinit13ExitThreadTLSEv 0000000140038108     sysinit.o
 0005:00000114       $pdata$_ZN7Sysinit14ExitProcessTLSEv 0000000140038114     sysinit.o
 0005:00000120       $pdata$_ZN7Sysinit6isWineEv 0000000140038120     sysinit.o
 0005:0000012c       $pdata$_ZN7Sysinit7_GetTlsEv 000000014003812c     sysinit.o
 0005:00000138       $pdata$_ZN7Sysinit16InitializeModuleEv 0000000140038138     sysinit.o
 0005:00000144       $pdata$_ZN7Sysinit18UninitializeModuleEv 0000000140038144     sysinit.o
 0005:00000150       $pdata$_ZN7Sysinit7VclInitEbbyb 0000000140038150     sysinit.o
 0005:0000015c       $pdata$_ZN7Sysinit7VclExitEv 000000014003815c     sysinit.o
 0005:00000168       $pdata$_ZN7Sysinit14__dbkDummyProcEv 0000000140038168     sysinit.o
 0005:00000174       $pdata$_ZN7Sysinit14__dbkFCallArgsEPvS0_S0_S0_S0_S0_S0_S0_S0_S0_S0_S0_S0_S0_S0_S0_S0_S0_S0_S0_S0_S0_S0_S0_S0_S0_S0_S0_S0_S0_ 0000000140038174     sysinit.o
 0005:00000180       $pdata$_ZN7Sysinit19__dbk_fcall_wrapperEv 0000000140038180     sysinit.o
 0005:00000198       $pdata$_ZN7Sysinit8_InitPkgEyiPv 0000000140038198     sysinit.o
 0005:000001a4       $pdata$_ZN7Sysinit12_PackageLoadEPN6System16PackageInfoTableE 00000001400381a4     sysinit.o
 0005:000001b0       $pdata$_ZN7Sysinit14_PackageUnloadEPN6System16PackageInfoTableE 00000001400381b0     sysinit.o
 0005:000001bc       $pdata$_ZN7Sysinit8_InitLibEPN6System12TInitContextEPNS0_16PackageInfoTableEyjPv 00000001400381bc     sysinit.o
 0005:000001c8       $pdata$_ZN7Sysinit8_InitExeEPv 00000001400381c8     sysinit.o
 0005:000001d4       $pdata$delayhlp            00000001400381d4     sysinit.o
 0005:00000204       $pdata$_ZN7Sysinit12FinalizationEv 0000000140038204     sysinit.o
 0005:00000210       $pdata$_ZN7Sysinit14initializationEv 0000000140038210     sysinit.o
 0005:00001eb4       $pdata$_ZN6System8Internal7Strhlpr15UnicodeFromAnsiERNS_13UnicodeStringERNS_11AnsiStringTILt65535EEE 0000000140039eb4     rtl:System.Internal.StrHlpr.o
 0005:00001ec0       $pdata$_ZN6System8Internal7Strhlpr16UnicodeFromPCharERNS_13UnicodeStringEPcb 0000000140039ec0     rtl:System.Internal.StrHlpr.o
 0005:00001ed8       $pdata$_ZN6System8Internal7Strhlpr15UnicodeFromUTF8ERNS_13UnicodeStringEPKc 0000000140039ed8     rtl:System.Internal.StrHlpr.o
 0005:00001ee4       $pdata$_ZN6System8Internal7Strhlpr20UnicodeFromPWideCharERNS_13UnicodeStringEPw 0000000140039ee4     rtl:System.Internal.StrHlpr.o
 0005:00001ef0       $pdata$_ZN6System8Internal7Strhlpr13UnicodeAppendERNS_13UnicodeStringES3_ 0000000140039ef0     rtl:System.Internal.StrHlpr.o
 0005:00001efc       $pdata$_ZN6System8Internal7Strhlpr10UnicodeCatERNS_13UnicodeStringES3_ 0000000140039efc     rtl:System.Internal.StrHlpr.o
 0005:00001f08       $pdata$_ZN6System8Internal7Strhlpr13UnicodeDeleteERNS_13UnicodeStringEii 0000000140039f08     rtl:System.Internal.StrHlpr.o
 0005:00001f14       $pdata$_ZN6System8Internal7Strhlpr16UnicodeSetLengthERNS_13UnicodeStringEi 0000000140039f14     rtl:System.Internal.StrHlpr.o
 0005:00001f20       $pdata$_ZN6System8Internal7Strhlpr10UnicodePosERNS_13UnicodeStringES3_ 0000000140039f20     rtl:System.Internal.StrHlpr.o
 0005:00001f2c       $pdata$_ZN6System8Internal7Strhlpr11UnicodeCopyERNS_13UnicodeStringEii 0000000140039f2c     rtl:System.Internal.StrHlpr.o
 0005:00001f38       $pdata$_ZN6System8Internal7Strhlpr13UnicodeInsertERNS_13UnicodeStringES3_i 0000000140039f38     rtl:System.Internal.StrHlpr.o
 0005:00001f44       $pdata$_ZN6System8Internal7Strhlpr13UnicodeAssignERNS_13UnicodeStringES3_ 0000000140039f44     rtl:System.Internal.StrHlpr.o
 0005:00001f50       $pdata$_ZN6System8Internal7Strhlpr11UnicodeFreeERNS_13UnicodeStringE 0000000140039f50     rtl:System.Internal.StrHlpr.o
 0005:00001f5c       $pdata$_ZN6System8Internal7Strhlpr12UnicodeEqualERNS_13UnicodeStringES3_ 0000000140039f5c     rtl:System.Internal.StrHlpr.o
 0005:00001f68       $pdata$_ZN6System8Internal7Strhlpr11UnicodeLessERNS_13UnicodeStringES3_ 0000000140039f68     rtl:System.Internal.StrHlpr.o
 0005:00001f74       $pdata$_ZN6System8Internal7Strhlpr14UnicodeGreaterERNS_13UnicodeStringES3_ 0000000140039f74     rtl:System.Internal.StrHlpr.o
 0005:00001f80       $pdata$_ZN6System8Internal7Strhlpr10AnsiAppendERNS_11AnsiStringTILt65535EEES4_ 0000000140039f80     rtl:System.Internal.StrHlpr.o
 0005:00001f8c       $pdata$_ZN6System8Internal7Strhlpr7AnsiCatERNS_11AnsiStringTILt65535EEES4_ 0000000140039f8c     rtl:System.Internal.StrHlpr.o
 0005:00001f98       $pdata$_ZN6System8Internal7Strhlpr10AnsiDeleteERNS_11AnsiStringTILt65535EEEii 0000000140039f98     rtl:System.Internal.StrHlpr.o
 0005:00001fa4       $pdata$_ZN6System8Internal7Strhlpr13AnsiSetLengthERNS_11AnsiStringTILt65535EEEi 0000000140039fa4     rtl:System.Internal.StrHlpr.o
 0005:00001fb0       $pdata$_ZN6System8Internal7Strhlpr7AnsiPosERNS_11AnsiStringTILt65535EEES4_ 0000000140039fb0     rtl:System.Internal.StrHlpr.o
 0005:00001fbc       $pdata$_ZN6System8Internal7Strhlpr8AnsiCopyERNS_11AnsiStringTILt65535EEEii 0000000140039fbc     rtl:System.Internal.StrHlpr.o
 0005:00001fc8       $pdata$_ZN6System8Internal7Strhlpr10AnsiInsertERNS_11AnsiStringTILt65535EEES4_i 0000000140039fc8     rtl:System.Internal.StrHlpr.o
 0005:00001fd4       $pdata$_ZN6System8Internal7Strhlpr9AnsiEqualERNS_11AnsiStringTILt65535EEES4_ 0000000140039fd4     rtl:System.Internal.StrHlpr.o
 0005:00001fe0       $pdata$_ZN6System8Internal7Strhlpr11AnsiGreaterERNS_11AnsiStringTILt65535EEES4_ 0000000140039fe0     rtl:System.Internal.StrHlpr.o
 0005:00001fec       $pdata$_ZN6System8Internal7Strhlpr8AnsiLessERNS_11AnsiStringTILt65535EEES4_ 0000000140039fec     rtl:System.Internal.StrHlpr.o
 0005:00001ff8       $pdata$_ZN6System8Internal7Strhlpr10AnsiAssignERNS_11AnsiStringTILt65535EEES4_ 0000000140039ff8     rtl:System.Internal.StrHlpr.o
 0005:00002004       $pdata$_ZN6System8Internal7Strhlpr8AnsiFreeERNS_11AnsiStringTILt65535EEE 000000014003a004     rtl:System.Internal.StrHlpr.o
 0005:00002010       $pdata$_ZN6System8Internal7Strhlpr10WideAssignERNS_10WideStringES3_ 000000014003a010     rtl:System.Internal.StrHlpr.o
 0005:0000201c       $pdata$_ZN6System8Internal7Strhlpr8WideFreeERNS_10WideStringE 000000014003a01c     rtl:System.Internal.StrHlpr.o
 0005:00002028       $pdata$_ZN6System8Internal7Strhlpr12WideFromAnsiERNS_10WideStringERNS_11AnsiStringTILt65535EEE 000000014003a028     rtl:System.Internal.StrHlpr.o
 0005:00002034       $pdata$_ZN6System8Internal7Strhlpr15WideFromUnicodeERNS_10WideStringERNS_13UnicodeStringE 000000014003a034     rtl:System.Internal.StrHlpr.o
 0005:00002040       $pdata$_ZN6System8Internal7Strhlpr13WideFromPCharERNS_10WideStringEPcb 000000014003a040     rtl:System.Internal.StrHlpr.o
 0005:00002058       $pdata$_ZN6System8Internal7Strhlpr9WideEqualERNS_10WideStringES3_ 000000014003a058     rtl:System.Internal.StrHlpr.o
 0005:00002064       $pdata$_ZN6System8Internal7Strhlpr8WideLessERNS_10WideStringES3_ 000000014003a064     rtl:System.Internal.StrHlpr.o
 0005:00002070       $pdata$_ZN6System8Internal7Strhlpr11WideGreaterERNS_10WideStringES3_ 000000014003a070     rtl:System.Internal.StrHlpr.o
 0005:0000207c       $pdata$_ZN6System8Internal7Strhlpr7WideCatERNS_10WideStringES3_ 000000014003a07c     rtl:System.Internal.StrHlpr.o
 0005:00002088       $pdata$_ZN6System8Internal7Strhlpr10WideLengthERNS_10WideStringE 000000014003a088     rtl:System.Internal.StrHlpr.o
 0005:00002094       $pdata$_ZN6System8Internal7Strhlpr7WidePosERNS_10WideStringES3_ 000000014003a094     rtl:System.Internal.StrHlpr.o
 0005:000020a0       $pdata$_ZN6System8Internal7Strhlpr13WideSetLengthERNS_10WideStringEi 000000014003a0a0     rtl:System.Internal.StrHlpr.o
 0005:000020ac       $pdata$_ZN6System8Internal7Strhlpr10WideDeleteERNS_10WideStringEii 000000014003a0ac     rtl:System.Internal.StrHlpr.o
 0005:000020b8       $pdata$_ZN6System8Internal7Strhlpr10WideInsertERNS_10WideStringES3_i 000000014003a0b8     rtl:System.Internal.StrHlpr.o
 0005:000020c4       $pdata$_ZN6System8Internal7Strhlpr8WideCopyERNS_10WideStringEii 000000014003a0c4     rtl:System.Internal.StrHlpr.o
 0005:000020d0       $pdata$_ZN6System8Internal7Strhlpr10WideAppendERNS_10WideStringES3_ 000000014003a0d0     rtl:System.Internal.StrHlpr.o
 0005:000020dc       $pdata$_ZN6System8Internal7Strhlpr12WideFromUTF8ERNS_10WideStringEPKc 000000014003a0dc     rtl:System.Internal.StrHlpr.o
 0005:000020f4       $pdata$_ZN6System8Internal7Strhlpr15UnicodeFromWideERNS_13UnicodeStringERNS_10WideStringE 000000014003a0f4     rtl:System.Internal.StrHlpr.o
 0005:00002100       $pdata$_ZN6System8Internal7Strhlpr12FinalizationEv 000000014003a100     rtl:System.Internal.StrHlpr.o
 0005:0000210c       $pdata$_ZN6System8Internal7Strhlpr14initializationEv 000000014003a10c     rtl:System.Internal.StrHlpr.o
 0005:00003678       $pdata$_ZN6System8Internal7Initcpp23SelectForInitializationEPNS1_20TUnitDescriptorBlockES3_ 000000014003b678     rtl:System.Internal.InitCPP.o
 0005:00003684       $pdata$_ZN6System8Internal7Initcpp23SelectForInitializationEPPNS1_20TUnitDescriptorBlockES4_ 000000014003b684     rtl:System.Internal.InitCPP.o
 0005:00003690       $pdata$_ZN6System8Internal7Initcpp15InitializeUnitsEPNS1_20TUnitDescriptorBlockES3_ 000000014003b690     rtl:System.Internal.InitCPP.o
 0005:0000369c       $pdata$_ZN6System8Internal7Initcpp13FinalizeUnitsEPNS1_20TUnitDescriptorBlockES3_ 000000014003b69c     rtl:System.Internal.InitCPP.o
 0005:000036a8       $pdata$_ZN6System8Internal7Initcpp15InitializeUnitsEPPNS1_20TUnitDescriptorBlockES4_ 000000014003b6a8     rtl:System.Internal.InitCPP.o
 0005:000036b4       $pdata$_ZN6System8Internal7Initcpp13FinalizeUnitsEPPNS1_20TUnitDescriptorBlockES4_ 000000014003b6b4     rtl:System.Internal.InitCPP.o
 0005:000036c0       $pdata$_ZN6System8Internal7Initcpp15InitializeUnitsEPNS1_15TUnitDescriptorES3_ 000000014003b6c0     rtl:System.Internal.InitCPP.o
 0005:000036cc       $pdata$_ZN6System8Internal7Initcpp13FinalizeUnitsEPNS1_15TUnitDescriptorES3_ 000000014003b6cc     rtl:System.Internal.InitCPP.o
 0005:000036d8       $pdata$_ZN6System8Internal7Initcpp15CalculateDegreeEPNS1_20TUnitDescriptorBlockES3_ 000000014003b6d8     rtl:System.Internal.InitCPP.o
 0005:000036e4       $pdata$_ZN6System8Internal7Initcpp15CalculateDegreeEPPNS1_20TUnitDescriptorBlockES4_ 000000014003b6e4     rtl:System.Internal.InitCPP.o
 0005:000036f0       $pdata$_ZN6System8Internal7Initcpp16FinalizeUnitListEPPPNS1_15TUnitDescriptorES5_ 000000014003b6f0     rtl:System.Internal.InitCPP.o
 0005:00003708       $pdata$_ZN6System8Internal7Initcpp18InitializeRootUnitEPNS1_15TUnitDescriptorE 000000014003b708     rtl:System.Internal.InitCPP.o
 0005:00003744       $pdata$_ZN6System8Internal7Initcpp16FinalizeRootUnitEPNS1_15TUnitDescriptorE 000000014003b744     rtl:System.Internal.InitCPP.o
 0005:0000375c       $pdata$_ZN6System8Internal7Initcpp12FinalizationEv 000000014003b75c     rtl:System.Internal.InitCPP.o
 0005:00003768       $pdata$_ZN6System8Internal7Initcpp14initializationEv 000000014003b768     rtl:System.Internal.InitCPP.o
 000b:00000460       $R000000                   0000000140041460     internal .obj file created from .res files
 000b:000008c8       $R000001                   00000001400418c8     internal .obj file created from .res files
 000b:00000d50       $R000002                   0000000140041d50     internal .obj file created from .res files
 000b:00001660       $R000003                   0000000140042660     internal .obj file created from .res files
 000b:00001bf0       $R000004                   0000000140042bf0     internal .obj file created from .res files
 000b:00001df0       $R000005                   0000000140042df0     internal .obj file created from .res files
 000b:00003418       $R000006                   0000000140044418     internal .obj file created from .res files
 000b:000042c0       $R000007                   00000001400452c0     internal .obj file created from .res files
 000b:00004b68       $R000008                   0000000140045b68     internal .obj file created from .res files
 000b:000050d0       $R000009                   00000001400460d0     internal .obj file created from .res files
 000b:0000b590       $R00000A                   000000014004c590     internal .obj file created from .res files
 000b:0001bdb8       $R00000B                   000000014005cdb8     internal .obj file created from .res files
 000b:0001ffe0       $R00000C                   0000000140060fe0     internal .obj file created from .res files
 000b:00020968       $R00000D                   0000000140061968     internal .obj file created from .res files
 000b:00020dd0       $R00000E                   0000000140061dd0     internal .obj file created from .res files
 000b:00020e58       $R00000F                   0000000140061e58     internal .obj file created from .res files
 000b:00021568       $R000010                   0000000140062568     internal .obj file created from .res files
