 Project2

 Timestamp is 674905e8 (Thu Nov 28 19:08:08 2024)

 Preferred load address is 0000000140000000

 Start         Length     Name                   Class
 0001:00000000 000024c4H .text                   CODE
 0001:000024d0 00000075H .text$_ZN3Vcl5Forms5TFormC3EPN6System7Classes10TComponentE CODE
 0001:00002550 00000017H .text$_ZNK6System13UnicodeString7IsEmptyEv CODE
 0001:00002570 0000004cH .text$_ZN16TAddComputerFormD0Ev CODE
 0001:000025c0 0000007fH .text$_ZN3Vcl5Forms5TFormC3EPN6System7Classes10TComponentEi CODE
 0001:00002640 00000091H .text$_ZN3Vcl5Forms5TFormC3EPN6System7Classes10TComponentEii CODE
 0001:000026e0 0000004cH .text$_ZN3Vcl5Forms5TFormD0Ev CODE
 0001:00002730 00000b29H .text                   CODE
 0001:00003260 00000044H .text$_ZNSt3__1lsINS_11char_traitsIcEEEERNS_13basic_ostreamIcT_EES6_PKc CODE
 0001:000032b0 00000049H .text$_ZNSt3__1lsIcNS_11char_traitsIcEENS_9allocatorIcEEEERNS_13basic_ostreamIT_T0_EES9_RKNS_12basic_stringIS6_S7_T1_EE CODE
 0001:00003300 0000035fH .text$_ZNSt3__1rsIcNS_11char_traitsIcEENS_9allocatorIcEEEERNS_13basic_istreamIT_T0_EES9_RNS_12basic_stringIS6_S7_T1_EE CODE
 0001:00003660 00000019H .text$_ZNSt3__16vectorI9ComponentNS_9allocatorIS1_EEEC1B6v15007Ev CODE
 0001:00003680 00000019H .text$_ZNSt3__16vectorI9ComponentNS_9allocatorIS1_EEED1B6v15007Ev CODE
 0001:000036a0 0000001fH .text$_ZNKSt3__16vectorI9ComponentNS_9allocatorIS1_EEE4sizeB6v15007Ev CODE
 0001:000036c0 00000025H .text$_ZNKSt3__16vectorI9ComponentNS_9allocatorIS1_EEE5beginB6v15007Ev CODE
 0001:000036f0 00000026H .text$_ZNKSt3__16vectorI9ComponentNS_9allocatorIS1_EEE3endB6v15007Ev CODE
 0001:00003720 00000029H .text$_ZNSt3__1neB6v15007IPK9ComponentEEbRKNS_11__wrap_iterIT_EES8_ CODE
 0001:00003750 0000000eH .text$_ZNKSt3__111__wrap_iterIPK9ComponentEdeB6v15007Ev CODE
 0001:00003760 00000015H .text$_ZNSt3__111__wrap_iterIPK9ComponentEppB6v15007Ev CODE
 0001:00003780 0000001dH .text$_ZNSt3__113basic_istreamIcNS_11char_traitsIcEEErsB6v15007EPFRS3_S4_E CODE
 0001:000037a0 00000267H .text$_ZNSt3__12wsIcNS_11char_traitsIcEEEERNS_13basic_istreamIT_T0_EES7_ CODE
 0001:00003a10 00000050H .text$_ZNSt3__17getlineB6v15007IcNS_11char_traitsIcEENS_9allocatorIcEEEERNS_13basic_istreamIT_T0_EES9_RNS_12basic_stringIS6_S7_T1_EE CODE
 0001:00003a60 00000053H .text$_ZNSt3__16vectorI9ComponentNS_9allocatorIS1_EEE5clearB6v15007Ev CODE
 0001:00003ac0 00000023H .text$_ZNSt3__112basic_stringIcNS_11char_traitsIcEENS_9allocatorIcEEEC1B6v15007IDnEEPKc CODE
 0001:00003af0 00000060H .text$_ZNSt3__16vectorI9ComponentNS_9allocatorIS1_EEE9push_backB6v15007ERKS1_ CODE
 0001:00003b50 00000019H .text$_ZN9ComponentD1Ev CODE
 0001:00003b70 00000025H .text$_ZNSt3__16vectorI9ComponentNS_9allocatorIS1_EEE5beginB6v15007Ev CODE
 0001:00003ba0 00000026H .text$_ZNSt3__16vectorI9ComponentNS_9allocatorIS1_EEE3endB6v15007Ev CODE
 0001:00003bd0 00000029H .text$_ZNSt3__1neB6v15007IP9ComponentEEbRKNS_11__wrap_iterIT_EES7_ CODE
 0001:00003c00 0000000eH .text$_ZNKSt3__111__wrap_iterIP9ComponentEdeB6v15007Ev CODE
 0001:00003c10 00000015H .text$_ZNSt3__111__wrap_iterIP9ComponentEppB6v15007Ev CODE
 0001:00003c30 0000003fH .text$_ZNSt3__1eqB6v15007IPK9ComponentEEbRKNS_11__wrap_iterIT_EES8_ CODE
 0001:00003c70 0000000eH .text$_ZNKSt3__111__wrap_iterIPK9ComponentE4baseB6v15007Ev CODE
 0001:00003c80 00000019H .text$_ZN9ComponentD2Ev CODE
 0001:00003ca0 0000003fH .text$_ZNSt3__1eqB6v15007IP9ComponentEEbRKNS_11__wrap_iterIT_EES7_ CODE
 0001:00003ce0 0000000eH .text$_ZNKSt3__111__wrap_iterIP9ComponentE4baseB6v15007Ev CODE
 0001:00003cf0 00000266H .text$_ZNSt3__124__put_character_sequenceIcNS_11char_traitsIcEEEERNS_13basic_ostreamIT_T0_EES7_PKS4_y CODE
 0001:00003f60 00000019H .text$_ZNSt3__111char_traitsIcE6lengthEPKc CODE
 0001:00003f80 00000023H .text$_ZNSt3__113basic_ostreamIcNS_11char_traitsIcEEE6sentryC1ERS3_ CODE
 0001:00003fb0 00000012H .text$_ZNKSt3__113basic_ostreamIcNS_11char_traitsIcEEE6sentrycvbB6v15007Ev CODE
 0001:00003fd0 000002acH .text$_ZNSt3__116__pad_and_outputIcNS_11char_traitsIcEEEENS_19ostreambuf_iteratorIT_T0_EES6_PKS4_S8_S8_RNS_8ios_baseES4_ CODE
 0001:00004280 00000023H .text$_ZNSt3__119ostreambuf_iteratorIcNS_11char_traitsIcEEEC1B6v15007ERNS_13basic_ostreamIcS2_EE CODE
 0001:000042b0 0000000eH .text$_ZNKSt3__18ios_base5flagsB6v15007Ev CODE
 0001:000042c0 00000066H .text$_ZNKSt3__19basic_iosIcNS_11char_traitsIcEEE4fillB6v15007Ev CODE
 0001:00004330 00000017H .text$_ZNKSt3__119ostreambuf_iteratorIcNS_11char_traitsIcEEE6failedB6v15007Ev CODE
 0001:00004350 00000021H .text$_ZNSt3__19basic_iosIcNS_11char_traitsIcEEE8setstateB6v15007Ej CODE
 0001:00004380 00000019H .text$_ZNSt3__113basic_ostreamIcNS_11char_traitsIcEEE6sentryD1Ev CODE
 0001:000043a0 0000000eH .text$__clang_call_terminate CODE
 0001:000043b0 00000083H .text$_ZNSt3__113basic_ostreamIcNS_11char_traitsIcEEE6sentryC2ERS3_ CODE
 0001:00004440 0000001dH .text$_ZNKSt3__19basic_iosIcNS_11char_traitsIcEEE4goodB6v15007Ev CODE
 0001:00004460 00000012H .text$_ZNKSt3__19basic_iosIcNS_11char_traitsIcEEE3tieB6v15007Ev CODE
 0001:00004480 00000017H .text$_ZNKSt3__18ios_base4goodB6v15007Ev CODE
 0001:000044a0 0000000fH .text$_ZNKSt3__18ios_base5widthB6v15007Ev CODE
 0001:000044b0 0000002eH .text$_ZNSt3__115basic_streambufIcNS_11char_traitsIcEEE5sputnB6v15007EPKcx CODE
 0001:000044e0 0000002dH .text$_ZNSt3__112basic_stringIcNS_11char_traitsIcEENS_9allocatorIcEEEC1B6v15007Eyc CODE
 0001:00004510 00000021H .text$_ZNSt3__112basic_stringIcNS_11char_traitsIcEENS_9allocatorIcEEE4dataB6v15007Ev CODE
 0001:00004540 0000002dH .text$_ZNSt3__18ios_base5widthB6v15007Ex CODE
 0001:00004570 00000050H .text$_ZNSt3__112basic_stringIcNS_11char_traitsIcEENS_9allocatorIcEEEC2B6v15007Eyc CODE
 0001:000045c0 0000002dH .text$_ZNSt3__117__compressed_pairINS_12basic_stringIcNS_11char_traitsIcEENS_9allocatorIcEEE5__repES5_EC1B6v15007INS_18__default_init_tagESA_EEOT_OT0_ CODE
 0001:000045f0 00000007H .text$_ZNSt3__119__debug_db_insert_cB6v15007INS_12basic_stringIcNS_11char_traitsIcEENS_9allocatorIcEEEEEEvPT_ CODE
 0001:00004600 0000003aH .text$_ZNSt3__117__compressed_pairINS_12basic_stringIcNS_11char_traitsIcEENS_9allocatorIcEEE5__repES5_EC2B6v15007INS_18__default_init_tagESA_EEOT_OT0_ CODE
 0001:00004640 00000011H .text$_ZNSt3__122__compressed_pair_elemINS_12basic_stringIcNS_11char_traitsIcEENS_9allocatorIcEEE5__repELi0ELb0EEC2B6v15007ENS_18__default_init_tagE CODE
 0001:00004660 0000001dH .text$_ZNSt3__122__compressed_pair_elemINS_9allocatorIcEELi1ELb1EEC2B6v15007ENS_18__default_init_tagE CODE
 0001:00004680 00000019H .text$_ZNSt3__19allocatorIcEC2B6v15007Ev CODE
 0001:000046a0 00000007H .text$_ZNSt3__116__non_trivial_ifILb1ENS_9allocatorIcEEEC2B6v15007Ev CODE
 0001:000046b0 0000000bH .text$_ZNSt3__112__to_addressB6v15007IcEEPT_S2_ CODE
 0001:000046c0 00000052H .text$_ZNSt3__112basic_stringIcNS_11char_traitsIcEENS_9allocatorIcEEE13__get_pointerB6v15007Ev CODE
 0001:00004720 00000026H .text$_ZNKSt3__112basic_stringIcNS_11char_traitsIcEENS_9allocatorIcEEE9__is_longB6v15007Ev CODE
 0001:00004750 0000001cH .text$_ZNSt3__112basic_stringIcNS_11char_traitsIcEENS_9allocatorIcEEE18__get_long_pointerB6v15007Ev CODE
 0001:00004770 00000025H .text$_ZNSt3__112basic_stringIcNS_11char_traitsIcEENS_9allocatorIcEEE19__get_short_pointerB6v15007Ev CODE
 0001:000047a0 00000019H .text$_ZNKSt3__117__compressed_pairINS_12basic_stringIcNS_11char_traitsIcEENS_9allocatorIcEEE5__repES5_E5firstB6v15007Ev CODE
 0001:000047c0 0000000bH .text$_ZNKSt3__122__compressed_pair_elemINS_12basic_stringIcNS_11char_traitsIcEENS_9allocatorIcEEE5__repELi0ELb0EE5__getB6v15007Ev CODE
 0001:000047d0 00000019H .text$_ZNSt3__117__compressed_pairINS_12basic_stringIcNS_11char_traitsIcEENS_9allocatorIcEEE5__repES5_E5firstB6v15007Ev CODE
 0001:000047f0 0000000bH .text$_ZNSt3__122__compressed_pair_elemINS_12basic_stringIcNS_11char_traitsIcEENS_9allocatorIcEEE5__repELi0ELb0EE5__getB6v15007Ev CODE
 0001:00004800 0000000bH .text$_ZNSt3__114pointer_traitsIPcE10pointer_toB6v15007ERc CODE
 0001:00004810 00000051H .text$_ZNSt3__119ostreambuf_iteratorIcNS_11char_traitsIcEEEC2B6v15007ERNS_13basic_ostreamIcS2_EE CODE
 0001:00004870 00000019H .text$_ZNKSt3__19basic_iosIcNS_11char_traitsIcEEE5rdbufB6v15007Ev CODE
 0001:00004890 0000000fH .text$_ZNKSt3__18ios_base5rdbufB6v15007Ev CODE
 0001:000048a0 00000019H .text$_ZNSt3__111char_traitsIcE11eq_int_typeEii CODE
 0001:000048c0 00000006H .text$_ZNSt3__111char_traitsIcE3eofEv CODE
 0001:000048d0 00000082H .text$_ZNKSt3__19basic_iosIcNS_11char_traitsIcEEE5widenB6v15007Ec CODE
 0001:00004960 00000020H .text$_ZNSt3__19use_facetB6v15007INS_5ctypeIcEEEERKT_RKNS_6localeE CODE
 0001:00004980 00000022H .text$_ZNKSt3__15ctypeIcE5widenB6v15007Ec CODE
 0001:000049b0 00000024H .text$_ZNSt3__18ios_base8setstateB6v15007Ej CODE
 0001:000049e0 00000149H .text$_ZNSt3__113basic_ostreamIcNS_11char_traitsIcEEE6sentryD2Ev CODE
 0001:00004b30 0000001aH .text$_ZNSt3__115basic_streambufIcNS_11char_traitsIcEEE7pubsyncB6v15007Ev CODE
 0001:00004b50 00000021H .text$_ZNKSt3__112basic_stringIcNS_11char_traitsIcEENS_9allocatorIcEEE4dataB6v15007Ev CODE
 0001:00004b80 00000052H .text$_ZNKSt3__112basic_stringIcNS_11char_traitsIcEENS_9allocatorIcEEE4sizeB6v15007Ev CODE
 0001:00004be0 0000000bH .text$_ZNSt3__112__to_addressB6v15007IKcEEPT_S3_ CODE
 0001:00004bf0 00000052H .text$_ZNKSt3__112basic_stringIcNS_11char_traitsIcEENS_9allocatorIcEEE13__get_pointerB6v15007Ev CODE
 0001:00004c50 0000001cH .text$_ZNKSt3__112basic_stringIcNS_11char_traitsIcEENS_9allocatorIcEEE18__get_long_pointerB6v15007Ev CODE
 0001:00004c70 00000025H .text$_ZNKSt3__112basic_stringIcNS_11char_traitsIcEENS_9allocatorIcEEE19__get_short_pointerB6v15007Ev CODE
 0001:00004ca0 0000000bH .text$_ZNSt3__114pointer_traitsIPKcE10pointer_toB6v15007ERS1_ CODE
 0001:00004cb0 0000001cH .text$_ZNKSt3__112basic_stringIcNS_11char_traitsIcEENS_9allocatorIcEEE15__get_long_sizeB6v15007Ev CODE
 0001:00004cd0 00000020H .text$_ZNKSt3__112basic_stringIcNS_11char_traitsIcEENS_9allocatorIcEEE16__get_short_sizeB6v15007Ev CODE
 0001:00004cf0 00000035H .text$_ZNSt3__113basic_istreamIcNS_11char_traitsIcEEE6sentryC1ERS3_b CODE
 0001:00004d30 00000012H .text$_ZNKSt3__113basic_istreamIcNS_11char_traitsIcEEE6sentrycvbB6v15007Ev CODE
 0001:00004d50 0000009cH .text$_ZNSt3__112basic_stringIcNS_11char_traitsIcEENS_9allocatorIcEEE5clearB6v15007Ev CODE
 0001:00004df0 000000a0H .text$_ZNKSt3__112basic_stringIcNS_11char_traitsIcEENS_9allocatorIcEEE8max_sizeB6v15007Ev CODE
 0001:00004e90 0000000fH .text$_ZNSt3__114numeric_limitsIxE3maxB6v15007Ev CODE
 0001:00004ea0 00000052H .text$_ZNSt3__115basic_streambufIcNS_11char_traitsIcEEE5sgetcB6v15007Ev CODE
 0001:00004f00 0000000bH .text$_ZNSt3__111char_traitsIcE12to_char_typeEi CODE
 0001:00004f10 00000071H .text$_ZNKSt3__15ctypeIcE2isB6v15007Etc CODE
 0001:00004f90 0000005dH .text$_ZNSt3__115basic_streambufIcNS_11char_traitsIcEEE6sbumpcB6v15007Ev CODE
 0001:00004ff0 0000004aH .text$_ZNSt3__18ios_base18__setstate_nothrowB6v15007Ej CODE
 0001:00005040 00000019H .text$_ZNKSt3__19basic_iosIcNS_11char_traitsIcEEE10exceptionsB6v15007Ev CODE
 0001:00005060 0000020bH .text$_ZNSt3__113basic_istreamIcNS_11char_traitsIcEEE6sentryC2ERS3_b CODE
 0001:00005270 00000023H .text$_ZNSt3__119istreambuf_iteratorIcNS_11char_traitsIcEEEC1B6v15007ERNS_13basic_istreamIcS2_EE CODE
 0001:000052a0 00000019H .text$_ZNSt3__119istreambuf_iteratorIcNS_11char_traitsIcEEEC1B6v15007Ev CODE
 0001:000052c0 00000029H .text$_ZNSt3__1neB6v15007IcNS_11char_traitsIcEEEEbRKNS_19istreambuf_iteratorIT_T0_EES8_ CODE
 0001:000052f0 0000001cH .text$_ZNKSt3__119istreambuf_iteratorIcNS_11char_traitsIcEEEdeB6v15007Ev CODE
 0001:00005310 00000025H .text$_ZNSt3__119istreambuf_iteratorIcNS_11char_traitsIcEEEppB6v15007Ev CODE
 0001:00005340 00000027H .text$_ZNSt3__1eqB6v15007IcNS_11char_traitsIcEEEEbRKNS_19istreambuf_iteratorIT_T0_EES8_ CODE
 0001:00005370 00000051H .text$_ZNSt3__119istreambuf_iteratorIcNS_11char_traitsIcEEEC2B6v15007ERNS_13basic_istreamIcS2_EE CODE
 0001:000053d0 00000012H .text$_ZNSt3__119istreambuf_iteratorIcNS_11char_traitsIcEEEC2B6v15007Ev CODE
 0001:000053f0 00000046H .text$_ZNKSt3__119istreambuf_iteratorIcNS_11char_traitsIcEEE5equalB6v15007ERKS3_ CODE
 0001:00005440 0000006dH .text$_ZNKSt3__119istreambuf_iteratorIcNS_11char_traitsIcEEE14__test_for_eofB6v15007Ev CODE
 0001:000054b0 00000007H .text$_ZNSt3__125__debug_db_invalidate_allB6v15007INS_12basic_stringIcNS_11char_traitsIcEENS_9allocatorIcEEEEEEvPT_ CODE
 0001:000054c0 0000001fH .text$_ZNSt3__111char_traitsIcE6assignERcRKc CODE
 0001:000054e0 00000030H .text$_ZNSt3__112basic_stringIcNS_11char_traitsIcEENS_9allocatorIcEEE15__set_long_sizeB6v15007Ey CODE
 0001:00005510 00000056H .text$_ZNSt3__112basic_stringIcNS_11char_traitsIcEENS_9allocatorIcEEE16__set_short_sizeB6v15007Ey CODE
 0001:00005570 00000019H .text$_ZNSt3__116allocator_traitsINS_9allocatorIcEEE8max_sizeB6v15007IS2_vEEyRKS2_ CODE
 0001:00005590 00000019H .text$_ZNKSt3__112basic_stringIcNS_11char_traitsIcEENS_9allocatorIcEEE7__allocB6v15007Ev CODE
 0001:000055b0 0000000fH .text$_ZNSt3__114numeric_limitsIyE3maxB6v15007Ev CODE
 0001:000055c0 0000000eH .text$_ZNKSt3__19allocatorIcE8max_sizeB6v15007Ev CODE
 0001:000055d0 00000019H .text$_ZNKSt3__117__compressed_pairINS_12basic_stringIcNS_11char_traitsIcEENS_9allocatorIcEEE5__repES5_E6secondB6v15007Ev CODE
 0001:000055f0 0000000bH .text$_ZNKSt3__122__compressed_pair_elemINS_9allocatorIcEELi1ELb1EE5__getB6v15007Ev CODE
 0001:00005600 00000008H .text$_ZNSt3__123__libcpp_numeric_limitsIyLb1EE3maxB6v15007Ev CODE
 0001:00005610 0000000bH .text$_ZNSt3__123__libcpp_numeric_limitsIxLb1EE3maxB6v15007Ev CODE
 0001:00005620 0000000cH .text$_ZNSt3__111char_traitsIcE11to_int_typeEc CODE
 0001:00005630 0000000eH .text$_ZNKSt3__18ios_base10exceptionsB6v15007Ev CODE
 0001:00005640 00000060H .text$_ZNSt3__16vectorI9ComponentNS_9allocatorIS1_EEEC2B6v15007Ev CODE
 0001:000056a0 0000002dH .text$_ZNSt3__117__compressed_pairIP9ComponentNS_9allocatorIS1_EEEC1B6v15007IDnNS_18__default_init_tagEEEOT_OT0_ CODE
 0001:000056d0 00000007H .text$_ZNSt3__119__debug_db_insert_cB6v15007INS_6vectorI9ComponentNS_9allocatorIS2_EEEEEEvPT_ CODE
 0001:000056e0 0000003bH .text$_ZNSt3__117__compressed_pairIP9ComponentNS_9allocatorIS1_EEEC2B6v15007IDnNS_18__default_init_tagEEEOT_OT0_ CODE
 0001:00005720 0000001eH .text$_ZNSt3__122__compressed_pair_elemIP9ComponentLi0ELb0EEC2B6v15007IDnvEEOT_ CODE
 0001:00005740 0000001dH .text$_ZNSt3__122__compressed_pair_elemINS_9allocatorI9ComponentEELi1ELb1EEC2B6v15007ENS_18__default_init_tagE CODE
 0001:00005760 00000019H .text$_ZNSt3__19allocatorI9ComponentEC2B6v15007Ev CODE
 0001:00005780 00000007H .text$_ZNSt3__116__non_trivial_ifILb1ENS_9allocatorI9ComponentEEEC2B6v15007Ev CODE
 0001:00005790 0000003aH .text$_ZNSt3__16vectorI9ComponentNS_9allocatorIS1_EEED2B6v15007Ev CODE
 0001:000057d0 00000023H .text$_ZNSt3__16vectorI9ComponentNS_9allocatorIS1_EEE16__destroy_vectorC1ERS4_ CODE
 0001:00005800 0000008cH .text$_ZNSt3__16vectorI9ComponentNS_9allocatorIS1_EEE16__destroy_vectorclB6v15007Ev CODE
 0001:00005890 0000001eH .text$_ZNSt3__16vectorI9ComponentNS_9allocatorIS1_EEE16__destroy_vectorC2ERS4_ CODE
 0001:000058b0 000000c3H .text$_ZNKSt3__16vectorI9ComponentNS_9allocatorIS1_EEE17__annotate_deleteB6v15007Ev CODE
 0001:00005980 00000007H .text$_ZNSt3__118__debug_db_erase_cB6v15007INS_6vectorI9ComponentNS_9allocatorIS2_EEEEEEvPT_ CODE
 0001:00005990 0000001cH .text$_ZNSt3__16vectorI9ComponentNS_9allocatorIS1_EEE7__clearB6v15007Ev CODE
 0001:000059b0 0000002dH .text$_ZNSt3__116allocator_traitsINS_9allocatorI9ComponentEEE10deallocateB6v15007ERS3_PS2_y CODE
 0001:000059e0 0000001dH .text$_ZNSt3__16vectorI9ComponentNS_9allocatorIS1_EEE7__allocB6v15007Ev CODE
 0001:00005a00 00000035H .text$_ZNKSt3__16vectorI9ComponentNS_9allocatorIS1_EEE8capacityB6v15007Ev CODE
 0001:00005a40 00000021H .text$_ZNKSt3__16vectorI9ComponentNS_9allocatorIS1_EEE31__annotate_contiguous_containerB6v15007EPKvS6_S6_S6_ CODE
 0001:00005a70 0000001cH .text$_ZNKSt3__16vectorI9ComponentNS_9allocatorIS1_EEE4dataB6v15007Ev CODE
 0001:00005a90 0000000bH .text$_ZNSt3__112__to_addressB6v15007I9ComponentEEPT_S3_ CODE
 0001:00005aa0 00000086H .text$_ZNSt3__16vectorI9ComponentNS_9allocatorIS1_EEE22__base_destruct_at_endB6v15007EPS1_ CODE
 0001:00005b30 00000023H .text$_ZNSt3__116allocator_traitsINS_9allocatorI9ComponentEEE7destroyB6v15007IS2_vEEvRS3_PT_ CODE
 0001:00005b60 0000001eH .text$_ZNSt3__19allocatorI9ComponentE7destroyB6v15007EPS1_ CODE
 0001:00005b80 00000043H .text$_ZNSt3__19allocatorI9ComponentE10deallocateB6v15007EPS1_y CODE
 0001:00005bd0 00000062H .text$_ZNSt3__119__libcpp_deallocateB6v15007EPvyy CODE
 0001:00005c40 00000014H .text$_ZNSt3__124__is_overaligned_for_newB6v15007Ey CODE
 0001:00005c60 00000028H .text$_ZNSt3__127__do_deallocate_handle_sizeB6v15007IJSt11align_val_tEEEvPvyDpT_ CODE
 0001:00005c90 0000001eH .text$_ZNSt3__127__do_deallocate_handle_sizeB6v15007IJEEEvPvyDpT_ CODE
 0001:00005cb0 00000023H .text$_ZNSt3__124__libcpp_operator_deleteB6v15007IJPvSt11align_val_tEEEvDpT_ CODE
 0001:00005ce0 00000019H .text$_ZNSt3__124__libcpp_operator_deleteB6v15007IJPvEEEvDpT_ CODE
 0001:00005d00 00000019H .text$_ZNSt3__117__compressed_pairIP9ComponentNS_9allocatorIS1_EEE6secondB6v15007Ev CODE
 0001:00005d20 0000000bH .text$_ZNSt3__122__compressed_pair_elemINS_9allocatorI9ComponentEELi1ELb1EE5__getB6v15007Ev CODE
 0001:00005d30 0000001dH .text$_ZNKSt3__16vectorI9ComponentNS_9allocatorIS1_EEE9__end_capB6v15007Ev CODE
 0001:00005d50 00000019H .text$_ZNKSt3__117__compressed_pairIP9ComponentNS_9allocatorIS1_EEE5firstB6v15007Ev CODE
 0001:00005d70 0000000bH .text$_ZNKSt3__122__compressed_pair_elemIP9ComponentLi0ELb0EE5__getB6v15007Ev CODE
 0001:00005d80 0000002dH .text$_ZNSt3__111__wrap_iterIPK9ComponentEC1B6v15007EPKvS3_ CODE
 0001:00005db0 00000023H .text$_ZNSt3__111__wrap_iterIPK9ComponentEC2B6v15007EPKvS3_ CODE
 0001:00005de0 0000025aH .text$_ZNSt3__17getlineIcNS_11char_traitsIcEENS_9allocatorIcEEEERNS_13basic_istreamIT_T0_EES9_RNS_12basic_stringIS6_S7_T1_EES6_ CODE
 0001:00006040 0000001fH .text$_ZNSt3__111char_traitsIcE2eqEcc CODE
 0001:00006060 000000b3H .text$_ZNKSt3__16vectorI9ComponentNS_9allocatorIS1_EEE17__annotate_shrinkB6v15007Ey CODE
 0001:00006120 00000007H .text$_ZNSt3__125__debug_db_invalidate_allB6v15007INS_6vectorI9ComponentNS_9allocatorIS2_EEEEEEvPT_ CODE
 0001:00006130 0000005dH .text$_ZNSt3__112basic_stringIcNS_11char_traitsIcEENS_9allocatorIcEEEC2B6v15007IDnEEPKc CODE
 0001:00006190 0000001dH .text$_ZNSt3__16vectorI9ComponentNS_9allocatorIS1_EEE9__end_capB6v15007Ev CODE
 0001:000061b0 00000099H .text$_ZNSt3__16vectorI9ComponentNS_9allocatorIS1_EEE22__construct_one_at_endB6v15007IJRKS1_EEEvDpOT_ CODE
 0001:00006250 000000eeH .text$_ZNSt3__16vectorI9ComponentNS_9allocatorIS1_EEE21__push_back_slow_pathIRKS1_EEvOT_ CODE
 0001:00006340 00000019H .text$_ZNSt3__117__compressed_pairIP9ComponentNS_9allocatorIS1_EEE5firstB6v15007Ev CODE
 0001:00006360 0000000bH .text$_ZNSt3__122__compressed_pair_elemIP9ComponentLi0ELb0EE5__getB6v15007Ev CODE
 0001:00006370 0000002dH .text$_ZNSt3__16vectorI9ComponentNS_9allocatorIS1_EEE21_ConstructTransactionC1ERS4_y CODE
 0001:000063a0 0000002dH .text$_ZNSt3__116allocator_traitsINS_9allocatorI9ComponentEEE9constructB6v15007IS2_JRKS2_EvEEvRS3_PT_DpOT0_ CODE
 0001:000063d0 00000019H .text$_ZNSt3__16vectorI9ComponentNS_9allocatorIS1_EEE21_ConstructTransactionD1Ev CODE
 0001:000063f0 00000046H .text$_ZNSt3__16vectorI9ComponentNS_9allocatorIS1_EEE21_ConstructTransactionC2ERS4_y CODE
 0001:00006440 00000028H .text$_ZNSt3__19allocatorI9ComponentE9constructB6v15007IS1_JRKS1_EEEvPT_DpOT0_ CODE
 0001:00006470 00000023H .text$_ZN9ComponentC1ERKS_ CODE
 0001:000064a0 00000049H .text$_ZN9ComponentC2ERKS_ CODE
 0001:000064f0 00000016H .text$_ZNSt3__16vectorI9ComponentNS_9allocatorIS1_EEE21_ConstructTransactionD2Ev CODE
 0001:00006510 000000a0H .text$_ZNKSt3__16vectorI9ComponentNS_9allocatorIS1_EEE11__recommendB6v15007Ey CODE
 0001:000065b0 00000037H .text$_ZNSt3__114__split_bufferI9ComponentRNS_9allocatorIS1_EEEC1EyyS4_ CODE
 0001:000065f0 0000014cH .text$_ZNSt3__16vectorI9ComponentNS_9allocatorIS1_EEE26__swap_out_circular_bufferERNS_14__split_bufferIS1_RS3_EE CODE
 0001:00006740 00000019H .text$_ZNSt3__114__split_bufferI9ComponentRNS_9allocatorIS1_EEED1Ev CODE
 0001:00006760 00000059H .text$_ZNKSt3__16vectorI9ComponentNS_9allocatorIS1_EEE8max_sizeEv CODE
 0001:000067c0 00000016H .text$_ZNKSt3__16vectorI9ComponentNS_9allocatorIS1_EEE20__throw_length_errorB6v15007Ev CODE
 0001:000067e0 00000028H .text$_ZNSt3__13maxB6v15007IyEERKT_S3_S3_ CODE
 0001:00006810 00000028H .text$_ZNSt3__13minB6v15007IyEERKT_S3_S3_ CODE
 0001:00006840 00000019H .text$_ZNSt3__116allocator_traitsINS_9allocatorI9ComponentEEE8max_sizeB6v15007IS3_vEEyRKS3_ CODE
 0001:00006860 0000001dH .text$_ZNKSt3__16vectorI9ComponentNS_9allocatorIS1_EEE7__allocB6v15007Ev CODE
 0001:00006880 00000057H .text$_ZNSt3__13minB6v15007IyNS_6__lessIyyEEEERKT_S5_S5_T0_ CODE
 0001:000068e0 0000002eH .text$_ZNKSt3__16__lessIyyEclB6v15007ERKyS3_ CODE
 0001:00006910 00000011H .text$_ZNKSt3__19allocatorI9ComponentE8max_sizeB6v15007Ev CODE
 0001:00006930 00000019H .text$_ZNKSt3__117__compressed_pairIP9ComponentNS_9allocatorIS1_EEE6secondB6v15007Ev CODE
 0001:00006950 0000000bH .text$_ZNKSt3__122__compressed_pair_elemINS_9allocatorI9ComponentEELi1ELb1EE5__getB6v15007Ev CODE
 0001:00006960 00000070H .text$_ZNSt3__120__throw_length_errorB6v15007EPKc CODE
 0001:000069d0 00000023H .text$_ZNSt12length_errorC1B6v15007EPKc CODE
 0001:00006a00 0000003aH .text$_ZNSt12length_errorC2B6v15007EPKc CODE
 0001:00006a40 00000057H .text$_ZNSt3__13maxB6v15007IyNS_6__lessIyyEEEERKT_S5_S5_T0_ CODE
 0001:00006aa0 000000caH .text$_ZNSt3__114__split_bufferI9ComponentRNS_9allocatorIS1_EEEC2EyyS4_ CODE
 0001:00006b70 0000002dH .text$_ZNSt3__117__compressed_pairIP9ComponentRNS_9allocatorIS1_EEEC1B6v15007IDnS5_EEOT_OT0_ CODE
 0001:00006ba0 0000004dH .text$_ZNSt3__119__allocate_at_leastB6v15007INS_9allocatorI9ComponentEEEENS_19__allocation_resultINS_16allocator_traitsIT_E7pointerEEERS6_y CODE
 0001:00006bf0 0000001dH .text$_ZNSt3__114__split_bufferI9ComponentRNS_9allocatorIS1_EEE7__allocB6v15007Ev CODE
 0001:00006c10 0000001dH .text$_ZNSt3__114__split_bufferI9ComponentRNS_9allocatorIS1_EEE9__end_capB6v15007Ev CODE
 0001:00006c30 00000040H .text$_ZNSt3__117__compressed_pairIP9ComponentRNS_9allocatorIS1_EEEC2B6v15007IDnS5_EEOT_OT0_ CODE
 0001:00006c70 0000001eH .text$_ZNSt3__122__compressed_pair_elemIRNS_9allocatorI9ComponentEELi1ELb0EEC2B6v15007IS4_vEEOT_ CODE
 0001:00006c90 0000004eH .text$_ZNSt3__19allocatorI9ComponentE8allocateB6v15007Ey CODE
 0001:00006ce0 00000034H .text$_ZSt28__throw_bad_array_new_lengthB6v15007v CODE
 0001:00006d20 00000061H .text$_ZNSt3__117__libcpp_allocateB6v15007Eyy CODE
 0001:00006d90 00000023H .text$_ZNSt3__121__libcpp_operator_newB6v15007IJySt11align_val_tEEEPvDpT_ CODE
 0001:00006dc0 00000019H .text$_ZNSt3__121__libcpp_operator_newB6v15007IJyEEEPvDpT_ CODE
 0001:00006de0 0000001dH .text$_ZNSt3__117__compressed_pairIP9ComponentRNS_9allocatorIS1_EEE6secondB6v15007Ev CODE
 0001:00006e00 0000000eH .text$_ZNSt3__122__compressed_pair_elemIRNS_9allocatorI9ComponentEELi1ELb0EE5__getB6v15007Ev CODE
 0001:00006e10 00000019H .text$_ZNSt3__117__compressed_pairIP9ComponentRNS_9allocatorIS1_EEE5firstB6v15007Ev CODE
 0001:00006e30 000001a8H .text$_ZNSt3__142__uninitialized_allocator_move_if_noexceptB6v15007INS_9allocatorI9ComponentEENS_16reverse_iteratorIPS2_EES6_S6_EET2_RT_T0_T1_S7_ CODE
 0001:00006fe0 00000023H .text$_ZNSt3__116reverse_iteratorIP9ComponentEC1B6v15007ES2_ CODE
 0001:00007010 0000000fH .text$_ZNKSt3__116reverse_iteratorIP9ComponentE4baseB6v15007Ev CODE
 0001:00007020 0000003bH .text$_ZNSt3__14swapB6v15007IP9ComponentEENS_9enable_ifIXaasr21is_move_constructibleIT_EE5valuesr18is_move_assignableIS4_EE5valueEvE4typeERS4_S7_ CODE
 0001:00007060 000000b3H .text$_ZNKSt3__16vectorI9ComponentNS_9allocatorIS1_EEE14__annotate_newB6v15007Ey CODE
 0001:00007120 0000003fH .text$_ZNSt3__1neB6v15007IP9ComponentS2_EEbRKNS_16reverse_iteratorIT_EERKNS3_IT0_EE CODE
 0001:00007160 0000002dH .text$_ZNSt3__116allocator_traitsINS_9allocatorI9ComponentEEE9constructB6v15007IS2_JS2_EvEEvRS3_PT_DpOT0_ CODE
 0001:00007190 00000019H .text$_ZNSt3__112__to_addressB6v15007INS_16reverse_iteratorIP9ComponentEEvEENS_5decayIDTclsr19__to_address_helperIT_EE6__callcl7declvalIRKS6_EEEEE4typeES8_ CODE
 0001:000071b0 00000027H .text$_ZNKSt3__116reverse_iteratorIP9ComponentEdeB6v15007Ev CODE
 0001:000071e0 00000017H .text$_ZNSt3__116reverse_iteratorIP9ComponentEppB6v15007Ev CODE
 0001:00007200 00000037H .text$_ZNSt3__129_AllocatorDestroyRangeReverseINS_9allocatorI9ComponentEENS_16reverse_iteratorIPS2_EEEC1B6v15007ERS3_RS6_S9_ CODE
 0001:00007240 0000008eH .text$_ZNKSt3__129_AllocatorDestroyRangeReverseINS_9allocatorI9ComponentEENS_16reverse_iteratorIPS2_EEEclB6v15007Ev CODE
 0001:000072d0 00000028H .text$_ZNSt3__19allocatorI9ComponentE9constructB6v15007IS1_JS1_EEEvPT_DpOT0_ CODE
 0001:00007300 00000023H .text$_ZN9ComponentC1EOS_ CODE
 0001:00007330 00000049H .text$_ZN9ComponentC2EOS_ CODE
 0001:00007380 00000023H .text$_ZNSt3__112basic_stringIcNS_11char_traitsIcEENS_9allocatorIcEEEC1B6v15007EOS5_ CODE
 0001:000073b0 00000082H .text$_ZNSt3__112basic_stringIcNS_11char_traitsIcEENS_9allocatorIcEEEC2B6v15007EOS5_ CODE
 0001:00007440 00000019H .text$_ZNSt3__112basic_stringIcNS_11char_traitsIcEENS_9allocatorIcEEE14__default_initB6v15007Ev CODE
 0001:00007460 00000012H .text$_ZNSt3__115__debug_db_swapB6v15007INS_12basic_stringIcNS_11char_traitsIcEENS_9allocatorIcEEEEEEvPT_S8_ CODE
 0001:00007480 0000004eH .text$_ZNSt3__112basic_stringIcNS_11char_traitsIcEENS_9allocatorIcEEE6__zeroB6v15007Ev CODE
 0001:000074d0 00000036H .text$_ZNSt3__119__to_address_helperINS_16reverse_iteratorIP9ComponentEEvE6__callB6v15007ERKS4_ CODE
 0001:00007510 00000019H .text$_ZNKSt3__116reverse_iteratorIP9ComponentEptB6v15007Ev CODE
 0001:00007530 0000003aH .text$_ZNSt3__129_AllocatorDestroyRangeReverseINS_9allocatorI9ComponentEENS_16reverse_iteratorIPS2_EEEC2B6v15007ERS3_RS6_S9_ CODE
 0001:00007570 00000064H .text$_ZNSt3__119__allocator_destroyB6v15007INS_9allocatorI9ComponentEENS_16reverse_iteratorINS4_IPS2_EEEES7_EEvRT_T0_T1_ CODE
 0001:000075e0 00000019H .text$_ZNSt3__116reverse_iteratorINS0_IP9ComponentEEEC1B6v15007ES3_ CODE
 0001:00007600 00000045H .text$_ZNSt3__1neB6v15007INS_16reverse_iteratorIP9ComponentEES4_EEbRKNS1_IT_EERKNS1_IT0_EE CODE
 0001:00007650 00000019H .text$_ZNSt3__112__to_addressB6v15007INS_16reverse_iteratorINS1_IP9ComponentEEEEvEENS_5decayIDTclsr19__to_address_helperIT_EE6__callcl7declvalIRKS7_EEEEE4typeES9_ CODE
 0001:00007670 00000026H .text$_ZNSt3__116reverse_iteratorINS0_IP9ComponentEEEppB6v15007Ev CODE
 0001:000076a0 00000028H .text$_ZNKSt3__116reverse_iteratorINS0_IP9ComponentEEE4baseB6v15007Ev CODE
 0001:000076d0 00000036H .text$_ZNSt3__119__to_address_helperINS_16reverse_iteratorINS1_IP9ComponentEEEEvE6__callB6v15007ERKS5_ CODE
 0001:00007710 00000019H .text$_ZNKSt3__116reverse_iteratorINS0_IP9ComponentEEEptB6v15007Ev CODE
 0001:00007730 00000038H .text$_ZNKSt3__116reverse_iteratorINS0_IP9ComponentEEEdeB6v15007Ev CODE
 0001:00007770 00000017H .text$_ZNSt3__116reverse_iteratorIP9ComponentEmmB6v15007Ev CODE
 0001:00007790 00000029H .text$_ZNSt3__116reverse_iteratorINS0_IP9ComponentEEEC2B6v15007ES3_ CODE
 0001:000077c0 00000026H .text$_ZNSt3__116reverse_iteratorIP9ComponentEC2B6v15007ES2_ CODE
 0001:000077f0 00000075H .text$_ZNSt3__114__split_bufferI9ComponentRNS_9allocatorIS1_EEED2Ev CODE
 0001:00007870 0000001dH .text$_ZNSt3__114__split_bufferI9ComponentRNS_9allocatorIS1_EEE5clearB6v15007Ev CODE
 0001:00007890 00000035H .text$_ZNKSt3__114__split_bufferI9ComponentRNS_9allocatorIS1_EEE8capacityB6v15007Ev CODE
 0001:000078d0 00000028H .text$_ZNSt3__114__split_bufferI9ComponentRNS_9allocatorIS1_EEE17__destruct_at_endB6v15007EPS1_ CODE
 0001:00007900 0000007eH .text$_ZNSt3__114__split_bufferI9ComponentRNS_9allocatorIS1_EEE17__destruct_at_endB6v15007EPS1_NS_17integral_constantIbLb0EEE CODE
 0001:00007980 0000001dH .text$_ZNKSt3__114__split_bufferI9ComponentRNS_9allocatorIS1_EEE9__end_capB6v15007Ev CODE
 0001:000079a0 00000019H .text$_ZNKSt3__117__compressed_pairIP9ComponentRNS_9allocatorIS1_EEE5firstB6v15007Ev CODE
 0001:000079c0 0000002dH .text$_ZNSt3__111__wrap_iterIP9ComponentEC1B6v15007EPKvS2_ CODE
 0001:000079f0 00000023H .text$_ZNSt3__111__wrap_iterIP9ComponentEC2B6v15007EPKvS2_ CODE
 0001:00007a20 00000b96H .text                   CODE
 0001:000085c0 00000019H .text$_ZNKSt3__112basic_stringIcNS_11char_traitsIcEENS_9allocatorIcEEE5c_strB6v15007Ev CODE
 0001:000085e0 00000022H .text$_ZNSt3__16vectorI9ComponentNS_9allocatorIS1_EEEixB6v15007Ey CODE
 0001:00008610 00000044H .text$_ZN6System11AnsiStringTILt0EEC1ERKNS_13UnicodeStringE CODE
 0001:00008660 00000043H .text$_ZNK6System11AnsiStringTILt0EE5c_strEv CODE
 0001:000086b0 00000019H .text$_ZN6System11AnsiStringTILt0EED1Ev CODE
 0001:000086d0 0000004cH .text$_ZN11TDetailFormD0Ev CODE
 0001:00008720 00000047H .text$_ZN6System11AnsiStringTILt0EEC2ERKNS_13UnicodeStringE CODE
 0001:00008770 000000e9H .text$_ZN6System11AnsiStringTILt0EED2Ev CODE
 0001:00008860 00000030H .text$_ZN6System11AnsiStringTILt0EEC1Ev CODE
 0001:00008890 00000023H .text$_ZN6System11AnsiStringTILt0EEC1ERKS1_ CODE
 0001:000088c0 00000030H .text$_ZN6System11AnsiStringTILt0EEC2Ev CODE
 0001:000088f0 00000012H .text$_ZN6System14AnsiStringBaseC2Ev CODE
 0001:00008910 00000023H .text$_ZN6System11AnsiStringTILt0EEC2ERKS1_ CODE
 0001:00008940 00002486H .text                   CODE
 0001:0000add0 00000019H .text$_ZNSt3__16vectorI8ComputerNS_9allocatorIS1_EEEC1B6v15007Ev CODE
 0001:0000adf0 00000019H .text$_ZNSt3__16vectorI8ComputerNS_9allocatorIS1_EEED1B6v15007Ev CODE
 0001:0000ae10 0000001fH .text$_ZNKSt3__16vectorI8ComputerNS_9allocatorIS1_EEE4sizeB6v15007Ev CODE
 0001:0000ae30 00000022H .text$_ZNSt3__16vectorI8ComputerNS_9allocatorIS1_EEEixB6v15007Ey CODE
 0001:0000ae60 00000167H .text$_ZNSt3__114basic_ifstreamIcNS_11char_traitsIcEEEC1EPKcj CODE
 0001:0000afd0 0000001fH .text$_ZNKSt3__19basic_iosIcNS_11char_traitsIcEEEcvbB6v15007Ev CODE
 0001:0000aff0 00000060H .text$_ZNSt3__16vectorI8ComputerNS_9allocatorIS1_EEE9push_backB6v15007ERKS1_ CODE
 0001:0000b050 00000019H .text$_ZN8ComputerD1Ev  CODE
 0001:0000b070 00000042H .text$_ZNSt3__114basic_ifstreamIcNS_11char_traitsIcEEE5closeEv CODE
 0001:0000b0c0 0000004aH .text$_ZNSt3__1plB6v15007IcNS_11char_traitsIcEENS_9allocatorIcEEEENS_12basic_stringIT_T0_T1_EEPKS6_OS9_ CODE
 0001:0000b110 00000167H .text$_ZNSt3__114basic_ofstreamIcNS_11char_traitsIcEEEC1EPKcj CODE
 0001:0000b280 00000025H .text$_ZNSt3__16vectorI8ComputerNS_9allocatorIS1_EEE5beginB6v15007Ev CODE
 0001:0000b2b0 00000026H .text$_ZNSt3__16vectorI8ComputerNS_9allocatorIS1_EEE3endB6v15007Ev CODE
 0001:0000b2e0 00000029H .text$_ZNSt3__1neB6v15007IP8ComputerEEbRKNS_11__wrap_iterIT_EES7_ CODE
 0001:0000b310 0000000eH .text$_ZNKSt3__111__wrap_iterIP8ComputerEdeB6v15007Ev CODE
 0001:0000b320 00000015H .text$_ZNSt3__111__wrap_iterIP8ComputerEppB6v15007Ev CODE
 0001:0000b340 00000042H .text$_ZNSt3__114basic_ofstreamIcNS_11char_traitsIcEEE5closeEv CODE
 0001:0000b390 00000036H .text$_ZNSt3__114basic_ofstreamIcNS_11char_traitsIcEEED1Ev CODE
 0001:0000b3d0 00000036H .text$_ZNSt3__114basic_ifstreamIcNS_11char_traitsIcEEED1Ev CODE
 0001:0000b410 00000030H .text$_ZN6System3SetINS_7Uitypes10TMsgDlgBtnELS2_0ELS2_11EEC1Ev CODE
 0001:0000b440 00000078H .text$_ZN6System3SetINS_7Uitypes10TMsgDlgBtnELS2_0ELS2_11EElsES2_ CODE
 0001:0000b4c0 000000a4H .text$_ZNSt3__16vectorI8ComputerNS_9allocatorIS1_EEE5eraseB6v15007ENS_11__wrap_iterIPKS1_EE CODE
 0001:0000b570 00000034H .text$_ZNKSt3__111__wrap_iterIP8ComputerEplB6v15007Ex CODE
 0001:0000b5b0 0000002dH .text$_ZNSt3__111__wrap_iterIPK8ComputerEC1B6v15007IPS1_EERKNS0_IT_EEPNS_9enable_ifIXsr14is_convertibleIS7_S3_EE5valueEvE4typeE CODE
 0001:0000b5e0 0000005dH .text$_ZN9THomeFormD0Ev CODE
 0001:0000b640 0000003aH .text$_ZN8ComputerD2Ev  CODE
 0001:0000b680 0000003fH .text$_ZNSt3__1eqB6v15007IP8ComputerEEbRKNS_11__wrap_iterIT_EES7_ CODE
 0001:0000b6c0 0000000eH .text$_ZNKSt3__111__wrap_iterIP8ComputerE4baseB6v15007Ev CODE
 0001:0000b6d0 00000059H .text$_ZNSt3__114basic_ofstreamIcNS_11char_traitsIcEEED2Ev CODE
 0001:0000b730 00000019H .text$_ZTv0_n24_NSt3__114basic_ofstreamIcNS_11char_traitsIcEEED1Ev CODE
 0001:0000b750 00000028H .text$_ZNSt3__114basic_ofstreamIcNS_11char_traitsIcEEED0Ev CODE
 0001:0000b780 00000019H .text$_ZTv0_n24_NSt3__114basic_ofstreamIcNS_11char_traitsIcEEED0Ev CODE
 0001:0000b7a0 00000019H .text$_ZNSt3__113basic_filebufIcNS_11char_traitsIcEEED1Ev CODE
 0001:0000b7c0 000000deH .text$_ZNSt3__113basic_filebufIcNS_11char_traitsIcEEED2Ev CODE
 0001:0000b8a0 00000112H .text$_ZNSt3__113basic_filebufIcNS_11char_traitsIcEEE5closeEv CODE
 0001:0000b9c0 00000028H .text$_ZNSt3__113basic_filebufIcNS_11char_traitsIcEEED0Ev CODE
 0001:0000b9f0 000001c9H .text$_ZNSt3__113basic_filebufIcNS_11char_traitsIcEEE5imbueERKNS_6localeE CODE
 0001:0000bbc0 00000202H .text$_ZNSt3__113basic_filebufIcNS_11char_traitsIcEEE6setbufEPcx CODE
 0001:0000bdd0 000001e4H .text$_ZNSt3__113basic_filebufIcNS_11char_traitsIcEEE7seekoffExNS_8ios_base7seekdirEj CODE
 0001:0000bfc0 000000efH .text$_ZNSt3__113basic_filebufIcNS_11char_traitsIcEEE7seekposENS_4fposI9_MbstatetEEj CODE
 0001:0000c0b0 0000043aH .text$_ZNSt3__113basic_filebufIcNS_11char_traitsIcEEE4syncEv CODE
 0001:0000c4f0 0000069bH .text$_ZNSt3__113basic_filebufIcNS_11char_traitsIcEEE9underflowEv CODE
 0001:0000cb90 00000129H .text$_ZNSt3__113basic_filebufIcNS_11char_traitsIcEEE9pbackfailEi CODE
 0001:0000ccc0 000004c9H .text$_ZNSt3__113basic_filebufIcNS_11char_traitsIcEEE8overflowEi CODE
 0001:0000d190 0000002dH .text$_ZNSt3__110unique_ptrI6_iobufPFiPS1_EEC1B6v15007ILb1EvEES2_NS_16__dependent_typeINS_27__unique_ptr_deleter_sfinaeIS4_EEXT_EE20__good_rval_ref_typeE CODE
 0001:0000d1c0 0000003bH .text$_ZNSt3__110unique_ptrI6_iobufPFiPS1_EE7releaseB6v15007Ev CODE
 0001:0000d200 00000019H .text$_ZNSt3__110unique_ptrI6_iobufPFiPS1_EED1B6v15007Ev CODE
 0001:0000d220 0000003aH .text$_ZNSt3__110unique_ptrI6_iobufPFiPS1_EEC2B6v15007ILb1EvEES2_NS_16__dependent_typeINS_27__unique_ptr_deleter_sfinaeIS4_EEXT_EE20__good_rval_ref_typeE CODE
 0001:0000d260 0000002dH .text$_ZNSt3__117__compressed_pairIP6_iobufPFiS2_EEC1B6v15007IRS2_S4_EEOT_OT0_ CODE
 0001:0000d290 00000040H .text$_ZNSt3__117__compressed_pairIP6_iobufPFiS2_EEC2B6v15007IRS2_S4_EEOT_OT0_ CODE
 0001:0000d2d0 00000021H .text$_ZNSt3__122__compressed_pair_elemIP6_iobufLi0ELb0EEC2B6v15007IRS2_vEEOT_ CODE
 0001:0000d300 00000021H .text$_ZNSt3__122__compressed_pair_elemIPFiP6_iobufELi1ELb0EEC2B6v15007IS4_vEEOT_ CODE
 0001:0000d330 00000019H .text$_ZNSt3__117__compressed_pairIP6_iobufPFiS2_EE5firstB6v15007Ev CODE
 0001:0000d350 0000000bH .text$_ZNSt3__122__compressed_pair_elemIP6_iobufLi0ELb0EE5__getB6v15007Ev CODE
 0001:0000d360 0000001dH .text$_ZNSt3__110unique_ptrI6_iobufPFiPS1_EED2B6v15007Ev CODE
 0001:0000d380 00000079H .text$_ZNSt3__110unique_ptrI6_iobufPFiPS1_EE5resetB6v15007ES2_ CODE
 0001:0000d400 0000001dH .text$_ZNSt3__117__compressed_pairIP6_iobufPFiS2_EE6secondB6v15007Ev CODE
 0001:0000d420 0000000bH .text$_ZNSt3__122__compressed_pair_elemIPFiP6_iobufELi1ELb0EE5__getB6v15007Ev CODE
 0001:0000d430 00000020H .text$_ZNSt3__19use_facetB6v15007INS_7codecvtIcc9_MbstatetEEEERKT_RKNS_6localeE CODE
 0001:0000d450 0000001eH .text$_ZNKSt3__17codecvtIcc9_MbstatetE13always_noconvB6v15007Ev CODE
 0001:0000d470 0000003bH .text$_ZNSt3__115basic_streambufIcNS_11char_traitsIcEEE4setgB6v15007EPcS4_S4_ CODE
 0001:0000d4b0 00000031H .text$_ZNSt3__115basic_streambufIcNS_11char_traitsIcEEE4setpB6v15007EPcS4_ CODE
 0001:0000d4f0 00000028H .text$_ZNSt3__13maxB6v15007IxEERKT_S3_S3_ CODE
 0001:0000d520 00000057H .text$_ZNSt3__13maxB6v15007IxNS_6__lessIxxEEEERKT_S5_S5_T0_ CODE
 0001:0000d580 0000002eH .text$_ZNKSt3__16__lessIxxEclB6v15007ERKxS3_ CODE
 0001:0000d5b0 00000034H .text$_ZNSt3__116__throw_bad_castB6v15007Ev CODE
 0001:0000d5f0 0000001aH .text$_ZNKSt3__17codecvtIcc9_MbstatetE8encodingB6v15007Ev CODE
 0001:0000d610 00000023H .text$_ZNSt3__14fposI9_MbstatetEC1B6v15007Ex CODE
 0001:0000d640 0000001eH .text$_ZNSt3__14fposI9_MbstatetE5stateB6v15007ES1_ CODE
 0001:0000d660 00000038H .text$_ZNSt3__14fposI9_MbstatetEC2B6v15007Ex CODE
 0001:0000d6a0 0000000fH .text$_ZNKSt3__14fposI9_MbstatetEcvxB6v15007Ev CODE
 0001:0000d6b0 0000001eH .text$_ZNKSt3__14fposI9_MbstatetE5stateB6v15007Ev CODE
 0001:0000d6d0 0000000fH .text$_ZNKSt3__115basic_streambufIcNS_11char_traitsIcEEE4pptrB6v15007Ev CODE
 0001:0000d6e0 0000000fH .text$_ZNKSt3__115basic_streambufIcNS_11char_traitsIcEEE5pbaseB6v15007Ev CODE
 0001:0000d6f0 00000047H .text$_ZNKSt3__17codecvtIcc9_MbstatetE7unshiftB6v15007ERS1_PcS4_RS4_ CODE
 0001:0000d740 0000000fH .text$_ZNKSt3__115basic_streambufIcNS_11char_traitsIcEEE5egptrB6v15007Ev CODE
 0001:0000d750 0000000fH .text$_ZNKSt3__115basic_streambufIcNS_11char_traitsIcEEE4gptrB6v15007Ev CODE
 0001:0000d760 00000047H .text$_ZNKSt3__17codecvtIcc9_MbstatetE6lengthB6v15007ERS1_PKcS5_y CODE
 0001:0000d7b0 0000000fH .text$_ZNKSt3__115basic_streambufIcNS_11char_traitsIcEEE5ebackB6v15007Ev CODE
 0001:0000d7c0 000000b6H .text$_ZNSt3__113basic_filebufIcNS_11char_traitsIcEEE11__read_modeEv CODE
 0001:0000d880 00000090H .text$_ZNKSt3__17codecvtIcc9_MbstatetE2inB6v15007ERS1_PKcS5_RS5_PcS7_RS7_ CODE
 0001:0000d910 00000029H .text$_ZNSt3__115basic_streambufIcNS_11char_traitsIcEEE5gbumpB6v15007Ei CODE
 0001:0000d940 0000004fH .text$_ZNSt3__111char_traitsIcE7not_eofEi CODE
 0001:0000d990 000000c6H .text$_ZNSt3__113basic_filebufIcNS_11char_traitsIcEEE12__write_modeEv CODE
 0001:0000da60 0000000fH .text$_ZNKSt3__115basic_streambufIcNS_11char_traitsIcEEE5epptrB6v15007Ev CODE
 0001:0000da70 00000029H .text$_ZNSt3__115basic_streambufIcNS_11char_traitsIcEEE5pbumpB6v15007Ei CODE
 0001:0000daa0 00000090H .text$_ZNKSt3__17codecvtIcc9_MbstatetE3outB6v15007ERS1_PKcS5_RS5_PcS7_RS7_ CODE
 0001:0000db30 00000023H .text$_ZNSt3__115basic_streambufIcNS_11char_traitsIcEEE7__pbumpB6v15007Ex CODE
 0001:0000db60 00000059H .text$_ZNSt3__114basic_ifstreamIcNS_11char_traitsIcEEED2Ev CODE
 0001:0000dbc0 00000019H .text$_ZTv0_n24_NSt3__114basic_ifstreamIcNS_11char_traitsIcEEED1Ev CODE
 0001:0000dbe0 00000028H .text$_ZNSt3__114basic_ifstreamIcNS_11char_traitsIcEEED0Ev CODE
 0001:0000dc10 00000019H .text$_ZTv0_n24_NSt3__114basic_ifstreamIcNS_11char_traitsIcEEED0Ev CODE
 0001:0000dc30 00000025H .text$_ZNSt3__111__wrap_iterIP8ComputerEpLB6v15007Ex CODE
 0001:0000dc60 00000037H .text$_ZNSt3__111__wrap_iterIPK8ComputerEC2B6v15007IPS1_EERKNS0_IT_EEPNS_9enable_ifIXsr14is_convertibleIS7_S3_EE5valueEvE4typeE CODE
 0001:0000dca0 00000060H .text$_ZNSt3__16vectorI8ComputerNS_9allocatorIS1_EEEC2B6v15007Ev CODE
 0001:0000dd00 0000002dH .text$_ZNSt3__117__compressed_pairIP8ComputerNS_9allocatorIS1_EEEC1B6v15007IDnNS_18__default_init_tagEEEOT_OT0_ CODE
 0001:0000dd30 00000007H .text$_ZNSt3__119__debug_db_insert_cB6v15007INS_6vectorI8ComputerNS_9allocatorIS2_EEEEEEvPT_ CODE
 0001:0000dd40 0000003bH .text$_ZNSt3__117__compressed_pairIP8ComputerNS_9allocatorIS1_EEEC2B6v15007IDnNS_18__default_init_tagEEEOT_OT0_ CODE
 0001:0000dd80 0000001eH .text$_ZNSt3__122__compressed_pair_elemIP8ComputerLi0ELb0EEC2B6v15007IDnvEEOT_ CODE
 0001:0000dda0 0000001dH .text$_ZNSt3__122__compressed_pair_elemINS_9allocatorI8ComputerEELi1ELb1EEC2B6v15007ENS_18__default_init_tagE CODE
 0001:0000ddc0 00000019H .text$_ZNSt3__19allocatorI8ComputerEC2B6v15007Ev CODE
 0001:0000dde0 00000007H .text$_ZNSt3__116__non_trivial_ifILb1ENS_9allocatorI8ComputerEEEC2B6v15007Ev CODE
 0001:0000ddf0 0000003aH .text$_ZNSt3__16vectorI8ComputerNS_9allocatorIS1_EEED2B6v15007Ev CODE
 0001:0000de30 00000023H .text$_ZNSt3__16vectorI8ComputerNS_9allocatorIS1_EEE16__destroy_vectorC1ERS4_ CODE
 0001:0000de60 0000008cH .text$_ZNSt3__16vectorI8ComputerNS_9allocatorIS1_EEE16__destroy_vectorclB6v15007Ev CODE
 0001:0000def0 0000001eH .text$_ZNSt3__16vectorI8ComputerNS_9allocatorIS1_EEE16__destroy_vectorC2ERS4_ CODE
 0001:0000df10 000000c3H .text$_ZNKSt3__16vectorI8ComputerNS_9allocatorIS1_EEE17__annotate_deleteB6v15007Ev CODE
 0001:0000dfe0 00000007H .text$_ZNSt3__118__debug_db_erase_cB6v15007INS_6vectorI8ComputerNS_9allocatorIS2_EEEEEEvPT_ CODE
 0001:0000dff0 0000001cH .text$_ZNSt3__16vectorI8ComputerNS_9allocatorIS1_EEE7__clearB6v15007Ev CODE
 0001:0000e010 0000002dH .text$_ZNSt3__116allocator_traitsINS_9allocatorI8ComputerEEE10deallocateB6v15007ERS3_PS2_y CODE
 0001:0000e040 0000001dH .text$_ZNSt3__16vectorI8ComputerNS_9allocatorIS1_EEE7__allocB6v15007Ev CODE
 0001:0000e060 00000035H .text$_ZNKSt3__16vectorI8ComputerNS_9allocatorIS1_EEE8capacityB6v15007Ev CODE
 0001:0000e0a0 00000021H .text$_ZNKSt3__16vectorI8ComputerNS_9allocatorIS1_EEE31__annotate_contiguous_containerB6v15007EPKvS6_S6_S6_ CODE
 0001:0000e0d0 0000001cH .text$_ZNKSt3__16vectorI8ComputerNS_9allocatorIS1_EEE4dataB6v15007Ev CODE
 0001:0000e0f0 0000000bH .text$_ZNSt3__112__to_addressB6v15007I8ComputerEEPT_S3_ CODE
 0001:0000e100 00000086H .text$_ZNSt3__16vectorI8ComputerNS_9allocatorIS1_EEE22__base_destruct_at_endB6v15007EPS1_ CODE
 0001:0000e190 00000023H .text$_ZNSt3__116allocator_traitsINS_9allocatorI8ComputerEEE7destroyB6v15007IS2_vEEvRS3_PT_ CODE
 0001:0000e1c0 0000001eH .text$_ZNSt3__19allocatorI8ComputerE7destroyB6v15007EPS1_ CODE
 0001:0000e1e0 0000003fH .text$_ZNSt3__19allocatorI8ComputerE10deallocateB6v15007EPS1_y CODE
 0001:0000e220 00000019H .text$_ZNSt3__117__compressed_pairIP8ComputerNS_9allocatorIS1_EEE6secondB6v15007Ev CODE
 0001:0000e240 0000000bH .text$_ZNSt3__122__compressed_pair_elemINS_9allocatorI8ComputerEELi1ELb1EE5__getB6v15007Ev CODE
 0001:0000e250 0000001dH .text$_ZNKSt3__16vectorI8ComputerNS_9allocatorIS1_EEE9__end_capB6v15007Ev CODE
 0001:0000e270 00000019H .text$_ZNKSt3__117__compressed_pairIP8ComputerNS_9allocatorIS1_EEE5firstB6v15007Ev CODE
 0001:0000e290 0000000bH .text$_ZNKSt3__122__compressed_pair_elemIP8ComputerLi0ELb0EE5__getB6v15007Ev CODE
 0001:0000e2a0 00000030H .text$_ZNSt3__19basic_iosIcNS_11char_traitsIcEEEC2B6v15007Ev CODE
 0001:0000e2d0 00000051H .text$_ZNSt3__113basic_istreamIcNS_11char_traitsIcEEEC2B6v15007EPNS_15basic_streambufIcS2_EE CODE
 0001:0000e330 00000019H .text$_ZNSt3__113basic_filebufIcNS_11char_traitsIcEEEC1Ev CODE
 0001:0000e350 00000104H .text$_ZNSt3__113basic_filebufIcNS_11char_traitsIcEEE4openEPKcj CODE
 0001:0000e460 00000019H .text$_ZNSt3__18ios_baseC2B6v15007Ev CODE
 0001:0000e480 00000049H .text$_ZNSt3__19basic_iosIcNS_11char_traitsIcEEE4initB6v15007EPNS_15basic_streambufIcS2_EE CODE
 0001:0000e4d0 000001afH .text$_ZNSt3__113basic_filebufIcNS_11char_traitsIcEEEC2Ev CODE
 0001:0000e680 0000003aH .text$_ZNSt3__19has_facetB6v15007INS_7codecvtIcc9_MbstatetEEEEbRKNS_6localeE CODE
 0001:0000e6c0 0000002eH .text$_ZNKSt3__115basic_streambufIcNS_11char_traitsIcEEE6getlocB6v15007Ev CODE
 0001:0000e6f0 00000204H .text$_ZNSt3__113basic_filebufIcNS_11char_traitsIcEEE15__make_mdstringEj CODE
 0001:0000e900 0000001dH .text$_ZNKSt3__19basic_iosIcNS_11char_traitsIcEEE4failB6v15007Ev CODE
 0001:0000e920 0000001cH .text$_ZNKSt3__18ios_base4failB6v15007Ev CODE
 0001:0000e940 0000001dH .text$_ZNSt3__16vectorI8ComputerNS_9allocatorIS1_EEE9__end_capB6v15007Ev CODE
 0001:0000e960 00000099H .text$_ZNSt3__16vectorI8ComputerNS_9allocatorIS1_EEE22__construct_one_at_endB6v15007IJRKS1_EEEvDpOT_ CODE
 0001:0000ea00 000000eeH .text$_ZNSt3__16vectorI8ComputerNS_9allocatorIS1_EEE21__push_back_slow_pathIRKS1_EEvOT_ CODE
 0001:0000eaf0 00000019H .text$_ZNSt3__117__compressed_pairIP8ComputerNS_9allocatorIS1_EEE5firstB6v15007Ev CODE
 0001:0000eb10 0000000bH .text$_ZNSt3__122__compressed_pair_elemIP8ComputerLi0ELb0EE5__getB6v15007Ev CODE
 0001:0000eb20 0000002dH .text$_ZNSt3__16vectorI8ComputerNS_9allocatorIS1_EEE21_ConstructTransactionC1ERS4_y CODE
 0001:0000eb50 0000002dH .text$_ZNSt3__116allocator_traitsINS_9allocatorI8ComputerEEE9constructB6v15007IS2_JRKS2_EvEEvRS3_PT_DpOT0_ CODE
 0001:0000eb80 00000019H .text$_ZNSt3__16vectorI8ComputerNS_9allocatorIS1_EEE21_ConstructTransactionD1Ev CODE
 0001:0000eba0 00000046H .text$_ZNSt3__16vectorI8ComputerNS_9allocatorIS1_EEE21_ConstructTransactionC2ERS4_y CODE
 0001:0000ebf0 00000028H .text$_ZNSt3__19allocatorI8ComputerE9constructB6v15007IS1_JRKS1_EEEvPT_DpOT0_ CODE
 0001:0000ec20 00000023H .text$_ZN8ComputerC1ERKS_ CODE
 0001:0000ec50 000000deH .text$_ZN8ComputerC2ERKS_ CODE
 0001:0000ed30 00000023H .text$_ZNSt3__16vectorI9ComponentNS_9allocatorIS1_EEEC1ERKS4_ CODE
 0001:0000ed60 00000132H .text$_ZNSt3__16vectorI9ComponentNS_9allocatorIS1_EEEC2ERKS4_ CODE
 0001:0000eea0 00000011H .text$_ZNSt3__116allocator_traitsINS_9allocatorI9ComponentEEE37select_on_container_copy_constructionB6v15007IS3_vvEES3_RKS3_ CODE
 0001:0000eec0 0000002dH .text$_ZNSt3__117__compressed_pairIP9ComponentNS_9allocatorIS1_EEEC1B6v15007IDnS4_EEOT_OT0_ CODE
 0001:0000eef0 00000034H .text$_ZNSt3__118__make_transactionB6v15007INS_6vectorI9ComponentNS_9allocatorIS2_EEE16__destroy_vectorEEENS_13__transactionIT_EES8_ CODE
 0001:0000ef30 000000a6H .text$_ZNSt3__16vectorI9ComponentNS_9allocatorIS1_EEE11__vallocateB6v15007Ey CODE
 0001:0000efe0 00000099H .text$_ZNSt3__16vectorI9ComponentNS_9allocatorIS1_EEE18__construct_at_endIPS1_EENS_9enable_ifIXsr27__is_cpp17_forward_iteratorIT_EE5valueEvE4typeES8_S8_y CODE
 0001:0000f080 0000000fH .text$_ZNSt3__113__transactionINS_6vectorI9ComponentNS_9allocatorIS2_EEE16__destroy_vectorEE10__completeB6v15007Ev CODE
 0001:0000f090 00000019H .text$_ZNSt3__113__transactionINS_6vectorI9ComponentNS_9allocatorIS2_EEE16__destroy_vectorEED1B6v15007Ev CODE
 0001:0000f0b0 0000003cH .text$_ZNSt3__117__compressed_pairIP9ComponentNS_9allocatorIS1_EEEC2B6v15007IDnS4_EEOT_OT0_ CODE
 0001:0000f0f0 00000012H .text$_ZNSt3__122__compressed_pair_elemINS_9allocatorI9ComponentEELi1ELb1EEC2B6v15007IS3_vEEOT_ CODE
 0001:0000f110 00000023H .text$_ZNSt3__113__transactionINS_6vectorI9ComponentNS_9allocatorIS2_EEE16__destroy_vectorEEC1B6v15007ES6_ CODE
 0001:0000f140 00000022H .text$_ZNSt3__113__transactionINS_6vectorI9ComponentNS_9allocatorIS2_EEE16__destroy_vectorEEC2B6v15007ES6_ CODE
 0001:0000f170 0000010cH .text$_ZNSt3__130__uninitialized_allocator_copyB6v15007INS_9allocatorI9ComponentEEPS2_S4_S4_EET2_RT_T0_T1_S5_ CODE
 0001:0000f280 0000002dH .text$_ZNSt3__116allocator_traitsINS_9allocatorI9ComponentEEE9constructB6v15007IS2_JRS2_EvEEvRS3_PT_DpOT0_ CODE
 0001:0000f2b0 00000037H .text$_ZNSt3__129_AllocatorDestroyRangeReverseINS_9allocatorI9ComponentEEPS2_EC1B6v15007ERS3_RS4_S7_ CODE
 0001:0000f2f0 0000005cH .text$_ZNKSt3__129_AllocatorDestroyRangeReverseINS_9allocatorI9ComponentEEPS2_EclB6v15007Ev CODE
 0001:0000f350 00000028H .text$_ZNSt3__19allocatorI9ComponentE9constructB6v15007IS1_JRS1_EEEvPT_DpOT0_ CODE
 0001:0000f380 0000003aH .text$_ZNSt3__129_AllocatorDestroyRangeReverseINS_9allocatorI9ComponentEEPS2_EC2B6v15007ERS3_RS4_S7_ CODE
 0001:0000f3c0 00000064H .text$_ZNSt3__119__allocator_destroyB6v15007INS_9allocatorI9ComponentEENS_16reverse_iteratorIPS2_EES6_EEvRT_T0_T1_ CODE
 0001:0000f430 0000003fH .text$_ZNSt3__113__transactionINS_6vectorI9ComponentNS_9allocatorIS2_EEE16__destroy_vectorEED2B6v15007Ev CODE
 0001:0000f470 00000016H .text$_ZNSt3__16vectorI8ComputerNS_9allocatorIS1_EEE21_ConstructTransactionD2Ev CODE
 0001:0000f490 000000a0H .text$_ZNKSt3__16vectorI8ComputerNS_9allocatorIS1_EEE11__recommendB6v15007Ey CODE
 0001:0000f530 00000037H .text$_ZNSt3__114__split_bufferI8ComputerRNS_9allocatorIS1_EEEC1EyyS4_ CODE
 0001:0000f570 0000014cH .text$_ZNSt3__16vectorI8ComputerNS_9allocatorIS1_EEE26__swap_out_circular_bufferERNS_14__split_bufferIS1_RS3_EE CODE
 0001:0000f6c0 00000019H .text$_ZNSt3__114__split_bufferI8ComputerRNS_9allocatorIS1_EEED1Ev CODE
 0001:0000f6e0 00000059H .text$_ZNKSt3__16vectorI8ComputerNS_9allocatorIS1_EEE8max_sizeEv CODE
 0001:0000f740 00000016H .text$_ZNKSt3__16vectorI8ComputerNS_9allocatorIS1_EEE20__throw_length_errorB6v15007Ev CODE
 0001:0000f760 00000019H .text$_ZNSt3__116allocator_traitsINS_9allocatorI8ComputerEEE8max_sizeB6v15007IS3_vEEyRKS3_ CODE
 0001:0000f780 0000001dH .text$_ZNKSt3__16vectorI8ComputerNS_9allocatorIS1_EEE7__allocB6v15007Ev CODE
 0001:0000f7a0 00000011H .text$_ZNKSt3__19allocatorI8ComputerE8max_sizeB6v15007Ev CODE
 0001:0000f7c0 00000019H .text$_ZNKSt3__117__compressed_pairIP8ComputerNS_9allocatorIS1_EEE6secondB6v15007Ev CODE
 0001:0000f7e0 0000000bH .text$_ZNKSt3__122__compressed_pair_elemINS_9allocatorI8ComputerEELi1ELb1EE5__getB6v15007Ev CODE
 0001:0000f7f0 000000caH .text$_ZNSt3__114__split_bufferI8ComputerRNS_9allocatorIS1_EEEC2EyyS4_ CODE
 0001:0000f8c0 0000002dH .text$_ZNSt3__117__compressed_pairIP8ComputerRNS_9allocatorIS1_EEEC1B6v15007IDnS5_EEOT_OT0_ CODE
 0001:0000f8f0 0000004dH .text$_ZNSt3__119__allocate_at_leastB6v15007INS_9allocatorI8ComputerEEEENS_19__allocation_resultINS_16allocator_traitsIT_E7pointerEEERS6_y CODE
 0001:0000f940 0000001dH .text$_ZNSt3__114__split_bufferI8ComputerRNS_9allocatorIS1_EEE7__allocB6v15007Ev CODE
 0001:0000f960 0000001dH .text$_ZNSt3__114__split_bufferI8ComputerRNS_9allocatorIS1_EEE9__end_capB6v15007Ev CODE
 0001:0000f980 00000040H .text$_ZNSt3__117__compressed_pairIP8ComputerRNS_9allocatorIS1_EEEC2B6v15007IDnS5_EEOT_OT0_ CODE
 0001:0000f9c0 0000001eH .text$_ZNSt3__122__compressed_pair_elemIRNS_9allocatorI8ComputerEELi1ELb0EEC2B6v15007IS4_vEEOT_ CODE
 0001:0000f9e0 0000004eH .text$_ZNSt3__19allocatorI8ComputerE8allocateB6v15007Ey CODE
 0001:0000fa30 0000001dH .text$_ZNSt3__117__compressed_pairIP8ComputerRNS_9allocatorIS1_EEE6secondB6v15007Ev CODE
 0001:0000fa50 0000000eH .text$_ZNSt3__122__compressed_pair_elemIRNS_9allocatorI8ComputerEELi1ELb0EE5__getB6v15007Ev CODE
 0001:0000fa60 00000019H .text$_ZNSt3__117__compressed_pairIP8ComputerRNS_9allocatorIS1_EEE5firstB6v15007Ev CODE
 0001:0000fa80 000001a8H .text$_ZNSt3__142__uninitialized_allocator_move_if_noexceptB6v15007INS_9allocatorI8ComputerEENS_16reverse_iteratorIPS2_EES6_S6_EET2_RT_T0_T1_S7_ CODE
 0001:0000fc30 00000023H .text$_ZNSt3__116reverse_iteratorIP8ComputerEC1B6v15007ES2_ CODE
 0001:0000fc60 0000000fH .text$_ZNKSt3__116reverse_iteratorIP8ComputerE4baseB6v15007Ev CODE
 0001:0000fc70 0000003bH .text$_ZNSt3__14swapB6v15007IP8ComputerEENS_9enable_ifIXaasr21is_move_constructibleIT_EE5valuesr18is_move_assignableIS4_EE5valueEvE4typeERS4_S7_ CODE
 0001:0000fcb0 000000b3H .text$_ZNKSt3__16vectorI8ComputerNS_9allocatorIS1_EEE14__annotate_newB6v15007Ey CODE
 0001:0000fd70 00000007H .text$_ZNSt3__125__debug_db_invalidate_allB6v15007INS_6vectorI8ComputerNS_9allocatorIS2_EEEEEEvPT_ CODE
 0001:0000fd80 0000003fH .text$_ZNSt3__1neB6v15007IP8ComputerS2_EEbRKNS_16reverse_iteratorIT_EERKNS3_IT0_EE CODE
 0001:0000fdc0 0000002dH .text$_ZNSt3__116allocator_traitsINS_9allocatorI8ComputerEEE9constructB6v15007IS2_JS2_EvEEvRS3_PT_DpOT0_ CODE
 0001:0000fdf0 00000019H .text$_ZNSt3__112__to_addressB6v15007INS_16reverse_iteratorIP8ComputerEEvEENS_5decayIDTclsr19__to_address_helperIT_EE6__callcl7declvalIRKS6_EEEEE4typeES8_ CODE
 0001:0000fe10 00000027H .text$_ZNKSt3__116reverse_iteratorIP8ComputerEdeB6v15007Ev CODE
 0001:0000fe40 00000017H .text$_ZNSt3__116reverse_iteratorIP8ComputerEppB6v15007Ev CODE
 0001:0000fe60 00000037H .text$_ZNSt3__129_AllocatorDestroyRangeReverseINS_9allocatorI8ComputerEENS_16reverse_iteratorIPS2_EEEC1B6v15007ERS3_RS6_S9_ CODE
 0001:0000fea0 0000008eH .text$_ZNKSt3__129_AllocatorDestroyRangeReverseINS_9allocatorI8ComputerEENS_16reverse_iteratorIPS2_EEEclB6v15007Ev CODE
 0001:0000ff30 00000028H .text$_ZNSt3__19allocatorI8ComputerE9constructB6v15007IS1_JS1_EEEvPT_DpOT0_ CODE
 0001:0000ff60 00000023H .text$_ZN8ComputerC1EOS_ CODE
 0001:0000ff90 0000007fH .text$_ZN8ComputerC2EOS_ CODE
 0001:00010010 00000023H .text$_ZNSt3__16vectorI9ComponentNS_9allocatorIS1_EEEC1B6v15007EOS4_ CODE
 0001:00010040 000000f1H .text$_ZNSt3__16vectorI9ComponentNS_9allocatorIS1_EEEC2B6v15007EOS4_ CODE
 0001:00010140 00000012H .text$_ZNSt3__115__debug_db_swapB6v15007INS_6vectorI9ComponentNS_9allocatorIS2_EEEEEEvPT_S7_ CODE
 0001:00010160 00000036H .text$_ZNSt3__119__to_address_helperINS_16reverse_iteratorIP8ComputerEEvE6__callB6v15007ERKS4_ CODE
 0001:000101a0 00000019H .text$_ZNKSt3__116reverse_iteratorIP8ComputerEptB6v15007Ev CODE
 0001:000101c0 0000003aH .text$_ZNSt3__129_AllocatorDestroyRangeReverseINS_9allocatorI8ComputerEENS_16reverse_iteratorIPS2_EEEC2B6v15007ERS3_RS6_S9_ CODE
 0001:00010200 00000064H .text$_ZNSt3__119__allocator_destroyB6v15007INS_9allocatorI8ComputerEENS_16reverse_iteratorINS4_IPS2_EEEES7_EEvRT_T0_T1_ CODE
 0001:00010270 00000019H .text$_ZNSt3__116reverse_iteratorINS0_IP8ComputerEEEC1B6v15007ES3_ CODE
 0001:00010290 00000045H .text$_ZNSt3__1neB6v15007INS_16reverse_iteratorIP8ComputerEES4_EEbRKNS1_IT_EERKNS1_IT0_EE CODE
 0001:000102e0 00000019H .text$_ZNSt3__112__to_addressB6v15007INS_16reverse_iteratorINS1_IP8ComputerEEEEvEENS_5decayIDTclsr19__to_address_helperIT_EE6__callcl7declvalIRKS7_EEEEE4typeES9_ CODE
 0001:00010300 00000026H .text$_ZNSt3__116reverse_iteratorINS0_IP8ComputerEEEppB6v15007Ev CODE
 0001:00010330 00000028H .text$_ZNKSt3__116reverse_iteratorINS0_IP8ComputerEEE4baseB6v15007Ev CODE
 0001:00010360 00000036H .text$_ZNSt3__119__to_address_helperINS_16reverse_iteratorINS1_IP8ComputerEEEEvE6__callB6v15007ERKS5_ CODE
 0001:000103a0 00000019H .text$_ZNKSt3__116reverse_iteratorINS0_IP8ComputerEEEptB6v15007Ev CODE
 0001:000103c0 00000038H .text$_ZNKSt3__116reverse_iteratorINS0_IP8ComputerEEEdeB6v15007Ev CODE
 0001:00010400 00000017H .text$_ZNSt3__116reverse_iteratorIP8ComputerEmmB6v15007Ev CODE
 0001:00010420 00000029H .text$_ZNSt3__116reverse_iteratorINS0_IP8ComputerEEEC2B6v15007ES3_ CODE
 0001:00010450 00000026H .text$_ZNSt3__116reverse_iteratorIP8ComputerEC2B6v15007ES2_ CODE
 0001:00010480 00000075H .text$_ZNSt3__114__split_bufferI8ComputerRNS_9allocatorIS1_EEED2Ev CODE
 0001:00010500 0000001dH .text$_ZNSt3__114__split_bufferI8ComputerRNS_9allocatorIS1_EEE5clearB6v15007Ev CODE
 0001:00010520 00000035H .text$_ZNKSt3__114__split_bufferI8ComputerRNS_9allocatorIS1_EEE8capacityB6v15007Ev CODE
 0001:00010560 00000028H .text$_ZNSt3__114__split_bufferI8ComputerRNS_9allocatorIS1_EEE17__destruct_at_endB6v15007EPS1_ CODE
 0001:00010590 0000007eH .text$_ZNSt3__114__split_bufferI8ComputerRNS_9allocatorIS1_EEE17__destruct_at_endB6v15007EPS1_NS_17integral_constantIbLb0EEE CODE
 0001:00010610 0000001dH .text$_ZNKSt3__114__split_bufferI8ComputerRNS_9allocatorIS1_EEE9__end_capB6v15007Ev CODE
 0001:00010630 00000019H .text$_ZNKSt3__117__compressed_pairIP8ComputerRNS_9allocatorIS1_EEE5firstB6v15007Ev CODE
 0001:00010650 00000049H .text$_ZNSt3__113basic_ostreamIcNS_11char_traitsIcEEEC2B6v15007EPNS_15basic_streambufIcS2_EE CODE
 0001:000106a0 0000002dH .text$_ZNSt3__111__wrap_iterIP8ComputerEC1B6v15007EPKvS2_ CODE
 0001:000106d0 00000023H .text$_ZNSt3__111__wrap_iterIP8ComputerEC2B6v15007EPKvS2_ CODE
 0001:00010700 00000021H .text$_ZN6System3SetINS_7Uitypes10TMsgDlgBtnELS2_0ELS2_11EEC2Ev CODE
 0001:00010730 00000041H .text$_ZNSt3__1miB6v15007IPK8ComputerS3_EEDTmicldtfp_4baseEcldtfp0_4baseEERKNS_11__wrap_iterIT_EERKNS5_IT0_EE CODE
 0001:00010780 00000022H .text$_ZNKSt3__16vectorI8ComputerNS_9allocatorIS1_EEE6cbeginB6v15007Ev CODE
 0001:000107b0 00000063H .text$_ZNSt3__16vectorI8ComputerNS_9allocatorIS1_EEE17__destruct_at_endB6v15007EPS1_ CODE
 0001:00010820 00000036H .text$_ZNSt3__14moveB6v15007IP8ComputerS2_EET0_T_S4_S3_ CODE
 0001:00010860 00000012H .text$_ZNSt3__16vectorI8ComputerNS_9allocatorIS1_EEE27__invalidate_iterators_pastB6v15007EPS1_ CODE
 0001:00010880 0000000eH .text$_ZNKSt3__111__wrap_iterIPK8ComputerE4baseB6v15007Ev CODE
 0001:00010890 00000025H .text$_ZNKSt3__16vectorI8ComputerNS_9allocatorIS1_EEE5beginB6v15007Ev CODE
 0001:000108c0 0000002dH .text$_ZNSt3__111__wrap_iterIPK8ComputerEC1B6v15007EPKvS3_ CODE
 0001:000108f0 00000023H .text$_ZNSt3__111__wrap_iterIPK8ComputerEC2B6v15007EPKvS3_ CODE
 0001:00010920 000000b3H .text$_ZNKSt3__16vectorI8ComputerNS_9allocatorIS1_EEE17__annotate_shrinkB6v15007Ey CODE
 0001:000109e0 000000b3H .text$_ZNSt3__16__moveB6v15007INS_17_ClassicAlgPolicyEP8ComputerS3_S3_EENS_9enable_ifIXaaaasr21is_copy_constructibleIT0_EE5valuesr21is_copy_constructibleIT1_EE5valuesr21is_copy_constructibleIT2_EE5valueENS_4pairIS5_S7_EEE4typeES5_S6_S7_ CODE
 0001:00010aa0 0000008bH .text$_ZNSt3__111__move_implB6v15007INS_17_ClassicAlgPolicyEP8ComputerS3_S3_EENS_4pairIT0_T2_EES5_T1_S6_ CODE
 0001:00010b30 00000019H .text$_ZNSt3__113__unwrap_iterB6v15007IP8ComputerNS_18__unwrap_iter_implIS2_Lb1EEELi0EEEDTclsrT0_8__unwrapclsr3stdE7declvalIT_EEEES6_ CODE
 0001:00010b50 00000034H .text$_ZNSt3__19make_pairB6v15007IP8ComputerS2_EENS_4pairINS_18__unwrap_ref_decayIT_E4typeENS4_IT0_E4typeEEEOS5_OS8_ CODE
 0001:00010b90 0000003aH .text$_ZNSt3__113__rewrap_iterB6v15007IP8ComputerS2_NS_18__unwrap_iter_implIS2_Lb1EEEEET_S5_T0_ CODE
 0001:00010bd0 0000001bH .text$_ZNSt3__18_IterOpsINS_17_ClassicAlgPolicyEE11__iter_moveB6v15007IRP8ComputerEENS_9enable_ifIXsr12is_referenceIDTdeclsr3stdE7declvalIRT_EEEEE5valueEDTclsr3stdE4movedeclsr3stdE7declvalIS9_EEEEE4typeEOS8_ CODE
 0001:00010bf0 0000007fH .text$_ZN8ComputeraSEOS_ CODE
 0001:00010c70 00000001H .text$_ZNSt3__18_IterOpsINS_17_ClassicAlgPolicyEE25__validate_iter_referenceB6v15007IRP8ComputerEEvv CODE
 0001:00010c80 00000031H .text$_ZNSt3__16vectorI9ComponentNS_9allocatorIS1_EEEaSB6v15007EOS4_ CODE
 0001:00010cc0 00000031H .text$_ZNSt3__112basic_stringIcNS_11char_traitsIcEENS_9allocatorIcEEEaSB6v15007EOS5_ CODE
 0001:00010d00 000000b1H .text$_ZNSt3__16vectorI9ComponentNS_9allocatorIS1_EEE13__move_assignERS4_NS_17integral_constantIbLb1EEE CODE
 0001:00010dc0 00000087H .text$_ZNSt3__16vectorI9ComponentNS_9allocatorIS1_EEE13__vdeallocateEv CODE
 0001:00010e50 00000028H .text$_ZNSt3__16vectorI9ComponentNS_9allocatorIS1_EEE19__move_assign_allocB6v15007ERS4_ CODE
 0001:00010e80 00000037H .text$_ZNSt3__16vectorI9ComponentNS_9allocatorIS1_EEE19__move_assign_allocB6v15007ERS4_NS_17integral_constantIbLb1EEE CODE
 0001:00010ec0 000000dcH .text$_ZNSt3__112basic_stringIcNS_11char_traitsIcEENS_9allocatorIcEEE13__move_assignB6v15007ERS5_NS_17integral_constantIbLb1EEE CODE
 0001:00010fa0 0000002dH .text$_ZNSt3__116allocator_traitsINS_9allocatorIcEEE10deallocateB6v15007ERS2_Pcy CODE
 0001:00010fd0 00000019H .text$_ZNSt3__112basic_stringIcNS_11char_traitsIcEENS_9allocatorIcEEE7__allocB6v15007Ev CODE
 0001:00010ff0 00000023H .text$_ZNKSt3__112basic_stringIcNS_11char_traitsIcEENS_9allocatorIcEEE14__get_long_capB6v15007Ev CODE
 0001:00011020 00000028H .text$_ZNSt3__112basic_stringIcNS_11char_traitsIcEENS_9allocatorIcEEE19__move_assign_allocB6v15007ERS5_ CODE
 0001:00011050 0000003bH .text$_ZNSt3__19allocatorIcE10deallocateB6v15007EPcy CODE
 0001:00011090 00000019H .text$_ZNSt3__117__compressed_pairINS_12basic_stringIcNS_11char_traitsIcEENS_9allocatorIcEEE5__repES5_E6secondB6v15007Ev CODE
 0001:000110b0 0000000bH .text$_ZNSt3__122__compressed_pair_elemINS_9allocatorIcEELi1ELb1EE5__getB6v15007Ev CODE
 0001:000110c0 00000037H .text$_ZNSt3__112basic_stringIcNS_11char_traitsIcEENS_9allocatorIcEEE19__move_assign_allocB6v15007ERS5_NS_17integral_constantIbLb1EEE CODE
 0001:00011100 00000019H .text$_ZNSt3__118__unwrap_iter_implIP8ComputerLb1EE8__unwrapB6v15007ES2_ CODE
 0001:00011120 0000002dH .text$_ZNSt3__14pairIP8ComputerS2_EC1B6v15007IS2_S2_LPv0EEEOT_OT0_ CODE
 0001:00011150 00000032H .text$_ZNSt3__14pairIP8ComputerS2_EC2B6v15007IS2_S2_LPv0EEEOT_OT0_ CODE
 0001:00011190 00000055H .text$_ZNSt3__118__unwrap_iter_implIP8ComputerLb1EE8__rewrapB6v15007ES2_S2_ CODE
 0001:000111f0 00000326H .text                   CODE
 0001:00011520 00000023H .text$_ZN6System7Classes15TComponentClassC1EPNS_10TMetaClassE CODE
 0001:00011550 00000023H .text$_ZN6System7Classes15TComponentClassC2EPNS_10TMetaClassE CODE
 0001:00011580 0000001eH .text$_ZN6System15DelphiMetaClassINS_7Classes15TComponentClassEEC2EPNS_10TMetaClassE CODE
 0001:000115a0 00003ca6H .text                   CODE
 0001:00015250 000000d2H .text$_ZN6System8Sysutils11ERangeErrorC3ENS_13UnicodeStringE CODE
 0001:00015330 0000004cH .text$_ZN6System8Sysutils11ERangeErrorD0Ev CODE
 0001:00015380 0000005bH .text$_ZN6System8_CharLenIwEEiPKT_ CODE
 0001:000153e0 0000005bH .text$_ZN6System8_CharLenIDsEEiPKT_ CODE
 0001:00015440 00000023H .text$_ZN6System14AnsiStringBaseC2ILt0EEEONS_11AnsiStringTIXT_EEE CODE
 0001:00015470 0000002aH .text$_ZN6System13UnicodeStringC2ILt0EEERKNS_11AnsiStringTIXT_EEE CODE
 0001:000154a0 0000004dH .text$_ZNK6System14AnsiStringBase8CodePageEv CODE
 0001:000154f0 0000003aH .text$_ZNK6System14AnsiStringBaseixEi CODE
 0001:00015530 000000d2H .text$_ZN6System8Sysutils9EIntErrorC3ENS_13UnicodeStringE CODE
 0001:00015610 000000d2H .text$_ZN6System8Sysutils9EExternalC3ENS_13UnicodeStringE CODE
 0001:000156f0 0000004cH .text$_ZN6System8Sysutils9EIntErrorD0Ev CODE
 0001:00015740 0000004cH .text$_ZN6System8Sysutils9EExternalD0Ev CODE
 0001:00015790 00000f18H .text                   CODE
 0001:000166b0 0000000bH .text$_ZN6System15DelphiInterfaceINS_10IInterfaceEEadEv CODE
 0001:000166c0 0000004dH .text$_ZN6System15DelphiInterfaceINS_10IInterfaceEED2Ev CODE
 0001:00016710 00000029H .text$_ZNSt3__110lock_guardINS_5mutexEEC2B6v15007ERS1_ CODE
 0001:00016740 00000035H .text$_ZNSt3__113unordered_mapIPN6System7Typinfo9TTypeInfoEPSt9type_infoNS_4hashIS4_EENS_8equal_toIS4_EENS_9allocatorINS_4pairIKS4_S6_EEEEEC2B6v15007Ev CODE
 0001:00016780 00000019H .text$_ZNSt3__113unordered_mapIPN6System7Typinfo9TTypeInfoEPSt9type_infoNS_4hashIS4_EENS_8equal_toIS4_EENS_9allocatorINS_4pairIKS4_S6_EEEEED2B6v15007Ev CODE
 0001:000167a0 00000084H .text$_ZNSt3__113unordered_mapIPN6System7Typinfo9TTypeInfoEPSt9type_infoNS_4hashIS4_EENS_8equal_toIS4_EENS_9allocatorINS_4pairIKS4_S6_EEEEEixERSD_ CODE
 0001:00016830 0000004aH .text$_ZN6System11AnsiStringTILt65001EEC2ERKNS_13UnicodeStringE CODE
 0001:00016880 00000098H .text$_ZNK6System11AnsiStringTILt65001EEplERKS1_ CODE
 0001:00016920 0000004aH .text$_ZN6System11AnsiStringTILt65001EEC2EPKc CODE
 0001:00016970 00000030H .text$_ZN6System11AnsiStringTILt65001EEC2Ev CODE
 0001:000169a0 0000002cH .text$_ZN6System11AnsiStringTILt65001EEaSERKS1_ CODE
 0001:000169d0 00000019H .text$_ZN6System11AnsiStringTILt65001EED2Ev CODE
 0001:000169f0 00000030H .text$_ZN10__cxxabiv117__class_type_infoC2Ev CODE
 0001:00016a20 00000043H .text$_ZNK6System11AnsiStringTILt65001EE5c_strEv CODE
 0001:00016a70 0000001cH .text$_ZNSt3__110lock_guardINS_5mutexEED2B6v15007Ev CODE
 0001:00016a90 00000030H .text$_ZN10__cxxabiv116__shim_type_infoC2Ev CODE
 0001:00016ac0 00000083H .text$_ZNSt3__112__hash_tableINS_17__hash_value_typeIPN6System7Typinfo9TTypeInfoEPSt9type_infoEENS_22__unordered_map_hasherIS5_S8_NS_4hashIS5_EENS_8equal_toIS5_EELb1EEENS_21__unordered_map_equalIS5_S8_SD_SB_Lb1EEENS_9allocatorIS8_EEEC2Ev CODE
 0001:00016b50 00000007H .text$_ZNSt3__119__debug_db_insert_cB6v15007INS_13unordered_mapIPN6System7Typinfo9TTypeInfoEPSt9type_infoNS_4hashIS5_EENS_8equal_toIS5_EENS_9allocatorINS_4pairIKS5_S7_EEEEEEEEvPT_ CODE
 0001:00016b60 00000030H .text$_ZNSt3__110unique_ptrIA_PNS_16__hash_node_baseIPNS_11__hash_nodeINS_17__hash_value_typeIPN6System7Typinfo9TTypeInfoEPSt9type_infoEEPvEEEENS_25__bucket_list_deallocatorINS_9allocatorISF_EEEEEC2B6v15007ILb1EvEEv CODE
 0001:00016b90 00000030H .text$_ZNSt3__117__compressed_pairINS_16__hash_node_baseIPNS_11__hash_nodeINS_17__hash_value_typeIPN6System7Typinfo9TTypeInfoEPSt9type_infoEEPvEEEENS_9allocatorISC_EEEC2B6v15007ILb1EvEEv CODE
 0001:00016bc0 0000003bH .text$_ZNSt3__117__compressed_pairIyNS_22__unordered_map_hasherIPN6System7Typinfo9TTypeInfoENS_17__hash_value_typeIS5_PSt9type_infoEENS_4hashIS5_EENS_8equal_toIS5_EELb1EEEEC2B6v15007IiNS_18__default_init_tagEEEOT_OT0_ CODE
 0001:00016c00 0000003bH .text$_ZNSt3__117__compressed_pairIfNS_21__unordered_map_equalIPN6System7Typinfo9TTypeInfoENS_17__hash_value_typeIS5_PSt9type_infoEENS_8equal_toIS5_EENS_4hashIS5_EELb1EEEEC2B6v15007IfNS_18__default_init_tagEEEOT_OT0_ CODE
 0001:00016c40 0000003eH .text$_ZNSt3__117__compressed_pairIPPNS_16__hash_node_baseIPNS_11__hash_nodeINS_17__hash_value_typeIPN6System7Typinfo9TTypeInfoEPSt9type_infoEEPvEEEENS_25__bucket_list_deallocatorINS_9allocatorISF_EEEEEC2B6v15007INS_16__value_init_tagESN_EEOT_OT0_ CODE
 0001:00016c80 0000001cH .text$_ZNSt3__122__compressed_pair_elemIPPNS_16__hash_node_baseIPNS_11__hash_nodeINS_17__hash_value_typeIPN6System7Typinfo9TTypeInfoEPSt9type_infoEEPvEEEELi0ELb0EEC2B6v15007ENS_16__value_init_tagE CODE
 0001:00016ca0 0000001dH .text$_ZNSt3__122__compressed_pair_elemINS_25__bucket_list_deallocatorINS_9allocatorIPNS_16__hash_node_baseIPNS_11__hash_nodeINS_17__hash_value_typeIPN6System7Typinfo9TTypeInfoEPSt9type_infoEEPvEEEEEEEELi1ELb0EEC2B6v15007ENS_16__value_init_tagE CODE
 0001:00016cc0 00000038H .text$_ZNSt3__125__bucket_list_deallocatorINS_9allocatorIPNS_16__hash_node_baseIPNS_11__hash_nodeINS_17__hash_value_typeIPN6System7Typinfo9TTypeInfoEPSt9type_infoEEPvEEEEEEEC2B6v15007Ev CODE
 0001:00016d00 0000003bH .text$_ZNSt3__117__compressed_pairIyNS_9allocatorIPNS_16__hash_node_baseIPNS_11__hash_nodeINS_17__hash_value_typeIPN6System7Typinfo9TTypeInfoEPSt9type_infoEEPvEEEEEEEC2B6v15007IiNS_18__default_init_tagEEEOT_OT0_ CODE
 0001:00016d40 00000021H .text$_ZNSt3__122__compressed_pair_elemIyLi0ELb0EEC2B6v15007IivEEOT_ CODE
 0001:00016d70 0000001dH .text$_ZNSt3__122__compressed_pair_elemINS_9allocatorIPNS_16__hash_node_baseIPNS_11__hash_nodeINS_17__hash_value_typeIPN6System7Typinfo9TTypeInfoEPSt9type_infoEEPvEEEEEELi1ELb1EEC2B6v15007ENS_18__default_init_tagE CODE
 0001:00016d90 00000019H .text$_ZNSt3__19allocatorIPNS_16__hash_node_baseIPNS_11__hash_nodeINS_17__hash_value_typeIPN6System7Typinfo9TTypeInfoEPSt9type_infoEEPvEEEEEC2B6v15007Ev CODE
 0001:00016db0 00000007H .text$_ZNSt3__116__non_trivial_ifILb1ENS_9allocatorIPNS_16__hash_node_baseIPNS_11__hash_nodeINS_17__hash_value_typeIPN6System7Typinfo9TTypeInfoEPSt9type_infoEEPvEEEEEEEC2B6v15007Ev CODE
 0001:00016dc0 0000001dH .text$_ZNSt3__122__compressed_pair_elemINS_16__hash_node_baseIPNS_11__hash_nodeINS_17__hash_value_typeIPN6System7Typinfo9TTypeInfoEPSt9type_infoEEPvEEEELi0ELb0EEC2B6v15007ENS_16__value_init_tagE CODE
 0001:00016de0 0000001dH .text$_ZNSt3__122__compressed_pair_elemINS_9allocatorINS_11__hash_nodeINS_17__hash_value_typeIPN6System7Typinfo9TTypeInfoEPSt9type_infoEEPvEEEELi1ELb1EEC2B6v15007ENS_16__value_init_tagE CODE
 0001:00016e00 00000012H .text$_ZNSt3__116__hash_node_baseIPNS_11__hash_nodeINS_17__hash_value_typeIPN6System7Typinfo9TTypeInfoEPSt9type_infoEEPvEEEC2B6v15007Ev CODE
 0001:00016e20 00000019H .text$_ZNSt3__19allocatorINS_11__hash_nodeINS_17__hash_value_typeIPN6System7Typinfo9TTypeInfoEPSt9type_infoEEPvEEEC2B6v15007Ev CODE
 0001:00016e40 00000007H .text$_ZNSt3__116__non_trivial_ifILb1ENS_9allocatorINS_11__hash_nodeINS_17__hash_value_typeIPN6System7Typinfo9TTypeInfoEPSt9type_infoEEPvEEEEEC2B6v15007Ev CODE
 0001:00016e50 0000001dH .text$_ZNSt3__122__compressed_pair_elemINS_22__unordered_map_hasherIPN6System7Typinfo9TTypeInfoENS_17__hash_value_typeIS5_PSt9type_infoEENS_4hashIS5_EENS_8equal_toIS5_EELb1EEELi1ELb1EEC2B6v15007ENS_18__default_init_tagE CODE
 0001:00016e70 00000007H .text$_ZNSt3__122__unordered_map_hasherIPN6System7Typinfo9TTypeInfoENS_17__hash_value_typeIS4_PSt9type_infoEENS_4hashIS4_EENS_8equal_toIS4_EELb1EEC2B6v15007Ev CODE
 0001:00016e80 00000023H .text$_ZNSt3__122__compressed_pair_elemIfLi0ELb0EEC2B6v15007IfvEEOT_ CODE
 0001:00016eb0 0000001dH .text$_ZNSt3__122__compressed_pair_elemINS_21__unordered_map_equalIPN6System7Typinfo9TTypeInfoENS_17__hash_value_typeIS5_PSt9type_infoEENS_8equal_toIS5_EENS_4hashIS5_EELb1EEELi1ELb1EEC2B6v15007ENS_18__default_init_tagE CODE
 0001:00016ed0 00000007H .text$_ZNSt3__121__unordered_map_equalIPN6System7Typinfo9TTypeInfoENS_17__hash_value_typeIS4_PSt9type_infoEENS_8equal_toIS4_EENS_4hashIS4_EELb1EEC2B6v15007Ev CODE
 0001:00016ee0 00000051H .text$_ZNSt3__112__hash_tableINS_17__hash_value_typeIPN6System7Typinfo9TTypeInfoEPSt9type_infoEENS_22__unordered_map_hasherIS5_S8_NS_4hashIS5_EENS_8equal_toIS5_EELb1EEENS_21__unordered_map_equalIS5_S8_SD_SB_Lb1EEENS_9allocatorIS8_EEED2Ev CODE
 0001:00016f40 000000adH .text$_ZNSt3__112__hash_tableINS_17__hash_value_typeIPN6System7Typinfo9TTypeInfoEPSt9type_infoEENS_22__unordered_map_hasherIS5_S8_NS_4hashIS5_EENS_8equal_toIS5_EELb1EEENS_21__unordered_map_equalIS5_S8_SD_SB_Lb1EEENS_9allocatorIS8_EEE17__deallocate_nodeEPNS_16__hash_node_baseIPNS_11__hash_nodeIS8_PvEEEE CODE
 0001:00016ff0 00000019H .text$_ZNSt3__117__compressed_pairINS_16__hash_node_baseIPNS_11__hash_nodeINS_17__hash_value_typeIPN6System7Typinfo9TTypeInfoEPSt9type_infoEEPvEEEENS_9allocatorISC_EEE5firstB6v15007Ev CODE
 0001:00017010 00000007H .text$_ZNSt3__118__debug_db_erase_cB6v15007INS_12__hash_tableINS_17__hash_value_typeIPN6System7Typinfo9TTypeInfoEPSt9type_infoEENS_22__unordered_map_hasherIS6_S9_NS_4hashIS6_EENS_8equal_toIS6_EELb1EEENS_21__unordered_map_equalIS6_S9_SE_SC_Lb1EEENS_9allocatorIS9_EEEEEEvPT_ CODE
 0001:00017020 0000001dH .text$_ZNSt3__110unique_ptrIA_PNS_16__hash_node_baseIPNS_11__hash_nodeINS_17__hash_value_typeIPN6System7Typinfo9TTypeInfoEPSt9type_infoEEPvEEEENS_25__bucket_list_deallocatorINS_9allocatorISF_EEEEED2B6v15007Ev CODE
 0001:00017040 0000001dH .text$_ZNSt3__112__hash_tableINS_17__hash_value_typeIPN6System7Typinfo9TTypeInfoEPSt9type_infoEENS_22__unordered_map_hasherIS5_S8_NS_4hashIS5_EENS_8equal_toIS5_EELb1EEENS_21__unordered_map_equalIS5_S8_SD_SB_Lb1EEENS_9allocatorIS8_EEE12__node_allocB6v15007Ev CODE
 0001:00017060 00000019H .text$_ZNSt3__116__hash_node_baseIPNS_11__hash_nodeINS_17__hash_value_typeIPN6System7Typinfo9TTypeInfoEPSt9type_infoEEPvEEE8__upcastB6v15007Ev CODE
 0001:00017080 00000012H .text$_ZNSt3__116allocator_traitsINS_9allocatorINS_11__hash_nodeINS_17__hash_value_typeIPN6System7Typinfo9TTypeInfoEPSt9type_infoEEPvEEEEE7destroyB6v15007INS_4pairIKS7_S9_EEvvEEvRSD_PT_ CODE
 0001:000170a0 00000019H .text$_ZNSt3__122__hash_key_value_typesINS_17__hash_value_typeIPN6System7Typinfo9TTypeInfoEPSt9type_infoEEE9__get_ptrB6v15007ERS8_ CODE
 0001:000170c0 0000002dH .text$_ZNSt3__116allocator_traitsINS_9allocatorINS_11__hash_nodeINS_17__hash_value_typeIPN6System7Typinfo9TTypeInfoEPSt9type_infoEEPvEEEEE10deallocateB6v15007ERSD_PSC_y CODE
 0001:000170f0 00000019H .text$_ZNSt3__117__compressed_pairINS_16__hash_node_baseIPNS_11__hash_nodeINS_17__hash_value_typeIPN6System7Typinfo9TTypeInfoEPSt9type_infoEEPvEEEENS_9allocatorISC_EEE6secondB6v15007Ev CODE
 0001:00017110 0000000bH .text$_ZNSt3__122__compressed_pair_elemINS_9allocatorINS_11__hash_nodeINS_17__hash_value_typeIPN6System7Typinfo9TTypeInfoEPSt9type_infoEEPvEEEELi1ELb1EE5__getB6v15007Ev CODE
 0001:00017120 0000000bH .text$_ZNSt3__114pointer_traitsIPNS_16__hash_node_baseIPNS_11__hash_nodeINS_17__hash_value_typeIPN6System7Typinfo9TTypeInfoEPSt9type_infoEEPvEEEEE10pointer_toB6v15007ERSE_ CODE
 0001:00017130 00000019H .text$_ZNSt3__117__hash_value_typeIPN6System7Typinfo9TTypeInfoEPSt9type_infoE11__get_valueB6v15007Ev CODE
 0001:00017150 00000019H .text$_ZNSt3__17launderB6v15007INS_4pairIKPN6System7Typinfo9TTypeInfoEPSt9type_infoEEEEPT_SB_ CODE
 0001:00017170 0000000bH .text$_ZNSt3__19__launderB6v15007INS_4pairIKPN6System7Typinfo9TTypeInfoEPSt9type_infoEEEEPT_SB_ CODE
 0001:00017180 0000003fH .text$_ZNSt3__19allocatorINS_11__hash_nodeINS_17__hash_value_typeIPN6System7Typinfo9TTypeInfoEPSt9type_infoEEPvEEE10deallocateB6v15007EPSB_y CODE
 0001:000171c0 0000000bH .text$_ZNSt3__122__compressed_pair_elemINS_16__hash_node_baseIPNS_11__hash_nodeINS_17__hash_value_typeIPN6System7Typinfo9TTypeInfoEPSt9type_infoEEPvEEEELi0ELb0EE5__getB6v15007Ev CODE
 0001:000171d0 0000005fH .text$_ZNSt3__110unique_ptrIA_PNS_16__hash_node_baseIPNS_11__hash_nodeINS_17__hash_value_typeIPN6System7Typinfo9TTypeInfoEPSt9type_infoEEPvEEEENS_25__bucket_list_deallocatorINS_9allocatorISF_EEEEE5resetB6v15007EDn CODE
 0001:00017230 00000019H .text$_ZNSt3__117__compressed_pairIPPNS_16__hash_node_baseIPNS_11__hash_nodeINS_17__hash_value_typeIPN6System7Typinfo9TTypeInfoEPSt9type_infoEEPvEEEENS_25__bucket_list_deallocatorINS_9allocatorISF_EEEEE5firstB6v15007Ev CODE
 0001:00017250 0000001dH .text$_ZNSt3__117__compressed_pairIPPNS_16__hash_node_baseIPNS_11__hash_nodeINS_17__hash_value_typeIPN6System7Typinfo9TTypeInfoEPSt9type_infoEEPvEEEENS_25__bucket_list_deallocatorINS_9allocatorISF_EEEEE6secondB6v15007Ev CODE
 0001:00017270 0000004eH .text$_ZNSt3__125__bucket_list_deallocatorINS_9allocatorIPNS_16__hash_node_baseIPNS_11__hash_nodeINS_17__hash_value_typeIPN6System7Typinfo9TTypeInfoEPSt9type_infoEEPvEEEEEEEclB6v15007EPSG_ CODE
 0001:000172c0 0000000bH .text$_ZNSt3__122__compressed_pair_elemIPPNS_16__hash_node_baseIPNS_11__hash_nodeINS_17__hash_value_typeIPN6System7Typinfo9TTypeInfoEPSt9type_infoEEPvEEEELi0ELb0EE5__getB6v15007Ev CODE
 0001:000172d0 0000000bH .text$_ZNSt3__122__compressed_pair_elemINS_25__bucket_list_deallocatorINS_9allocatorIPNS_16__hash_node_baseIPNS_11__hash_nodeINS_17__hash_value_typeIPN6System7Typinfo9TTypeInfoEPSt9type_infoEEPvEEEEEEEELi1ELb0EE5__getB6v15007Ev CODE
 0001:000172e0 0000002dH .text$_ZNSt3__116allocator_traitsINS_9allocatorIPNS_16__hash_node_baseIPNS_11__hash_nodeINS_17__hash_value_typeIPN6System7Typinfo9TTypeInfoEPSt9type_infoEEPvEEEEEEE10deallocateB6v15007ERSH_PSG_y CODE
 0001:00017310 00000019H .text$_ZNSt3__125__bucket_list_deallocatorINS_9allocatorIPNS_16__hash_node_baseIPNS_11__hash_nodeINS_17__hash_value_typeIPN6System7Typinfo9TTypeInfoEPSt9type_infoEEPvEEEEEEE7__allocB6v15007Ev CODE
 0001:00017330 00000019H .text$_ZNSt3__125__bucket_list_deallocatorINS_9allocatorIPNS_16__hash_node_baseIPNS_11__hash_nodeINS_17__hash_value_typeIPN6System7Typinfo9TTypeInfoEPSt9type_infoEEPvEEEEEEE4sizeB6v15007Ev CODE
 0001:00017350 0000003fH .text$_ZNSt3__19allocatorIPNS_16__hash_node_baseIPNS_11__hash_nodeINS_17__hash_value_typeIPN6System7Typinfo9TTypeInfoEPSt9type_infoEEPvEEEEE10deallocateB6v15007EPSF_y CODE
 0001:00017390 00000019H .text$_ZNSt3__117__compressed_pairIyNS_9allocatorIPNS_16__hash_node_baseIPNS_11__hash_nodeINS_17__hash_value_typeIPN6System7Typinfo9TTypeInfoEPSt9type_infoEEPvEEEEEEE6secondB6v15007Ev CODE
 0001:000173b0 0000000bH .text$_ZNSt3__122__compressed_pair_elemINS_9allocatorIPNS_16__hash_node_baseIPNS_11__hash_nodeINS_17__hash_value_typeIPN6System7Typinfo9TTypeInfoEPSt9type_infoEEPvEEEEEELi1ELb1EE5__getB6v15007Ev CODE
 0001:000173c0 00000019H .text$_ZNSt3__117__compressed_pairIyNS_9allocatorIPNS_16__hash_node_baseIPNS_11__hash_nodeINS_17__hash_value_typeIPN6System7Typinfo9TTypeInfoEPSt9type_infoEEPvEEEEEEE5firstB6v15007Ev CODE
 0001:000173e0 0000000bH .text$_ZNSt3__122__compressed_pair_elemIyLi0ELb0EE5__getB6v15007Ev CODE
 0001:000173f0 0000076cH .text$_ZNSt3__112__hash_tableINS_17__hash_value_typeIPN6System7Typinfo9TTypeInfoEPSt9type_infoEENS_22__unordered_map_hasherIS5_S8_NS_4hashIS5_EENS_8equal_toIS5_EELb1EEENS_21__unordered_map_equalIS5_S8_SD_SB_Lb1EEENS_9allocatorIS8_EEE25__emplace_unique_key_argsIS5_JRKNS_21piecewise_construct_tENS_5tupleIJRKS5_EEENSO_IJEEEEEENS_4pairINS_15__hash_iteratorIPNS_11__hash_nodeIS8_PvEEEEbEERKT_DpOT0_ CODE
 0001:00017b60 00000022H .text$_ZNSt3__116forward_as_tupleB6v15007IJRKPN6System7Typinfo9TTypeInfoEEEENS_5tupleIJDpOT_EEESA_ CODE
 0001:00017b90 00000006H .text$_ZNSt3__116forward_as_tupleB6v15007IJEEENS_5tupleIJDpOT_EEES4_ CODE
 0001:00017ba0 00000028H .text$_ZNKSt3__115__hash_iteratorIPNS_11__hash_nodeINS_17__hash_value_typeIPN6System7Typinfo9TTypeInfoEPSt9type_infoEEPvEEEptB6v15007Ev CODE
 0001:00017bd0 0000001dH .text$_ZNSt3__112__hash_tableINS_17__hash_value_typeIPN6System7Typinfo9TTypeInfoEPSt9type_infoEENS_22__unordered_map_hasherIS5_S8_NS_4hashIS5_EENS_8equal_toIS5_EELb1EEENS_21__unordered_map_equalIS5_S8_SD_SB_Lb1EEENS_9allocatorIS8_EEE13hash_functionB6v15007Ev CODE
 0001:00017bf0 00000026H .text$_ZNKSt3__122__unordered_map_hasherIPN6System7Typinfo9TTypeInfoENS_17__hash_value_typeIS4_PSt9type_infoEENS_4hashIS4_EENS_8equal_toIS4_EELb1EEclB6v15007ERKS4_ CODE
 0001:00017c20 00000021H .text$_ZNKSt3__112__hash_tableINS_17__hash_value_typeIPN6System7Typinfo9TTypeInfoEPSt9type_infoEENS_22__unordered_map_hasherIS5_S8_NS_4hashIS5_EENS_8equal_toIS5_EELb1EEENS_21__unordered_map_equalIS5_S8_SD_SB_Lb1EEENS_9allocatorIS8_EEE12bucket_countB6v15007Ev CODE
 0001:00017c50 00000087H .text$_ZNSt3__116__constrain_hashB6v15007Eyy CODE
 0001:00017ce0 0000002cH .text$_ZNKSt3__110unique_ptrIA_PNS_16__hash_node_baseIPNS_11__hash_nodeINS_17__hash_value_typeIPN6System7Typinfo9TTypeInfoEPSt9type_infoEEPvEEEENS_25__bucket_list_deallocatorINS_9allocatorISF_EEEEEixB6v15007Ey CODE
 0001:00017d10 0000000fH .text$_ZNKSt3__116__hash_node_baseIPNS_11__hash_nodeINS_17__hash_value_typeIPN6System7Typinfo9TTypeInfoEPSt9type_infoEEPvEEE6__hashB6v15007Ev CODE
 0001:00017d20 0000001dH .text$_ZNSt3__112__hash_tableINS_17__hash_value_typeIPN6System7Typinfo9TTypeInfoEPSt9type_infoEENS_22__unordered_map_hasherIS5_S8_NS_4hashIS5_EENS_8equal_toIS5_EELb1EEENS_21__unordered_map_equalIS5_S8_SD_SB_Lb1EEENS_9allocatorIS8_EEE6key_eqB6v15007Ev CODE
 0001:00017d40 00000043H .text$_ZNKSt3__121__unordered_map_equalIPN6System7Typinfo9TTypeInfoENS_17__hash_value_typeIS4_PSt9type_infoEENS_8equal_toIS4_EENS_4hashIS4_EELb1EEclB6v15007ERKS8_RKS4_ CODE
 0001:00017d90 000001a9H .text$_ZNSt3__112__hash_tableINS_17__hash_value_typeIPN6System7Typinfo9TTypeInfoEPSt9type_infoEENS_22__unordered_map_hasherIS5_S8_NS_4hashIS5_EENS_8equal_toIS5_EELb1EEENS_21__unordered_map_equalIS5_S8_SD_SB_Lb1EEENS_9allocatorIS8_EEE21__construct_node_hashIRKNS_21piecewise_construct_tEJNS_5tupleIJRKS5_EEENSO_IJEEEEEENS_10unique_ptrINS_11__hash_nodeIS8_PvEENS_22__hash_node_destructorINSH_ISW_EEEEEEyOT_DpOT0_ CODE
 0001:00017f40 0000001dH .text$_ZNSt3__112__hash_tableINS_17__hash_value_typeIPN6System7Typinfo9TTypeInfoEPSt9type_infoEENS_22__unordered_map_hasherIS5_S8_NS_4hashIS5_EENS_8equal_toIS5_EELb1EEENS_21__unordered_map_equalIS5_S8_SD_SB_Lb1EEENS_9allocatorIS8_EEE4sizeB6v15007Ev CODE
 0001:00017f60 0000001dH .text$_ZNSt3__112__hash_tableINS_17__hash_value_typeIPN6System7Typinfo9TTypeInfoEPSt9type_infoEENS_22__unordered_map_hasherIS5_S8_NS_4hashIS5_EENS_8equal_toIS5_EELb1EEENS_21__unordered_map_equalIS5_S8_SD_SB_Lb1EEENS_9allocatorIS8_EEE15max_load_factorB6v15007Ev CODE
 0001:00017f80 00000023H .text$_ZNSt3__112__hash_tableINS_17__hash_value_typeIPN6System7Typinfo9TTypeInfoEPSt9type_infoEENS_22__unordered_map_hasherIS5_S8_NS_4hashIS5_EENS_8equal_toIS5_EELb1EEENS_21__unordered_map_equalIS5_S8_SD_SB_Lb1EEENS_9allocatorIS8_EEE15__rehash_uniqueB6v15007Ey CODE
 0001:00017fb0 00000047H .text$_ZNSt3__116__is_hash_power2B6v15007Ey CODE
 0001:00018000 0000001bH .text$_Z4ceilB6v15007f  CODE
 0001:00018020 00000019H .text$_ZNSt3__116__hash_node_baseIPNS_11__hash_nodeINS_17__hash_value_typeIPN6System7Typinfo9TTypeInfoEPSt9type_infoEEPvEEE5__ptrB6v15007Ev CODE
 0001:00018040 0000001bH .text$_ZNKSt3__110unique_ptrINS_11__hash_nodeINS_17__hash_value_typeIPN6System7Typinfo9TTypeInfoEPSt9type_infoEEPvEENS_22__hash_node_destructorINS_9allocatorISB_EEEEEptB6v15007Ev CODE
 0001:00018060 0000001bH .text$_ZNKSt3__110unique_ptrINS_11__hash_nodeINS_17__hash_value_typeIPN6System7Typinfo9TTypeInfoEPSt9type_infoEEPvEENS_22__hash_node_destructorINS_9allocatorISB_EEEEE3getB6v15007Ev CODE
 0001:00018080 0000003bH .text$_ZNSt3__110unique_ptrINS_11__hash_nodeINS_17__hash_value_typeIPN6System7Typinfo9TTypeInfoEPSt9type_infoEEPvEENS_22__hash_node_destructorINS_9allocatorISB_EEEEE7releaseB6v15007Ev CODE
 0001:000180c0 0000001dH .text$_ZNSt3__110unique_ptrINS_11__hash_nodeINS_17__hash_value_typeIPN6System7Typinfo9TTypeInfoEPSt9type_infoEEPvEENS_22__hash_node_destructorINS_9allocatorISB_EEEEED2B6v15007Ev CODE
 0001:000180e0 00000024H .text$_ZNSt3__115__hash_iteratorIPNS_11__hash_nodeINS_17__hash_value_typeIPN6System7Typinfo9TTypeInfoEPSt9type_infoEEPvEEEC2B6v15007EPNS_16__hash_node_baseISC_EEPKv CODE
[...]
 0002:000134d8       $unwind$_ZN6System8Internal7Initcpp15InitializeUnitsEPNS1_20TUnitDescriptorBlockES3_ 00000001400354d8     rtl:System.Internal.InitCPP.o
 0002:000134e4       $unwind$_ZN6System8Internal7Initcpp13FinalizeUnitsEPNS1_20TUnitDescriptorBlockES3_ 00000001400354e4     rtl:System.Internal.InitCPP.o
 0002:000134ec       $unwind$_ZN6System8Internal7Initcpp15InitializeUnitsEPPNS1_20TUnitDescriptorBlockES4_ 00000001400354ec     rtl:System.Internal.InitCPP.o
 0002:000134f8       $unwind$_ZN6System8Internal7Initcpp13FinalizeUnitsEPPNS1_20TUnitDescriptorBlockES4_ 00000001400354f8     rtl:System.Internal.InitCPP.o
 0002:00013500       $unwind$_ZN6System8Internal7Initcpp15InitializeUnitsEPNS1_15TUnitDescriptorES3_ 0000000140035500     rtl:System.Internal.InitCPP.o
 0002:00013508       $unwind$_ZN6System8Internal7Initcpp13FinalizeUnitsEPNS1_15TUnitDescriptorES3_ 0000000140035508     rtl:System.Internal.InitCPP.o
 0002:00013510       $unwind$_ZN6System8Internal7Initcpp15CalculateDegreeEPNS1_20TUnitDescriptorBlockES3_ 0000000140035510     rtl:System.Internal.InitCPP.o
 0002:00013514       $unwind$_ZN6System8Internal7Initcpp15CalculateDegreeEPPNS1_20TUnitDescriptorBlockES4_ 0000000140035514     rtl:System.Internal.InitCPP.o
 0002:00013518       $unwind$_ZN6System8Internal7Initcpp16FinalizeUnitListEPPPNS1_15TUnitDescriptorES5_ 0000000140035518     rtl:System.Internal.InitCPP.o
 0002:00013554       $unwind$_ZN6System8Internal7Initcpp18InitializeRootUnitEPNS1_15TUnitDescriptorE 0000000140035554     rtl:System.Internal.InitCPP.o
 0002:00013608       $unwind$_ZN6System8Internal7Initcpp16FinalizeRootUnitEPNS1_15TUnitDescriptorE 0000000140035608     rtl:System.Internal.InitCPP.o
 0002:00013644       $unwind$_ZN6System8Internal7Initcpp12FinalizationEv 0000000140035644     rtl:System.Internal.InitCPP.o
 0002:00013648       $unwind$_ZN6System8Internal7Initcpp14initializationEv 0000000140035648     rtl:System.Internal.InitCPP.o
 0004:00000000       version_string             0000000140037000     crtbegin.o
 0004:000000e8       _ZN7Sysinit6ModuleE        00000001400370e8     sysinit.o
 0004:00000120       _ZN7Sysinit7TlsProcE       0000000140037120     sysinit.o
 0004:00000140       _ZN7Sysinit21_dtors_delayhlp_65535E 0000000140037140     sysinit.o
 0004:00000160       initial_tznames            0000000140037160     libucrt:lib64_libucrt_extra_a-ucrtbase_compat.o
 0004:00000178       initial_timezone           0000000140037178     libucrt:lib64_libucrt_extra_a-ucrtbase_compat.o
 0004:00000188       initial_daylight           0000000140037188     libucrt:lib64_libucrt_extra_a-ucrtbase_compat.o
 0004:000001c8       initial_tzname0            00000001400371c8     libucrt:lib64_libucrt_extra_a-ucrtbase_compat.o
 0004:000001cc       initial_tzname1            00000001400371cc     libucrt:lib64_libucrt_extra_a-ucrtbase_compat.o
 0004:000001e8       __do_global_dtors.p        00000001400371e8     libmingw32:lib64_libmingw32_a-gccmain.o
 0004:00000208       _ZZN6System19CheckSafecallResultElE13__init_comobj 0000000140037208     rtle:syssupp.o
 0004:00000244       managedapp                 0000000140037244     crt2u.o
 0004:00000248       startinfo                  0000000140037248     crt2u.o
 0004:0000024c       argc                       000000014003724c     crt2u.o
 0004:00000250       argv                       0000000140037250     crt2u.o
 0004:00000258       envp                       0000000140037258     crt2u.o
 0004:00000260       argret                     0000000140037260     crt2u.o
 0004:00000264       has_cctor                  0000000140037264     crt2u.o
 0004:00000268       mainret                    0000000140037268     crt2u.o
 0004:000002b0       _ZN7Sysinit2_1E            00000001400372b0     sysinit.o
 0004:000002b8       _ZN7Sysinit9tlsBufferE     00000001400372b8     sysinit.o
 0004:000002c0       _ZN7Sysinit9UseTlsAPIE     00000001400372c0     sysinit.o
 0004:000002c8       .bss.delayhlp              00000001400372c8     sysinit.o
 0004:000002c8       ..__puiHead                00000001400372c8     sysinit.o
 0004:000002e8       local__initenv             00000001400372e8     libucrt:lib64_libucrt_extra_a-__initenv.o
 0004:000002f0       local__winitenv            00000001400372f0     libucrt:lib64_libucrt_extra_a-__initenv.o
 0004:000002f8       initialized                00000001400372f8     libmingw32:lib64_libmingw32_a-gccmain.o
 0004:00000330       _pei386_runtime_relocator.was_init 0000000140037330     libmingw32:lib64_libmingw32_a-pseudo-reloc.o
 0004:00000338       the_secs                   0000000140037338     libmingw32:lib64_libmingw32_a-pseudo-reloc.o
 0004:00000340       maxSections                0000000140037340     libmingw32:lib64_libmingw32_a-pseudo-reloc.o
 0004:00000348       stUserMathErr              0000000140037348     libmingw32:lib64_libmingw32_a-usermatherr.o
 0004:00000368       _ZZ18__delphi_type_infoE15type_info_mutex 0000000140037368     rtle:syssupp.o
 0004:00000370       _ZZ18__delphi_type_infoE13type_info_map 0000000140037370     rtle:syssupp.o
 0004:00000398       _ZGVZ18__delphi_type_infoE13type_info_map 0000000140037398     rtle:syssupp.o
 0004:000003a8       __mingwthr_cs_init         00000001400373a8     libmingw32:lib64_libmingw32_a-tlsthrd.o
 0004:000003b0       __mingwthr_cs              00000001400373b0     libmingw32:lib64_libmingw32_a-tlsthrd.o
 0004:000003d8       key_dtor_list              00000001400373d8     libmingw32:lib64_libmingw32_a-tlsthrd.o
 0004:000003e4       _ZN6System8Internal7Strhlpr2_1E 00000001400373e4     rtl:System.Internal.StrHlpr.o
 0004:000003e8       _ZN6System8Internal7Initcpp2_1E 00000001400373e8     rtl:System.Internal.InitCPP.o
 0005:0000006c       $pdata$_ZN7Sysinit19InterlockedExchangeERii 000000014003806c     sysinit.o
 0005:00000078       $pdata$_ZN7Sysinit26InterlockedExchangePointerERPvS0_ 0000000140038078     sysinit.o
 0005:00000084       $pdata$_ZN7Sysinit17SetDliNotifyHook2EPFPv15dliNotificationP13DelayLoadInfoE 0000000140038084     sysinit.o
 0005:00000090       $pdata$_ZN7Sysinit14DliNotifyHook2Ev 0000000140038090     sysinit.o
 0005:0000009c       $pdata$_ZN7Sysinit18SetDliFailureHook2EPFPv15dliNotificationP13DelayLoadInfoE 000000014003809c     sysinit.o
 0005:000000a8       $pdata$_ZN7Sysinit15DliFailureHook2Ev 00000001400380a8     sysinit.o
 0005:000000b4       $pdata$_ZN7Sysinit17_DelayLoadHelper2ERPvS0_ 00000001400380b4     sysinit.o
 0005:000000c0       $pdata$_ZN7Sysinit21UnloadDelayLoadedDLL2EPc 00000001400380c0     sysinit.o
 0005:000000cc       $pdata$_ZN7Sysinit20LoadAllImportsForDllEPc 00000001400380cc     sysinit.o
 0005:000000d8       $pdata$_ZN7Sysinit14AllocTlsBufferEi 00000001400380d8     sysinit.o
 0005:000000e4       $pdata$_ZN7Sysinit10GetTlsSizeEv 00000001400380e4     sysinit.o
 0005:000000f0       $pdata$_ZN7Sysinit13InitThreadTLSEv 00000001400380f0     sysinit.o
 0005:000000fc       $pdata$_ZN7Sysinit14InitProcessTLSEv 00000001400380fc     sysinit.o
 0005:00000108       $pdata$_ZN7Sysinit13ExitThreadTLSEv 0000000140038108     sysinit.o
 0005:00000114       $pdata$_ZN7Sysinit14ExitProcessTLSEv 0000000140038114     sysinit.o
 0005:00000120       $pdata$_ZN7Sysinit6isWineEv 0000000140038120     sysinit.o
 0005:0000012c       $pdata$_ZN7Sysinit7_GetTlsEv 000000014003812c     sysinit.o
 0005:00000138       $pdata$_ZN7Sysinit16InitializeModuleEv 0000000140038138     sysinit.o
 0005:00000144       $pdata$_ZN7Sysinit18UninitializeModuleEv 0000000140038144     sysinit.o
 0005:00000150       $pdata$_ZN7Sysinit7VclInitEbbyb 0000000140038150     sysinit.o
 0005:0000015c       $pdata$_ZN7Sysinit7VclExitEv 000000014003815c     sysinit.o
 0005:00000168       $pdata$_ZN7Sysinit14__dbkDummyProcEv 0000000140038168     sysinit.o
 0005:00000174       $pdata$_ZN7Sysinit14__dbkFCallArgsEPvS0_S0_S0_S0_S0_S0_S0_S0_S0_S0_S0_S0_S0_S0_S0_S0_S0_S0_S0_S0_S0_S0_S0_S0_S0_S0_S0_S0_S0_ 0000000140038174     sysinit.o
 0005:00000180       $pdata$_ZN7Sysinit19__dbk_fcall_wrapperEv 0000000140038180     sysinit.o
 0005:00000198       $pdata$_ZN7Sysinit8_InitPkgEyiPv 0000000140038198     sysinit.o
 0005:000001a4       $pdata$_ZN7Sysinit12_PackageLoadEPN6System16PackageInfoTableE 00000001400381a4     sysinit.o
 0005:000001b0       $pdata$_ZN7Sysinit14_PackageUnloadEPN6System16PackageInfoTableE 00000001400381b0     sysinit.o
 0005:000001bc       $pdata$_ZN7Sysinit8_InitLibEPN6System12TInitContextEPNS0_16PackageInfoTableEyjPv 00000001400381bc     sysinit.o
 0005:000001c8       $pdata$_ZN7Sysinit8_InitExeEPv 00000001400381c8     sysinit.o
 0005:000001d4       $pdata$delayhlp            00000001400381d4     sysinit.o
 0005:00000204       $pdata$_ZN7Sysinit12FinalizationEv 0000000140038204     sysinit.o
 0005:00000210       $pdata$_ZN7Sysinit14initializationEv 0000000140038210     sysinit.o
 0005:0000333c       $pdata$_ZN6System8Internal7Strhlpr15UnicodeFromAnsiERNS_13UnicodeStringERNS_11AnsiStringTILt65535EEE 000000014003b33c     rtl:System.Internal.StrHlpr.o
 0005:00003348       $pdata$_ZN6System8Internal7Strhlpr16UnicodeFromPCharERNS_13UnicodeStringEPcb 000000014003b348     rtl:System.Internal.StrHlpr.o
 0005:00003360       $pdata$_ZN6System8Internal7Strhlpr15UnicodeFromUTF8ERNS_13UnicodeStringEPKc 000000014003b360     rtl:System.Internal.StrHlpr.o
 0005:0000336c       $pdata$_ZN6System8Internal7Strhlpr20UnicodeFromPWideCharERNS_13UnicodeStringEPw 000000014003b36c     rtl:System.Internal.StrHlpr.o
 0005:00003378       $pdata$_ZN6System8Internal7Strhlpr13UnicodeAppendERNS_13UnicodeStringES3_ 000000014003b378     rtl:System.Internal.StrHlpr.o
 0005:00003384       $pdata$_ZN6System8Internal7Strhlpr10UnicodeCatERNS_13UnicodeStringES3_ 000000014003b384     rtl:System.Internal.StrHlpr.o
 0005:00003390       $pdata$_ZN6System8Internal7Strhlpr13UnicodeDeleteERNS_13UnicodeStringEii 000000014003b390     rtl:System.Internal.StrHlpr.o
 0005:0000339c       $pdata$_ZN6System8Internal7Strhlpr16UnicodeSetLengthERNS_13UnicodeStringEi 000000014003b39c     rtl:System.Internal.StrHlpr.o
 0005:000033a8       $pdata$_ZN6System8Internal7Strhlpr10UnicodePosERNS_13UnicodeStringES3_ 000000014003b3a8     rtl:System.Internal.StrHlpr.o
 0005:000033b4       $pdata$_ZN6System8Internal7Strhlpr11UnicodeCopyERNS_13UnicodeStringEii 000000014003b3b4     rtl:System.Internal.StrHlpr.o
 0005:000033c0       $pdata$_ZN6System8Internal7Strhlpr13UnicodeInsertERNS_13UnicodeStringES3_i 000000014003b3c0     rtl:System.Internal.StrHlpr.o
 0005:000033cc       $pdata$_ZN6System8Internal7Strhlpr13UnicodeAssignERNS_13UnicodeStringES3_ 000000014003b3cc     rtl:System.Internal.StrHlpr.o
 0005:000033d8       $pdata$_ZN6System8Internal7Strhlpr11UnicodeFreeERNS_13UnicodeStringE 000000014003b3d8     rtl:System.Internal.StrHlpr.o
 0005:000033e4       $pdata$_ZN6System8Internal7Strhlpr12UnicodeEqualERNS_13UnicodeStringES3_ 000000014003b3e4     rtl:System.Internal.StrHlpr.o
 0005:000033f0       $pdata$_ZN6System8Internal7Strhlpr11UnicodeLessERNS_13UnicodeStringES3_ 000000014003b3f0     rtl:System.Internal.StrHlpr.o
 0005:000033fc       $pdata$_ZN6System8Internal7Strhlpr14UnicodeGreaterERNS_13UnicodeStringES3_ 000000014003b3fc     rtl:System.Internal.StrHlpr.o
 0005:00003408       $pdata$_ZN6System8Internal7Strhlpr10AnsiAppendERNS_11AnsiStringTILt65535EEES4_ 000000014003b408     rtl:System.Internal.StrHlpr.o
 0005:00003414       $pdata$_ZN6System8Internal7Strhlpr7AnsiCatERNS_11AnsiStringTILt65535EEES4_ 000000014003b414     rtl:System.Internal.StrHlpr.o
 0005:00003420       $pdata$_ZN6System8Internal7Strhlpr10AnsiDeleteERNS_11AnsiStringTILt65535EEEii 000000014003b420     rtl:System.Internal.StrHlpr.o
 0005:0000342c       $pdata$_ZN6System8Internal7Strhlpr13AnsiSetLengthERNS_11AnsiStringTILt65535EEEi 000000014003b42c     rtl:System.Internal.StrHlpr.o
 0005:00003438       $pdata$_ZN6System8Internal7Strhlpr7AnsiPosERNS_11AnsiStringTILt65535EEES4_ 000000014003b438     rtl:System.Internal.StrHlpr.o
 0005:00003444       $pdata$_ZN6System8Internal7Strhlpr8AnsiCopyERNS_11AnsiStringTILt65535EEEii 000000014003b444     rtl:System.Internal.StrHlpr.o
 0005:00003450       $pdata$_ZN6System8Internal7Strhlpr10AnsiInsertERNS_11AnsiStringTILt65535EEES4_i 000000014003b450     rtl:System.Internal.StrHlpr.o
 0005:0000345c       $pdata$_ZN6System8Internal7Strhlpr9AnsiEqualERNS_11AnsiStringTILt65535EEES4_ 000000014003b45c     rtl:System.Internal.StrHlpr.o
 0005:00003468       $pdata$_ZN6System8Internal7Strhlpr11AnsiGreaterERNS_11AnsiStringTILt65535EEES4_ 000000014003b468     rtl:System.Internal.StrHlpr.o
 0005:00003474       $pdata$_ZN6System8Internal7Strhlpr8AnsiLessERNS_11AnsiStringTILt65535EEES4_ 000000014003b474     rtl:System.Internal.StrHlpr.o
 0005:00003480       $pdata$_ZN6System8Internal7Strhlpr10AnsiAssignERNS_11AnsiStringTILt65535EEES4_ 000000014003b480     rtl:System.Internal.StrHlpr.o
 0005:0000348c       $pdata$_ZN6System8Internal7Strhlpr8AnsiFreeERNS_11AnsiStringTILt65535EEE 000000014003b48c     rtl:System.Internal.StrHlpr.o
 0005:00003498       $pdata$_ZN6System8Internal7Strhlpr10WideAssignERNS_10WideStringES3_ 000000014003b498     rtl:System.Internal.StrHlpr.o
 0005:000034a4       $pdata$_ZN6System8Internal7Strhlpr8WideFreeERNS_10WideStringE 000000014003b4a4     rtl:System.Internal.StrHlpr.o
 0005:000034b0       $pdata$_ZN6System8Internal7Strhlpr12WideFromAnsiERNS_10WideStringERNS_11AnsiStringTILt65535EEE 000000014003b4b0     rtl:System.Internal.StrHlpr.o
 0005:000034bc       $pdata$_ZN6System8Internal7Strhlpr15WideFromUnicodeERNS_10WideStringERNS_13UnicodeStringE 000000014003b4bc     rtl:System.Internal.StrHlpr.o
 0005:000034c8       $pdata$_ZN6System8Internal7Strhlpr13WideFromPCharERNS_10WideStringEPcb 000000014003b4c8     rtl:System.Internal.StrHlpr.o
 0005:000034e0       $pdata$_ZN6System8Internal7Strhlpr9WideEqualERNS_10WideStringES3_ 000000014003b4e0     rtl:System.Internal.StrHlpr.o
 0005:000034ec       $pdata$_ZN6System8Internal7Strhlpr8WideLessERNS_10WideStringES3_ 000000014003b4ec     rtl:System.Internal.StrHlpr.o
 0005:000034f8       $pdata$_ZN6System8Internal7Strhlpr11WideGreaterERNS_10WideStringES3_ 000000014003b4f8     rtl:System.Internal.StrHlpr.o
 0005:00003504       $pdata$_ZN6System8Internal7Strhlpr7WideCatERNS_10WideStringES3_ 000000014003b504     rtl:System.Internal.StrHlpr.o
 0005:00003510       $pdata$_ZN6System8Internal7Strhlpr10WideLengthERNS_10WideStringE 000000014003b510     rtl:System.Internal.StrHlpr.o
 0005:0000351c       $pdata$_ZN6System8Internal7Strhlpr7WidePosERNS_10WideStringES3_ 000000014003b51c     rtl:System.Internal.StrHlpr.o
 0005:00003528       $pdata$_ZN6System8Internal7Strhlpr13WideSetLengthERNS_10WideStringEi 000000014003b528     rtl:System.Internal.StrHlpr.o
 0005:00003534       $pdata$_ZN6System8Internal7Strhlpr10WideDeleteERNS_10WideStringEii 000000014003b534     rtl:System.Internal.StrHlpr.o
 0005:00003540       $pdata$_ZN6System8Internal7Strhlpr10WideInsertERNS_10WideStringES3_i 000000014003b540     rtl:System.Internal.StrHlpr.o
 0005:0000354c       $pdata$_ZN6System8Internal7Strhlpr8WideCopyERNS_10WideStringEii 000000014003b54c     rtl:System.Internal.StrHlpr.o
 0005:00003558       $pdata$_ZN6System8Internal7Strhlpr10WideAppendERNS_10WideStringES3_ 000000014003b558     rtl:System.Internal.StrHlpr.o
 0005:00003564       $pdata$_ZN6System8Internal7Strhlpr12WideFromUTF8ERNS_10WideStringEPKc 000000014003b564     rtl:System.Internal.StrHlpr.o
 0005:0000357c       $pdata$_ZN6System8Internal7Strhlpr15UnicodeFromWideERNS_13UnicodeStringERNS_10WideStringE 000000014003b57c     rtl:System.Internal.StrHlpr.o
 0005:00003588       $pdata$_ZN6System8Internal7Strhlpr12FinalizationEv 000000014003b588     rtl:System.Internal.StrHlpr.o
 0005:00003594       $pdata$_ZN6System8Internal7Strhlpr14initializationEv 000000014003b594     rtl:System.Internal.StrHlpr.o
 0005:000035f4       $pdata$_ZN6System8Internal7Initcpp23SelectForInitializationEPNS1_20TUnitDescriptorBlockES3_ 000000014003b5f4     rtl:System.Internal.InitCPP.o
 0005:00003600       $pdata$_ZN6System8Internal7Initcpp23SelectForInitializationEPPNS1_20TUnitDescriptorBlockES4_ 000000014003b600     rtl:System.Internal.InitCPP.o
 0005:0000360c       $pdata$_ZN6System8Internal7Initcpp15InitializeUnitsEPNS1_20TUnitDescriptorBlockES3_ 000000014003b60c     rtl:System.Internal.InitCPP.o
 0005:00003618       $pdata$_ZN6System8Internal7Initcpp13FinalizeUnitsEPNS1_20TUnitDescriptorBlockES3_ 000000014003b618     rtl:System.Internal.InitCPP.o
 0005:00003624       $pdata$_ZN6System8Internal7Initcpp15InitializeUnitsEPPNS1_20TUnitDescriptorBlockES4_ 000000014003b624     rtl:System.Internal.InitCPP.o
 0005:00003630       $pdata$_ZN6System8Internal7Initcpp13FinalizeUnitsEPPNS1_20TUnitDescriptorBlockES4_ 000000014003b630     rtl:System.Internal.InitCPP.o
 0005:0000363c       $pdata$_ZN6System8Internal7Initcpp15InitializeUnitsEPNS1_15TUnitDescriptorES3_ 000000014003b63c     rtl:System.Internal.InitCPP.o
 0005:00003648       $pdata$_ZN6System8Internal7Initcpp13FinalizeUnitsEPNS1_15TUnitDescriptorES3_ 000000014003b648     rtl:System.Internal.InitCPP.o
 0005:00003654       $pdata$_ZN6System8Internal7Initcpp15CalculateDegreeEPNS1_20TUnitDescriptorBlockES3_ 000000014003b654     rtl:System.Internal.InitCPP.o
 0005:00003660       $pdata$_ZN6System8Internal7Initcpp15CalculateDegreeEPPNS1_20TUnitDescriptorBlockES4_ 000000014003b660     rtl:System.Internal.InitCPP.o
 0005:0000366c       $pdata$_ZN6System8Internal7Initcpp16FinalizeUnitListEPPPNS1_15TUnitDescriptorES5_ 000000014003b66c     rtl:System.Internal.InitCPP.o
 0005:00003684       $pdata$_ZN6System8Internal7Initcpp18InitializeRootUnitEPNS1_15TUnitDescriptorE 000000014003b684     rtl:System.Internal.InitCPP.o
 0005:000036c0       $pdata$_ZN6System8Internal7Initcpp16FinalizeRootUnitEPNS1_15TUnitDescriptorE 000000014003b6c0     rtl:System.Internal.InitCPP.o
 0005:000036d8       $pdata$_ZN6System8Internal7Initcpp12FinalizationEv 000000014003b6d8     rtl:System.Internal.InitCPP.o
 0005:000036e4       $pdata$_ZN6System8Internal7Initcpp14initializationEv 000000014003b6e4     rtl:System.Internal.InitCPP.o
 000b:00000410       $R000000                   0000000140041410     internal .obj file created from .res files
 000b:00000898       $R000001                   0000000140041898     internal .obj file created from .res files
 000b:00000e90       $R000002                   0000000140041e90     internal .obj file created from .res files
 000b:00001400       $R000003                   0000000140042400     internal .obj file created from .res files
 000b:00001600       $R000004                   0000000140042600     internal .obj file created from .res files
 000b:00002c28       $R000005                   0000000140043c28     internal .obj file created from .res files
 000b:00003ad0       $R000006                   0000000140044ad0     internal .obj file created from .res files
 000b:00004378       $R000007                   0000000140045378     internal .obj file created from .res files
 000b:000048e0       $R000008                   00000001400458e0     internal .obj file created from .res files
 000b:0000ada0       $R000009                   000000014004bda0     internal .obj file created from .res files
 000b:0001b5c8       $R00000A                   000000014005c5c8     internal .obj file created from .res files
 000b:0001f7f0       $R00000B                   00000001400607f0     internal .obj file created from .res files
 000b:00020178       $R00000C                   0000000140061178     internal .obj file created from .res files
 000b:000205e0       $R00000D                   00000001400615e0     internal .obj file created from .res files
 000b:00020668       $R00000E                   0000000140061668     internal .obj file created from .res files
 000b:00020d78       $R00000F                   0000000140061d78     internal .obj file created from .res files
