 Project2

 Timestamp is 67497c62 (Fri Nov 29 03:33:38 2024)

 Preferred load address is 0000000140000000

 Start         Length     Name                   Class
 0001:00000000 000025c4H .text                   CODE
 0001:000025d0 00000075H .text$_ZN3Vcl5Forms5TFormC3EPN6System7Classes10TComponentE CODE
 0001:00002650 00000017H .text$_ZNK6System13UnicodeString7IsEmptyEv CODE
 0001:00002670 0000004cH .text$_ZN17TAddComponentFormD0Ev CODE
 0001:000026c0 0000007fH .text$_ZN3Vcl5Forms5TFormC3EPN6System7Classes10TComponentEi CODE
 0001:00002740 00000091H .text$_ZN3Vcl5Forms5TFormC3EPN6System7Classes10TComponentEii CODE
 0001:000027e0 0000004cH .text$_ZN3Vcl5Forms5TFormD0Ev CODE
 0001:00002830 000002a4H .text                   CODE
 0001:00002ae0 0000004cH .text$_ZN16TAddComputerFormD0Ev CODE
 0001:00002b30 00000ef0H .text                   CODE
 0001:00003a20 00000044H .text$_ZNSt3__1lsINS_11char_traitsIcEEEERNS_13basic_ostreamIcT_EES6_PKc CODE
 0001:00003a70 00000049H .text$_ZNSt3__1lsIcNS_11char_traitsIcEENS_9allocatorIcEEEERNS_13basic_ostreamIT_T0_EES9_RKNS_12basic_stringIS6_S7_T1_EE CODE
 0001:00003ac0 0000035fH .text$_ZNSt3__1rsIcNS_11char_traitsIcEENS_9allocatorIcEEEERNS_13basic_istreamIT_T0_EES9_RNS_12basic_stringIS6_S7_T1_EE CODE
 0001:00003e20 00000019H .text$_ZNSt3__16vectorI9ComponentNS_9allocatorIS1_EEEC1B6v15007Ev CODE
 0001:00003e40 00000019H .text$_ZNSt3__16vectorI9ComponentNS_9allocatorIS1_EEED1B6v15007Ev CODE
 0001:00003e60 00000019H .text$_ZNKSt3__16vectorI9ComponentNS_9allocatorIS1_EEE4sizeB6v15007Ev CODE
 0001:00003e80 00000025H .text$_ZNKSt3__16vectorI9ComponentNS_9allocatorIS1_EEE5beginB6v15007Ev CODE
 0001:00003eb0 00000026H .text$_ZNKSt3__16vectorI9ComponentNS_9allocatorIS1_EEE3endB6v15007Ev CODE
 0001:00003ee0 00000029H .text$_ZNSt3__1neB6v15007IPK9ComponentEEbRKNS_11__wrap_iterIT_EES8_ CODE
 0001:00003f10 0000000eH .text$_ZNKSt3__111__wrap_iterIPK9ComponentEdeB6v15007Ev CODE
 0001:00003f20 00000015H .text$_ZNSt3__111__wrap_iterIPK9ComponentEppB6v15007Ev CODE
 0001:00003f40 0000001dH .text$_ZNSt3__113basic_istreamIcNS_11char_traitsIcEEErsB6v15007EPFRS3_S4_E CODE
 0001:00003f60 00000267H .text$_ZNSt3__12wsIcNS_11char_traitsIcEEEERNS_13basic_istreamIT_T0_EES7_ CODE
 0001:000041d0 00000050H .text$_ZNSt3__17getlineB6v15007IcNS_11char_traitsIcEENS_9allocatorIcEEEERNS_13basic_istreamIT_T0_EES9_RNS_12basic_stringIS6_S7_T1_EE CODE
 0001:00004220 00000053H .text$_ZNSt3__16vectorI9ComponentNS_9allocatorIS1_EEE5clearB6v15007Ev CODE
 0001:00004280 00000023H .text$_ZNSt3__112basic_stringIcNS_11char_traitsIcEENS_9allocatorIcEEEC1B6v15007IDnEEPKc CODE
 0001:000042b0 00000060H .text$_ZNSt3__16vectorI9ComponentNS_9allocatorIS1_EEE9push_backB6v15007ERKS1_ CODE
 0001:00004310 00000019H .text$_ZN9ComponentD1Ev CODE
 0001:00004330 00000023H .text$_ZNSt3__16vectorI9ComponentNS_9allocatorIS1_EEEC1ERKS4_ CODE
 0001:00004360 00000025H .text$_ZNSt3__16vectorI9ComponentNS_9allocatorIS1_EEE5beginB6v15007Ev CODE
 0001:00004390 00000026H .text$_ZNSt3__16vectorI9ComponentNS_9allocatorIS1_EEE3endB6v15007Ev CODE
 0001:000043c0 00000029H .text$_ZNSt3__1neB6v15007IP9ComponentEEbRKNS_11__wrap_iterIT_EES7_ CODE
 0001:000043f0 0000000eH .text$_ZNKSt3__111__wrap_iterIP9ComponentEdeB6v15007Ev CODE
 0001:00004400 00000015H .text$_ZNSt3__111__wrap_iterIP9ComponentEppB6v15007Ev CODE
 0001:00004420 0000003fH .text$_ZNSt3__1eqB6v15007IPK9ComponentEEbRKNS_11__wrap_iterIT_EES8_ CODE
 0001:00004460 0000000eH .text$_ZNKSt3__111__wrap_iterIPK9ComponentE4baseB6v15007Ev CODE
 0001:00004470 00000019H .text$_ZN9ComponentD2Ev CODE
 0001:00004490 0000003fH .text$_ZNSt3__1eqB6v15007IP9ComponentEEbRKNS_11__wrap_iterIT_EES7_ CODE
 0001:000044d0 0000000eH .text$_ZNKSt3__111__wrap_iterIP9ComponentE4baseB6v15007Ev CODE
 0001:000044e0 00000266H .text$_ZNSt3__124__put_character_sequenceIcNS_11char_traitsIcEEEERNS_13basic_ostreamIT_T0_EES7_PKS4_y CODE
 0001:00004750 00000019H .text$_ZNSt3__111char_traitsIcE6lengthEPKc CODE
 0001:00004770 00000023H .text$_ZNSt3__113basic_ostreamIcNS_11char_traitsIcEEE6sentryC1ERS3_ CODE
 0001:000047a0 00000012H .text$_ZNKSt3__113basic_ostreamIcNS_11char_traitsIcEEE6sentrycvbB6v15007Ev CODE
 0001:000047c0 000002acH .text$_ZNSt3__116__pad_and_outputIcNS_11char_traitsIcEEEENS_19ostreambuf_iteratorIT_T0_EES6_PKS4_S8_S8_RNS_8ios_baseES4_ CODE
 0001:00004a70 00000023H .text$_ZNSt3__119ostreambuf_iteratorIcNS_11char_traitsIcEEEC1B6v15007ERNS_13basic_ostreamIcS2_EE CODE
 0001:00004aa0 0000000eH .text$_ZNKSt3__18ios_base5flagsB6v15007Ev CODE
 0001:00004ab0 00000066H .text$_ZNKSt3__19basic_iosIcNS_11char_traitsIcEEE4fillB6v15007Ev CODE
 0001:00004b20 00000017H .text$_ZNKSt3__119ostreambuf_iteratorIcNS_11char_traitsIcEEE6failedB6v15007Ev CODE
 0001:00004b40 00000021H .text$_ZNSt3__19basic_iosIcNS_11char_traitsIcEEE8setstateB6v15007Ej CODE
 0001:00004b70 00000019H .text$_ZNSt3__113basic_ostreamIcNS_11char_traitsIcEEE6sentryD1Ev CODE
 0001:00004b90 0000000eH .text$__clang_call_terminate CODE
 0001:00004ba0 00000083H .text$_ZNSt3__113basic_ostreamIcNS_11char_traitsIcEEE6sentryC2ERS3_ CODE
 0001:00004c30 0000001dH .text$_ZNKSt3__19basic_iosIcNS_11char_traitsIcEEE4goodB6v15007Ev CODE
 0001:00004c50 00000012H .text$_ZNKSt3__19basic_iosIcNS_11char_traitsIcEEE3tieB6v15007Ev CODE
 0001:00004c70 00000017H .text$_ZNKSt3__18ios_base4goodB6v15007Ev CODE
 0001:00004c90 0000000fH .text$_ZNKSt3__18ios_base5widthB6v15007Ev CODE
 0001:00004ca0 0000002eH .text$_ZNSt3__115basic_streambufIcNS_11char_traitsIcEEE5sputnB6v15007EPKcx CODE
 0001:00004cd0 0000002dH .text$_ZNSt3__112basic_stringIcNS_11char_traitsIcEENS_9allocatorIcEEEC1B6v15007Eyc CODE
 0001:00004d00 00000021H .text$_ZNSt3__112basic_stringIcNS_11char_traitsIcEENS_9allocatorIcEEE4dataB6v15007Ev CODE
 0001:00004d30 0000002dH .text$_ZNSt3__18ios_base5widthB6v15007Ex CODE
 0001:00004d60 00000050H .text$_ZNSt3__112basic_stringIcNS_11char_traitsIcEENS_9allocatorIcEEEC2B6v15007Eyc CODE
 0001:00004db0 0000002dH .text$_ZNSt3__117__compressed_pairINS_12basic_stringIcNS_11char_traitsIcEENS_9allocatorIcEEE5__repES5_EC1B6v15007INS_18__default_init_tagESA_EEOT_OT0_ CODE
 0001:00004de0 00000007H .text$_ZNSt3__119__debug_db_insert_cB6v15007INS_12basic_stringIcNS_11char_traitsIcEENS_9allocatorIcEEEEEEvPT_ CODE
 0001:00004df0 0000003aH .text$_ZNSt3__117__compressed_pairINS_12basic_stringIcNS_11char_traitsIcEENS_9allocatorIcEEE5__repES5_EC2B6v15007INS_18__default_init_tagESA_EEOT_OT0_ CODE
 0001:00004e30 00000011H .text$_ZNSt3__122__compressed_pair_elemINS_12basic_stringIcNS_11char_traitsIcEENS_9allocatorIcEEE5__repELi0ELb0EEC2B6v15007ENS_18__default_init_tagE CODE
 0001:00004e50 0000001dH .text$_ZNSt3__122__compressed_pair_elemINS_9allocatorIcEELi1ELb1EEC2B6v15007ENS_18__default_init_tagE CODE
 0001:00004e70 00000019H .text$_ZNSt3__19allocatorIcEC2B6v15007Ev CODE
 0001:00004e90 00000007H .text$_ZNSt3__116__non_trivial_ifILb1ENS_9allocatorIcEEEC2B6v15007Ev CODE
 0001:00004ea0 0000000bH .text$_ZNSt3__112__to_addressB6v15007IcEEPT_S2_ CODE
 0001:00004eb0 00000052H .text$_ZNSt3__112basic_stringIcNS_11char_traitsIcEENS_9allocatorIcEEE13__get_pointerB6v15007Ev CODE
 0001:00004f10 00000026H .text$_ZNKSt3__112basic_stringIcNS_11char_traitsIcEENS_9allocatorIcEEE9__is_longB6v15007Ev CODE
 0001:00004f40 0000001cH .text$_ZNSt3__112basic_stringIcNS_11char_traitsIcEENS_9allocatorIcEEE18__get_long_pointerB6v15007Ev CODE
 0001:00004f60 00000025H .text$_ZNSt3__112basic_stringIcNS_11char_traitsIcEENS_9allocatorIcEEE19__get_short_pointerB6v15007Ev CODE
 0001:00004f90 00000019H .text$_ZNKSt3__117__compressed_pairINS_12basic_stringIcNS_11char_traitsIcEENS_9allocatorIcEEE5__repES5_E5firstB6v15007Ev CODE
 0001:00004fb0 0000000bH .text$_ZNKSt3__122__compressed_pair_elemINS_12basic_stringIcNS_11char_traitsIcEENS_9allocatorIcEEE5__repELi0ELb0EE5__getB6v15007Ev CODE
 0001:00004fc0 00000019H .text$_ZNSt3__117__compressed_pairINS_12basic_stringIcNS_11char_traitsIcEENS_9allocatorIcEEE5__repES5_E5firstB6v15007Ev CODE
 0001:00004fe0 0000000bH .text$_ZNSt3__122__compressed_pair_elemINS_12basic_stringIcNS_11char_traitsIcEENS_9allocatorIcEEE5__repELi0ELb0EE5__getB6v15007Ev CODE
 0001:00004ff0 0000000bH .text$_ZNSt3__114pointer_traitsIPcE10pointer_toB6v15007ERc CODE
 0001:00005000 00000051H .text$_ZNSt3__119ostreambuf_iteratorIcNS_11char_traitsIcEEEC2B6v15007ERNS_13basic_ostreamIcS2_EE CODE
 0001:00005060 00000019H .text$_ZNKSt3__19basic_iosIcNS_11char_traitsIcEEE5rdbufB6v15007Ev CODE
 0001:00005080 0000000fH .text$_ZNKSt3__18ios_base5rdbufB6v15007Ev CODE
 0001:00005090 00000019H .text$_ZNSt3__111char_traitsIcE11eq_int_typeEii CODE
 0001:000050b0 00000006H .text$_ZNSt3__111char_traitsIcE3eofEv CODE
 0001:000050c0 00000082H .text$_ZNKSt3__19basic_iosIcNS_11char_traitsIcEEE5widenB6v15007Ec CODE
 0001:00005150 00000020H .text$_ZNSt3__19use_facetB6v15007INS_5ctypeIcEEEERKT_RKNS_6localeE CODE
 0001:00005170 00000022H .text$_ZNKSt3__15ctypeIcE5widenB6v15007Ec CODE
 0001:000051a0 00000024H .text$_ZNSt3__18ios_base8setstateB6v15007Ej CODE
 0001:000051d0 00000149H .text$_ZNSt3__113basic_ostreamIcNS_11char_traitsIcEEE6sentryD2Ev CODE
 0001:00005320 0000001aH .text$_ZNSt3__115basic_streambufIcNS_11char_traitsIcEEE7pubsyncB6v15007Ev CODE
 0001:00005340 00000021H .text$_ZNKSt3__112basic_stringIcNS_11char_traitsIcEENS_9allocatorIcEEE4dataB6v15007Ev CODE
 0001:00005370 00000052H .text$_ZNKSt3__112basic_stringIcNS_11char_traitsIcEENS_9allocatorIcEEE4sizeB6v15007Ev CODE
 0001:000053d0 0000000bH .text$_ZNSt3__112__to_addressB6v15007IKcEEPT_S3_ CODE
 0001:000053e0 00000052H .text$_ZNKSt3__112basic_stringIcNS_11char_traitsIcEENS_9allocatorIcEEE13__get_pointerB6v15007Ev CODE
 0001:00005440 0000001cH .text$_ZNKSt3__112basic_stringIcNS_11char_traitsIcEENS_9allocatorIcEEE18__get_long_pointerB6v15007Ev CODE
 0001:00005460 00000025H .text$_ZNKSt3__112basic_stringIcNS_11char_traitsIcEENS_9allocatorIcEEE19__get_short_pointerB6v15007Ev CODE
 0001:00005490 0000000bH .text$_ZNSt3__114pointer_traitsIPKcE10pointer_toB6v15007ERS1_ CODE
 0001:000054a0 0000001cH .text$_ZNKSt3__112basic_stringIcNS_11char_traitsIcEENS_9allocatorIcEEE15__get_long_sizeB6v15007Ev CODE
 0001:000054c0 00000020H .text$_ZNKSt3__112basic_stringIcNS_11char_traitsIcEENS_9allocatorIcEEE16__get_short_sizeB6v15007Ev CODE
 0001:000054e0 00000035H .text$_ZNSt3__113basic_istreamIcNS_11char_traitsIcEEE6sentryC1ERS3_b CODE
 0001:00005520 00000012H .text$_ZNKSt3__113basic_istreamIcNS_11char_traitsIcEEE6sentrycvbB6v15007Ev CODE
 0001:00005540 0000009cH .text$_ZNSt3__112basic_stringIcNS_11char_traitsIcEENS_9allocatorIcEEE5clearB6v15007Ev CODE
 0001:000055e0 000000a0H .text$_ZNKSt3__112basic_stringIcNS_11char_traitsIcEENS_9allocatorIcEEE8max_sizeB6v15007Ev CODE
 0001:00005680 0000000fH .text$_ZNSt3__114numeric_limitsIxE3maxB6v15007Ev CODE
 0001:00005690 00000052H .text$_ZNSt3__115basic_streambufIcNS_11char_traitsIcEEE5sgetcB6v15007Ev CODE
 0001:000056f0 0000000bH .text$_ZNSt3__111char_traitsIcE12to_char_typeEi CODE
 0001:00005700 00000071H .text$_ZNKSt3__15ctypeIcE2isB6v15007Etc CODE
 0001:00005780 0000005dH .text$_ZNSt3__115basic_streambufIcNS_11char_traitsIcEEE6sbumpcB6v15007Ev CODE
 0001:000057e0 0000004aH .text$_ZNSt3__18ios_base18__setstate_nothrowB6v15007Ej CODE
 0001:00005830 00000019H .text$_ZNKSt3__19basic_iosIcNS_11char_traitsIcEEE10exceptionsB6v15007Ev CODE
 0001:00005850 0000020bH .text$_ZNSt3__113basic_istreamIcNS_11char_traitsIcEEE6sentryC2ERS3_b CODE
 0001:00005a60 00000023H .text$_ZNSt3__119istreambuf_iteratorIcNS_11char_traitsIcEEEC1B6v15007ERNS_13basic_istreamIcS2_EE CODE
 0001:00005a90 00000019H .text$_ZNSt3__119istreambuf_iteratorIcNS_11char_traitsIcEEEC1B6v15007Ev CODE
 0001:00005ab0 00000029H .text$_ZNSt3__1neB6v15007IcNS_11char_traitsIcEEEEbRKNS_19istreambuf_iteratorIT_T0_EES8_ CODE
 0001:00005ae0 0000001cH .text$_ZNKSt3__119istreambuf_iteratorIcNS_11char_traitsIcEEEdeB6v15007Ev CODE
 0001:00005b00 00000025H .text$_ZNSt3__119istreambuf_iteratorIcNS_11char_traitsIcEEEppB6v15007Ev CODE
 0001:00005b30 00000027H .text$_ZNSt3__1eqB6v15007IcNS_11char_traitsIcEEEEbRKNS_19istreambuf_iteratorIT_T0_EES8_ CODE
 0001:00005b60 00000051H .text$_ZNSt3__119istreambuf_iteratorIcNS_11char_traitsIcEEEC2B6v15007ERNS_13basic_istreamIcS2_EE CODE
 0001:00005bc0 00000012H .text$_ZNSt3__119istreambuf_iteratorIcNS_11char_traitsIcEEEC2B6v15007Ev CODE
 0001:00005be0 00000046H .text$_ZNKSt3__119istreambuf_iteratorIcNS_11char_traitsIcEEE5equalB6v15007ERKS3_ CODE
 0001:00005c30 0000006dH .text$_ZNKSt3__119istreambuf_iteratorIcNS_11char_traitsIcEEE14__test_for_eofB6v15007Ev CODE
 0001:00005ca0 00000007H .text$_ZNSt3__125__debug_db_invalidate_allB6v15007INS_12basic_stringIcNS_11char_traitsIcEENS_9allocatorIcEEEEEEvPT_ CODE
 0001:00005cb0 0000001fH .text$_ZNSt3__111char_traitsIcE6assignERcRKc CODE
 0001:00005cd0 00000030H .text$_ZNSt3__112basic_stringIcNS_11char_traitsIcEENS_9allocatorIcEEE15__set_long_sizeB6v15007Ey CODE
 0001:00005d00 00000056H .text$_ZNSt3__112basic_stringIcNS_11char_traitsIcEENS_9allocatorIcEEE16__set_short_sizeB6v15007Ey CODE
 0001:00005d60 00000019H .text$_ZNSt3__116allocator_traitsINS_9allocatorIcEEE8max_sizeB6v15007IS2_vEEyRKS2_ CODE
 0001:00005d80 00000019H .text$_ZNKSt3__112basic_stringIcNS_11char_traitsIcEENS_9allocatorIcEEE7__allocB6v15007Ev CODE
 0001:00005da0 0000000fH .text$_ZNSt3__114numeric_limitsIyE3maxB6v15007Ev CODE
 0001:00005db0 0000000eH .text$_ZNKSt3__19allocatorIcE8max_sizeB6v15007Ev CODE
 0001:00005dc0 00000019H .text$_ZNKSt3__117__compressed_pairINS_12basic_stringIcNS_11char_traitsIcEENS_9allocatorIcEEE5__repES5_E6secondB6v15007Ev CODE
 0001:00005de0 0000000bH .text$_ZNKSt3__122__compressed_pair_elemINS_9allocatorIcEELi1ELb1EE5__getB6v15007Ev CODE
 0001:00005df0 00000008H .text$_ZNSt3__123__libcpp_numeric_limitsIyLb1EE3maxB6v15007Ev CODE
 0001:00005e00 0000000bH .text$_ZNSt3__123__libcpp_numeric_limitsIxLb1EE3maxB6v15007Ev CODE
 0001:00005e10 0000000cH .text$_ZNSt3__111char_traitsIcE11to_int_typeEc CODE
 0001:00005e20 0000000eH .text$_ZNKSt3__18ios_base10exceptionsB6v15007Ev CODE
 0001:00005e30 00000060H .text$_ZNSt3__16vectorI9ComponentNS_9allocatorIS1_EEEC2B6v15007Ev CODE
 0001:00005e90 0000002dH .text$_ZNSt3__117__compressed_pairIP9ComponentNS_9allocatorIS1_EEEC1B6v15007IDnNS_18__default_init_tagEEEOT_OT0_ CODE
 0001:00005ec0 00000007H .text$_ZNSt3__119__debug_db_insert_cB6v15007INS_6vectorI9ComponentNS_9allocatorIS2_EEEEEEvPT_ CODE
 0001:00005ed0 0000003bH .text$_ZNSt3__117__compressed_pairIP9ComponentNS_9allocatorIS1_EEEC2B6v15007IDnNS_18__default_init_tagEEEOT_OT0_ CODE
 0001:00005f10 0000001eH .text$_ZNSt3__122__compressed_pair_elemIP9ComponentLi0ELb0EEC2B6v15007IDnvEEOT_ CODE
 0001:00005f30 0000001dH .text$_ZNSt3__122__compressed_pair_elemINS_9allocatorI9ComponentEELi1ELb1EEC2B6v15007ENS_18__default_init_tagE CODE
 0001:00005f50 00000019H .text$_ZNSt3__19allocatorI9ComponentEC2B6v15007Ev CODE
 0001:00005f70 00000007H .text$_ZNSt3__116__non_trivial_ifILb1ENS_9allocatorI9ComponentEEEC2B6v15007Ev CODE
 0001:00005f80 0000003aH .text$_ZNSt3__16vectorI9ComponentNS_9allocatorIS1_EEED2B6v15007Ev CODE
 0001:00005fc0 00000023H .text$_ZNSt3__16vectorI9ComponentNS_9allocatorIS1_EEE16__destroy_vectorC1ERS4_ CODE
 0001:00005ff0 0000008cH .text$_ZNSt3__16vectorI9ComponentNS_9allocatorIS1_EEE16__destroy_vectorclB6v15007Ev CODE
 0001:00006080 0000001eH .text$_ZNSt3__16vectorI9ComponentNS_9allocatorIS1_EEE16__destroy_vectorC2ERS4_ CODE
 0001:000060a0 000000c3H .text$_ZNKSt3__16vectorI9ComponentNS_9allocatorIS1_EEE17__annotate_deleteB6v15007Ev CODE
 0001:00006170 00000007H .text$_ZNSt3__118__debug_db_erase_cB6v15007INS_6vectorI9ComponentNS_9allocatorIS2_EEEEEEvPT_ CODE
 0001:00006180 0000001cH .text$_ZNSt3__16vectorI9ComponentNS_9allocatorIS1_EEE7__clearB6v15007Ev CODE
 0001:000061a0 0000002dH .text$_ZNSt3__116allocator_traitsINS_9allocatorI9ComponentEEE10deallocateB6v15007ERS3_PS2_y CODE
 0001:000061d0 0000001dH .text$_ZNSt3__16vectorI9ComponentNS_9allocatorIS1_EEE7__allocB6v15007Ev CODE
 0001:000061f0 0000002fH .text$_ZNKSt3__16vectorI9ComponentNS_9allocatorIS1_EEE8capacityB6v15007Ev CODE
 0001:00006220 00000021H .text$_ZNKSt3__16vectorI9ComponentNS_9allocatorIS1_EEE31__annotate_contiguous_containerB6v15007EPKvS6_S6_S6_ CODE
 0001:00006250 0000001cH .text$_ZNKSt3__16vectorI9ComponentNS_9allocatorIS1_EEE4dataB6v15007Ev CODE
 0001:00006270 0000000bH .text$_ZNSt3__112__to_addressB6v15007I9ComponentEEPT_S3_ CODE
 0001:00006280 00000086H .text$_ZNSt3__16vectorI9ComponentNS_9allocatorIS1_EEE22__base_destruct_at_endB6v15007EPS1_ CODE
 0001:00006310 00000023H .text$_ZNSt3__116allocator_traitsINS_9allocatorI9ComponentEEE7destroyB6v15007IS2_vEEvRS3_PT_ CODE
 0001:00006340 0000001eH .text$_ZNSt3__19allocatorI9ComponentE7destroyB6v15007EPS1_ CODE
 0001:00006360 0000003fH .text$_ZNSt3__19allocatorI9ComponentE10deallocateB6v15007EPS1_y CODE
 0001:000063a0 00000062H .text$_ZNSt3__119__libcpp_deallocateB6v15007EPvyy CODE
 0001:00006410 00000014H .text$_ZNSt3__124__is_overaligned_for_newB6v15007Ey CODE
 0001:00006430 00000028H .text$_ZNSt3__127__do_deallocate_handle_sizeB6v15007IJSt11align_val_tEEEvPvyDpT_ CODE
 0001:00006460 0000001eH .text$_ZNSt3__127__do_deallocate_handle_sizeB6v15007IJEEEvPvyDpT_ CODE
 0001:00006480 00000023H .text$_ZNSt3__124__libcpp_operator_deleteB6v15007IJPvSt11align_val_tEEEvDpT_ CODE
 0001:000064b0 00000019H .text$_ZNSt3__124__libcpp_operator_deleteB6v15007IJPvEEEvDpT_ CODE
 0001:000064d0 00000019H .text$_ZNSt3__117__compressed_pairIP9ComponentNS_9allocatorIS1_EEE6secondB6v15007Ev CODE
 0001:000064f0 0000000bH .text$_ZNSt3__122__compressed_pair_elemINS_9allocatorI9ComponentEELi1ELb1EE5__getB6v15007Ev CODE
 0001:00006500 0000001dH .text$_ZNKSt3__16vectorI9ComponentNS_9allocatorIS1_EEE9__end_capB6v15007Ev CODE
 0001:00006520 00000019H .text$_ZNKSt3__117__compressed_pairIP9ComponentNS_9allocatorIS1_EEE5firstB6v15007Ev CODE
 0001:00006540 0000000bH .text$_ZNKSt3__122__compressed_pair_elemIP9ComponentLi0ELb0EE5__getB6v15007Ev CODE
 0001:00006550 0000002dH .text$_ZNSt3__111__wrap_iterIPK9ComponentEC1B6v15007EPKvS3_ CODE
 0001:00006580 00000023H .text$_ZNSt3__111__wrap_iterIPK9ComponentEC2B6v15007EPKvS3_ CODE
 0001:000065b0 0000025aH .text$_ZNSt3__17getlineIcNS_11char_traitsIcEENS_9allocatorIcEEEERNS_13basic_istreamIT_T0_EES9_RNS_12basic_stringIS6_S7_T1_EES6_ CODE
 0001:00006810 0000001fH .text$_ZNSt3__111char_traitsIcE2eqEcc CODE
 0001:00006830 000000b6H .text$_ZNKSt3__16vectorI9ComponentNS_9allocatorIS1_EEE17__annotate_shrinkB6v15007Ey CODE
 0001:000068f0 00000007H .text$_ZNSt3__125__debug_db_invalidate_allB6v15007INS_6vectorI9ComponentNS_9allocatorIS2_EEEEEEvPT_ CODE
 0001:00006900 0000005dH .text$_ZNSt3__112basic_stringIcNS_11char_traitsIcEENS_9allocatorIcEEEC2B6v15007IDnEEPKc CODE
 0001:00006960 0000001dH .text$_ZNSt3__16vectorI9ComponentNS_9allocatorIS1_EEE9__end_capB6v15007Ev CODE
 0001:00006980 00000099H .text$_ZNSt3__16vectorI9ComponentNS_9allocatorIS1_EEE22__construct_one_at_endB6v15007IJRKS1_EEEvDpOT_ CODE
 0001:00006a20 000000eeH .text$_ZNSt3__16vectorI9ComponentNS_9allocatorIS1_EEE21__push_back_slow_pathIRKS1_EEvOT_ CODE
 0001:00006b10 00000019H .text$_ZNSt3__117__compressed_pairIP9ComponentNS_9allocatorIS1_EEE5firstB6v15007Ev CODE
 0001:00006b30 0000000bH .text$_ZNSt3__122__compressed_pair_elemIP9ComponentLi0ELb0EE5__getB6v15007Ev CODE
 0001:00006b40 0000002dH .text$_ZNSt3__16vectorI9ComponentNS_9allocatorIS1_EEE21_ConstructTransactionC1ERS4_y CODE
 0001:00006b70 0000002dH .text$_ZNSt3__116allocator_traitsINS_9allocatorI9ComponentEEE9constructB6v15007IS2_JRKS2_EvEEvRS3_PT_DpOT0_ CODE
 0001:00006ba0 00000019H .text$_ZNSt3__16vectorI9ComponentNS_9allocatorIS1_EEE21_ConstructTransactionD1Ev CODE
 0001:00006bc0 00000049H .text$_ZNSt3__16vectorI9ComponentNS_9allocatorIS1_EEE21_ConstructTransactionC2ERS4_y CODE
 0001:00006c10 00000028H .text$_ZNSt3__19allocatorI9ComponentE9constructB6v15007IS1_JRKS1_EEEvPT_DpOT0_ CODE
 0001:00006c40 00000023H .text$_ZN9ComponentC1ERKS_ CODE
 0001:00006c70 00000045H .text$_ZN9ComponentC2ERKS_ CODE
 0001:00006cc0 00000016H .text$_ZNSt3__16vectorI9ComponentNS_9allocatorIS1_EEE21_ConstructTransactionD2Ev CODE
 0001:00006ce0 000000a0H .text$_ZNKSt3__16vectorI9ComponentNS_9allocatorIS1_EEE11__recommendB6v15007Ey CODE
 0001:00006d80 00000037H .text$_ZNSt3__114__split_bufferI9ComponentRNS_9allocatorIS1_EEEC1EyyS4_ CODE
 0001:00006dc0 0000014cH .text$_ZNSt3__16vectorI9ComponentNS_9allocatorIS1_EEE26__swap_out_circular_bufferERNS_14__split_bufferIS1_RS3_EE CODE
 0001:00006f10 00000019H .text$_ZNSt3__114__split_bufferI9ComponentRNS_9allocatorIS1_EEED1Ev CODE
 0001:00006f30 00000059H .text$_ZNKSt3__16vectorI9ComponentNS_9allocatorIS1_EEE8max_sizeEv CODE
 0001:00006f90 00000016H .text$_ZNKSt3__16vectorI9ComponentNS_9allocatorIS1_EEE20__throw_length_errorB6v15007Ev CODE
 0001:00006fb0 00000028H .text$_ZNSt3__13maxB6v15007IyEERKT_S3_S3_ CODE
 0001:00006fe0 00000028H .text$_ZNSt3__13minB6v15007IyEERKT_S3_S3_ CODE
 0001:00007010 00000019H .text$_ZNSt3__116allocator_traitsINS_9allocatorI9ComponentEEE8max_sizeB6v15007IS3_vEEyRKS3_ CODE
 0001:00007030 0000001dH .text$_ZNKSt3__16vectorI9ComponentNS_9allocatorIS1_EEE7__allocB6v15007Ev CODE
 0001:00007050 00000057H .text$_ZNSt3__13minB6v15007IyNS_6__lessIyyEEEERKT_S5_S5_T0_ CODE
 0001:000070b0 0000002eH .text$_ZNKSt3__16__lessIyyEclB6v15007ERKyS3_ CODE
 0001:000070e0 00000011H .text$_ZNKSt3__19allocatorI9ComponentE8max_sizeB6v15007Ev CODE
 0001:00007100 00000019H .text$_ZNKSt3__117__compressed_pairIP9ComponentNS_9allocatorIS1_EEE6secondB6v15007Ev CODE
 0001:00007120 0000000bH .text$_ZNKSt3__122__compressed_pair_elemINS_9allocatorI9ComponentEELi1ELb1EE5__getB6v15007Ev CODE
 0001:00007130 00000070H .text$_ZNSt3__120__throw_length_errorB6v15007EPKc CODE
 0001:000071a0 00000023H .text$_ZNSt12length_errorC1B6v15007EPKc CODE
 0001:000071d0 0000003aH .text$_ZNSt12length_errorC2B6v15007EPKc CODE
 0001:00007210 00000057H .text$_ZNSt3__13maxB6v15007IyNS_6__lessIyyEEEERKT_S5_S5_T0_ CODE
 0001:00007270 000000d0H .text$_ZNSt3__114__split_bufferI9ComponentRNS_9allocatorIS1_EEEC2EyyS4_ CODE
 0001:00007340 0000002dH .text$_ZNSt3__117__compressed_pairIP9ComponentRNS_9allocatorIS1_EEEC1B6v15007IDnS5_EEOT_OT0_ CODE
 0001:00007370 0000004dH .text$_ZNSt3__119__allocate_at_leastB6v15007INS_9allocatorI9ComponentEEEENS_19__allocation_resultINS_16allocator_traitsIT_E7pointerEEERS6_y CODE
 0001:000073c0 0000001dH .text$_ZNSt3__114__split_bufferI9ComponentRNS_9allocatorIS1_EEE7__allocB6v15007Ev CODE
 0001:000073e0 0000001dH .text$_ZNSt3__114__split_bufferI9ComponentRNS_9allocatorIS1_EEE9__end_capB6v15007Ev CODE
 0001:00007400 00000040H .text$_ZNSt3__117__compressed_pairIP9ComponentRNS_9allocatorIS1_EEEC2B6v15007IDnS5_EEOT_OT0_ CODE
 0001:00007440 0000001eH .text$_ZNSt3__122__compressed_pair_elemIRNS_9allocatorI9ComponentEELi1ELb0EEC2B6v15007IS4_vEEOT_ CODE
 0001:00007460 00000051H .text$_ZNSt3__19allocatorI9ComponentE8allocateB6v15007Ey CODE
 0001:000074c0 00000034H .text$_ZSt28__throw_bad_array_new_lengthB6v15007v CODE
 0001:00007500 00000061H .text$_ZNSt3__117__libcpp_allocateB6v15007Eyy CODE
 0001:00007570 00000023H .text$_ZNSt3__121__libcpp_operator_newB6v15007IJySt11align_val_tEEEPvDpT_ CODE
 0001:000075a0 00000019H .text$_ZNSt3__121__libcpp_operator_newB6v15007IJyEEEPvDpT_ CODE
 0001:000075c0 0000001dH .text$_ZNSt3__117__compressed_pairIP9ComponentRNS_9allocatorIS1_EEE6secondB6v15007Ev CODE
 0001:000075e0 0000000eH .text$_ZNSt3__122__compressed_pair_elemIRNS_9allocatorI9ComponentEELi1ELb0EE5__getB6v15007Ev CODE
 0001:000075f0 00000019H .text$_ZNSt3__117__compressed_pairIP9ComponentRNS_9allocatorIS1_EEE5firstB6v15007Ev CODE
 0001:00007610 000001a8H .text$_ZNSt3__142__uninitialized_allocator_move_if_noexceptB6v15007INS_9allocatorI9ComponentEENS_16reverse_iteratorIPS2_EES6_S6_EET2_RT_T0_T1_S7_ CODE
 0001:000077c0 00000023H .text$_ZNSt3__116reverse_iteratorIP9ComponentEC1B6v15007ES2_ CODE
 0001:000077f0 0000000fH .text$_ZNKSt3__116reverse_iteratorIP9ComponentE4baseB6v15007Ev CODE
 0001:00007800 0000003bH .text$_ZNSt3__14swapB6v15007IP9ComponentEENS_9enable_ifIXaasr21is_move_constructibleIT_EE5valuesr18is_move_assignableIS4_EE5valueEvE4typeERS4_S7_ CODE
 0001:00007840 000000b6H .text$_ZNKSt3__16vectorI9ComponentNS_9allocatorIS1_EEE14__annotate_newB6v15007Ey CODE
 0001:00007900 0000003fH .text$_ZNSt3__1neB6v15007IP9ComponentS2_EEbRKNS_16reverse_iteratorIT_EERKNS3_IT0_EE CODE
 0001:00007940 0000002dH .text$_ZNSt3__116allocator_traitsINS_9allocatorI9ComponentEEE9constructB6v15007IS2_JS2_EvEEvRS3_PT_DpOT0_ CODE
 0001:00007970 00000019H .text$_ZNSt3__112__to_addressB6v15007INS_16reverse_iteratorIP9ComponentEEvEENS_5decayIDTclsr19__to_address_helperIT_EE6__callcl7declvalIRKS6_EEEEE4typeES8_ CODE
 0001:00007990 00000027H .text$_ZNKSt3__116reverse_iteratorIP9ComponentEdeB6v15007Ev CODE
 0001:000079c0 00000017H .text$_ZNSt3__116reverse_iteratorIP9ComponentEppB6v15007Ev CODE
 0001:000079e0 00000037H .text$_ZNSt3__129_AllocatorDestroyRangeReverseINS_9allocatorI9ComponentEENS_16reverse_iteratorIPS2_EEEC1B6v15007ERS3_RS6_S9_ CODE
 0001:00007a20 0000008eH .text$_ZNKSt3__129_AllocatorDestroyRangeReverseINS_9allocatorI9ComponentEENS_16reverse_iteratorIPS2_EEEclB6v15007Ev CODE
 0001:00007ab0 00000028H .text$_ZNSt3__19allocatorI9ComponentE9constructB6v15007IS1_JS1_EEEvPT_DpOT0_ CODE
 0001:00007ae0 00000023H .text$_ZN9ComponentC1EOS_ CODE
 0001:00007b10 00000045H .text$_ZN9ComponentC2EOS_ CODE
 0001:00007b60 00000023H .text$_ZNSt3__112basic_stringIcNS_11char_traitsIcEENS_9allocatorIcEEEC1B6v15007EOS5_ CODE
 0001:00007b90 00000082H .text$_ZNSt3__112basic_stringIcNS_11char_traitsIcEENS_9allocatorIcEEEC2B6v15007EOS5_ CODE
 0001:00007c20 00000019H .text$_ZNSt3__112basic_stringIcNS_11char_traitsIcEENS_9allocatorIcEEE14__default_initB6v15007Ev CODE
 0001:00007c40 00000012H .text$_ZNSt3__115__debug_db_swapB6v15007INS_12basic_stringIcNS_11char_traitsIcEENS_9allocatorIcEEEEEEvPT_S8_ CODE
 0001:00007c60 0000004eH .text$_ZNSt3__112basic_stringIcNS_11char_traitsIcEENS_9allocatorIcEEE6__zeroB6v15007Ev CODE
 0001:00007cb0 00000036H .text$_ZNSt3__119__to_address_helperINS_16reverse_iteratorIP9ComponentEEvE6__callB6v15007ERKS4_ CODE
 0001:00007cf0 00000019H .text$_ZNKSt3__116reverse_iteratorIP9ComponentEptB6v15007Ev CODE
 0001:00007d10 0000003aH .text$_ZNSt3__129_AllocatorDestroyRangeReverseINS_9allocatorI9ComponentEENS_16reverse_iteratorIPS2_EEEC2B6v15007ERS3_RS6_S9_ CODE
 0001:00007d50 00000064H .text$_ZNSt3__119__allocator_destroyB6v15007INS_9allocatorI9ComponentEENS_16reverse_iteratorINS4_IPS2_EEEES7_EEvRT_T0_T1_ CODE
 0001:00007dc0 00000019H .text$_ZNSt3__116reverse_iteratorINS0_IP9ComponentEEEC1B6v15007ES3_ CODE
 0001:00007de0 00000045H .text$_ZNSt3__1neB6v15007INS_16reverse_iteratorIP9ComponentEES4_EEbRKNS1_IT_EERKNS1_IT0_EE CODE
 0001:00007e30 00000019H .text$_ZNSt3__112__to_addressB6v15007INS_16reverse_iteratorINS1_IP9ComponentEEEEvEENS_5decayIDTclsr19__to_address_helperIT_EE6__callcl7declvalIRKS7_EEEEE4typeES9_ CODE
 0001:00007e50 00000026H .text$_ZNSt3__116reverse_iteratorINS0_IP9ComponentEEEppB6v15007Ev CODE
 0001:00007e80 00000028H .text$_ZNKSt3__116reverse_iteratorINS0_IP9ComponentEEE4baseB6v15007Ev CODE
 0001:00007eb0 00000036H .text$_ZNSt3__119__to_address_helperINS_16reverse_iteratorINS1_IP9ComponentEEEEvE6__callB6v15007ERKS5_ CODE
 0001:00007ef0 00000019H .text$_ZNKSt3__116reverse_iteratorINS0_IP9ComponentEEEptB6v15007Ev CODE
 0001:00007f10 00000038H .text$_ZNKSt3__116reverse_iteratorINS0_IP9ComponentEEEdeB6v15007Ev CODE
 0001:00007f50 00000017H .text$_ZNSt3__116reverse_iteratorIP9ComponentEmmB6v15007Ev CODE
 0001:00007f70 00000029H .text$_ZNSt3__116reverse_iteratorINS0_IP9ComponentEEEC2B6v15007ES3_ CODE
 0001:00007fa0 00000026H .text$_ZNSt3__116reverse_iteratorIP9ComponentEC2B6v15007ES2_ CODE
 0001:00007fd0 00000075H .text$_ZNSt3__114__split_bufferI9ComponentRNS_9allocatorIS1_EEED2Ev CODE
 0001:00008050 0000001dH .text$_ZNSt3__114__split_bufferI9ComponentRNS_9allocatorIS1_EEE5clearB6v15007Ev CODE
 0001:00008070 0000002fH .text$_ZNKSt3__114__split_bufferI9ComponentRNS_9allocatorIS1_EEE8capacityB6v15007Ev CODE
 0001:000080a0 00000028H .text$_ZNSt3__114__split_bufferI9ComponentRNS_9allocatorIS1_EEE17__destruct_at_endB6v15007EPS1_ CODE
 0001:000080d0 0000007eH .text$_ZNSt3__114__split_bufferI9ComponentRNS_9allocatorIS1_EEE17__destruct_at_endB6v15007EPS1_NS_17integral_constantIbLb0EEE CODE
 0001:00008150 0000001dH .text$_ZNKSt3__114__split_bufferI9ComponentRNS_9allocatorIS1_EEE9__end_capB6v15007Ev CODE
 0001:00008170 00000019H .text$_ZNKSt3__117__compressed_pairIP9ComponentRNS_9allocatorIS1_EEE5firstB6v15007Ev CODE
 0001:00008190 0000012dH .text$_ZNSt3__16vectorI9ComponentNS_9allocatorIS1_EEEC2ERKS4_ CODE
 0001:000082c0 00000011H .text$_ZNSt3__116allocator_traitsINS_9allocatorI9ComponentEEE37select_on_container_copy_constructionB6v15007IS3_vvEES3_RKS3_ CODE
 0001:000082e0 0000002dH .text$_ZNSt3__117__compressed_pairIP9ComponentNS_9allocatorIS1_EEEC1B6v15007IDnS4_EEOT_OT0_ CODE
 0001:00008310 00000034H .text$_ZNSt3__118__make_transactionB6v15007INS_6vectorI9ComponentNS_9allocatorIS2_EEE16__destroy_vectorEEENS_13__transactionIT_EES8_ CODE
 0001:00008350 000000a9H .text$_ZNSt3__16vectorI9ComponentNS_9allocatorIS1_EEE11__vallocateB6v15007Ey CODE
 0001:00008400 00000099H .text$_ZNSt3__16vectorI9ComponentNS_9allocatorIS1_EEE18__construct_at_endIPS1_EENS_9enable_ifIXsr27__is_cpp17_forward_iteratorIT_EE5valueEvE4typeES8_S8_y CODE
 0001:000084a0 0000000fH .text$_ZNSt3__113__transactionINS_6vectorI9ComponentNS_9allocatorIS2_EEE16__destroy_vectorEE10__completeB6v15007Ev CODE
 0001:000084b0 00000019H .text$_ZNSt3__113__transactionINS_6vectorI9ComponentNS_9allocatorIS2_EEE16__destroy_vectorEED1B6v15007Ev CODE
 0001:000084d0 0000003cH .text$_ZNSt3__117__compressed_pairIP9ComponentNS_9allocatorIS1_EEEC2B6v15007IDnS4_EEOT_OT0_ CODE
 0001:00008510 00000012H .text$_ZNSt3__122__compressed_pair_elemINS_9allocatorI9ComponentEELi1ELb1EEC2B6v15007IS3_vEEOT_ CODE
 0001:00008530 00000023H .text$_ZNSt3__113__transactionINS_6vectorI9ComponentNS_9allocatorIS2_EEE16__destroy_vectorEEC1B6v15007ES6_ CODE
 0001:00008560 00000022H .text$_ZNSt3__113__transactionINS_6vectorI9ComponentNS_9allocatorIS2_EEE16__destroy_vectorEEC2B6v15007ES6_ CODE
 0001:00008590 0000010cH .text$_ZNSt3__130__uninitialized_allocator_copyB6v15007INS_9allocatorI9ComponentEEPS2_S4_S4_EET2_RT_T0_T1_S5_ CODE
 0001:000086a0 0000002dH .text$_ZNSt3__116allocator_traitsINS_9allocatorI9ComponentEEE9constructB6v15007IS2_JRS2_EvEEvRS3_PT_DpOT0_ CODE
 0001:000086d0 00000037H .text$_ZNSt3__129_AllocatorDestroyRangeReverseINS_9allocatorI9ComponentEEPS2_EC1B6v15007ERS3_RS4_S7_ CODE
 0001:00008710 0000005cH .text$_ZNKSt3__129_AllocatorDestroyRangeReverseINS_9allocatorI9ComponentEEPS2_EclB6v15007Ev CODE
 0001:00008770 00000028H .text$_ZNSt3__19allocatorI9ComponentE9constructB6v15007IS1_JRS1_EEEvPT_DpOT0_ CODE
 0001:000087a0 0000003aH .text$_ZNSt3__129_AllocatorDestroyRangeReverseINS_9allocatorI9ComponentEEPS2_EC2B6v15007ERS3_RS4_S7_ CODE
 0001:000087e0 00000064H .text$_ZNSt3__119__allocator_destroyB6v15007INS_9allocatorI9ComponentEENS_16reverse_iteratorIPS2_EES6_EEvRT_T0_T1_ CODE
 0001:00008850 0000003fH .text$_ZNSt3__113__transactionINS_6vectorI9ComponentNS_9allocatorIS2_EEE16__destroy_vectorEED2B6v15007Ev CODE
 0001:00008890 0000002dH .text$_ZNSt3__111__wrap_iterIP9ComponentEC1B6v15007EPKvS2_ CODE
 0001:000088c0 00000023H .text$_ZNSt3__111__wrap_iterIP9ComponentEC2B6v15007EPKvS2_ CODE
 0001:000088f0 00001f36H .text                   CODE
 0001:0000a830 00000019H .text$_ZNKSt3__112basic_stringIcNS_11char_traitsIcEENS_9allocatorIcEEE5c_strB6v15007Ev CODE
 0001:0000a850 00000044H .text$_ZN6System11AnsiStringTILt0EEC1EPKc CODE
 0001:0000a8a0 00000044H .text$_ZN6System13UnicodeStringC1ILt0EEERKNS_11AnsiStringTIXT_EEE CODE
 0001:0000a8f0 00000019H .text$_ZN6System11AnsiStringTILt0EED1Ev CODE
 0001:0000a910 00000025H .text$_ZNSt3__16vectorI9ComponentNS_9allocatorIS1_EEEixB6v15007Ey CODE
 0001:0000a940 00000044H .text$_ZN6System11AnsiStringTILt0EEC1ERKNS_13UnicodeStringE CODE
 0001:0000a990 00000043H .text$_ZNK6System11AnsiStringTILt0EE5c_strEv CODE
 0001:0000a9e0 00000030H .text$_ZN6System3SetINS_7Uitypes10TMsgDlgBtnELS2_0ELS2_11EEC1Ev CODE
 0001:0000aa10 00000078H .text$_ZN6System3SetINS_7Uitypes10TMsgDlgBtnELS2_0ELS2_11EElsES2_ CODE
 0001:0000aa90 000000a7H .text$_ZNSt3__16vectorI9ComponentNS_9allocatorIS1_EEE5eraseB6v15007ENS_11__wrap_iterIPKS1_EE CODE
 0001:0000ab40 00000034H .text$_ZNKSt3__111__wrap_iterIP9ComponentEplB6v15007Ex CODE
 0001:0000ab80 0000002dH .text$_ZNSt3__111__wrap_iterIPK9ComponentEC1B6v15007IPS1_EERKNS0_IT_EEPNS_9enable_ifIXsr14is_convertibleIS7_S3_EE5valueEvE4typeE CODE
 0001:0000abb0 0000004cH .text$_ZN11TDetailFormD0Ev CODE
 0001:0000ac00 00000025H .text$_ZNSt3__111__wrap_iterIP9ComponentEpLB6v15007Ex CODE
 0001:0000ac30 00000037H .text$_ZNSt3__111__wrap_iterIPK9ComponentEC2B6v15007IPS1_EERKNS0_IT_EEPNS_9enable_ifIXsr14is_convertibleIS7_S3_EE5valueEvE4typeE CODE
 0001:0000ac70 00000047H .text$_ZN6System11AnsiStringTILt0EEC2ERKNS_13UnicodeStringE CODE
 0001:0000acc0 000000e9H .text$_ZN6System11AnsiStringTILt0EED2Ev CODE
 0001:0000adb0 00000030H .text$_ZN6System11AnsiStringTILt0EEC1Ev CODE
 0001:0000ade0 00000023H .text$_ZN6System11AnsiStringTILt0EEC1ERKS1_ CODE
 0001:0000ae10 00000030H .text$_ZN6System11AnsiStringTILt0EEC2Ev CODE
 0001:0000ae40 00000012H .text$_ZN6System14AnsiStringBaseC2Ev CODE
 0001:0000ae60 00000023H .text$_ZN6System11AnsiStringTILt0EEC2ERKS1_ CODE
 0001:0000ae90 0000002aH .text$_ZN6System13UnicodeStringC2ILt0EEERKNS_11AnsiStringTIXT_EEE CODE
 0001:0000aec0 00000047H .text$_ZN6System11AnsiStringTILt0EEC2EPKc CODE
 0001:0000af10 00000021H .text$_ZN6System3SetINS_7Uitypes10TMsgDlgBtnELS2_0ELS2_11EEC2Ev CODE
 0001:0000af40 0000003bH .text$_ZNSt3__1miB6v15007IPK9ComponentS3_EEDTmicldtfp_4baseEcldtfp0_4baseEERKNS_11__wrap_iterIT_EERKNS5_IT0_EE CODE
 0001:0000af80 00000022H .text$_ZNKSt3__16vectorI9ComponentNS_9allocatorIS1_EEE6cbeginB6v15007Ev CODE
 0001:0000afb0 00000063H .text$_ZNSt3__16vectorI9ComponentNS_9allocatorIS1_EEE17__destruct_at_endB6v15007EPS1_ CODE
 0001:0000b020 00000036H .text$_ZNSt3__14moveB6v15007IP9ComponentS2_EET0_T_S4_S3_ CODE
 0001:0000b060 00000012H .text$_ZNSt3__16vectorI9ComponentNS_9allocatorIS1_EEE27__invalidate_iterators_pastB6v15007EPS1_ CODE
 0001:0000b080 000000b3H .text$_ZNSt3__16__moveB6v15007INS_17_ClassicAlgPolicyEP9ComponentS3_S3_EENS_9enable_ifIXaaaasr21is_copy_constructibleIT0_EE5valuesr21is_copy_constructibleIT1_EE5valuesr21is_copy_constructibleIT2_EE5valueENS_4pairIS5_S7_EEE4typeES5_S6_S7_ CODE
 0001:0000b140 0000008bH .text$_ZNSt3__111__move_implB6v15007INS_17_ClassicAlgPolicyEP9ComponentS3_S3_EENS_4pairIT0_T2_EES5_T1_S6_ CODE
 0001:0000b1d0 00000019H .text$_ZNSt3__113__unwrap_iterB6v15007IP9ComponentNS_18__unwrap_iter_implIS2_Lb1EEELi0EEEDTclsrT0_8__unwrapclsr3stdE7declvalIT_EEEES6_ CODE
 0001:0000b1f0 00000034H .text$_ZNSt3__19make_pairB6v15007IP9ComponentS2_EENS_4pairINS_18__unwrap_ref_decayIT_E4typeENS4_IT0_E4typeEEEOS5_OS8_ CODE
 0001:0000b230 0000003aH .text$_ZNSt3__113__rewrap_iterB6v15007IP9ComponentS2_NS_18__unwrap_iter_implIS2_Lb1EEEEET_S5_T0_ CODE
 0001:0000b270 0000001bH .text$_ZNSt3__18_IterOpsINS_17_ClassicAlgPolicyEE11__iter_moveB6v15007IRP9ComponentEENS_9enable_ifIXsr12is_referenceIDTdeclsr3stdE7declvalIRT_EEEEE5valueEDTclsr3stdE4movedeclsr3stdE7declvalIS9_EEEEE4typeEOS8_ CODE
 0001:0000b290 00000049H .text$_ZN9ComponentaSEOS_ CODE
 0001:0000b2e0 00000001H .text$_ZNSt3__18_IterOpsINS_17_ClassicAlgPolicyEE25__validate_iter_referenceB6v15007IRP9ComponentEEvv CODE
 0001:0000b2f0 00000031H .text$_ZNSt3__112basic_stringIcNS_11char_traitsIcEENS_9allocatorIcEEEaSB6v15007EOS5_ CODE
 0001:0000b330 000000dcH .text$_ZNSt3__112basic_stringIcNS_11char_traitsIcEENS_9allocatorIcEEE13__move_assignB6v15007ERS5_NS_17integral_constantIbLb1EEE CODE
 0001:0000b410 0000002dH .text$_ZNSt3__116allocator_traitsINS_9allocatorIcEEE10deallocateB6v15007ERS2_Pcy CODE
 0001:0000b440 00000019H .text$_ZNSt3__112basic_stringIcNS_11char_traitsIcEENS_9allocatorIcEEE7__allocB6v15007Ev CODE
 0001:0000b460 00000023H .text$_ZNKSt3__112basic_stringIcNS_11char_traitsIcEENS_9allocatorIcEEE14__get_long_capB6v15007Ev CODE
 0001:0000b490 00000028H .text$_ZNSt3__112basic_stringIcNS_11char_traitsIcEENS_9allocatorIcEEE19__move_assign_allocB6v15007ERS5_ CODE
 0001:0000b4c0 0000003bH .text$_ZNSt3__19allocatorIcE10deallocateB6v15007EPcy CODE
 0001:0000b500 00000019H .text$_ZNSt3__117__compressed_pairINS_12basic_stringIcNS_11char_traitsIcEENS_9allocatorIcEEE5__repES5_E6secondB6v15007Ev CODE
 0001:0000b520 0000000bH .text$_ZNSt3__122__compressed_pair_elemINS_9allocatorIcEELi1ELb1EE5__getB6v15007Ev CODE
 0001:0000b530 00000037H .text$_ZNSt3__112basic_stringIcNS_11char_traitsIcEENS_9allocatorIcEEE19__move_assign_allocB6v15007ERS5_NS_17integral_constantIbLb1EEE CODE
 0001:0000b570 00000019H .text$_ZNSt3__118__unwrap_iter_implIP9ComponentLb1EE8__unwrapB6v15007ES2_ CODE
 0001:0000b590 0000002dH .text$_ZNSt3__14pairIP9ComponentS2_EC1B6v15007IS2_S2_LPv0EEEOT_OT0_ CODE
 0001:0000b5c0 00000032H .text$_ZNSt3__14pairIP9ComponentS2_EC2B6v15007IS2_S2_LPv0EEEOT_OT0_ CODE
 0001:0000b600 0000004cH .text$_ZNSt3__118__unwrap_iter_implIP9ComponentLb1EE8__rewrapB6v15007ES2_S2_ CODE
 0001:0000b650 00002676H .text                   CODE
 0001:0000dcd0 00000019H .text$_ZNSt3__16vectorI8ComputerNS_9allocatorIS1_EEEC1B6v15007Ev CODE
 0001:0000dcf0 00000019H .text$_ZNSt3__16vectorI8ComputerNS_9allocatorIS1_EEED1B6v15007Ev CODE
 0001:0000dd10 0000001fH .text$_ZNKSt3__16vectorI8ComputerNS_9allocatorIS1_EEE4sizeB6v15007Ev CODE
 0001:0000dd30 00000022H .text$_ZNSt3__16vectorI8ComputerNS_9allocatorIS1_EEEixB6v15007Ey CODE
 0001:0000dd60 00000167H .text$_ZNSt3__114basic_ifstreamIcNS_11char_traitsIcEEEC1EPKcj CODE
 0001:0000ded0 0000001fH .text$_ZNKSt3__19basic_iosIcNS_11char_traitsIcEEEcvbB6v15007Ev CODE
 0001:0000def0 00000060H .text$_ZNSt3__16vectorI8ComputerNS_9allocatorIS1_EEE9push_backB6v15007ERKS1_ CODE
 0001:0000df50 00000019H .text$_ZN8ComputerD1Ev  CODE
 0001:0000df70 00000042H .text$_ZNSt3__114basic_ifstreamIcNS_11char_traitsIcEEE5closeEv CODE
 0001:0000dfc0 0000004aH .text$_ZNSt3__1plB6v15007IcNS_11char_traitsIcEENS_9allocatorIcEEEENS_12basic_stringIT_T0_T1_EEPKS6_OS9_ CODE
 0001:0000e010 00000036H .text$_ZNSt3__114basic_ifstreamIcNS_11char_traitsIcEEED1Ev CODE
 0001:0000e050 000000a4H .text$_ZNSt3__16vectorI8ComputerNS_9allocatorIS1_EEE5eraseB6v15007ENS_11__wrap_iterIPKS1_EE CODE
 0001:0000e100 00000025H .text$_ZNSt3__16vectorI8ComputerNS_9allocatorIS1_EEE5beginB6v15007Ev CODE
 0001:0000e130 00000034H .text$_ZNKSt3__111__wrap_iterIP8ComputerEplB6v15007Ex CODE
 0001:0000e170 0000002dH .text$_ZNSt3__111__wrap_iterIPK8ComputerEC1B6v15007IPS1_EERKNS0_IT_EEPNS_9enable_ifIXsr14is_convertibleIS7_S3_EE5valueEvE4typeE CODE
 0001:0000e1a0 00000167H .text$_ZNSt3__114basic_ofstreamIcNS_11char_traitsIcEEEC1EPKcj CODE
 0001:0000e310 00000026H .text$_ZNSt3__16vectorI8ComputerNS_9allocatorIS1_EEE3endB6v15007Ev CODE
 0001:0000e340 00000029H .text$_ZNSt3__1neB6v15007IP8ComputerEEbRKNS_11__wrap_iterIT_EES7_ CODE
 0001:0000e370 0000000eH .text$_ZNKSt3__111__wrap_iterIP8ComputerEdeB6v15007Ev CODE
 0001:0000e380 00000015H .text$_ZNSt3__111__wrap_iterIP8ComputerEppB6v15007Ev CODE
 0001:0000e3a0 00000042H .text$_ZNSt3__114basic_ofstreamIcNS_11char_traitsIcEEE5closeEv CODE
 0001:0000e3f0 00000036H .text$_ZNSt3__114basic_ofstreamIcNS_11char_traitsIcEEED1Ev CODE
 0001:0000e430 0000005dH .text$_ZN9THomeFormD0Ev CODE
 0001:0000e490 0000003aH .text$_ZN8ComputerD2Ev  CODE
 0001:0000e4d0 00000059H .text$_ZNSt3__114basic_ifstreamIcNS_11char_traitsIcEEED2Ev CODE
 0001:0000e530 00000019H .text$_ZTv0_n24_NSt3__114basic_ifstreamIcNS_11char_traitsIcEEED1Ev CODE
 0001:0000e550 00000028H .text$_ZNSt3__114basic_ifstreamIcNS_11char_traitsIcEEED0Ev CODE
 0001:0000e580 00000019H .text$_ZTv0_n24_NSt3__114basic_ifstreamIcNS_11char_traitsIcEEED0Ev CODE
 0001:0000e5a0 00000019H .text$_ZNSt3__113basic_filebufIcNS_11char_traitsIcEEED1Ev CODE
 0001:0000e5c0 000000deH .text$_ZNSt3__113basic_filebufIcNS_11char_traitsIcEEED2Ev CODE
 0001:0000e6a0 00000112H .text$_ZNSt3__113basic_filebufIcNS_11char_traitsIcEEE5closeEv CODE
 0001:0000e7c0 00000028H .text$_ZNSt3__113basic_filebufIcNS_11char_traitsIcEEED0Ev CODE
 0001:0000e7f0 000001c9H .text$_ZNSt3__113basic_filebufIcNS_11char_traitsIcEEE5imbueERKNS_6localeE CODE
 0001:0000e9c0 00000202H .text$_ZNSt3__113basic_filebufIcNS_11char_traitsIcEEE6setbufEPcx CODE
 0001:0000ebd0 000001e4H .text$_ZNSt3__113basic_filebufIcNS_11char_traitsIcEEE7seekoffExNS_8ios_base7seekdirEj CODE
 0001:0000edc0 000000efH .text$_ZNSt3__113basic_filebufIcNS_11char_traitsIcEEE7seekposENS_4fposI9_MbstatetEEj CODE
 0001:0000eeb0 0000043aH .text$_ZNSt3__113basic_filebufIcNS_11char_traitsIcEEE4syncEv CODE
 0001:0000f2f0 0000069bH .text$_ZNSt3__113basic_filebufIcNS_11char_traitsIcEEE9underflowEv CODE
 0001:0000f990 00000129H .text$_ZNSt3__113basic_filebufIcNS_11char_traitsIcEEE9pbackfailEi CODE
 0001:0000fac0 000004c9H .text$_ZNSt3__113basic_filebufIcNS_11char_traitsIcEEE8overflowEi CODE
 0001:0000ff90 0000002dH .text$_ZNSt3__110unique_ptrI6_iobufPFiPS1_EEC1B6v15007ILb1EvEES2_NS_16__dependent_typeINS_27__unique_ptr_deleter_sfinaeIS4_EEXT_EE20__good_rval_ref_typeE CODE
 0001:0000ffc0 0000003bH .text$_ZNSt3__110unique_ptrI6_iobufPFiPS1_EE7releaseB6v15007Ev CODE
 0001:00010000 00000019H .text$_ZNSt3__110unique_ptrI6_iobufPFiPS1_EED1B6v15007Ev CODE
 0001:00010020 0000003aH .text$_ZNSt3__110unique_ptrI6_iobufPFiPS1_EEC2B6v15007ILb1EvEES2_NS_16__dependent_typeINS_27__unique_ptr_deleter_sfinaeIS4_EEXT_EE20__good_rval_ref_typeE CODE
 0001:00010060 0000002dH .text$_ZNSt3__117__compressed_pairIP6_iobufPFiS2_EEC1B6v15007IRS2_S4_EEOT_OT0_ CODE
 0001:00010090 00000040H .text$_ZNSt3__117__compressed_pairIP6_iobufPFiS2_EEC2B6v15007IRS2_S4_EEOT_OT0_ CODE
 0001:000100d0 00000021H .text$_ZNSt3__122__compressed_pair_elemIP6_iobufLi0ELb0EEC2B6v15007IRS2_vEEOT_ CODE
 0001:00010100 00000021H .text$_ZNSt3__122__compressed_pair_elemIPFiP6_iobufELi1ELb0EEC2B6v15007IS4_vEEOT_ CODE
 0001:00010130 00000019H .text$_ZNSt3__117__compressed_pairIP6_iobufPFiS2_EE5firstB6v15007Ev CODE
 0001:00010150 0000000bH .text$_ZNSt3__122__compressed_pair_elemIP6_iobufLi0ELb0EE5__getB6v15007Ev CODE
 0001:00010160 0000001dH .text$_ZNSt3__110unique_ptrI6_iobufPFiPS1_EED2B6v15007Ev CODE
 0001:00010180 00000079H .text$_ZNSt3__110unique_ptrI6_iobufPFiPS1_EE5resetB6v15007ES2_ CODE
 0001:00010200 0000001dH .text$_ZNSt3__117__compressed_pairIP6_iobufPFiS2_EE6secondB6v15007Ev CODE
 0001:00010220 0000000bH .text$_ZNSt3__122__compressed_pair_elemIPFiP6_iobufELi1ELb0EE5__getB6v15007Ev CODE
 0001:00010230 00000020H .text$_ZNSt3__19use_facetB6v15007INS_7codecvtIcc9_MbstatetEEEERKT_RKNS_6localeE CODE
 0001:00010250 0000001eH .text$_ZNKSt3__17codecvtIcc9_MbstatetE13always_noconvB6v15007Ev CODE
 0001:00010270 0000003bH .text$_ZNSt3__115basic_streambufIcNS_11char_traitsIcEEE4setgB6v15007EPcS4_S4_ CODE
 0001:000102b0 00000031H .text$_ZNSt3__115basic_streambufIcNS_11char_traitsIcEEE4setpB6v15007EPcS4_ CODE
 0001:000102f0 00000028H .text$_ZNSt3__13maxB6v15007IxEERKT_S3_S3_ CODE
 0001:00010320 00000057H .text$_ZNSt3__13maxB6v15007IxNS_6__lessIxxEEEERKT_S5_S5_T0_ CODE
 0001:00010380 0000002eH .text$_ZNKSt3__16__lessIxxEclB6v15007ERKxS3_ CODE
 0001:000103b0 00000034H .text$_ZNSt3__116__throw_bad_castB6v15007Ev CODE
 0001:000103f0 0000001aH .text$_ZNKSt3__17codecvtIcc9_MbstatetE8encodingB6v15007Ev CODE
 0001:00010410 00000023H .text$_ZNSt3__14fposI9_MbstatetEC1B6v15007Ex CODE
 0001:00010440 0000001eH .text$_ZNSt3__14fposI9_MbstatetE5stateB6v15007ES1_ CODE
 0001:00010460 00000038H .text$_ZNSt3__14fposI9_MbstatetEC2B6v15007Ex CODE
 0001:000104a0 0000000fH .text$_ZNKSt3__14fposI9_MbstatetEcvxB6v15007Ev CODE
 0001:000104b0 0000001eH .text$_ZNKSt3__14fposI9_MbstatetE5stateB6v15007Ev CODE
 0001:000104d0 0000000fH .text$_ZNKSt3__115basic_streambufIcNS_11char_traitsIcEEE4pptrB6v15007Ev CODE
 0001:000104e0 0000000fH .text$_ZNKSt3__115basic_streambufIcNS_11char_traitsIcEEE5pbaseB6v15007Ev CODE
 0001:000104f0 00000047H .text$_ZNKSt3__17codecvtIcc9_MbstatetE7unshiftB6v15007ERS1_PcS4_RS4_ CODE
 0001:00010540 0000000fH .text$_ZNKSt3__115basic_streambufIcNS_11char_traitsIcEEE5egptrB6v15007Ev CODE
 0001:00010550 0000000fH .text$_ZNKSt3__115basic_streambufIcNS_11char_traitsIcEEE4gptrB6v15007Ev CODE
 0001:00010560 00000047H .text$_ZNKSt3__17codecvtIcc9_MbstatetE6lengthB6v15007ERS1_PKcS5_y CODE
 0001:000105b0 0000000fH .text$_ZNKSt3__115basic_streambufIcNS_11char_traitsIcEEE5ebackB6v15007Ev CODE
 0001:000105c0 000000b6H .text$_ZNSt3__113basic_filebufIcNS_11char_traitsIcEEE11__read_modeEv CODE
 0001:00010680 00000090H .text$_ZNKSt3__17codecvtIcc9_MbstatetE2inB6v15007ERS1_PKcS5_RS5_PcS7_RS7_ CODE
 0001:00010710 00000029H .text$_ZNSt3__115basic_streambufIcNS_11char_traitsIcEEE5gbumpB6v15007Ei CODE
 0001:00010740 0000004fH .text$_ZNSt3__111char_traitsIcE7not_eofEi CODE
 0001:00010790 000000c6H .text$_ZNSt3__113basic_filebufIcNS_11char_traitsIcEEE12__write_modeEv CODE
 0001:00010860 0000000fH .text$_ZNKSt3__115basic_streambufIcNS_11char_traitsIcEEE5epptrB6v15007Ev CODE
 0001:00010870 00000029H .text$_ZNSt3__115basic_streambufIcNS_11char_traitsIcEEE5pbumpB6v15007Ei CODE
 0001:000108a0 00000090H .text$_ZNKSt3__17codecvtIcc9_MbstatetE3outB6v15007ERS1_PKcS5_RS5_PcS7_RS7_ CODE
 0001:00010930 00000023H .text$_ZNSt3__115basic_streambufIcNS_11char_traitsIcEEE7__pbumpB6v15007Ex CODE
 0001:00010960 00000025H .text$_ZNSt3__111__wrap_iterIP8ComputerEpLB6v15007Ex CODE
 0001:00010990 00000037H .text$_ZNSt3__111__wrap_iterIPK8ComputerEC2B6v15007IPS1_EERKNS0_IT_EEPNS_9enable_ifIXsr14is_convertibleIS7_S3_EE5valueEvE4typeE CODE
 0001:000109d0 0000000eH .text$_ZNKSt3__111__wrap_iterIP8ComputerE4baseB6v15007Ev CODE
 0001:000109e0 0000003fH .text$_ZNSt3__1eqB6v15007IP8ComputerEEbRKNS_11__wrap_iterIT_EES7_ CODE
 0001:00010a20 00000059H .text$_ZNSt3__114basic_ofstreamIcNS_11char_traitsIcEEED2Ev CODE
 0001:00010a80 00000019H .text$_ZTv0_n24_NSt3__114basic_ofstreamIcNS_11char_traitsIcEEED1Ev CODE
 0001:00010aa0 00000028H .text$_ZNSt3__114basic_ofstreamIcNS_11char_traitsIcEEED0Ev CODE
 0001:00010ad0 00000019H .text$_ZTv0_n24_NSt3__114basic_ofstreamIcNS_11char_traitsIcEEED0Ev CODE
 0001:00010af0 00000060H .text$_ZNSt3__16vectorI8ComputerNS_9allocatorIS1_EEEC2B6v15007Ev CODE
 0001:00010b50 0000002dH .text$_ZNSt3__117__compressed_pairIP8ComputerNS_9allocatorIS1_EEEC1B6v15007IDnNS_18__default_init_tagEEEOT_OT0_ CODE
 0001:00010b80 00000007H .text$_ZNSt3__119__debug_db_insert_cB6v15007INS_6vectorI8ComputerNS_9allocatorIS2_EEEEEEvPT_ CODE
 0001:00010b90 0000003bH .text$_ZNSt3__117__compressed_pairIP8ComputerNS_9allocatorIS1_EEEC2B6v15007IDnNS_18__default_init_tagEEEOT_OT0_ CODE
 0001:00010bd0 0000001eH .text$_ZNSt3__122__compressed_pair_elemIP8ComputerLi0ELb0EEC2B6v15007IDnvEEOT_ CODE
 0001:00010bf0 0000001dH .text$_ZNSt3__122__compressed_pair_elemINS_9allocatorI8ComputerEELi1ELb1EEC2B6v15007ENS_18__default_init_tagE CODE
 0001:00010c10 00000019H .text$_ZNSt3__19allocatorI8ComputerEC2B6v15007Ev CODE
 0001:00010c30 00000007H .text$_ZNSt3__116__non_trivial_ifILb1ENS_9allocatorI8ComputerEEEC2B6v15007Ev CODE
 0001:00010c40 0000003aH .text$_ZNSt3__16vectorI8ComputerNS_9allocatorIS1_EEED2B6v15007Ev CODE
 0001:00010c80 00000023H .text$_ZNSt3__16vectorI8ComputerNS_9allocatorIS1_EEE16__destroy_vectorC1ERS4_ CODE
 0001:00010cb0 0000008cH .text$_ZNSt3__16vectorI8ComputerNS_9allocatorIS1_EEE16__destroy_vectorclB6v15007Ev CODE
 0001:00010d40 0000001eH .text$_ZNSt3__16vectorI8ComputerNS_9allocatorIS1_EEE16__destroy_vectorC2ERS4_ CODE
 0001:00010d60 000000c3H .text$_ZNKSt3__16vectorI8ComputerNS_9allocatorIS1_EEE17__annotate_deleteB6v15007Ev CODE
 0001:00010e30 00000007H .text$_ZNSt3__118__debug_db_erase_cB6v15007INS_6vectorI8ComputerNS_9allocatorIS2_EEEEEEvPT_ CODE
 0001:00010e40 0000001cH .text$_ZNSt3__16vectorI8ComputerNS_9allocatorIS1_EEE7__clearB6v15007Ev CODE
 0001:00010e60 0000002dH .text$_ZNSt3__116allocator_traitsINS_9allocatorI8ComputerEEE10deallocateB6v15007ERS3_PS2_y CODE
 0001:00010e90 0000001dH .text$_ZNSt3__16vectorI8ComputerNS_9allocatorIS1_EEE7__allocB6v15007Ev CODE
 0001:00010eb0 00000035H .text$_ZNKSt3__16vectorI8ComputerNS_9allocatorIS1_EEE8capacityB6v15007Ev CODE
 0001:00010ef0 00000021H .text$_ZNKSt3__16vectorI8ComputerNS_9allocatorIS1_EEE31__annotate_contiguous_containerB6v15007EPKvS6_S6_S6_ CODE
 0001:00010f20 0000001cH .text$_ZNKSt3__16vectorI8ComputerNS_9allocatorIS1_EEE4dataB6v15007Ev CODE
 0001:00010f40 0000000bH .text$_ZNSt3__112__to_addressB6v15007I8ComputerEEPT_S3_ CODE
 0001:00010f50 00000086H .text$_ZNSt3__16vectorI8ComputerNS_9allocatorIS1_EEE22__base_destruct_at_endB6v15007EPS1_ CODE
 0001:00010fe0 00000023H .text$_ZNSt3__116allocator_traitsINS_9allocatorI8ComputerEEE7destroyB6v15007IS2_vEEvRS3_PT_ CODE
 0001:00011010 0000001eH .text$_ZNSt3__19allocatorI8ComputerE7destroyB6v15007EPS1_ CODE
 0001:00011030 0000003fH .text$_ZNSt3__19allocatorI8ComputerE10deallocateB6v15007EPS1_y CODE
 0001:00011070 00000019H .text$_ZNSt3__117__compressed_pairIP8ComputerNS_9allocatorIS1_EEE6secondB6v15007Ev CODE
 0001:00011090 0000000bH .text$_ZNSt3__122__compressed_pair_elemINS_9allocatorI8ComputerEELi1ELb1EE5__getB6v15007Ev CODE
 0001:000110a0 0000001dH .text$_ZNKSt3__16vectorI8ComputerNS_9allocatorIS1_EEE9__end_capB6v15007Ev CODE
 0001:000110c0 00000019H .text$_ZNKSt3__117__compressed_pairIP8ComputerNS_9allocatorIS1_EEE5firstB6v15007Ev CODE
 0001:000110e0 0000000bH .text$_ZNKSt3__122__compressed_pair_elemIP8ComputerLi0ELb0EE5__getB6v15007Ev CODE
 0001:000110f0 00000030H .text$_ZNSt3__19basic_iosIcNS_11char_traitsIcEEEC2B6v15007Ev CODE
 0001:00011120 00000051H .text$_ZNSt3__113basic_istreamIcNS_11char_traitsIcEEEC2B6v15007EPNS_15basic_streambufIcS2_EE CODE
 0001:00011180 00000019H .text$_ZNSt3__113basic_filebufIcNS_11char_traitsIcEEEC1Ev CODE
 0001:000111a0 00000104H .text$_ZNSt3__113basic_filebufIcNS_11char_traitsIcEEE4openEPKcj CODE
 0001:000112b0 00000019H .text$_ZNSt3__18ios_baseC2B6v15007Ev CODE
 0001:000112d0 00000049H .text$_ZNSt3__19basic_iosIcNS_11char_traitsIcEEE4initB6v15007EPNS_15basic_streambufIcS2_EE CODE
 0001:00011320 000001afH .text$_ZNSt3__113basic_filebufIcNS_11char_traitsIcEEEC2Ev CODE
 0001:000114d0 0000003aH .text$_ZNSt3__19has_facetB6v15007INS_7codecvtIcc9_MbstatetEEEEbRKNS_6localeE CODE
 0001:00011510 0000002eH .text$_ZNKSt3__115basic_streambufIcNS_11char_traitsIcEEE6getlocB6v15007Ev CODE
 0001:00011540 00000204H .text$_ZNSt3__113basic_filebufIcNS_11char_traitsIcEEE15__make_mdstringEj CODE
 0001:00011750 0000001dH .text$_ZNKSt3__19basic_iosIcNS_11char_traitsIcEEE4failB6v15007Ev CODE
 0001:00011770 0000001cH .text$_ZNKSt3__18ios_base4failB6v15007Ev CODE
 0001:00011790 0000001dH .text$_ZNSt3__16vectorI8ComputerNS_9allocatorIS1_EEE9__end_capB6v15007Ev CODE
 0001:000117b0 00000099H .text$_ZNSt3__16vectorI8ComputerNS_9allocatorIS1_EEE22__construct_one_at_endB6v15007IJRKS1_EEEvDpOT_ CODE
 0001:00011850 000000eeH .text$_ZNSt3__16vectorI8ComputerNS_9allocatorIS1_EEE21__push_back_slow_pathIRKS1_EEvOT_ CODE
 0001:00011940 00000019H .text$_ZNSt3__117__compressed_pairIP8ComputerNS_9allocatorIS1_EEE5firstB6v15007Ev CODE
 0001:00011960 0000000bH .text$_ZNSt3__122__compressed_pair_elemIP8ComputerLi0ELb0EE5__getB6v15007Ev CODE
 0001:00011970 0000002dH .text$_ZNSt3__16vectorI8ComputerNS_9allocatorIS1_EEE21_ConstructTransactionC1ERS4_y CODE
 0001:000119a0 0000002dH .text$_ZNSt3__116allocator_traitsINS_9allocatorI8ComputerEEE9constructB6v15007IS2_JRKS2_EvEEvRS3_PT_DpOT0_ CODE
 0001:000119d0 00000019H .text$_ZNSt3__16vectorI8ComputerNS_9allocatorIS1_EEE21_ConstructTransactionD1Ev CODE
 0001:000119f0 00000046H .text$_ZNSt3__16vectorI8ComputerNS_9allocatorIS1_EEE21_ConstructTransactionC2ERS4_y CODE
 0001:00011a40 00000028H .text$_ZNSt3__19allocatorI8ComputerE9constructB6v15007IS1_JRKS1_EEEvPT_DpOT0_ CODE
 0001:00011a70 00000023H .text$_ZN8ComputerC1ERKS_ CODE
 0001:00011aa0 000000deH .text$_ZN8ComputerC2ERKS_ CODE
 0001:00011b80 00000016H .text$_ZNSt3__16vectorI8ComputerNS_9allocatorIS1_EEE21_ConstructTransactionD2Ev CODE
 0001:00011ba0 000000a0H .text$_ZNKSt3__16vectorI8ComputerNS_9allocatorIS1_EEE11__recommendB6v15007Ey CODE
 0001:00011c40 00000037H .text$_ZNSt3__114__split_bufferI8ComputerRNS_9allocatorIS1_EEEC1EyyS4_ CODE
 0001:00011c80 0000014cH .text$_ZNSt3__16vectorI8ComputerNS_9allocatorIS1_EEE26__swap_out_circular_bufferERNS_14__split_bufferIS1_RS3_EE CODE
 0001:00011dd0 00000019H .text$_ZNSt3__114__split_bufferI8ComputerRNS_9allocatorIS1_EEED1Ev CODE
 0001:00011df0 00000059H .text$_ZNKSt3__16vectorI8ComputerNS_9allocatorIS1_EEE8max_sizeEv CODE
 0001:00011e50 00000016H .text$_ZNKSt3__16vectorI8ComputerNS_9allocatorIS1_EEE20__throw_length_errorB6v15007Ev CODE
 0001:00011e70 00000019H .text$_ZNSt3__116allocator_traitsINS_9allocatorI8ComputerEEE8max_sizeB6v15007IS3_vEEyRKS3_ CODE
 0001:00011e90 0000001dH .text$_ZNKSt3__16vectorI8ComputerNS_9allocatorIS1_EEE7__allocB6v15007Ev CODE
 0001:00011eb0 00000011H .text$_ZNKSt3__19allocatorI8ComputerE8max_sizeB6v15007Ev CODE
 0001:00011ed0 00000019H .text$_ZNKSt3__117__compressed_pairIP8ComputerNS_9allocatorIS1_EEE6secondB6v15007Ev CODE
 0001:00011ef0 0000000bH .text$_ZNKSt3__122__compressed_pair_elemINS_9allocatorI8ComputerEELi1ELb1EE5__getB6v15007Ev CODE
 0001:00011f00 000000caH .text$_ZNSt3__114__split_bufferI8ComputerRNS_9allocatorIS1_EEEC2EyyS4_ CODE
 0001:00011fd0 0000002dH .text$_ZNSt3__117__compressed_pairIP8ComputerRNS_9allocatorIS1_EEEC1B6v15007IDnS5_EEOT_OT0_ CODE
 0001:00012000 0000004dH .text$_ZNSt3__119__allocate_at_leastB6v15007INS_9allocatorI8ComputerEEEENS_19__allocation_resultINS_16allocator_traitsIT_E7pointerEEERS6_y CODE
 0001:00012050 0000001dH .text$_ZNSt3__114__split_bufferI8ComputerRNS_9allocatorIS1_EEE7__allocB6v15007Ev CODE
 0001:00012070 0000001dH .text$_ZNSt3__114__split_bufferI8ComputerRNS_9allocatorIS1_EEE9__end_capB6v15007Ev CODE
 0001:00012090 00000040H .text$_ZNSt3__117__compressed_pairIP8ComputerRNS_9allocatorIS1_EEEC2B6v15007IDnS5_EEOT_OT0_ CODE
 0001:000120d0 0000001eH .text$_ZNSt3__122__compressed_pair_elemIRNS_9allocatorI8ComputerEELi1ELb0EEC2B6v15007IS4_vEEOT_ CODE
 0001:000120f0 0000004eH .text$_ZNSt3__19allocatorI8ComputerE8allocateB6v15007Ey CODE
 0001:00012140 0000001dH .text$_ZNSt3__117__compressed_pairIP8ComputerRNS_9allocatorIS1_EEE6secondB6v15007Ev CODE
 0001:00012160 0000000eH .text$_ZNSt3__122__compressed_pair_elemIRNS_9allocatorI8ComputerEELi1ELb0EE5__getB6v15007Ev CODE
 0001:00012170 00000019H .text$_ZNSt3__117__compressed_pairIP8ComputerRNS_9allocatorIS1_EEE5firstB6v15007Ev CODE
 0001:00012190 000001a8H .text$_ZNSt3__142__uninitialized_allocator_move_if_noexceptB6v15007INS_9allocatorI8ComputerEENS_16reverse_iteratorIPS2_EES6_S6_EET2_RT_T0_T1_S7_ CODE
 0001:00012340 00000023H .text$_ZNSt3__116reverse_iteratorIP8ComputerEC1B6v15007ES2_ CODE
 0001:00012370 0000000fH .text$_ZNKSt3__116reverse_iteratorIP8ComputerE4baseB6v15007Ev CODE
 0001:00012380 0000003bH .text$_ZNSt3__14swapB6v15007IP8ComputerEENS_9enable_ifIXaasr21is_move_constructibleIT_EE5valuesr18is_move_assignableIS4_EE5valueEvE4typeERS4_S7_ CODE
 0001:000123c0 000000b3H .text$_ZNKSt3__16vectorI8ComputerNS_9allocatorIS1_EEE14__annotate_newB6v15007Ey CODE
 0001:00012480 00000007H .text$_ZNSt3__125__debug_db_invalidate_allB6v15007INS_6vectorI8ComputerNS_9allocatorIS2_EEEEEEvPT_ CODE
 0001:00012490 0000003fH .text$_ZNSt3__1neB6v15007IP8ComputerS2_EEbRKNS_16reverse_iteratorIT_EERKNS3_IT0_EE CODE
 0001:000124d0 0000002dH .text$_ZNSt3__116allocator_traitsINS_9allocatorI8ComputerEEE9constructB6v15007IS2_JS2_EvEEvRS3_PT_DpOT0_ CODE
 0001:00012500 00000019H .text$_ZNSt3__112__to_addressB6v15007INS_16reverse_iteratorIP8ComputerEEvEENS_5decayIDTclsr19__to_address_helperIT_EE6__callcl7declvalIRKS6_EEEEE4typeES8_ CODE
 0001:00012520 00000027H .text$_ZNKSt3__116reverse_iteratorIP8ComputerEdeB6v15007Ev CODE
 0001:00012550 00000017H .text$_ZNSt3__116reverse_iteratorIP8ComputerEppB6v15007Ev CODE
 0001:00012570 00000037H .text$_ZNSt3__129_AllocatorDestroyRangeReverseINS_9allocatorI8ComputerEENS_16reverse_iteratorIPS2_EEEC1B6v15007ERS3_RS6_S9_ CODE
 0001:000125b0 0000008eH .text$_ZNKSt3__129_AllocatorDestroyRangeReverseINS_9allocatorI8ComputerEENS_16reverse_iteratorIPS2_EEEclB6v15007Ev CODE
 0001:00012640 00000028H .text$_ZNSt3__19allocatorI8ComputerE9constructB6v15007IS1_JS1_EEEvPT_DpOT0_ CODE
 0001:00012670 00000023H .text$_ZN8ComputerC1EOS_ CODE
 0001:000126a0 0000007fH .text$_ZN8ComputerC2EOS_ CODE
 0001:00012720 00000023H .text$_ZNSt3__16vectorI9ComponentNS_9allocatorIS1_EEEC1B6v15007EOS4_ CODE
 0001:00012750 000000f1H .text$_ZNSt3__16vectorI9ComponentNS_9allocatorIS1_EEEC2B6v15007EOS4_ CODE
 0001:00012850 00000012H .text$_ZNSt3__115__debug_db_swapB6v15007INS_6vectorI9ComponentNS_9allocatorIS2_EEEEEEvPT_S7_ CODE
 0001:00012870 00000036H .text$_ZNSt3__119__to_address_helperINS_16reverse_iteratorIP8ComputerEEvE6__callB6v15007ERKS4_ CODE
 0001:000128b0 00000019H .text$_ZNKSt3__116reverse_iteratorIP8ComputerEptB6v15007Ev CODE
 0001:000128d0 0000003aH .text$_ZNSt3__129_AllocatorDestroyRangeReverseINS_9allocatorI8ComputerEENS_16reverse_iteratorIPS2_EEEC2B6v15007ERS3_RS6_S9_ CODE
 0001:00012910 00000064H .text$_ZNSt3__119__allocator_destroyB6v15007INS_9allocatorI8ComputerEENS_16reverse_iteratorINS4_IPS2_EEEES7_EEvRT_T0_T1_ CODE
 0001:00012980 00000019H .text$_ZNSt3__116reverse_iteratorINS0_IP8ComputerEEEC1B6v15007ES3_ CODE
 0001:000129a0 00000045H .text$_ZNSt3__1neB6v15007INS_16reverse_iteratorIP8ComputerEES4_EEbRKNS1_IT_EERKNS1_IT0_EE CODE
 0001:000129f0 00000019H .text$_ZNSt3__112__to_addressB6v15007INS_16reverse_iteratorINS1_IP8ComputerEEEEvEENS_5decayIDTclsr19__to_address_helperIT_EE6__callcl7declvalIRKS7_EEEEE4typeES9_ CODE
 0001:00012a10 00000026H .text$_ZNSt3__116reverse_iteratorINS0_IP8ComputerEEEppB6v15007Ev CODE
 0001:00012a40 00000028H .text$_ZNKSt3__116reverse_iteratorINS0_IP8ComputerEEE4baseB6v15007Ev CODE
 0001:00012a70 00000036H .text$_ZNSt3__119__to_address_helperINS_16reverse_iteratorINS1_IP8ComputerEEEEvE6__callB6v15007ERKS5_ CODE
 0001:00012ab0 00000019H .text$_ZNKSt3__116reverse_iteratorINS0_IP8ComputerEEEptB6v15007Ev CODE
 0001:00012ad0 00000038H .text$_ZNKSt3__116reverse_iteratorINS0_IP8ComputerEEEdeB6v15007Ev CODE
 0001:00012b10 00000017H .text$_ZNSt3__116reverse_iteratorIP8ComputerEmmB6v15007Ev CODE
 0001:00012b30 00000029H .text$_ZNSt3__116reverse_iteratorINS0_IP8ComputerEEEC2B6v15007ES3_ CODE
 0001:00012b60 00000026H .text$_ZNSt3__116reverse_iteratorIP8ComputerEC2B6v15007ES2_ CODE
 0001:00012b90 00000075H .text$_ZNSt3__114__split_bufferI8ComputerRNS_9allocatorIS1_EEED2Ev CODE
 0001:00012c10 0000001dH .text$_ZNSt3__114__split_bufferI8ComputerRNS_9allocatorIS1_EEE5clearB6v15007Ev CODE
 0001:00012c30 00000035H .text$_ZNKSt3__114__split_bufferI8ComputerRNS_9allocatorIS1_EEE8capacityB6v15007Ev CODE
 0001:00012c70 00000028H .text$_ZNSt3__114__split_bufferI8ComputerRNS_9allocatorIS1_EEE17__destruct_at_endB6v15007EPS1_ CODE
 0001:00012ca0 0000007eH .text$_ZNSt3__114__split_bufferI8ComputerRNS_9allocatorIS1_EEE17__destruct_at_endB6v15007EPS1_NS_17integral_constantIbLb0EEE CODE
 0001:00012d20 0000001dH .text$_ZNKSt3__114__split_bufferI8ComputerRNS_9allocatorIS1_EEE9__end_capB6v15007Ev CODE
 0001:00012d40 00000019H .text$_ZNKSt3__117__compressed_pairIP8ComputerRNS_9allocatorIS1_EEE5firstB6v15007Ev CODE
 0001:00012d60 0000002dH .text$_ZNSt3__111__wrap_iterIP8ComputerEC1B6v15007EPKvS2_ CODE
 0001:00012d90 00000023H .text$_ZNSt3__111__wrap_iterIP8ComputerEC2B6v15007EPKvS2_ CODE
 0001:00012dc0 00000041H .text$_ZNSt3__1miB6v15007IPK8ComputerS3_EEDTmicldtfp_4baseEcldtfp0_4baseEERKNS_11__wrap_iterIT_EERKNS5_IT0_EE CODE
 0001:00012e10 00000022H .text$_ZNKSt3__16vectorI8ComputerNS_9allocatorIS1_EEE6cbeginB6v15007Ev CODE
 0001:00012e40 00000063H .text$_ZNSt3__16vectorI8ComputerNS_9allocatorIS1_EEE17__destruct_at_endB6v15007EPS1_ CODE
 0001:00012eb0 00000036H .text$_ZNSt3__14moveB6v15007IP8ComputerS2_EET0_T_S4_S3_ CODE
 0001:00012ef0 00000012H .text$_ZNSt3__16vectorI8ComputerNS_9allocatorIS1_EEE27__invalidate_iterators_pastB6v15007EPS1_ CODE
 0001:00012f10 0000000eH .text$_ZNKSt3__111__wrap_iterIPK8ComputerE4baseB6v15007Ev CODE
 0001:00012f20 00000025H .text$_ZNKSt3__16vectorI8ComputerNS_9allocatorIS1_EEE5beginB6v15007Ev CODE
 0001:00012f50 0000002dH .text$_ZNSt3__111__wrap_iterIPK8ComputerEC1B6v15007EPKvS3_ CODE
 0001:00012f80 00000023H .text$_ZNSt3__111__wrap_iterIPK8ComputerEC2B6v15007EPKvS3_ CODE
 0001:00012fb0 000000b3H .text$_ZNKSt3__16vectorI8ComputerNS_9allocatorIS1_EEE17__annotate_shrinkB6v15007Ey CODE
 0001:00013070 000000b3H .text$_ZNSt3__16__moveB6v15007INS_17_ClassicAlgPolicyEP8ComputerS3_S3_EENS_9enable_ifIXaaaasr21is_copy_constructibleIT0_EE5valuesr21is_copy_constructibleIT1_EE5valuesr21is_copy_constructibleIT2_EE5valueENS_4pairIS5_S7_EEE4typeES5_S6_S7_ CODE
 0001:00013130 0000008bH .text$_ZNSt3__111__move_implB6v15007INS_17_ClassicAlgPolicyEP8ComputerS3_S3_EENS_4pairIT0_T2_EES5_T1_S6_ CODE
 0001:000131c0 00000019H .text$_ZNSt3__113__unwrap_iterB6v15007IP8ComputerNS_18__unwrap_iter_implIS2_Lb1EEELi0EEEDTclsrT0_8__unwrapclsr3stdE7declvalIT_EEEES6_ CODE
 0001:000131e0 00000034H .text$_ZNSt3__19make_pairB6v15007IP8ComputerS2_EENS_4pairINS_18__unwrap_ref_decayIT_E4typeENS4_IT0_E4typeEEEOS5_OS8_ CODE
 0001:00013220 0000003aH .text$_ZNSt3__113__rewrap_iterB6v15007IP8ComputerS2_NS_18__unwrap_iter_implIS2_Lb1EEEEET_S5_T0_ CODE
 0001:00013260 0000001bH .text$_ZNSt3__18_IterOpsINS_17_ClassicAlgPolicyEE11__iter_moveB6v15007IRP8ComputerEENS_9enable_ifIXsr12is_referenceIDTdeclsr3stdE7declvalIRT_EEEEE5valueEDTclsr3stdE4movedeclsr3stdE7declvalIS9_EEEEE4typeEOS8_ CODE
 0001:00013280 0000007fH .text$_ZN8ComputeraSEOS_ CODE
 0001:00013300 00000001H .text$_ZNSt3__18_IterOpsINS_17_ClassicAlgPolicyEE25__validate_iter_referenceB6v15007IRP8ComputerEEvv CODE
 0001:00013310 00000031H .text$_ZNSt3__16vectorI9ComponentNS_9allocatorIS1_EEEaSB6v15007EOS4_ CODE
 0001:00013350 000000b1H .text$_ZNSt3__16vectorI9ComponentNS_9allocatorIS1_EEE13__move_assignERS4_NS_17integral_constantIbLb1EEE CODE
 0001:00013410 00000087H .text$_ZNSt3__16vectorI9ComponentNS_9allocatorIS1_EEE13__vdeallocateEv CODE
 0001:000134a0 00000028H .text$_ZNSt3__16vectorI9ComponentNS_9allocatorIS1_EEE19__move_assign_allocB6v15007ERS4_ CODE
 0001:000134d0 00000037H .text$_ZNSt3__16vectorI9ComponentNS_9allocatorIS1_EEE19__move_assign_allocB6v15007ERS4_NS_17integral_constantIbLb1EEE CODE
 0001:00013510 00000019H .text$_ZNSt3__118__unwrap_iter_implIP8ComputerLb1EE8__unwrapB6v15007ES2_ CODE
 0001:00013530 0000002dH .text$_ZNSt3__14pairIP8ComputerS2_EC1B6v15007IS2_S2_LPv0EEEOT_OT0_ CODE
 0001:00013560 00000032H .text$_ZNSt3__14pairIP8ComputerS2_EC2B6v15007IS2_S2_LPv0EEEOT_OT0_ CODE
 0001:000135a0 00000055H .text$_ZNSt3__118__unwrap_iter_implIP8ComputerLb1EE8__rewrapB6v15007ES2_S2_ CODE
 0001:00013600 00000049H .text$_ZNSt3__113basic_ostreamIcNS_11char_traitsIcEEEC2B6v15007EPNS_15basic_streambufIcS2_EE CODE
 0001:00013650 00000375H .text                   CODE
 0001:000139d0 00000023H .text$_ZN6System7Classes15TComponentClassC1EPNS_10TMetaClassE CODE
 0001:00013a00 00000023H .text$_ZN6System7Classes15TComponentClassC2EPNS_10TMetaClassE CODE
 0001:00013a30 0000001eH .text$_ZN6System15DelphiMetaClassINS_7Classes15TComponentClassEEC2EPNS_10TMetaClassE CODE
 0001:00013a50 00004326H .text                   CODE
 0001:00017d80 000000d2H .text$_ZN6System8Sysutils11ERangeErrorC3ENS_13UnicodeStringE CODE
 0001:00017e60 0000004cH .text$_ZN6System8Sysutils11ERangeErrorD0Ev CODE
 0001:00017eb0 0000005bH .text$_ZN6System8_CharLenIwEEiPKT_ CODE
 0001:00017f10 0000005bH .text$_ZN6System8_CharLenIDsEEiPKT_ CODE
 0001:00017f70 00000023H .text$_ZN6System14AnsiStringBaseC2ILt0EEEONS_11AnsiStringTIXT_EEE CODE
 0001:00017fa0 0000004dH .text$_ZNK6System14AnsiStringBase8CodePageEv CODE
 0001:00017ff0 0000003aH .text$_ZNK6System14AnsiStringBaseixEi CODE
 0001:00018030 000000d2H .text$_ZN6System8Sysutils9EIntErrorC3ENS_13UnicodeStringE CODE
 0001:00018110 000000d2H .text$_ZN6System8Sysutils9EExternalC3ENS_13UnicodeStringE CODE
 0001:000181f0 0000004cH .text$_ZN6System8Sysutils9EIntErrorD0Ev CODE
 0001:00018240 0000004cH .text$_ZN6System8Sysutils9EExternalD0Ev CODE
 0001:00018290 00000f18H .text                   CODE
 0001:000191b0 0000000bH .text$_ZN6System15DelphiInterfaceINS_10IInterfaceEEadEv CODE
 0001:000191c0 0000004dH .text$_ZN6System15DelphiInterfaceINS_10IInterfaceEED2Ev CODE
 0001:00019210 00000029H .text$_ZNSt3__110lock_guardINS_5mutexEEC2B6v15007ERS1_ CODE
 0001:00019240 00000035H .text$_ZNSt3__113unordered_mapIPN6System7Typinfo9TTypeInfoEPSt9type_infoNS_4hashIS4_EENS_8equal_toIS4_EENS_9allocatorINS_4pairIKS4_S6_EEEEEC2B6v15007Ev CODE
 0001:00019280 00000019H .text$_ZNSt3__113unordered_mapIPN6System7Typinfo9TTypeInfoEPSt9type_infoNS_4hashIS4_EENS_8equal_toIS4_EENS_9allocatorINS_4pairIKS4_S6_EEEEED2B6v15007Ev CODE
 0001:000192a0 00000084H .text$_ZNSt3__113unordered_mapIPN6System7Typinfo9TTypeInfoEPSt9type_infoNS_4hashIS4_EENS_8equal_toIS4_EENS_9allocatorINS_4pairIKS4_S6_EEEEEixERSD_ CODE
 0001:00019330 0000004aH .text$_ZN6System11AnsiStringTILt65001EEC2ERKNS_13UnicodeStringE CODE
 0001:00019380 00000098H .text$_ZNK6System11AnsiStringTILt65001EEplERKS1_ CODE
 0001:00019420 0000004aH .text$_ZN6System11AnsiStringTILt65001EEC2EPKc CODE
 0001:00019470 00000030H .text$_ZN6System11AnsiStringTILt65001EEC2Ev CODE
 0001:000194a0 0000002cH .text$_ZN6System11AnsiStringTILt65001EEaSERKS1_ CODE
 0001:000194d0 00000019H .text$_ZN6System11AnsiStringTILt65001EED2Ev CODE
 0001:000194f0 00000030H .text$_ZN10__cxxabiv117__class_type_infoC2Ev CODE
 0001:00019520 00000043H .text$_ZNK6System11AnsiStringTILt65001EE5c_strEv CODE
 0001:00019570 0000001cH .text$_ZNSt3__110lock_guardINS_5mutexEED2B6v15007Ev CODE
 0001:00019590 00000030H .text$_ZN10__cxxabiv116__shim_type_infoC2Ev CODE
 0001:000195c0 00000083H .text$_ZNSt3__112__hash_tableINS_17__hash_value_typeIPN6System7Typinfo9TTypeInfoEPSt9type_infoEENS_22__unordered_map_hasherIS5_S8_NS_4hashIS5_EENS_8equal_toIS5_EELb1EEENS_21__unordered_map_equalIS5_S8_SD_SB_Lb1EEENS_9allocatorIS8_EEEC2Ev CODE
 0001:00019650 00000007H .text$_ZNSt3__119__debug_db_insert_cB6v15007INS_13unordered_mapIPN6System7Typinfo9TTypeInfoEPSt9type_infoNS_4hashIS5_EENS_8equal_toIS5_EENS_9allocatorINS_4pairIKS5_S7_EEEEEEEEvPT_ CODE
 0001:00019660 00000030H .text$_ZNSt3__110unique_ptrIA_PNS_16__hash_node_baseIPNS_11__hash_nodeINS_17__hash_value_typeIPN6System7Typinfo9TTypeInfoEPSt9type_infoEEPvEEEENS_25__bucket_list_deallocatorINS_9allocatorISF_EEEEEC2B6v15007ILb1EvEEv CODE
 0001:00019690 00000030H .text$_ZNSt3__117__compressed_pairINS_16__hash_node_baseIPNS_11__hash_nodeINS_17__hash_value_typeIPN6System7Typinfo9TTypeInfoEPSt9type_infoEEPvEEEENS_9allocatorISC_EEEC2B6v15007ILb1EvEEv CODE
 0001:000196c0 0000003bH .text$_ZNSt3__117__compressed_pairIyNS_22__unordered_map_hasherIPN6System7Typinfo9TTypeInfoENS_17__hash_value_typeIS5_PSt9type_infoEENS_4hashIS5_EENS_8equal_toIS5_EELb1EEEEC2B6v15007IiNS_18__default_init_tagEEEOT_OT0_ CODE
 0001:00019700 0000003bH .text$_ZNSt3__117__compressed_pairIfNS_21__unordered_map_equalIPN6System7Typinfo9TTypeInfoENS_17__hash_value_typeIS5_PSt9type_infoEENS_8equal_toIS5_EENS_4hashIS5_EELb1EEEEC2B6v15007IfNS_18__default_init_tagEEEOT_OT0_ CODE
 0001:00019740 0000003eH .text$_ZNSt3__117__compressed_pairIPPNS_16__hash_node_baseIPNS_11__hash_nodeINS_17__hash_value_typeIPN6System7Typinfo9TTypeInfoEPSt9type_infoEEPvEEEENS_25__bucket_list_deallocatorINS_9allocatorISF_EEEEEC2B6v15007INS_16__value_init_tagESN_EEOT_OT0_ CODE
 0001:00019780 0000001cH .text$_ZNSt3__122__compressed_pair_elemIPPNS_16__hash_node_baseIPNS_11__hash_nodeINS_17__hash_value_typeIPN6System7Typinfo9TTypeInfoEPSt9type_infoEEPvEEEELi0ELb0EEC2B6v15007ENS_16__value_init_tagE CODE
 0001:000197a0 0000001dH .text$_ZNSt3__122__compressed_pair_elemINS_25__bucket_list_deallocatorINS_9allocatorIPNS_16__hash_node_baseIPNS_11__hash_nodeINS_17__hash_value_typeIPN6System7Typinfo9TTypeInfoEPSt9type_infoEEPvEEEEEEEELi1ELb0EEC2B6v15007ENS_16__value_init_tagE CODE
 0001:000197c0 00000038H .text$_ZNSt3__125__bucket_list_deallocatorINS_9allocatorIPNS_16__hash_node_baseIPNS_11__hash_nodeINS_17__hash_value_typeIPN6System7Typinfo9TTypeInfoEPSt9type_infoEEPvEEEEEEEC2B6v15007Ev CODE
 0001:00019800 0000003bH .text$_ZNSt3__117__compressed_pairIyNS_9allocatorIPNS_16__hash_node_baseIPNS_11__hash_nodeINS_17__hash_value_typeIPN6System7Typinfo9TTypeInfoEPSt9type_infoEEPvEEEEEEEC2B6v15007IiNS_18__default_init_tagEEEOT_OT0_ CODE
 0001:00019840 00000021H .text$_ZNSt3__122__compressed_pair_elemIyLi0ELb0EEC2B6v15007IivEEOT_ CODE
 0001:00019870 0000001dH .text$_ZNSt3__122__compressed_pair_elemINS_9allocatorIPNS_16__hash_node_baseIPNS_11__hash_nodeINS_17__hash_value_typeIPN6System7Typinfo9TTypeInfoEPSt9type_infoEEPvEEEEEELi1ELb1EEC2B6v15007ENS_18__default_init_tagE CODE
 0001:00019890 00000019H .text$_ZNSt3__19allocatorIPNS_16__hash_node_baseIPNS_11__hash_nodeINS_17__hash_value_typeIPN6System7Typinfo9TTypeInfoEPSt9type_infoEEPvEEEEEC2B6v15007Ev CODE
 0001:000198b0 00000007H .text$_ZNSt3__116__non_trivial_ifILb1ENS_9allocatorIPNS_16__hash_node_baseIPNS_11__hash_nodeINS_17__hash_value_typeIPN6System7Typinfo9TTypeInfoEPSt9type_infoEEPvEEEEEEEC2B6v15007Ev CODE
 0001:000198c0 0000001dH .text$_ZNSt3__122__compressed_pair_elemINS_16__hash_node_baseIPNS_11__hash_nodeINS_17__hash_value_typeIPN6System7Typinfo9TTypeInfoEPSt9type_infoEEPvEEEELi0ELb0EEC2B6v15007ENS_16__value_init_tagE CODE
 0001:000198e0 0000001dH .text$_ZNSt3__122__compressed_pair_elemINS_9allocatorINS_11__hash_nodeINS_17__hash_value_typeIPN6System7Typinfo9TTypeInfoEPSt9type_infoEEPvEEEELi1ELb1EEC2B6v15007ENS_16__value_init_tagE CODE
 0001:00019900 00000012H .text$_ZNSt3__116__hash_node_baseIPNS_11__hash_nodeINS_17__hash_value_typeIPN6System7Typinfo9TTypeInfoEPSt9type_infoEEPvEEEC2B6v15007Ev CODE
 0001:00019920 00000019H .text$_ZNSt3__19allocatorINS_11__hash_nodeINS_17__hash_value_typeIPN6System7Typinfo9TTypeInfoEPSt9type_infoEEPvEEEC2B6v15007Ev CODE
 0001:00019940 00000007H .text$_ZNSt3__116__non_trivial_ifILb1ENS_9allocatorINS_11__hash_nodeINS_17__hash_value_typeIPN6System7Typinfo9TTypeInfoEPSt9type_infoEEPvEEEEEC2B6v15007Ev CODE
 0001:00019950 0000001dH .text$_ZNSt3__122__compressed_pair_elemINS_22__unordered_map_hasherIPN6System7Typinfo9TTypeInfoENS_17__hash_value_typeIS5_PSt9type_infoEENS_4hashIS5_EENS_8equal_toIS5_EELb1EEELi1ELb1EEC2B6v15007ENS_18__default_init_tagE CODE
 0001:00019970 00000007H .text$_ZNSt3__122__unordered_map_hasherIPN6System7Typinfo9TTypeInfoENS_17__hash_value_typeIS4_PSt9type_infoEENS_4hashIS4_EENS_8equal_toIS4_EELb1EEC2B6v15007Ev CODE
 0001:00019980 00000023H .text$_ZNSt3__122__compressed_pair_elemIfLi0ELb0EEC2B6v15007IfvEEOT_ CODE
 0001:000199b0 0000001dH .text$_ZNSt3__122__compressed_pair_elemINS_21__unordered_map_equalIPN6System7Typinfo9TTypeInfoENS_17__hash_value_typeIS5_PSt9type_infoEENS_8equal_toIS5_EENS_4hashIS5_EELb1EEELi1ELb1EEC2B6v15007ENS_18__default_init_tagE CODE
 0001:000199d0 00000007H .text$_ZNSt3__121__unordered_map_equalIPN6System7Typinfo9TTypeInfoENS_17__hash_value_typeIS4_PSt9type_infoEENS_8equal_toIS4_EENS_4hashIS4_EELb1EEC2B6v15007Ev CODE
 0001:000199e0 00000051H .text$_ZNSt3__112__hash_tableINS_17__hash_value_typeIPN6System7Typinfo9TTypeInfoEPSt9type_infoEENS_22__unordered_map_hasherIS5_S8_NS_4hashIS5_EENS_8equal_toIS5_EELb1EEENS_21__unordered_map_equalIS5_S8_SD_SB_Lb1EEENS_9allocatorIS8_EEED2Ev CODE
 0001:00019a40 000000adH .text$_ZNSt3__112__hash_tableINS_17__hash_value_typeIPN6System7Typinfo9TTypeInfoEPSt9type_infoEENS_22__unordered_map_hasherIS5_S8_NS_4hashIS5_EENS_8equal_toIS5_EELb1EEENS_21__unordered_map_equalIS5_S8_SD_SB_Lb1EEENS_9allocatorIS8_EEE17__deallocate_nodeEPNS_16__hash_node_baseIPNS_11__hash_nodeIS8_PvEEEE CODE
 0001:00019af0 00000019H .text$_ZNSt3__117__compressed_pairINS_16__hash_node_baseIPNS_11__hash_nodeINS_17__hash_value_typeIPN6System7Typinfo9TTypeInfoEPSt9type_infoEEPvEEEENS_9allocatorISC_EEE5firstB6v15007Ev CODE
 0001:00019b10 00000007H .text$_ZNSt3__118__debug_db_erase_cB6v15007INS_12__hash_tableINS_17__hash_value_typeIPN6System7Typinfo9TTypeInfoEPSt9type_infoEENS_22__unordered_map_hasherIS6_S9_NS_4hashIS6_EENS_8equal_toIS6_EELb1EEENS_21__unordered_map_equalIS6_S9_SE_SC_Lb1EEENS_9allocatorIS9_EEEEEEvPT_ CODE
 0001:00019b20 0000001dH .text$_ZNSt3__110unique_ptrIA_PNS_16__hash_node_baseIPNS_11__hash_nodeINS_17__hash_value_typeIPN6System7Typinfo9TTypeInfoEPSt9type_infoEEPvEEEENS_25__bucket_list_deallocatorINS_9allocatorISF_EEEEED2B6v15007Ev CODE
 0001:00019b40 0000001dH .text$_ZNSt3__112__hash_tableINS_17__hash_value_typeIPN6System7Typinfo9TTypeInfoEPSt9type_infoEENS_22__unordered_map_hasherIS5_S8_NS_4hashIS5_EENS_8equal_toIS5_EELb1EEENS_21__unordered_map_equalIS5_S8_SD_SB_Lb1EEENS_9allocatorIS8_EEE12__node_allocB6v15007Ev CODE
 0001:00019b60 00000019H .text$_ZNSt3__116__hash_node_baseIPNS_11__hash_nodeINS_17__hash_value_typeIPN6System7Typinfo9TTypeInfoEPSt9type_infoEEPvEEE8__upcastB6v15007Ev CODE
 0001:00019b80 00000012H .text$_ZNSt3__116allocator_traitsINS_9allocatorINS_11__hash_nodeINS_17__hash_value_typeIPN6System7Typinfo9TTypeInfoEPSt9type_infoEEPvEEEEE7destroyB6v15007INS_4pairIKS7_S9_EEvvEEvRSD_PT_ CODE
 0001:00019ba0 00000019H .text$_ZNSt3__122__hash_key_value_typesINS_17__hash_value_typeIPN6System7Typinfo9TTypeInfoEPSt9type_infoEEE9__get_ptrB6v15007ERS8_ CODE
 0001:00019bc0 0000002dH .text$_ZNSt3__116allocator_traitsINS_9allocatorINS_11__hash_nodeINS_17__hash_value_typeIPN6System7Typinfo9TTypeInfoEPSt9type_infoEEPvEEEEE10deallocateB6v15007ERSD_PSC_y CODE
 0001:00019bf0 00000019H .text$_ZNSt3__117__compressed_pairINS_16__hash_node_baseIPNS_11__hash_nodeINS_17__hash_value_typeIPN6System7Typinfo9TTypeInfoEPSt9type_infoEEPvEEEENS_9allocatorISC_EEE6secondB6v15007Ev CODE
 0001:00019c10 0000000bH .text$_ZNSt3__122__compressed_pair_elemINS_9allocatorINS_11__hash_nodeINS_17__hash_value_typeIPN6System7Typinfo9TTypeInfoEPSt9type_infoEEPvEEEELi1ELb1EE5__getB6v15007Ev CODE
 0001:00019c20 0000000bH .text$_ZNSt3__114pointer_traitsIPNS_16__hash_node_baseIPNS_11__hash_nodeINS_17__hash_value_typeIPN6System7Typinfo9TTypeInfoEPSt9type_infoEEPvEEEEE10pointer_toB6v15007ERSE_ CODE
 0001:00019c30 00000019H .text$_ZNSt3__117__hash_value_typeIPN6System7Typinfo9TTypeInfoEPSt9type_infoE11__get_valueB6v15007Ev CODE
 0001:00019c50 00000019H .text$_ZNSt3__17launderB6v15007INS_4pairIKPN6System7Typinfo9TTypeInfoEPSt9type_infoEEEEPT_SB_ CODE
 0001:00019c70 0000000bH .text$_ZNSt3__19__launderB6v15007INS_4pairIKPN6System7Typinfo9TTypeInfoEPSt9type_infoEEEEPT_SB_ CODE
 0001:00019c80 0000003fH .text$_ZNSt3__19allocatorINS_11__hash_nodeINS_17__hash_value_typeIPN6System7Typinfo9TTypeInfoEPSt9type_infoEEPvEEE10deallocateB6v15007EPSB_y CODE
 0001:00019cc0 0000000bH .text$_ZNSt3__122__compressed_pair_elemINS_16__hash_node_baseIPNS_11__hash_nodeINS_17__hash_value_typeIPN6System7Typinfo9TTypeInfoEPSt9type_infoEEPvEEEELi0ELb0EE5__getB6v15007Ev CODE
 0001:00019cd0 0000005fH .text$_ZNSt3__110unique_ptrIA_PNS_16__hash_node_baseIPNS_11__hash_nodeINS_17__hash_value_typeIPN6System7Typinfo9TTypeInfoEPSt9type_infoEEPvEEEENS_25__bucket_list_deallocatorINS_9allocatorISF_EEEEE5resetB6v15007EDn CODE
 0001:00019d30 00000019H .text$_ZNSt3__117__compressed_pairIPPNS_16__hash_node_baseIPNS_11__hash_nodeINS_17__hash_value_typeIPN6System7Typinfo9TTypeInfoEPSt9type_infoEEPvEEEENS_25__bucket_list_deallocatorINS_9allocatorISF_EEEEE5firstB6v15007Ev CODE
 0001:00019d50 0000001dH .text$_ZNSt3__117__compressed_pairIPPNS_16__hash_node_baseIPNS_11__hash_nodeINS_17__hash_value_typeIPN6System7Typinfo9TTypeInfoEPSt9type_infoEEPvEEEENS_25__bucket_list_deallocatorINS_9allocatorISF_EEEEE6secondB6v15007Ev CODE
 0001:00019d70 0000004eH .text$_ZNSt3__125__bucket_list_deallocatorINS_9allocatorIPNS_16__hash_node_baseIPNS_11__hash_nodeINS_17__hash_value_typeIPN6System7Typinfo9TTypeInfoEPSt9type_infoEEPvEEEEEEEclB6v15007EPSG_ CODE
 0001:00019dc0 0000000bH .text$_ZNSt3__122__compressed_pair_elemIPPNS_16__hash_node_baseIPNS_11__hash_nodeINS_17__hash_value_typeIPN6System7Typinfo9TTypeInfoEPSt9type_infoEEPvEEEELi0ELb0EE5__getB6v15007Ev CODE
 0001:00019dd0 0000000bH .text$_ZNSt3__122__compressed_pair_elemINS_25__bucket_list_deallocatorINS_9allocatorIPNS_16__hash_node_baseIPNS_11__hash_nodeINS_17__hash_value_typeIPN6System7Typinfo9TTypeInfoEPSt9type_infoEEPvEEEEEEEELi1ELb0EE5__getB6v15007Ev CODE
 0001:00019de0 0000002dH .text$_ZNSt3__116allocator_traitsINS_9allocatorIPNS_16__hash_node_baseIPNS_11__hash_nodeINS_17__hash_value_typeIPN6System7Typinfo9TTypeInfoEPSt9type_infoEEPvEEEEEEE10deallocateB6v15007ERSH_PSG_y CODE
 0001:00019e10 00000019H .text$_ZNSt3__125__bucket_list_deallocatorINS_9allocatorIPNS_16__hash_node_baseIPNS_11__hash_nodeINS_17__hash_value_typeIPN6System7Typinfo9TTypeInfoEPSt9type_infoEEPvEEEEEEE7__allocB6v15007Ev CODE
 0001:00019e30 00000019H .text$_ZNSt3__125__bucket_list_deallocatorINS_9allocatorIPNS_16__hash_node_baseIPNS_11__hash_nodeINS_17__hash_value_typeIPN6System7Typinfo9TTypeInfoEPSt9type_infoEEPvEEEEEEE4sizeB6v15007Ev CODE
 0001:00019e50 0000003fH .text$_ZNSt3__19allocatorIPNS_16__hash_node_baseIPNS_11__hash_nodeINS_17__hash_value_typeIPN6System7Typinfo9TTypeInfoEPSt9type_infoEEPvEEEEE10deallocateB6v15007EPSF_y CODE
 0001:00019e90 00000019H .text$_ZNSt3__117__compressed_pairIyNS_9allocatorIPNS_16__hash_node_baseIPNS_11__hash_nodeINS_17__hash_value_typeIPN6System7Typinfo9TTypeInfoEPSt9type_infoEEPvEEEEEEE6secondB6v15007Ev CODE
 0001:00019eb0 0000000bH .text$_ZNSt3__122__compressed_pair_elemINS_9allocatorIPNS_16__hash_node_baseIPNS_11__hash_nodeINS_17__hash_value_typeIPN6System7Typinfo9TTypeInfoEPSt9type_infoEEPvEEEEEELi1ELb1EE5__getB6v15007Ev CODE
 0001:00019ec0 00000019H .text$_ZNSt3__117__compressed_pairIyNS_9allocatorIPNS_16__hash_node_baseIPNS_11__hash_nodeINS_17__hash_value_typeIPN6System7Typinfo9TTypeInfoEPSt9type_infoEEPvEEEEEEE5firstB6v15007Ev CODE
 0001:00019ee0 0000000bH .text$_ZNSt3__122__compressed_pair_elemIyLi0ELb0EE5__getB6v15007Ev CODE
 0001:00019ef0 0000076cH .text$_ZNSt3__112__hash_tableINS_17__hash_value_typeIPN6System7Typinfo9TTypeInfoEPSt9type_infoEENS_22__unordered_map_hasherIS5_S8_NS_4hashIS5_EENS_8equal_toIS5_EELb1EEENS_21__unordered_map_equalIS5_S8_SD_SB_Lb1EEENS_9allocatorIS8_EEE25__emplace_unique_key_argsIS5_JRKNS_21piecewise_construct_tENS_5tupleIJRKS5_EEENSO_IJEEEEEENS_4pairINS_15__hash_iteratorIPNS_11__hash_nodeIS8_PvEEEEbEERKT_DpOT0_ CODE
 0001:0001a660 00000022H .text$_ZNSt3__116forward_as_tupleB6v15007IJRKPN6System7Typinfo9TTypeInfoEEEENS_5tupleIJDpOT_EEESA_ CODE
 0001:0001a690 00000006H .text$_ZNSt3__116forward_as_tupleB6v15007IJEEENS_5tupleIJDpOT_EEES4_ CODE
 0001:0001a6a0 00000028H .text$_ZNKSt3__115__hash_iteratorIPNS_11__hash_nodeINS_17__hash_value_typeIPN6System7Typinfo9TTypeInfoEPSt9type_infoEEPvEEEptB6v15007Ev CODE
 0001:0001a6d0 0000001dH .text$_ZNSt3__112__hash_tableINS_17__hash_value_typeIPN6System7Typinfo9TTypeInfoEPSt9type_infoEENS_22__unordered_map_hasherIS5_S8_NS_4hashIS5_EENS_8equal_toIS5_EELb1EEENS_21__unordered_map_equalIS5_S8_SD_SB_Lb1EEENS_9allocatorIS8_EEE13hash_functionB6v15007Ev CODE
 0001:0001a6f0 00000026H .text$_ZNKSt3__122__unordered_map_hasherIPN6System7Typinfo9TTypeInfoENS_17__hash_value_typeIS4_PSt9type_infoEENS_4hashIS4_EENS_8equal_toIS4_EELb1EEclB6v15007ERKS4_ CODE
 0001:0001a720 00000021H .text$_ZNKSt3__112__hash_tableINS_17__hash_value_typeIPN6System7Typinfo9TTypeInfoEPSt9type_infoEENS_22__unordered_map_hasherIS5_S8_NS_4hashIS5_EENS_8equal_toIS5_EELb1EEENS_21__unordered_map_equalIS5_S8_SD_SB_Lb1EEENS_9allocatorIS8_EEE12bucket_countB6v15007Ev CODE
 0001:0001a750 00000087H .text$_ZNSt3__116__constrain_hashB6v15007Eyy CODE
 0001:0001a7e0 0000002cH .text$_ZNKSt3__110unique_ptrIA_PNS_16__hash_node_baseIPNS_11__hash_nodeINS_17__hash_value_typeIPN6System7Typinfo9TTypeInfoEPSt9type_infoEEPvEEEENS_25__bucket_list_deallocatorINS_9allocatorISF_EEEEEixB6v15007Ey CODE
[...]
 0002:000142e8       $unwind$_ZN6System8Internal7Initcpp15InitializeUnitsEPNS1_20TUnitDescriptorBlockES3_ 00000001400382e8     rtl:System.Internal.InitCPP.o
 0002:000142f4       $unwind$_ZN6System8Internal7Initcpp13FinalizeUnitsEPNS1_20TUnitDescriptorBlockES3_ 00000001400382f4     rtl:System.Internal.InitCPP.o
 0002:000142fc       $unwind$_ZN6System8Internal7Initcpp15InitializeUnitsEPPNS1_20TUnitDescriptorBlockES4_ 00000001400382fc     rtl:System.Internal.InitCPP.o
 0002:00014308       $unwind$_ZN6System8Internal7Initcpp13FinalizeUnitsEPPNS1_20TUnitDescriptorBlockES4_ 0000000140038308     rtl:System.Internal.InitCPP.o
 0002:00014310       $unwind$_ZN6System8Internal7Initcpp15InitializeUnitsEPNS1_15TUnitDescriptorES3_ 0000000140038310     rtl:System.Internal.InitCPP.o
 0002:00014318       $unwind$_ZN6System8Internal7Initcpp13FinalizeUnitsEPNS1_15TUnitDescriptorES3_ 0000000140038318     rtl:System.Internal.InitCPP.o
 0002:00014320       $unwind$_ZN6System8Internal7Initcpp15CalculateDegreeEPNS1_20TUnitDescriptorBlockES3_ 0000000140038320     rtl:System.Internal.InitCPP.o
 0002:00014324       $unwind$_ZN6System8Internal7Initcpp15CalculateDegreeEPPNS1_20TUnitDescriptorBlockES4_ 0000000140038324     rtl:System.Internal.InitCPP.o
 0002:00014328       $unwind$_ZN6System8Internal7Initcpp16FinalizeUnitListEPPPNS1_15TUnitDescriptorES5_ 0000000140038328     rtl:System.Internal.InitCPP.o
 0002:00014364       $unwind$_ZN6System8Internal7Initcpp18InitializeRootUnitEPNS1_15TUnitDescriptorE 0000000140038364     rtl:System.Internal.InitCPP.o
 0002:00014418       $unwind$_ZN6System8Internal7Initcpp16FinalizeRootUnitEPNS1_15TUnitDescriptorE 0000000140038418     rtl:System.Internal.InitCPP.o
 0002:00014454       $unwind$_ZN6System8Internal7Initcpp12FinalizationEv 0000000140038454     rtl:System.Internal.InitCPP.o
 0002:00014458       $unwind$_ZN6System8Internal7Initcpp14initializationEv 0000000140038458     rtl:System.Internal.InitCPP.o
 0004:00000000       version_string             000000014003a000     crtbegin.o
 0004:000000e8       _ZN7Sysinit6ModuleE        000000014003a0e8     sysinit.o
 0004:00000120       _ZN7Sysinit7TlsProcE       000000014003a120     sysinit.o
 0004:00000140       _ZN7Sysinit21_dtors_delayhlp_65535E 000000014003a140     sysinit.o
 0004:00000160       initial_tznames            000000014003a160     libucrt:lib64_libucrt_extra_a-ucrtbase_compat.o
 0004:00000178       initial_timezone           000000014003a178     libucrt:lib64_libucrt_extra_a-ucrtbase_compat.o
 0004:00000188       initial_daylight           000000014003a188     libucrt:lib64_libucrt_extra_a-ucrtbase_compat.o
 0004:000001c8       initial_tzname0            000000014003a1c8     libucrt:lib64_libucrt_extra_a-ucrtbase_compat.o
 0004:000001cc       initial_tzname1            000000014003a1cc     libucrt:lib64_libucrt_extra_a-ucrtbase_compat.o
 0004:000001e8       __do_global_dtors.p        000000014003a1e8     libmingw32:lib64_libmingw32_a-gccmain.o
 0004:00000208       _ZZN6System19CheckSafecallResultElE13__init_comobj 000000014003a208     rtle:syssupp.o
 0004:00000244       managedapp                 000000014003a244     crt2u.o
 0004:00000248       startinfo                  000000014003a248     crt2u.o
 0004:0000024c       argc                       000000014003a24c     crt2u.o
 0004:00000250       argv                       000000014003a250     crt2u.o
 0004:00000258       envp                       000000014003a258     crt2u.o
 0004:00000260       argret                     000000014003a260     crt2u.o
 0004:00000264       has_cctor                  000000014003a264     crt2u.o
 0004:00000268       mainret                    000000014003a268     crt2u.o
 0004:000002b0       _ZN7Sysinit2_1E            000000014003a2b0     sysinit.o
 0004:000002b8       _ZN7Sysinit9tlsBufferE     000000014003a2b8     sysinit.o
 0004:000002c0       _ZN7Sysinit9UseTlsAPIE     000000014003a2c0     sysinit.o
 0004:000002c8       .bss.delayhlp              000000014003a2c8     sysinit.o
 0004:000002c8       ..__puiHead                000000014003a2c8     sysinit.o
 0004:000002f0       _ZN6System8Internal7Strhlpr2_1E 000000014003a2f0     rtl:System.Internal.StrHlpr.o
 0004:000002f8       local__initenv             000000014003a2f8     libucrt:lib64_libucrt_extra_a-__initenv.o
 0004:00000300       local__winitenv            000000014003a300     libucrt:lib64_libucrt_extra_a-__initenv.o
 0004:00000308       initialized                000000014003a308     libmingw32:lib64_libmingw32_a-gccmain.o
 0004:00000340       _pei386_runtime_relocator.was_init 000000014003a340     libmingw32:lib64_libmingw32_a-pseudo-reloc.o
 0004:00000348       the_secs                   000000014003a348     libmingw32:lib64_libmingw32_a-pseudo-reloc.o
 0004:00000350       maxSections                000000014003a350     libmingw32:lib64_libmingw32_a-pseudo-reloc.o
 0004:00000358       stUserMathErr              000000014003a358     libmingw32:lib64_libmingw32_a-usermatherr.o
 0004:00000378       _ZZ18__delphi_type_infoE15type_info_mutex 000000014003a378     rtle:syssupp.o
 0004:00000380       _ZZ18__delphi_type_infoE13type_info_map 000000014003a380     rtle:syssupp.o
 0004:000003a8       _ZGVZ18__delphi_type_infoE13type_info_map 000000014003a3a8     rtle:syssupp.o
 0004:000003b8       __mingwthr_cs_init         000000014003a3b8     libmingw32:lib64_libmingw32_a-tlsthrd.o
 0004:000003c0       __mingwthr_cs              000000014003a3c0     libmingw32:lib64_libmingw32_a-tlsthrd.o
 0004:000003e8       key_dtor_list              000000014003a3e8     libmingw32:lib64_libmingw32_a-tlsthrd.o
 0004:000003f4       _ZN6System8Internal7Initcpp2_1E 000000014003a3f4     rtl:System.Internal.InitCPP.o
 0005:0000006c       $pdata$_ZN7Sysinit19InterlockedExchangeERii 000000014003b06c     sysinit.o
 0005:00000078       $pdata$_ZN7Sysinit26InterlockedExchangePointerERPvS0_ 000000014003b078     sysinit.o
 0005:00000084       $pdata$_ZN7Sysinit17SetDliNotifyHook2EPFPv15dliNotificationP13DelayLoadInfoE 000000014003b084     sysinit.o
 0005:00000090       $pdata$_ZN7Sysinit14DliNotifyHook2Ev 000000014003b090     sysinit.o
 0005:0000009c       $pdata$_ZN7Sysinit18SetDliFailureHook2EPFPv15dliNotificationP13DelayLoadInfoE 000000014003b09c     sysinit.o
 0005:000000a8       $pdata$_ZN7Sysinit15DliFailureHook2Ev 000000014003b0a8     sysinit.o
 0005:000000b4       $pdata$_ZN7Sysinit17_DelayLoadHelper2ERPvS0_ 000000014003b0b4     sysinit.o
 0005:000000c0       $pdata$_ZN7Sysinit21UnloadDelayLoadedDLL2EPc 000000014003b0c0     sysinit.o
 0005:000000cc       $pdata$_ZN7Sysinit20LoadAllImportsForDllEPc 000000014003b0cc     sysinit.o
 0005:000000d8       $pdata$_ZN7Sysinit14AllocTlsBufferEi 000000014003b0d8     sysinit.o
 0005:000000e4       $pdata$_ZN7Sysinit10GetTlsSizeEv 000000014003b0e4     sysinit.o
 0005:000000f0       $pdata$_ZN7Sysinit13InitThreadTLSEv 000000014003b0f0     sysinit.o
 0005:000000fc       $pdata$_ZN7Sysinit14InitProcessTLSEv 000000014003b0fc     sysinit.o
 0005:00000108       $pdata$_ZN7Sysinit13ExitThreadTLSEv 000000014003b108     sysinit.o
 0005:00000114       $pdata$_ZN7Sysinit14ExitProcessTLSEv 000000014003b114     sysinit.o
 0005:00000120       $pdata$_ZN7Sysinit6isWineEv 000000014003b120     sysinit.o
 0005:0000012c       $pdata$_ZN7Sysinit7_GetTlsEv 000000014003b12c     sysinit.o
 0005:00000138       $pdata$_ZN7Sysinit16InitializeModuleEv 000000014003b138     sysinit.o
 0005:00000144       $pdata$_ZN7Sysinit18UninitializeModuleEv 000000014003b144     sysinit.o
 0005:00000150       $pdata$_ZN7Sysinit7VclInitEbbyb 000000014003b150     sysinit.o
 0005:0000015c       $pdata$_ZN7Sysinit7VclExitEv 000000014003b15c     sysinit.o
 0005:00000168       $pdata$_ZN7Sysinit14__dbkDummyProcEv 000000014003b168     sysinit.o
 0005:00000174       $pdata$_ZN7Sysinit14__dbkFCallArgsEPvS0_S0_S0_S0_S0_S0_S0_S0_S0_S0_S0_S0_S0_S0_S0_S0_S0_S0_S0_S0_S0_S0_S0_S0_S0_S0_S0_S0_S0_ 000000014003b174     sysinit.o
 0005:00000180       $pdata$_ZN7Sysinit19__dbk_fcall_wrapperEv 000000014003b180     sysinit.o
 0005:00000198       $pdata$_ZN7Sysinit8_InitPkgEyiPv 000000014003b198     sysinit.o
 0005:000001a4       $pdata$_ZN7Sysinit12_PackageLoadEPN6System16PackageInfoTableE 000000014003b1a4     sysinit.o
 0005:000001b0       $pdata$_ZN7Sysinit14_PackageUnloadEPN6System16PackageInfoTableE 000000014003b1b0     sysinit.o
 0005:000001bc       $pdata$_ZN7Sysinit8_InitLibEPN6System12TInitContextEPNS0_16PackageInfoTableEyjPv 000000014003b1bc     sysinit.o
 0005:000001c8       $pdata$_ZN7Sysinit8_InitExeEPv 000000014003b1c8     sysinit.o
 0005:000001d4       $pdata$delayhlp            000000014003b1d4     sysinit.o
 0005:00000204       $pdata$_ZN7Sysinit12FinalizationEv 000000014003b204     sysinit.o
 0005:00000210       $pdata$_ZN7Sysinit14initializationEv 000000014003b210     sysinit.o
 0005:00002010       $pdata$_ZN6System8Internal7Strhlpr15UnicodeFromAnsiERNS_13UnicodeStringERNS_11AnsiStringTILt65535EEE 000000014003d010     rtl:System.Internal.StrHlpr.o
 0005:0000201c       $pdata$_ZN6System8Internal7Strhlpr16UnicodeFromPCharERNS_13UnicodeStringEPcb 000000014003d01c     rtl:System.Internal.StrHlpr.o
 0005:00002034       $pdata$_ZN6System8Internal7Strhlpr15UnicodeFromUTF8ERNS_13UnicodeStringEPKc 000000014003d034     rtl:System.Internal.StrHlpr.o
 0005:00002040       $pdata$_ZN6System8Internal7Strhlpr20UnicodeFromPWideCharERNS_13UnicodeStringEPw 000000014003d040     rtl:System.Internal.StrHlpr.o
 0005:0000204c       $pdata$_ZN6System8Internal7Strhlpr13UnicodeAppendERNS_13UnicodeStringES3_ 000000014003d04c     rtl:System.Internal.StrHlpr.o
 0005:00002058       $pdata$_ZN6System8Internal7Strhlpr10UnicodeCatERNS_13UnicodeStringES3_ 000000014003d058     rtl:System.Internal.StrHlpr.o
 0005:00002064       $pdata$_ZN6System8Internal7Strhlpr13UnicodeDeleteERNS_13UnicodeStringEii 000000014003d064     rtl:System.Internal.StrHlpr.o
 0005:00002070       $pdata$_ZN6System8Internal7Strhlpr16UnicodeSetLengthERNS_13UnicodeStringEi 000000014003d070     rtl:System.Internal.StrHlpr.o
 0005:0000207c       $pdata$_ZN6System8Internal7Strhlpr10UnicodePosERNS_13UnicodeStringES3_ 000000014003d07c     rtl:System.Internal.StrHlpr.o
 0005:00002088       $pdata$_ZN6System8Internal7Strhlpr11UnicodeCopyERNS_13UnicodeStringEii 000000014003d088     rtl:System.Internal.StrHlpr.o
 0005:00002094       $pdata$_ZN6System8Internal7Strhlpr13UnicodeInsertERNS_13UnicodeStringES3_i 000000014003d094     rtl:System.Internal.StrHlpr.o
 0005:000020a0       $pdata$_ZN6System8Internal7Strhlpr13UnicodeAssignERNS_13UnicodeStringES3_ 000000014003d0a0     rtl:System.Internal.StrHlpr.o
 0005:000020ac       $pdata$_ZN6System8Internal7Strhlpr11UnicodeFreeERNS_13UnicodeStringE 000000014003d0ac     rtl:System.Internal.StrHlpr.o
 0005:000020b8       $pdata$_ZN6System8Internal7Strhlpr12UnicodeEqualERNS_13UnicodeStringES3_ 000000014003d0b8     rtl:System.Internal.StrHlpr.o
 0005:000020c4       $pdata$_ZN6System8Internal7Strhlpr11UnicodeLessERNS_13UnicodeStringES3_ 000000014003d0c4     rtl:System.Internal.StrHlpr.o
 0005:000020d0       $pdata$_ZN6System8Internal7Strhlpr14UnicodeGreaterERNS_13UnicodeStringES3_ 000000014003d0d0     rtl:System.Internal.StrHlpr.o
 0005:000020dc       $pdata$_ZN6System8Internal7Strhlpr10AnsiAppendERNS_11AnsiStringTILt65535EEES4_ 000000014003d0dc     rtl:System.Internal.StrHlpr.o
 0005:000020e8       $pdata$_ZN6System8Internal7Strhlpr7AnsiCatERNS_11AnsiStringTILt65535EEES4_ 000000014003d0e8     rtl:System.Internal.StrHlpr.o
 0005:000020f4       $pdata$_ZN6System8Internal7Strhlpr10AnsiDeleteERNS_11AnsiStringTILt65535EEEii 000000014003d0f4     rtl:System.Internal.StrHlpr.o
 0005:00002100       $pdata$_ZN6System8Internal7Strhlpr13AnsiSetLengthERNS_11AnsiStringTILt65535EEEi 000000014003d100     rtl:System.Internal.StrHlpr.o
 0005:0000210c       $pdata$_ZN6System8Internal7Strhlpr7AnsiPosERNS_11AnsiStringTILt65535EEES4_ 000000014003d10c     rtl:System.Internal.StrHlpr.o
 0005:00002118       $pdata$_ZN6System8Internal7Strhlpr8AnsiCopyERNS_11AnsiStringTILt65535EEEii 000000014003d118     rtl:System.Internal.StrHlpr.o
 0005:00002124       $pdata$_ZN6System8Internal7Strhlpr10AnsiInsertERNS_11AnsiStringTILt65535EEES4_i 000000014003d124     rtl:System.Internal.StrHlpr.o
 0005:00002130       $pdata$_ZN6System8Internal7Strhlpr9AnsiEqualERNS_11AnsiStringTILt65535EEES4_ 000000014003d130     rtl:System.Internal.StrHlpr.o
 0005:0000213c       $pdata$_ZN6System8Internal7Strhlpr11AnsiGreaterERNS_11AnsiStringTILt65535EEES4_ 000000014003d13c     rtl:System.Internal.StrHlpr.o
 0005:00002148       $pdata$_ZN6System8Internal7Strhlpr8AnsiLessERNS_11AnsiStringTILt65535EEES4_ 000000014003d148     rtl:System.Internal.StrHlpr.o
 0005:00002154       $pdata$_ZN6System8Internal7Strhlpr10AnsiAssignERNS_11AnsiStringTILt65535EEES4_ 000000014003d154     rtl:System.Internal.StrHlpr.o
 0005:00002160       $pdata$_ZN6System8Internal7Strhlpr8AnsiFreeERNS_11AnsiStringTILt65535EEE 000000014003d160     rtl:System.Internal.StrHlpr.o
 0005:0000216c       $pdata$_ZN6System8Internal7Strhlpr10WideAssignERNS_10WideStringES3_ 000000014003d16c     rtl:System.Internal.StrHlpr.o
 0005:00002178       $pdata$_ZN6System8Internal7Strhlpr8WideFreeERNS_10WideStringE 000000014003d178     rtl:System.Internal.StrHlpr.o
 0005:00002184       $pdata$_ZN6System8Internal7Strhlpr12WideFromAnsiERNS_10WideStringERNS_11AnsiStringTILt65535EEE 000000014003d184     rtl:System.Internal.StrHlpr.o
 0005:00002190       $pdata$_ZN6System8Internal7Strhlpr15WideFromUnicodeERNS_10WideStringERNS_13UnicodeStringE 000000014003d190     rtl:System.Internal.StrHlpr.o
 0005:0000219c       $pdata$_ZN6System8Internal7Strhlpr13WideFromPCharERNS_10WideStringEPcb 000000014003d19c     rtl:System.Internal.StrHlpr.o
 0005:000021b4       $pdata$_ZN6System8Internal7Strhlpr9WideEqualERNS_10WideStringES3_ 000000014003d1b4     rtl:System.Internal.StrHlpr.o
 0005:000021c0       $pdata$_ZN6System8Internal7Strhlpr8WideLessERNS_10WideStringES3_ 000000014003d1c0     rtl:System.Internal.StrHlpr.o
 0005:000021cc       $pdata$_ZN6System8Internal7Strhlpr11WideGreaterERNS_10WideStringES3_ 000000014003d1cc     rtl:System.Internal.StrHlpr.o
 0005:000021d8       $pdata$_ZN6System8Internal7Strhlpr7WideCatERNS_10WideStringES3_ 000000014003d1d8     rtl:System.Internal.StrHlpr.o
 0005:000021e4       $pdata$_ZN6System8Internal7Strhlpr10WideLengthERNS_10WideStringE 000000014003d1e4     rtl:System.Internal.StrHlpr.o
 0005:000021f0       $pdata$_ZN6System8Internal7Strhlpr7WidePosERNS_10WideStringES3_ 000000014003d1f0     rtl:System.Internal.StrHlpr.o
 0005:000021fc       $pdata$_ZN6System8Internal7Strhlpr13WideSetLengthERNS_10WideStringEi 000000014003d1fc     rtl:System.Internal.StrHlpr.o
 0005:00002208       $pdata$_ZN6System8Internal7Strhlpr10WideDeleteERNS_10WideStringEii 000000014003d208     rtl:System.Internal.StrHlpr.o
 0005:00002214       $pdata$_ZN6System8Internal7Strhlpr10WideInsertERNS_10WideStringES3_i 000000014003d214     rtl:System.Internal.StrHlpr.o
 0005:00002220       $pdata$_ZN6System8Internal7Strhlpr8WideCopyERNS_10WideStringEii 000000014003d220     rtl:System.Internal.StrHlpr.o
 0005:0000222c       $pdata$_ZN6System8Internal7Strhlpr10WideAppendERNS_10WideStringES3_ 000000014003d22c     rtl:System.Internal.StrHlpr.o
 0005:00002238       $pdata$_ZN6System8Internal7Strhlpr12WideFromUTF8ERNS_10WideStringEPKc 000000014003d238     rtl:System.Internal.StrHlpr.o
 0005:00002250       $pdata$_ZN6System8Internal7Strhlpr15UnicodeFromWideERNS_13UnicodeStringERNS_10WideStringE 000000014003d250     rtl:System.Internal.StrHlpr.o
 0005:0000225c       $pdata$_ZN6System8Internal7Strhlpr12FinalizationEv 000000014003d25c     rtl:System.Internal.StrHlpr.o
 0005:00002268       $pdata$_ZN6System8Internal7Strhlpr14initializationEv 000000014003d268     rtl:System.Internal.StrHlpr.o
 0005:000037d4       $pdata$_ZN6System8Internal7Initcpp23SelectForInitializationEPNS1_20TUnitDescriptorBlockES3_ 000000014003e7d4     rtl:System.Internal.InitCPP.o
 0005:000037e0       $pdata$_ZN6System8Internal7Initcpp23SelectForInitializationEPPNS1_20TUnitDescriptorBlockES4_ 000000014003e7e0     rtl:System.Internal.InitCPP.o
 0005:000037ec       $pdata$_ZN6System8Internal7Initcpp15InitializeUnitsEPNS1_20TUnitDescriptorBlockES3_ 000000014003e7ec     rtl:System.Internal.InitCPP.o
 0005:000037f8       $pdata$_ZN6System8Internal7Initcpp13FinalizeUnitsEPNS1_20TUnitDescriptorBlockES3_ 000000014003e7f8     rtl:System.Internal.InitCPP.o
 0005:00003804       $pdata$_ZN6System8Internal7Initcpp15InitializeUnitsEPPNS1_20TUnitDescriptorBlockES4_ 000000014003e804     rtl:System.Internal.InitCPP.o
 0005:00003810       $pdata$_ZN6System8Internal7Initcpp13FinalizeUnitsEPPNS1_20TUnitDescriptorBlockES4_ 000000014003e810     rtl:System.Internal.InitCPP.o
 0005:0000381c       $pdata$_ZN6System8Internal7Initcpp15InitializeUnitsEPNS1_15TUnitDescriptorES3_ 000000014003e81c     rtl:System.Internal.InitCPP.o
 0005:00003828       $pdata$_ZN6System8Internal7Initcpp13FinalizeUnitsEPNS1_15TUnitDescriptorES3_ 000000014003e828     rtl:System.Internal.InitCPP.o
 0005:00003834       $pdata$_ZN6System8Internal7Initcpp15CalculateDegreeEPNS1_20TUnitDescriptorBlockES3_ 000000014003e834     rtl:System.Internal.InitCPP.o
 0005:00003840       $pdata$_ZN6System8Internal7Initcpp15CalculateDegreeEPPNS1_20TUnitDescriptorBlockES4_ 000000014003e840     rtl:System.Internal.InitCPP.o
 0005:0000384c       $pdata$_ZN6System8Internal7Initcpp16FinalizeUnitListEPPPNS1_15TUnitDescriptorES5_ 000000014003e84c     rtl:System.Internal.InitCPP.o
 0005:00003864       $pdata$_ZN6System8Internal7Initcpp18InitializeRootUnitEPNS1_15TUnitDescriptorE 000000014003e864     rtl:System.Internal.InitCPP.o
 0005:000038a0       $pdata$_ZN6System8Internal7Initcpp16FinalizeRootUnitEPNS1_15TUnitDescriptorE 000000014003e8a0     rtl:System.Internal.InitCPP.o
 0005:000038b8       $pdata$_ZN6System8Internal7Initcpp12FinalizationEv 000000014003e8b8     rtl:System.Internal.InitCPP.o
 0005:000038c4       $pdata$_ZN6System8Internal7Initcpp14initializationEv 000000014003e8c4     rtl:System.Internal.InitCPP.o
 000b:00000460       $R000000                   0000000140044460     internal .obj file created from .res files
 000b:000008c8       $R000001                   00000001400448c8     internal .obj file created from .res files
 000b:00000d50       $R000002                   0000000140044d50     internal .obj file created from .res files
 000b:000018c8       $R000003                   00000001400458c8     internal .obj file created from .res files
 000b:00001ed0       $R000004                   0000000140045ed0     internal .obj file created from .res files
 000b:000020d0       $R000005                   00000001400460d0     internal .obj file created from .res files
 000b:000036f8       $R000006                   00000001400476f8     internal .obj file created from .res files
 000b:000045a0       $R000007                   00000001400485a0     internal .obj file created from .res files
 000b:00004e48       $R000008                   0000000140048e48     internal .obj file created from .res files
 000b:000053b0       $R000009                   00000001400493b0     internal .obj file created from .res files
 000b:0000b870       $R00000A                   000000014004f870     internal .obj file created from .res files
 000b:0001c098       $R00000B                   0000000140060098     internal .obj file created from .res files
 000b:000202c0       $R00000C                   00000001400642c0     internal .obj file created from .res files
 000b:00020c48       $R00000D                   0000000140064c48     internal .obj file created from .res files
 000b:000210b0       $R00000E                   00000001400650b0     internal .obj file created from .res files
 000b:00021138       $R00000F                   0000000140065138     internal .obj file created from .res files
 000b:00021848       $R000010                   0000000140065848     internal .obj file created from .res files
